{"synthetic": false,
 "schemaVersion": "2025-09-10",
 "outputs":
 {"o": ["752a88464056953f.olean"],
  "m": false,
  "i": "04e52a957ba53248.ilean",
  "c": "625938b1e726f30e.c"},
 "log":
 [{"message":
   ".> LEAN_PATH=/home/vstaln/riemann/research/lean-zeta-23/.lake/packages/Cli/.lake/build/lib/lean:/home/vstaln/riemann/research/lean-zeta-23/.lake/packages/batteries/.lake/build/lib/lean:/home/vstaln/riemann/research/lean-zeta-23/.lake/packages/Qq/.lake/build/lib/lean:/home/vstaln/riemann/research/lean-zeta-23/.lake/packages/aesop/.lake/build/lib/lean:/home/vstaln/riemann/research/lean-zeta-23/.lake/packages/proofwidgets/.lake/build/lib/lean:/home/vstaln/riemann/research/lean-zeta-23/.lake/packages/importGraph/.lake/build/lib/lean:/home/vstaln/riemann/research/lean-zeta-23/.lake/packages/LeanSearchClient/.lake/build/lib/lean:/home/vstaln/riemann/research/lean-zeta-23/.lake/packages/plausible/.lake/build/lib/lean:/home/vstaln/riemann/research/lean-zeta-23/.lake/packages/mathlib/.lake/build/lib/lean:/home/vstaln/riemann/research/lean-zeta-23/.lake/build/lib/lean /home/vstaln/.elan/toolchains/leanprover--lean4---v4.33.0-rc2/bin/lean /home/vstaln/riemann/research/lean-zeta-23/Zeta23/PrimeSideB/Traces.lean -o /home/vstaln/riemann/research/lean-zeta-23/.lake/build/lib/lean/Zeta23/PrimeSideB/Traces.olean -i /home/vstaln/riemann/research/lean-zeta-23/.lake/build/lib/lean/Zeta23/PrimeSideB/Traces.ilean -c /home/vstaln/riemann/research/lean-zeta-23/.lake/build/ir/Zeta23/PrimeSideB/Traces.c --setup /home/vstaln/riemann/research/lean-zeta-23/.lake/build/ir/Zeta23/PrimeSideB/Traces.setup.json --json",
   "level": "trace"}],
 "inputs":
 [["deps",
   [["Zeta23/Zeta23:extraDep", [["@Zeta23:extraDep", "00000000000006bb"]]],
    ["imports",
     [["Zeta23.PrimeSideB transitive imports (legacy)", "de97f21ef41e156c"],
      ["Zeta23.PrimeSideB:importAllArts", "b867c771c1693e91"],
      ["Zeta23.PrimeSideB.Concrete transitive imports (legacy)",
       "f5d53ebea8596169"],
      ["Zeta23.PrimeSideB.Concrete:importAllArts", "5c53b7a17d51df2e"],
      ["Zeta23.PrimeSideA transitive imports (legacy)", "0e148a68fd40a4dd"],
      ["Zeta23.PrimeSideA:importAllArts", "b07f4e1b5c3df9c4"],
      ["Zeta23.PrimeSideB.PP transitive imports (legacy)", "88a0a79ced581643"],
      ["Zeta23.PrimeSideB.PP:importAllArts", "cb758707d3577ba9"],
      ["Zeta23.Hypotheses transitive imports (legacy)", "77f6cae4f82956bc"],
      ["Zeta23.Hypotheses:importAllArts", "2c7083bcd7e6b255"]]]]],
  ["libs",
   [["import dynlibs", "00000000000006bb"],
    ["package external libraries", "00000000000006bb"],
    ["module dynlibs", "00000000000006bb"],
    ["module plugins", "00000000000006bb"]]],
  ["Lean 4.33.0, commit d8b18978322de05a8f3dba51ef03cf5461676c17",
   "3eca9d16ab6c877d"],
  ["/home/vstaln/riemann/research/lean-zeta-23/Zeta23/PrimeSideB/Traces.lean",
   "8b9fbff2e9cc66b0"],
  ["options",
   [["-DrelaxedAutoImplicit=false", "74a2b5546b55be80"],
    ["-Dpp.unicode.fun=true", "9b94070140457fab"]]],
  ["isModule: false", "feefd2a0d3a1847e"],
  ["Module.name: Zeta23.PrimeSideB.Traces", "a48ff716209d9e6c"],
  ["Package.id?: (some Zeta23)", "31803ca4013655a1"],
  ["Module.leanArgs: #[]", "00000000000006bb"]],
 "depHash": "ea88c2546e8e3fdd"}