{"synthetic": false,
 "schemaVersion": "2025-09-10",
 "outputs":
 {"o": ["8dfc757bc75f699d.olean"],
  "m": false,
  "i": "2e91486182434a90.ilean",
  "c": "b5c1d23f4b2697a5.c"},
 "log":
 [{"message":
   ".> LEAN_PATH=/home/vstaln/riemann/research/lean-zeta-23/.lake/packages/Cli/.lake/build/lib/lean:/home/vstaln/riemann/research/lean-zeta-23/.lake/packages/batteries/.lake/build/lib/lean:/home/vstaln/riemann/research/lean-zeta-23/.lake/packages/Qq/.lake/build/lib/lean:/home/vstaln/riemann/research/lean-zeta-23/.lake/packages/aesop/.lake/build/lib/lean:/home/vstaln/riemann/research/lean-zeta-23/.lake/packages/proofwidgets/.lake/build/lib/lean:/home/vstaln/riemann/research/lean-zeta-23/.lake/packages/importGraph/.lake/build/lib/lean:/home/vstaln/riemann/research/lean-zeta-23/.lake/packages/LeanSearchClient/.lake/build/lib/lean:/home/vstaln/riemann/research/lean-zeta-23/.lake/packages/plausible/.lake/build/lib/lean:/home/vstaln/riemann/research/lean-zeta-23/.lake/packages/mathlib/.lake/build/lib/lean:/home/vstaln/riemann/research/lean-zeta-23/.lake/build/lib/lean /home/vstaln/.elan/toolchains/leanprover--lean4---v4.33.0-rc2/bin/lean /home/vstaln/riemann/research/lean-zeta-23/Zeta23/XiPrime/Certificate/D1.lean -o /home/vstaln/riemann/research/lean-zeta-23/.lake/build/lib/lean/Zeta23/XiPrime/Certificate/D1.olean -i /home/vstaln/riemann/research/lean-zeta-23/.lake/build/lib/lean/Zeta23/XiPrime/Certificate/D1.ilean -c /home/vstaln/riemann/research/lean-zeta-23/.lake/build/ir/Zeta23/XiPrime/Certificate/D1.c --setup /home/vstaln/riemann/research/lean-zeta-23/.lake/build/ir/Zeta23/XiPrime/Certificate/D1.setup.json --json",
   "level": "trace"},
  {"message":
   "Zeta23/XiPrime/Certificate/D1.lean:307:68: `intervalIntegral.integral_finset_sum` has been deprecated: Use `intervalIntegral.integral_finsetSum` instead",
   "level": "warning"},
  {"message":
   "Zeta23/XiPrime/Certificate/D1.lean:316:11: `continuous_finset_sum` has been deprecated: Use `continuous_finsetSum` instead",
   "level": "warning"}],
 "inputs":
 [["deps",
   [["Zeta23/Zeta23:extraDep", [["@Zeta23:extraDep", "00000000000006bb"]]],
    ["imports",
     [["Zeta23.XiPrime.Defs transitive imports (legacy)", "7eeca872917f2b94"],
      ["Zeta23.XiPrime.Defs:importAllArts", "e5be31fe955d37e7"],
      ["Mathlib.Analysis.SpecificLimits.Normed transitive imports (legacy)",
       "b889c06a986a4d94"],
      ["Mathlib.Analysis.SpecificLimits.Normed:importAllArts",
       "486761f28d1545ec"],
      ["Mathlib.Analysis.Normed.Group.FunctionSeries transitive imports (legacy)",
       "ec57b42cfb8b22a0"],
      ["Mathlib.Analysis.Normed.Group.FunctionSeries:importAllArts",
       "d2819d4d6a7ed321"],
      ["Mathlib.Analysis.SpecialFunctions.Integrals.Basic transitive imports (legacy)",
       "1d6b2d053c2749ee"],
      ["Mathlib.Analysis.SpecialFunctions.Integrals.Basic:importAllArts",
       "88a70b10e115ba3a"]]]]],
  ["libs",
   [["import dynlibs", "00000000000006bb"],
    ["package external libraries", "00000000000006bb"],
    ["module dynlibs", "00000000000006bb"],
    ["module plugins", "00000000000006bb"]]],
  ["Lean 4.33.0, commit d8b18978322de05a8f3dba51ef03cf5461676c17",
   "3eca9d16ab6c877d"],
  ["/home/vstaln/riemann/research/lean-zeta-23/Zeta23/XiPrime/Certificate/D1.lean",
   "8c1a518e5b99760d"],
  ["options",
   [["-DrelaxedAutoImplicit=false", "74a2b5546b55be80"],
    ["-Dpp.unicode.fun=true", "9b94070140457fab"]]],
  ["isModule: false", "feefd2a0d3a1847e"],
  ["Module.name: Zeta23.XiPrime.Certificate.D1", "639bf95b53deaab4"],
  ["Package.id?: (some Zeta23)", "31803ca4013655a1"],
  ["Module.leanArgs: #[]", "00000000000006bb"]],
 "depHash": "19df021d65fa9016"}