{"synthetic": false,
 "schemaVersion": "2025-09-10",
 "outputs":
 {"o": ["143a9e9d6b8e5c57.olean"],
  "m": false,
  "i": "525784a4c3e4ae04.ilean",
  "c": "7eaa0c342af88d05.c"},
 "log":
 [{"message":
   ".> LEAN_PATH=/home/vstaln/riemann/research/lean-zeta-23/.lake/packages/Cli/.lake/build/lib/lean:/home/vstaln/riemann/research/lean-zeta-23/.lake/packages/batteries/.lake/build/lib/lean:/home/vstaln/riemann/research/lean-zeta-23/.lake/packages/Qq/.lake/build/lib/lean:/home/vstaln/riemann/research/lean-zeta-23/.lake/packages/aesop/.lake/build/lib/lean:/home/vstaln/riemann/research/lean-zeta-23/.lake/packages/proofwidgets/.lake/build/lib/lean:/home/vstaln/riemann/research/lean-zeta-23/.lake/packages/importGraph/.lake/build/lib/lean:/home/vstaln/riemann/research/lean-zeta-23/.lake/packages/LeanSearchClient/.lake/build/lib/lean:/home/vstaln/riemann/research/lean-zeta-23/.lake/packages/plausible/.lake/build/lib/lean:/home/vstaln/riemann/research/lean-zeta-23/.lake/packages/mathlib/.lake/build/lib/lean:/home/vstaln/riemann/research/lean-zeta-23/.lake/build/lib/lean /home/vstaln/.elan/toolchains/leanprover--lean4---v4.33.0-rc2/bin/lean /home/vstaln/riemann/research/lean-zeta-23/Zeta23/ThmD/Concrete.lean -o /home/vstaln/riemann/research/lean-zeta-23/.lake/build/lib/lean/Zeta23/ThmD/Concrete.olean -i /home/vstaln/riemann/research/lean-zeta-23/.lake/build/lib/lean/Zeta23/ThmD/Concrete.ilean -c /home/vstaln/riemann/research/lean-zeta-23/.lake/build/ir/Zeta23/ThmD/Concrete.c --setup /home/vstaln/riemann/research/lean-zeta-23/.lake/build/ir/Zeta23/ThmD/Concrete.setup.json --json",
   "level": "trace"}],
 "inputs":
 [["deps",
   [["Zeta23/Zeta23:extraDep", [["@Zeta23:extraDep", "00000000000006bb"]]],
    ["imports",
     [["Zeta23.PrimeSideA transitive imports (legacy)", "0e148a68fd40a4dd"],
      ["Zeta23.PrimeSideA:importAllArts", "b07f4e1b5c3df9c4"],
      ["Zeta23.PrimeSideB.Concrete transitive imports (legacy)",
       "f5d53ebea8596169"],
      ["Zeta23.PrimeSideB.Concrete:importAllArts", "5c53b7a17d51df2e"],
      ["Zeta23.PrimeSideB.Traces transitive imports (legacy)",
       "57ee12e499d16068"],
      ["Zeta23.PrimeSideB.Traces:importAllArts", "7197be1f2a0e6675"],
      ["Zeta23.ThmD.Traces transitive imports (legacy)", "9361c6c6f1e0c397"],
      ["Zeta23.ThmD.Traces:importAllArts", "b6d10848a0e22fd9"],
      ["Zeta23.ThmD.BridgeD transitive imports (legacy)", "052979b940dbc8a9"],
      ["Zeta23.ThmD.BridgeD:importAllArts", "abcd46c452683d29"],
      ["Zeta23.ThmD.PP transitive imports (legacy)", "95fdccdc7af17eaf"],
      ["Zeta23.ThmD.PP:importAllArts", "f04275c02465e33d"]]]]],
  ["libs",
   [["import dynlibs", "00000000000006bb"],
    ["package external libraries", "00000000000006bb"],
    ["module dynlibs", "00000000000006bb"],
    ["module plugins", "00000000000006bb"]]],
  ["Lean 4.33.0, commit d8b18978322de05a8f3dba51ef03cf5461676c17",
   "3eca9d16ab6c877d"],
  ["/home/vstaln/riemann/research/lean-zeta-23/Zeta23/ThmD/Concrete.lean",
   "2213a429983519ac"],
  ["options",
   [["-DrelaxedAutoImplicit=false", "74a2b5546b55be80"],
    ["-Dpp.unicode.fun=true", "9b94070140457fab"]]],
  ["isModule: false", "feefd2a0d3a1847e"],
  ["Module.name: Zeta23.ThmD.Concrete", "2cf4cd8ee4c67f5c"],
  ["Package.id?: (some Zeta23)", "31803ca4013655a1"],
  ["Module.leanArgs: #[]", "00000000000006bb"]],
 "depHash": "35e9c796775cb841"}