{"synthetic": false,
 "schemaVersion": "2025-09-10",
 "outputs":
 {"o": ["53061566abe5eb4b.olean"],
  "m": false,
  "i": "7c54f0eddc90fdb0.ilean",
  "c": "0680158a5a765259.c"},
 "log":
 [{"message":
   ".> LEAN_PATH=/home/vstaln/riemann/research/lean-zeta-23/.lake/packages/Cli/.lake/build/lib/lean:/home/vstaln/riemann/research/lean-zeta-23/.lake/packages/batteries/.lake/build/lib/lean:/home/vstaln/riemann/research/lean-zeta-23/.lake/packages/Qq/.lake/build/lib/lean:/home/vstaln/riemann/research/lean-zeta-23/.lake/packages/aesop/.lake/build/lib/lean:/home/vstaln/riemann/research/lean-zeta-23/.lake/packages/proofwidgets/.lake/build/lib/lean:/home/vstaln/riemann/research/lean-zeta-23/.lake/packages/importGraph/.lake/build/lib/lean:/home/vstaln/riemann/research/lean-zeta-23/.lake/packages/LeanSearchClient/.lake/build/lib/lean:/home/vstaln/riemann/research/lean-zeta-23/.lake/packages/plausible/.lake/build/lib/lean:/home/vstaln/riemann/research/lean-zeta-23/.lake/packages/mathlib/.lake/build/lib/lean:/home/vstaln/riemann/research/lean-zeta-23/.lake/build/lib/lean /home/vstaln/.elan/toolchains/leanprover--lean4---v4.33.0-rc2/bin/lean /home/vstaln/riemann/research/lean-zeta-23/Zeta23/ThmD/Final.lean -o /home/vstaln/riemann/research/lean-zeta-23/.lake/build/lib/lean/Zeta23/ThmD/Final.olean -i /home/vstaln/riemann/research/lean-zeta-23/.lake/build/lib/lean/Zeta23/ThmD/Final.ilean -c /home/vstaln/riemann/research/lean-zeta-23/.lake/build/ir/Zeta23/ThmD/Final.c --setup /home/vstaln/riemann/research/lean-zeta-23/.lake/build/ir/Zeta23/ThmD/Final.setup.json --json",
   "level": "trace"}],
 "inputs":
 [["deps",
   [["Zeta23/Zeta23:extraDep", [["@Zeta23:extraDep", "00000000000006bb"]]],
    ["imports",
     [["Zeta23.Final transitive imports (legacy)", "d5f564f7fd955b41"],
      ["Zeta23.Final:importAllArts", "11ccf991531c7e4f"],
      ["Zeta23.ThmD.Endgame transitive imports (legacy)", "49b5d3a67846eec9"],
      ["Zeta23.ThmD.Endgame:importAllArts", "cf39d046a3ce37e8"],
      ["Zeta23.ThmD.Concrete transitive imports (legacy)", "161a9ac059e58595"],
      ["Zeta23.ThmD.Concrete:importAllArts", "c186135f1480b2b2"],
      ["Zeta23.ThmD.ZeroSideD transitive imports (legacy)", "5ba06c8ced92137c"],
      ["Zeta23.ThmD.ZeroSideD:importAllArts", "d043e7f83df4b0e2"],
      ["Zeta23.ThmD.Limit transitive imports (legacy)", "a13e551cd9743331"],
      ["Zeta23.ThmD.Limit:importAllArts", "18a173f6ecf6abdd"]]]]],
  ["libs",
   [["import dynlibs", "00000000000006bb"],
    ["package external libraries", "00000000000006bb"],
    ["module dynlibs", "00000000000006bb"],
    ["module plugins", "00000000000006bb"]]],
  ["Lean 4.33.0, commit d8b18978322de05a8f3dba51ef03cf5461676c17",
   "3eca9d16ab6c877d"],
  ["/home/vstaln/riemann/research/lean-zeta-23/Zeta23/ThmD/Final.lean",
   "3ee7c46ab1d3c00a"],
  ["options",
   [["-DrelaxedAutoImplicit=false", "74a2b5546b55be80"],
    ["-Dpp.unicode.fun=true", "9b94070140457fab"]]],
  ["isModule: false", "feefd2a0d3a1847e"],
  ["Module.name: Zeta23.ThmD.Final", "41bda7b2c2658499"],
  ["Package.id?: (some Zeta23)", "31803ca4013655a1"],
  ["Module.leanArgs: #[]", "00000000000006bb"]],
 "depHash": "0ab43aa46f746ad6"}