{"synthetic": false,
 "schemaVersion": "2025-09-10",
 "outputs":
 {"o": ["a00bfd374105d4f5.olean"],
  "m": false,
  "i": "91635e75d1c8db5d.ilean",
  "c": "65981f5f111fd616.c"},
 "log":
 [{"message":
   ".> LEAN_PATH=/home/vstaln/riemann/research/lean-zeta-23/.lake/packages/Cli/.lake/build/lib/lean:/home/vstaln/riemann/research/lean-zeta-23/.lake/packages/batteries/.lake/build/lib/lean:/home/vstaln/riemann/research/lean-zeta-23/.lake/packages/Qq/.lake/build/lib/lean:/home/vstaln/riemann/research/lean-zeta-23/.lake/packages/aesop/.lake/build/lib/lean:/home/vstaln/riemann/research/lean-zeta-23/.lake/packages/proofwidgets/.lake/build/lib/lean:/home/vstaln/riemann/research/lean-zeta-23/.lake/packages/importGraph/.lake/build/lib/lean:/home/vstaln/riemann/research/lean-zeta-23/.lake/packages/LeanSearchClient/.lake/build/lib/lean:/home/vstaln/riemann/research/lean-zeta-23/.lake/packages/plausible/.lake/build/lib/lean:/home/vstaln/riemann/research/lean-zeta-23/.lake/packages/mathlib/.lake/build/lib/lean:/home/vstaln/riemann/research/lean-zeta-23/.lake/build/lib/lean /home/vstaln/.elan/toolchains/leanprover--lean4---v4.33.0-rc2/bin/lean /home/vstaln/riemann/research/lean-zeta-23/Zeta23/LinAlg/RankTrace.lean -o /home/vstaln/riemann/research/lean-zeta-23/.lake/build/lib/lean/Zeta23/LinAlg/RankTrace.olean -i /home/vstaln/riemann/research/lean-zeta-23/.lake/build/lib/lean/Zeta23/LinAlg/RankTrace.ilean -c /home/vstaln/riemann/research/lean-zeta-23/.lake/build/ir/Zeta23/LinAlg/RankTrace.c --setup /home/vstaln/riemann/research/lean-zeta-23/.lake/build/ir/Zeta23/LinAlg/RankTrace.setup.json --json",
   "level": "trace"}],
 "inputs":
 [["deps",
   [["Zeta23/Zeta23:extraDep", [["@Zeta23:extraDep", "00000000000006bb"]]],
    ["imports",
     [["Zeta23.LinAlg.PosIndex transitive imports (legacy)",
       "128d3d2cc8b1518f"],
      ["Zeta23.LinAlg.PosIndex:importAllArts", "ba07f2fa6110efca"],
      ["Zeta23.LinAlg.VonNeumann transitive imports (legacy)",
       "57d76de9cf9621d1"],
      ["Zeta23.LinAlg.VonNeumann:importAllArts", "2493de41f7faefc1"],
      ["Zeta23.LinAlg.HermitianPosPart transitive imports (legacy)",
       "045c4b6d08dd5a7e"],
      ["Zeta23.LinAlg.HermitianPosPart:importAllArts", "f73b2d1903d228aa"]]]]],
  ["libs",
   [["import dynlibs", "00000000000006bb"],
    ["package external libraries", "00000000000006bb"],
    ["module dynlibs", "00000000000006bb"],
    ["module plugins", "00000000000006bb"]]],
  ["Lean 4.33.0, commit d8b18978322de05a8f3dba51ef03cf5461676c17",
   "3eca9d16ab6c877d"],
  ["/home/vstaln/riemann/research/lean-zeta-23/Zeta23/LinAlg/RankTrace.lean",
   "3d132ac99cd36c6f"],
  ["options",
   [["-DrelaxedAutoImplicit=false", "74a2b5546b55be80"],
    ["-Dpp.unicode.fun=true", "9b94070140457fab"]]],
  ["isModule: false", "feefd2a0d3a1847e"],
  ["Module.name: Zeta23.LinAlg.RankTrace", "3f59a85f37c1605a"],
  ["Package.id?: (some Zeta23)", "31803ca4013655a1"],
  ["Module.leanArgs: #[]", "00000000000006bb"]],
 "depHash": "ad8e58f45b404647"}