{"synthetic": false,
 "schemaVersion": "2025-09-10",
 "outputs":
 {"o": ["ff6732b312bfc407.olean"],
  "m": false,
  "i": "304f401b44ff4dba.ilean",
  "c": "6eba422f1d07dd81.c"},
 "log":
 [{"message":
   ".> LEAN_PATH=/home/vstaln/riemann/research/lean-zeta-23/.lake/packages/Cli/.lake/build/lib/lean:/home/vstaln/riemann/research/lean-zeta-23/.lake/packages/batteries/.lake/build/lib/lean:/home/vstaln/riemann/research/lean-zeta-23/.lake/packages/Qq/.lake/build/lib/lean:/home/vstaln/riemann/research/lean-zeta-23/.lake/packages/aesop/.lake/build/lib/lean:/home/vstaln/riemann/research/lean-zeta-23/.lake/packages/proofwidgets/.lake/build/lib/lean:/home/vstaln/riemann/research/lean-zeta-23/.lake/packages/importGraph/.lake/build/lib/lean:/home/vstaln/riemann/research/lean-zeta-23/.lake/packages/LeanSearchClient/.lake/build/lib/lean:/home/vstaln/riemann/research/lean-zeta-23/.lake/packages/plausible/.lake/build/lib/lean:/home/vstaln/riemann/research/lean-zeta-23/.lake/packages/mathlib/.lake/build/lib/lean:/home/vstaln/riemann/research/lean-zeta-23/.lake/build/lib/lean /home/vstaln/.elan/toolchains/leanprover--lean4---v4.33.0-rc2/bin/lean /home/vstaln/riemann/research/lean-zeta-23/Zeta23/LinAlg/Weyl.lean -o /home/vstaln/riemann/research/lean-zeta-23/.lake/build/lib/lean/Zeta23/LinAlg/Weyl.olean -i /home/vstaln/riemann/research/lean-zeta-23/.lake/build/lib/lean/Zeta23/LinAlg/Weyl.ilean -c /home/vstaln/riemann/research/lean-zeta-23/.lake/build/ir/Zeta23/LinAlg/Weyl.c --setup /home/vstaln/riemann/research/lean-zeta-23/.lake/build/ir/Zeta23/LinAlg/Weyl.setup.json --json",
   "level": "trace"}],
 "inputs":
 [["deps",
   [["Zeta23/Zeta23:extraDep", [["@Zeta23:extraDep", "00000000000006bb"]]],
    ["imports",
     [["Zeta23.LinAlg.PosIndex transitive imports (legacy)",
       "128d3d2cc8b1518f"],
      ["Zeta23.LinAlg.PosIndex:importAllArts", "ba07f2fa6110efca"],
      ["Zeta23.LinAlg.Sylvester transitive imports (legacy)",
       "70a0a4f6624f43f3"],
      ["Zeta23.LinAlg.Sylvester:importAllArts", "a6e9a13b2a297312"],
      ["Mathlib.Algebra.Order.Chebyshev transitive imports (legacy)",
       "81369d8054d363eb"],
      ["Mathlib.Algebra.Order.Chebyshev:importAllArts", "a644972077c2d870"]]]]],
  ["libs",
   [["import dynlibs", "00000000000006bb"],
    ["package external libraries", "00000000000006bb"],
    ["module dynlibs", "00000000000006bb"],
    ["module plugins", "00000000000006bb"]]],
  ["Lean 4.33.0, commit d8b18978322de05a8f3dba51ef03cf5461676c17",
   "3eca9d16ab6c877d"],
  ["/home/vstaln/riemann/research/lean-zeta-23/Zeta23/LinAlg/Weyl.lean",
   "70867e4428ca01c0"],
  ["options",
   [["-DrelaxedAutoImplicit=false", "74a2b5546b55be80"],
    ["-Dpp.unicode.fun=true", "9b94070140457fab"]]],
  ["isModule: false", "feefd2a0d3a1847e"],
  ["Module.name: Zeta23.LinAlg.Weyl", "84b67d0087d9b840"],
  ["Package.id?: (some Zeta23)", "31803ca4013655a1"],
  ["Module.leanArgs: #[]", "00000000000006bb"]],
 "depHash": "2c35b569740b7b4b"}