{"synthetic": false,
 "schemaVersion": "2025-09-10",
 "outputs":
 {"o": ["474e5b75443cef8f.olean"],
  "m": false,
  "i": "7c87ec1560f7e8ca.ilean",
  "c": "c81f6735c5b1193d.c"},
 "log":
 [{"message":
   ".> LEAN_PATH=/home/vstaln/riemann/research/lean-zeta-23/.lake/packages/Cli/.lake/build/lib/lean:/home/vstaln/riemann/research/lean-zeta-23/.lake/packages/batteries/.lake/build/lib/lean:/home/vstaln/riemann/research/lean-zeta-23/.lake/packages/Qq/.lake/build/lib/lean:/home/vstaln/riemann/research/lean-zeta-23/.lake/packages/aesop/.lake/build/lib/lean:/home/vstaln/riemann/research/lean-zeta-23/.lake/packages/proofwidgets/.lake/build/lib/lean:/home/vstaln/riemann/research/lean-zeta-23/.lake/packages/importGraph/.lake/build/lib/lean:/home/vstaln/riemann/research/lean-zeta-23/.lake/packages/LeanSearchClient/.lake/build/lib/lean:/home/vstaln/riemann/research/lean-zeta-23/.lake/packages/plausible/.lake/build/lib/lean:/home/vstaln/riemann/research/lean-zeta-23/.lake/packages/mathlib/.lake/build/lib/lean:/home/vstaln/riemann/research/lean-zeta-23/.lake/build/lib/lean /home/vstaln/.elan/toolchains/leanprover--lean4---v4.33.0-rc2/bin/lean /home/vstaln/riemann/research/lean-zeta-23/Zeta23/RvM/Backlund.lean -o /home/vstaln/riemann/research/lean-zeta-23/.lake/build/lib/lean/Zeta23/RvM/Backlund.olean -i /home/vstaln/riemann/research/lean-zeta-23/.lake/build/lib/lean/Zeta23/RvM/Backlund.ilean -c /home/vstaln/riemann/research/lean-zeta-23/.lake/build/ir/Zeta23/RvM/Backlund.c --setup /home/vstaln/riemann/research/lean-zeta-23/.lake/build/ir/Zeta23/RvM/Backlund.setup.json --json",
   "level": "trace"}],
 "inputs":
 [["deps",
   [["Zeta23/Zeta23:extraDep", [["@Zeta23:extraDep", "00000000000006bb"]]],
    ["imports",
     [["Zeta23.RvM.ZetaGrowth transitive imports (legacy)", "09c0552a403af02f"],
      ["Zeta23.RvM.ZetaGrowth:importAllArts", "2af6589e4fd8e25d"],
      ["Zeta23.RvM.BacklundDefs transitive imports (legacy)",
       "394fc95ff914600f"],
      ["Zeta23.RvM.BacklundDefs:importAllArts", "167e23c749fb5b00"],
      ["Zeta23.RvM.ReZeroCount transitive imports (legacy)",
       "84d45a1aba49b093"],
      ["Zeta23.RvM.ReZeroCount:importAllArts", "434f0d0c35ebda32"],
      ["Zeta23.Statement transitive imports (legacy)", "1f127a139bb41529"],
      ["Zeta23.Statement:importAllArts", "7f6801c3e970fb2f"],
      ["Zeta23.FromPNTPlus.StrongPNTPrefix transitive imports (legacy)",
       "56acb60d0e8d595a"],
      ["Zeta23.FromPNTPlus.StrongPNTPrefix:importAllArts", "0668c2f9a717cf27"],
      ["Mathlib.Analysis.SpecialFunctions.Integrals.Basic transitive imports (legacy)",
       "1d6b2d053c2749ee"],
      ["Mathlib.Analysis.SpecialFunctions.Integrals.Basic:importAllArts",
       "88a70b10e115ba3a"]]]]],
  ["libs",
   [["import dynlibs", "00000000000006bb"],
    ["package external libraries", "00000000000006bb"],
    ["module dynlibs", "00000000000006bb"],
    ["module plugins", "00000000000006bb"]]],
  ["Lean 4.33.0, commit d8b18978322de05a8f3dba51ef03cf5461676c17",
   "3eca9d16ab6c877d"],
  ["/home/vstaln/riemann/research/lean-zeta-23/Zeta23/RvM/Backlund.lean",
   "19deb4d7d4bc3649"],
  ["options",
   [["-DrelaxedAutoImplicit=false", "74a2b5546b55be80"],
    ["-Dpp.unicode.fun=true", "9b94070140457fab"]]],
  ["isModule: false", "feefd2a0d3a1847e"],
  ["Module.name: Zeta23.RvM.Backlund", "11b9832fc2ee10f2"],
  ["Package.id?: (some Zeta23)", "31803ca4013655a1"],
  ["Module.leanArgs: #[]", "00000000000006bb"]],
 "depHash": "ee6c24626da1a497"}