{"synthetic": false,
 "schemaVersion": "2025-09-10",
 "outputs":
 {"o": ["8168d0464a03db5e.olean"],
  "m": false,
  "i": "5f4a0199f9799ae0.ilean",
  "c": "60cf8153c7d00be5.c"},
 "log":
 [{"message":
   ".> LEAN_PATH=/home/vstaln/riemann/research/lean-zeta-23/.lake/packages/Cli/.lake/build/lib/lean:/home/vstaln/riemann/research/lean-zeta-23/.lake/packages/batteries/.lake/build/lib/lean:/home/vstaln/riemann/research/lean-zeta-23/.lake/packages/Qq/.lake/build/lib/lean:/home/vstaln/riemann/research/lean-zeta-23/.lake/packages/aesop/.lake/build/lib/lean:/home/vstaln/riemann/research/lean-zeta-23/.lake/packages/proofwidgets/.lake/build/lib/lean:/home/vstaln/riemann/research/lean-zeta-23/.lake/packages/importGraph/.lake/build/lib/lean:/home/vstaln/riemann/research/lean-zeta-23/.lake/packages/LeanSearchClient/.lake/build/lib/lean:/home/vstaln/riemann/research/lean-zeta-23/.lake/packages/plausible/.lake/build/lib/lean:/home/vstaln/riemann/research/lean-zeta-23/.lake/packages/mathlib/.lake/build/lib/lean:/home/vstaln/riemann/research/lean-zeta-23/.lake/build/lib/lean /home/vstaln/.elan/toolchains/leanprover--lean4---v4.33.0-rc2/bin/lean /home/vstaln/riemann/research/lean-zeta-23/Zeta23/RvM/BacklundDefs.lean -o /home/vstaln/riemann/research/lean-zeta-23/.lake/build/lib/lean/Zeta23/RvM/BacklundDefs.olean -i /home/vstaln/riemann/research/lean-zeta-23/.lake/build/lib/lean/Zeta23/RvM/BacklundDefs.ilean -c /home/vstaln/riemann/research/lean-zeta-23/.lake/build/ir/Zeta23/RvM/BacklundDefs.c --setup /home/vstaln/riemann/research/lean-zeta-23/.lake/build/ir/Zeta23/RvM/BacklundDefs.setup.json --json",
   "level": "trace"}],
 "inputs":
 [["deps",
   [["Zeta23/Zeta23:extraDep", [["@Zeta23:extraDep", "00000000000006bb"]]],
    ["imports",
     [["Zeta23.Prelude.InstancePriorities transitive imports (legacy)",
       "eeecaa798c293f50"],
      ["Zeta23.Prelude.InstancePriorities:importAllArts", "0cb01bb544dcefc2"],
      ["Mathlib.NumberTheory.LSeries.RiemannZeta transitive imports (legacy)",
       "d5c9fa4e10d49d69"],
      ["Mathlib.NumberTheory.LSeries.RiemannZeta:importAllArts",
       "33d180f81954364b"]]]]],
  ["libs",
   [["import dynlibs", "00000000000006bb"],
    ["package external libraries", "00000000000006bb"],
    ["module dynlibs", "00000000000006bb"],
    ["module plugins", "00000000000006bb"]]],
  ["Lean 4.33.0, commit d8b18978322de05a8f3dba51ef03cf5461676c17",
   "3eca9d16ab6c877d"],
  ["/home/vstaln/riemann/research/lean-zeta-23/Zeta23/RvM/BacklundDefs.lean",
   "4138ad3f54056e3e"],
  ["options",
   [["-DrelaxedAutoImplicit=false", "74a2b5546b55be80"],
    ["-Dpp.unicode.fun=true", "9b94070140457fab"]]],
  ["isModule: false", "feefd2a0d3a1847e"],
  ["Module.name: Zeta23.RvM.BacklundDefs", "ca8996e0d48b9f49"],
  ["Package.id?: (some Zeta23)", "31803ca4013655a1"],
  ["Module.leanArgs: #[]", "00000000000006bb"]],
 "depHash": "2246e667903edd01"}