{"synthetic": false,
 "schemaVersion": "2025-09-10",
 "outputs":
 {"o": ["1181c78ca3cb8995.olean"],
  "m": false,
  "i": "97d99622c2461aca.ilean",
  "c": "421498945af745ca.c"},
 "log":
 [{"message":
   ".> LEAN_PATH=/home/vstaln/riemann/research/lean-zeta-23/.lake/packages/Cli/.lake/build/lib/lean:/home/vstaln/riemann/research/lean-zeta-23/.lake/packages/batteries/.lake/build/lib/lean:/home/vstaln/riemann/research/lean-zeta-23/.lake/packages/Qq/.lake/build/lib/lean:/home/vstaln/riemann/research/lean-zeta-23/.lake/packages/aesop/.lake/build/lib/lean:/home/vstaln/riemann/research/lean-zeta-23/.lake/packages/proofwidgets/.lake/build/lib/lean:/home/vstaln/riemann/research/lean-zeta-23/.lake/packages/importGraph/.lake/build/lib/lean:/home/vstaln/riemann/research/lean-zeta-23/.lake/packages/LeanSearchClient/.lake/build/lib/lean:/home/vstaln/riemann/research/lean-zeta-23/.lake/packages/plausible/.lake/build/lib/lean:/home/vstaln/riemann/research/lean-zeta-23/.lake/packages/mathlib/.lake/build/lib/lean:/home/vstaln/riemann/research/lean-zeta-23/.lake/build/lib/lean /home/vstaln/.elan/toolchains/leanprover--lean4---v4.33.0-rc2/bin/lean /home/vstaln/riemann/research/lean-zeta-23/Zeta23/RvM/GammaSide.lean -o /home/vstaln/riemann/research/lean-zeta-23/.lake/build/lib/lean/Zeta23/RvM/GammaSide.olean -i /home/vstaln/riemann/research/lean-zeta-23/.lake/build/lib/lean/Zeta23/RvM/GammaSide.ilean -c /home/vstaln/riemann/research/lean-zeta-23/.lake/build/ir/Zeta23/RvM/GammaSide.c --setup /home/vstaln/riemann/research/lean-zeta-23/.lake/build/ir/Zeta23/RvM/GammaSide.setup.json --json",
   "level": "trace"}],
 "inputs":
 [["deps",
   [["Zeta23/Zeta23:extraDep", [["@Zeta23:extraDep", "00000000000006bb"]]],
    ["imports",
     [["Zeta23.RvM.Defs transitive imports (legacy)", "04219bdd858e036b"],
      ["Zeta23.RvM.Defs:importAllArts", "339322dedd88e78f"],
      ["Mathlib.Analysis.Complex.CauchyIntegral transitive imports (legacy)",
       "3e3e23907176d380"],
      ["Mathlib.Analysis.Complex.CauchyIntegral:importAllArts",
       "0fbc377e5397df22"],
      ["Mathlib.Analysis.SpecialFunctions.Gamma.Deligne transitive imports (legacy)",
       "0dfae601acf89aaa"],
      ["Mathlib.Analysis.SpecialFunctions.Gamma.Deligne:importAllArts",
       "e5ad99185e279ddb"],
      ["Mathlib.Analysis.SpecialFunctions.Gamma.Digamma transitive imports (legacy)",
       "c2e079506fba03c7"],
      ["Mathlib.Analysis.SpecialFunctions.Gamma.Digamma:importAllArts",
       "9a7a4d87b7271b14"],
      ["Mathlib.Analysis.SpecialFunctions.Pow.Deriv transitive imports (legacy)",
       "26cd79cc2f472b14"],
      ["Mathlib.Analysis.SpecialFunctions.Pow.Deriv:importAllArts",
       "77ac5d31837e90eb"],
      ["Mathlib.Analysis.Real.Pi.Bounds transitive imports (legacy)",
       "78539a80f65c473b"],
      ["Mathlib.Analysis.Real.Pi.Bounds:importAllArts", "134c6e1cfb20bfa5"]]]]],
  ["libs",
   [["import dynlibs", "00000000000006bb"],
    ["package external libraries", "00000000000006bb"],
    ["module dynlibs", "00000000000006bb"],
    ["module plugins", "00000000000006bb"]]],
  ["Lean 4.33.0, commit d8b18978322de05a8f3dba51ef03cf5461676c17",
   "3eca9d16ab6c877d"],
  ["/home/vstaln/riemann/research/lean-zeta-23/Zeta23/RvM/GammaSide.lean",
   "041a790778072d98"],
  ["options",
   [["-DrelaxedAutoImplicit=false", "74a2b5546b55be80"],
    ["-Dpp.unicode.fun=true", "9b94070140457fab"]]],
  ["isModule: false", "feefd2a0d3a1847e"],
  ["Module.name: Zeta23.RvM.GammaSide", "d16feec482a02450"],
  ["Package.id?: (some Zeta23)", "31803ca4013655a1"],
  ["Module.leanArgs: #[]", "00000000000006bb"]],
 "depHash": "a1d30fc7d6c897c0"}