{"synthetic": false,
 "schemaVersion": "2025-09-10",
 "outputs":
 {"o": ["331e5bbe4f847250.olean"],
  "m": false,
  "i": "5f74f39b4078eefa.ilean",
  "c": "8415c55289c57fc4.c"},
 "log":
 [{"message":
   ".> LEAN_PATH=/home/vstaln/riemann/research/lean-zeta-23/.lake/packages/Cli/.lake/build/lib/lean:/home/vstaln/riemann/research/lean-zeta-23/.lake/packages/batteries/.lake/build/lib/lean:/home/vstaln/riemann/research/lean-zeta-23/.lake/packages/Qq/.lake/build/lib/lean:/home/vstaln/riemann/research/lean-zeta-23/.lake/packages/aesop/.lake/build/lib/lean:/home/vstaln/riemann/research/lean-zeta-23/.lake/packages/proofwidgets/.lake/build/lib/lean:/home/vstaln/riemann/research/lean-zeta-23/.lake/packages/importGraph/.lake/build/lib/lean:/home/vstaln/riemann/research/lean-zeta-23/.lake/packages/LeanSearchClient/.lake/build/lib/lean:/home/vstaln/riemann/research/lean-zeta-23/.lake/packages/plausible/.lake/build/lib/lean:/home/vstaln/riemann/research/lean-zeta-23/.lake/packages/mathlib/.lake/build/lib/lean:/home/vstaln/riemann/research/lean-zeta-23/.lake/build/lib/lean /home/vstaln/.elan/toolchains/leanprover--lean4---v4.33.0-rc2/bin/lean /home/vstaln/riemann/research/lean-zeta-23/Zeta23/RvM/Halving.lean -o /home/vstaln/riemann/research/lean-zeta-23/.lake/build/lib/lean/Zeta23/RvM/Halving.olean -i /home/vstaln/riemann/research/lean-zeta-23/.lake/build/lib/lean/Zeta23/RvM/Halving.ilean -c /home/vstaln/riemann/research/lean-zeta-23/.lake/build/ir/Zeta23/RvM/Halving.c --setup /home/vstaln/riemann/research/lean-zeta-23/.lake/build/ir/Zeta23/RvM/Halving.setup.json --json",
   "level": "trace"},
  {"message":
   "Zeta23/RvM/Halving.lean:52:55: `Set.mem_setOf_eq` has been deprecated: Use `Set.mem_ofPred_eq` instead",
   "level": "warning"},
  {"message":
   "Zeta23/RvM/Halving.lean:62:15: `Set.mem_setOf_eq` has been deprecated: Use `Set.mem_ofPred_eq` instead",
   "level": "warning"},
  {"message":
   "Zeta23/RvM/Halving.lean:70:15: `Set.mem_setOf_eq` has been deprecated: Use `Set.mem_ofPred_eq` instead",
   "level": "warning"}],
 "inputs":
 [["deps",
   [["Zeta23/Zeta23:extraDep", [["@Zeta23:extraDep", "00000000000006bb"]]],
    ["imports",
     [["Zeta23.Defs.Counting transitive imports (legacy)", "331daf5af652c763"],
      ["Zeta23.Defs.Counting:importAllArts", "b856ee3f1a65ef2f"]]]]],
  ["libs",
   [["import dynlibs", "00000000000006bb"],
    ["package external libraries", "00000000000006bb"],
    ["module dynlibs", "00000000000006bb"],
    ["module plugins", "00000000000006bb"]]],
  ["Lean 4.33.0, commit d8b18978322de05a8f3dba51ef03cf5461676c17",
   "3eca9d16ab6c877d"],
  ["/home/vstaln/riemann/research/lean-zeta-23/Zeta23/RvM/Halving.lean",
   "de488f6b61cf4f27"],
  ["options",
   [["-DrelaxedAutoImplicit=false", "74a2b5546b55be80"],
    ["-Dpp.unicode.fun=true", "9b94070140457fab"]]],
  ["isModule: false", "feefd2a0d3a1847e"],
  ["Module.name: Zeta23.RvM.Halving", "615ef03e6d5d367d"],
  ["Package.id?: (some Zeta23)", "31803ca4013655a1"],
  ["Module.leanArgs: #[]", "00000000000006bb"]],
 "depHash": "84369fd950d16383"}