{"synthetic": false,
 "schemaVersion": "2025-09-10",
 "outputs":
 {"o": ["502d0afb91008581.olean"],
  "m": false,
  "i": "0884251c138a5757.ilean",
  "c": "243091b7b15b5776.c"},
 "log":
 [{"message":
   ".> LEAN_PATH=/home/vstaln/riemann/research/lean-zeta-23/.lake/packages/Cli/.lake/build/lib/lean:/home/vstaln/riemann/research/lean-zeta-23/.lake/packages/batteries/.lake/build/lib/lean:/home/vstaln/riemann/research/lean-zeta-23/.lake/packages/Qq/.lake/build/lib/lean:/home/vstaln/riemann/research/lean-zeta-23/.lake/packages/aesop/.lake/build/lib/lean:/home/vstaln/riemann/research/lean-zeta-23/.lake/packages/proofwidgets/.lake/build/lib/lean:/home/vstaln/riemann/research/lean-zeta-23/.lake/packages/importGraph/.lake/build/lib/lean:/home/vstaln/riemann/research/lean-zeta-23/.lake/packages/LeanSearchClient/.lake/build/lib/lean:/home/vstaln/riemann/research/lean-zeta-23/.lake/packages/plausible/.lake/build/lib/lean:/home/vstaln/riemann/research/lean-zeta-23/.lake/packages/mathlib/.lake/build/lib/lean:/home/vstaln/riemann/research/lean-zeta-23/.lake/build/lib/lean /home/vstaln/.elan/toolchains/leanprover--lean4---v4.33.0-rc2/bin/lean /home/vstaln/riemann/research/lean-zeta-23/Zeta23/RvM/LocalCount.lean -o /home/vstaln/riemann/research/lean-zeta-23/.lake/build/lib/lean/Zeta23/RvM/LocalCount.olean -i /home/vstaln/riemann/research/lean-zeta-23/.lake/build/lib/lean/Zeta23/RvM/LocalCount.ilean -c /home/vstaln/riemann/research/lean-zeta-23/.lake/build/ir/Zeta23/RvM/LocalCount.c --setup /home/vstaln/riemann/research/lean-zeta-23/.lake/build/ir/Zeta23/RvM/LocalCount.setup.json --json",
   "level": "trace"}],
 "inputs":
 [["deps",
   [["Zeta23/Zeta23:extraDep", [["@Zeta23:extraDep", "00000000000006bb"]]],
    ["imports",
     [["Zeta23.Prelude.InstancePriorities transitive imports (legacy)",
       "eeecaa798c293f50"],
      ["Zeta23.Prelude.InstancePriorities:importAllArts", "0cb01bb544dcefc2"],
      ["Zeta23.Statement.SeamClosed transitive imports (legacy)",
       "bc88e0a08d1b10ff"],
      ["Zeta23.Statement.SeamClosed:importAllArts", "c7bd464fc73ef300"],
      ["Zeta23.Defs.Counting transitive imports (legacy)", "331daf5af652c763"],
      ["Zeta23.Defs.Counting:importAllArts", "b856ee3f1a65ef2f"],
      ["Zeta23.FromPNTPlus.StrongPNTPrefix transitive imports (legacy)",
       "56acb60d0e8d595a"],
      ["Zeta23.FromPNTPlus.StrongPNTPrefix:importAllArts", "0668c2f9a717cf27"],
      ["Zeta23.RvM.ZetaGrowth transitive imports (legacy)", "09c0552a403af02f"],
      ["Zeta23.RvM.ZetaGrowth:importAllArts", "2af6589e4fd8e25d"],
      ["Zeta23.RvM.Halving transitive imports (legacy)", "25eca89d1910fbc4"],
      ["Zeta23.RvM.Halving:importAllArts", "ba19085804e1098a"]]]]],
  ["libs",
   [["import dynlibs", "00000000000006bb"],
    ["package external libraries", "00000000000006bb"],
    ["module dynlibs", "00000000000006bb"],
    ["module plugins", "00000000000006bb"]]],
  ["Lean 4.33.0, commit d8b18978322de05a8f3dba51ef03cf5461676c17",
   "3eca9d16ab6c877d"],
  ["/home/vstaln/riemann/research/lean-zeta-23/Zeta23/RvM/LocalCount.lean",
   "827aee50d88f9b8b"],
  ["options",
   [["-DrelaxedAutoImplicit=false", "74a2b5546b55be80"],
    ["-Dpp.unicode.fun=true", "9b94070140457fab"]]],
  ["isModule: false", "feefd2a0d3a1847e"],
  ["Module.name: Zeta23.RvM.LocalCount", "c45862634bea89fe"],
  ["Package.id?: (some Zeta23)", "31803ca4013655a1"],
  ["Module.leanArgs: #[]", "00000000000006bb"]],
 "depHash": "dfe5151a62664b6f"}