{"synthetic": false,
 "schemaVersion": "2025-09-10",
 "outputs":
 {"o": ["3b39295ce276673e.olean"],
  "m": false,
  "i": "36b01ce374bb8531.ilean",
  "c": "b3cd1fedcd435b51.c"},
 "log":
 [{"message":
   ".> LEAN_PATH=/home/vstaln/riemann/research/lean-zeta-23/.lake/packages/Cli/.lake/build/lib/lean:/home/vstaln/riemann/research/lean-zeta-23/.lake/packages/batteries/.lake/build/lib/lean:/home/vstaln/riemann/research/lean-zeta-23/.lake/packages/Qq/.lake/build/lib/lean:/home/vstaln/riemann/research/lean-zeta-23/.lake/packages/aesop/.lake/build/lib/lean:/home/vstaln/riemann/research/lean-zeta-23/.lake/packages/proofwidgets/.lake/build/lib/lean:/home/vstaln/riemann/research/lean-zeta-23/.lake/packages/importGraph/.lake/build/lib/lean:/home/vstaln/riemann/research/lean-zeta-23/.lake/packages/LeanSearchClient/.lake/build/lib/lean:/home/vstaln/riemann/research/lean-zeta-23/.lake/packages/plausible/.lake/build/lib/lean:/home/vstaln/riemann/research/lean-zeta-23/.lake/packages/mathlib/.lake/build/lib/lean:/home/vstaln/riemann/research/lean-zeta-23/.lake/build/lib/lean /home/vstaln/.elan/toolchains/leanprover--lean4---v4.33.0-rc2/bin/lean /home/vstaln/riemann/research/lean-zeta-23/Zeta23/RvM/MainTerm.lean -o /home/vstaln/riemann/research/lean-zeta-23/.lake/build/lib/lean/Zeta23/RvM/MainTerm.olean -i /home/vstaln/riemann/research/lean-zeta-23/.lake/build/lib/lean/Zeta23/RvM/MainTerm.ilean -c /home/vstaln/riemann/research/lean-zeta-23/.lake/build/ir/Zeta23/RvM/MainTerm.c --setup /home/vstaln/riemann/research/lean-zeta-23/.lake/build/ir/Zeta23/RvM/MainTerm.setup.json --json",
   "level": "trace"}],
 "inputs":
 [["deps",
   [["Zeta23/Zeta23:extraDep", [["@Zeta23:extraDep", "00000000000006bb"]]],
    ["imports",
     [["Zeta23.RvM.Defs transitive imports (legacy)", "04219bdd858e036b"],
      ["Zeta23.RvM.Defs:importAllArts", "339322dedd88e78f"],
      ["Zeta23.RvM.LocalCount transitive imports (legacy)", "8ec7198793f52001"],
      ["Zeta23.RvM.LocalCount:importAllArts", "c1d491f2ca308006"],
      ["Zeta23.Hypotheses transitive imports (legacy)", "77f6cae4f82956bc"],
      ["Zeta23.Hypotheses:importAllArts", "2c7083bcd7e6b255"],
      ["Zeta23.WeilEF.XiLogDeriv transitive imports (legacy)",
       "d045ce1bd9528098"],
      ["Zeta23.WeilEF.XiLogDeriv:importAllArts", "ee67dcca620ee9f8"],
      ["Zeta23.Analytic.RectangleLogDeriv transitive imports (legacy)",
       "a3bdf90275d52eb0"],
      ["Zeta23.Analytic.RectangleLogDeriv:importAllArts", "8702a0a4ff5115d7"],
      ["Zeta23.RvM.GammaSide transitive imports (legacy)", "c707f7b47d7ee101"],
      ["Zeta23.RvM.GammaSide:importAllArts", "ce06d6c13443388d"],
      ["Zeta23.RvM.Backlund transitive imports (legacy)", "5c629ace64947423"],
      ["Zeta23.RvM.Backlund:importAllArts", "97c628fd4a509997"],
      ["Zeta23.RvM.Fold transitive imports (legacy)", "84dd48b40aad5c29"],
      ["Zeta23.RvM.Fold:importAllArts", "d9fd7fc9b9ac8f3a"],
      ["Zeta23.RvM.NcountWindow transitive imports (legacy)",
       "557f1af6ca26d83f"],
      ["Zeta23.RvM.NcountWindow:importAllArts", "1cfa51309c2d0a4d"]]]]],
  ["libs",
   [["import dynlibs", "00000000000006bb"],
    ["package external libraries", "00000000000006bb"],
    ["module dynlibs", "00000000000006bb"],
    ["module plugins", "00000000000006bb"]]],
  ["Lean 4.33.0, commit d8b18978322de05a8f3dba51ef03cf5461676c17",
   "3eca9d16ab6c877d"],
  ["/home/vstaln/riemann/research/lean-zeta-23/Zeta23/RvM/MainTerm.lean",
   "25f9d171e472b0d6"],
  ["options",
   [["-DrelaxedAutoImplicit=false", "74a2b5546b55be80"],
    ["-Dpp.unicode.fun=true", "9b94070140457fab"]]],
  ["isModule: false", "feefd2a0d3a1847e"],
  ["Module.name: Zeta23.RvM.MainTerm", "35bfe15cb48568c4"],
  ["Package.id?: (some Zeta23)", "31803ca4013655a1"],
  ["Module.leanArgs: #[]", "00000000000006bb"]],
 "depHash": "598e066336048302"}