{"synthetic": false,
 "schemaVersion": "2025-09-10",
 "outputs":
 {"o": ["ae3bfdd97be00e20.olean"],
  "m": false,
  "i": "3f0fba8f790c5a96.ilean",
  "c": "8555e8ff7fda6ea9.c"},
 "log":
 [{"message":
   ".> LEAN_PATH=/home/vstaln/riemann/research/lean-zeta-23/.lake/packages/Cli/.lake/build/lib/lean:/home/vstaln/riemann/research/lean-zeta-23/.lake/packages/batteries/.lake/build/lib/lean:/home/vstaln/riemann/research/lean-zeta-23/.lake/packages/Qq/.lake/build/lib/lean:/home/vstaln/riemann/research/lean-zeta-23/.lake/packages/aesop/.lake/build/lib/lean:/home/vstaln/riemann/research/lean-zeta-23/.lake/packages/proofwidgets/.lake/build/lib/lean:/home/vstaln/riemann/research/lean-zeta-23/.lake/packages/importGraph/.lake/build/lib/lean:/home/vstaln/riemann/research/lean-zeta-23/.lake/packages/LeanSearchClient/.lake/build/lib/lean:/home/vstaln/riemann/research/lean-zeta-23/.lake/packages/plausible/.lake/build/lib/lean:/home/vstaln/riemann/research/lean-zeta-23/.lake/packages/mathlib/.lake/build/lib/lean:/home/vstaln/riemann/research/lean-zeta-23/.lake/build/lib/lean /home/vstaln/.elan/toolchains/leanprover--lean4---v4.33.0-rc2/bin/lean /home/vstaln/riemann/research/lean-zeta-23/Zeta23/WeilEF/Effective.lean -o /home/vstaln/riemann/research/lean-zeta-23/.lake/build/lib/lean/Zeta23/WeilEF/Effective.olean -i /home/vstaln/riemann/research/lean-zeta-23/.lake/build/lib/lean/Zeta23/WeilEF/Effective.ilean -c /home/vstaln/riemann/research/lean-zeta-23/.lake/build/ir/Zeta23/WeilEF/Effective.c --setup /home/vstaln/riemann/research/lean-zeta-23/.lake/build/ir/Zeta23/WeilEF/Effective.setup.json --json",
   "level": "trace"},
  {"message":
   "Zeta23/WeilEF/Effective.lean:624:30: This simp argument is unused:\n  Complex.div_re\n\nHint: Omit it from the simp argument list.\n  [apply] simp [Complex.neg_re]\n\nNote: This linter can be disabled with `set_option linter.unusedSimpArgs false`",
   "level": "warning"},
  {"message":
   "Zeta23/WeilEF/Effective.lean:669:14: This simp argument is unused:\n  Complex.norm_ofNat\n\nHint: Omit it from the simp argument list.\n  [apply] simp\n\nNote: This linter can be disabled with `set_option linter.unusedSimpArgs false`",
   "level": "warning"},
  {"message":
   "Zeta23/WeilEF/Effective.lean:717:23: 'first\n| assumption\n| positivity' tactic does nothing\n\nNote: This linter can be disabled with `set_option linter.unusedTactic false`",
   "level": "warning"},
  {"message":
   "Zeta23/WeilEF/Effective.lean:759:23: 'first\n| assumption\n| positivity' tactic does nothing\n\nNote: This linter can be disabled with `set_option linter.unusedTactic false`",
   "level": "warning"},
  {"message":
   "Zeta23/WeilEF/Effective.lean:717:23: this tactic is never executed\n\nNote: This linter can be disabled with `set_option linter.unreachableTactic false`",
   "level": "warning"},
  {"message":
   "Zeta23/WeilEF/Effective.lean:759:23: this tactic is never executed\n\nNote: This linter can be disabled with `set_option linter.unreachableTactic false`",
   "level": "warning"},
  {"message":
   "Zeta23/WeilEF/Effective.lean:912:17: 'linarith' tactic does nothing\n\nNote: This linter can be disabled with `set_option linter.unusedTactic false`",
   "level": "warning"},
  {"message":
   "Zeta23/WeilEF/Effective.lean:912:17: this tactic is never executed\n\nNote: This linter can be disabled with `set_option linter.unreachableTactic false`",
   "level": "warning"}],
 "inputs":
 [["deps",
   [["Zeta23/Zeta23:extraDep", [["@Zeta23:extraDep", "00000000000006bb"]]],
    ["imports",
     [["Zeta23.RvM.ZetaGrowth transitive imports (legacy)", "09c0552a403af02f"],
      ["Zeta23.RvM.ZetaGrowth:importAllArts", "2af6589e4fd8e25d"],
      ["Zeta23.RvM.LocalCount transitive imports (legacy)", "8ec7198793f52001"],
      ["Zeta23.RvM.LocalCount:importAllArts", "c1d491f2ca308006"],
      ["Zeta23.RvM.CountByIntegral transitive imports (legacy)",
       "9914b48c7371f9dc"],
      ["Zeta23.RvM.CountByIntegral:importAllArts", "6eefd13c691d1ce9"],
      ["Zeta23.GammaFacts.StirlingVert transitive imports (legacy)",
       "0be1155d82ee2d62"],
      ["Zeta23.GammaFacts.StirlingVert:importAllArts", "39a28c57b49dcdf1"],
      ["Zeta23.WeilEF.Landau transitive imports (legacy)", "4e605f045e10fd84"],
      ["Zeta23.WeilEF.Landau:importAllArts", "68f8410667ea3dcf"],
      ["Mathlib.NumberTheory.LSeries.HurwitzZetaValues transitive imports (legacy)",
       "66db38d58a8603e7"],
      ["Mathlib.NumberTheory.LSeries.HurwitzZetaValues:importAllArts",
       "6242412276c5a6b6"],
      ["Zeta23.ThmE.GammaFactsChiProof transitive imports (legacy)",
       "7b79dd89abb9c93f"],
      ["Zeta23.ThmE.GammaFactsChiProof:importAllArts", "0dbf586f25351f78"]]]]],
  ["libs",
   [["import dynlibs", "00000000000006bb"],
    ["package external libraries", "00000000000006bb"],
    ["module dynlibs", "00000000000006bb"],
    ["module plugins", "00000000000006bb"]]],
  ["Lean 4.33.0, commit d8b18978322de05a8f3dba51ef03cf5461676c17",
   "3eca9d16ab6c877d"],
  ["/home/vstaln/riemann/research/lean-zeta-23/Zeta23/WeilEF/Effective.lean",
   "3ab5343f84a86407"],
  ["options",
   [["-DrelaxedAutoImplicit=false", "74a2b5546b55be80"],
    ["-Dpp.unicode.fun=true", "9b94070140457fab"]]],
  ["isModule: false", "feefd2a0d3a1847e"],
  ["Module.name: Zeta23.WeilEF.Effective", "62cc5a6fbb688b54"],
  ["Package.id?: (some Zeta23)", "31803ca4013655a1"],
  ["Module.leanArgs: #[]", "00000000000006bb"]],
 "depHash": "70464ff792d27262"}