{"synthetic": false,
 "schemaVersion": "2025-09-10",
 "outputs":
 {"o": ["724c28d88cbc0e74.olean"],
  "m": false,
  "i": "bbb417d011aaef1c.ilean",
  "c": "8759ccd2f9724b74.c"},
 "log":
 [{"message":
   ".> LEAN_PATH=/home/vstaln/riemann/research/lean-zeta-23/.lake/packages/Cli/.lake/build/lib/lean:/home/vstaln/riemann/research/lean-zeta-23/.lake/packages/batteries/.lake/build/lib/lean:/home/vstaln/riemann/research/lean-zeta-23/.lake/packages/Qq/.lake/build/lib/lean:/home/vstaln/riemann/research/lean-zeta-23/.lake/packages/aesop/.lake/build/lib/lean:/home/vstaln/riemann/research/lean-zeta-23/.lake/packages/proofwidgets/.lake/build/lib/lean:/home/vstaln/riemann/research/lean-zeta-23/.lake/packages/importGraph/.lake/build/lib/lean:/home/vstaln/riemann/research/lean-zeta-23/.lake/packages/LeanSearchClient/.lake/build/lib/lean:/home/vstaln/riemann/research/lean-zeta-23/.lake/packages/plausible/.lake/build/lib/lean:/home/vstaln/riemann/research/lean-zeta-23/.lake/packages/mathlib/.lake/build/lib/lean:/home/vstaln/riemann/research/lean-zeta-23/.lake/build/lib/lean /home/vstaln/.elan/toolchains/leanprover--lean4---v4.33.0-rc2/bin/lean /home/vstaln/riemann/research/lean-zeta-23/Zeta23/WeilEF/FullLineAssembly.lean -o /home/vstaln/riemann/research/lean-zeta-23/.lake/build/lib/lean/Zeta23/WeilEF/FullLineAssembly.olean -i /home/vstaln/riemann/research/lean-zeta-23/.lake/build/lib/lean/Zeta23/WeilEF/FullLineAssembly.ilean -c /home/vstaln/riemann/research/lean-zeta-23/.lake/build/ir/Zeta23/WeilEF/FullLineAssembly.c --setup /home/vstaln/riemann/research/lean-zeta-23/.lake/build/ir/Zeta23/WeilEF/FullLineAssembly.setup.json --json",
   "level": "trace"}],
 "inputs":
 [["deps",
   [["Zeta23/Zeta23:extraDep", [["@Zeta23:extraDep", "00000000000006bb"]]],
    ["imports",
     [["Zeta23.WeilEF.FullLine transitive imports (legacy)",
       "cb4bcb21771cc877"],
      ["Zeta23.WeilEF.FullLine:importAllArts", "d2a2f3e24d1aa96d"],
      ["Zeta23.WeilEF.Horizontal transitive imports (legacy)",
       "4e14b2d825484c4b"],
      ["Zeta23.WeilEF.Horizontal:importAllArts", "86992f8ca3ee95c2"],
      ["Zeta23.WeilEF.ZeroSumLimit transitive imports (legacy)",
       "f4cc7ef4269f05e6"],
      ["Zeta23.WeilEF.ZeroSumLimit:importAllArts", "2e2fc9fcd4c9698b"]]]]],
  ["libs",
   [["import dynlibs", "00000000000006bb"],
    ["package external libraries", "00000000000006bb"],
    ["module dynlibs", "00000000000006bb"],
    ["module plugins", "00000000000006bb"]]],
  ["Lean 4.33.0, commit d8b18978322de05a8f3dba51ef03cf5461676c17",
   "3eca9d16ab6c877d"],
  ["/home/vstaln/riemann/research/lean-zeta-23/Zeta23/WeilEF/FullLineAssembly.lean",
   "831f3366d07e8a4c"],
  ["options",
   [["-DrelaxedAutoImplicit=false", "74a2b5546b55be80"],
    ["-Dpp.unicode.fun=true", "9b94070140457fab"]]],
  ["isModule: false", "feefd2a0d3a1847e"],
  ["Module.name: Zeta23.WeilEF.FullLineAssembly", "01bf3fe6af979e9e"],
  ["Package.id?: (some Zeta23)", "31803ca4013655a1"],
  ["Module.leanArgs: #[]", "00000000000006bb"]],
 "depHash": "baed36265cbf0962"}