{"synthetic": false,
 "schemaVersion": "2025-09-10",
 "outputs":
 {"o": ["ea4c7d3158d78747.olean"],
  "m": false,
  "i": "b580fba0c119b663.ilean",
  "c": "1954f8b2eb15ff4f.c"},
 "log":
 [{"message":
   ".> LEAN_PATH=/home/vstaln/riemann/research/lean-zeta-23/.lake/packages/Cli/.lake/build/lib/lean:/home/vstaln/riemann/research/lean-zeta-23/.lake/packages/batteries/.lake/build/lib/lean:/home/vstaln/riemann/research/lean-zeta-23/.lake/packages/Qq/.lake/build/lib/lean:/home/vstaln/riemann/research/lean-zeta-23/.lake/packages/aesop/.lake/build/lib/lean:/home/vstaln/riemann/research/lean-zeta-23/.lake/packages/proofwidgets/.lake/build/lib/lean:/home/vstaln/riemann/research/lean-zeta-23/.lake/packages/importGraph/.lake/build/lib/lean:/home/vstaln/riemann/research/lean-zeta-23/.lake/packages/LeanSearchClient/.lake/build/lib/lean:/home/vstaln/riemann/research/lean-zeta-23/.lake/packages/plausible/.lake/build/lib/lean:/home/vstaln/riemann/research/lean-zeta-23/.lake/packages/mathlib/.lake/build/lib/lean:/home/vstaln/riemann/research/lean-zeta-23/.lake/build/lib/lean /home/vstaln/.elan/toolchains/leanprover--lean4---v4.33.0-rc2/bin/lean /home/vstaln/riemann/research/lean-zeta-23/Zeta23/WeilEF/VerticalLine.lean -o /home/vstaln/riemann/research/lean-zeta-23/.lake/build/lib/lean/Zeta23/WeilEF/VerticalLine.olean -i /home/vstaln/riemann/research/lean-zeta-23/.lake/build/lib/lean/Zeta23/WeilEF/VerticalLine.ilean -c /home/vstaln/riemann/research/lean-zeta-23/.lake/build/ir/Zeta23/WeilEF/VerticalLine.c --setup /home/vstaln/riemann/research/lean-zeta-23/.lake/build/ir/Zeta23/WeilEF/VerticalLine.setup.json --json",
   "level": "trace"}],
 "inputs":
 [["deps",
   [["Zeta23/Zeta23:extraDep", [["@Zeta23:extraDep", "00000000000006bb"]]],
    ["imports",
     [["Zeta23.WeilEF.XiLogDeriv transitive imports (legacy)",
       "d045ce1bd9528098"],
      ["Zeta23.WeilEF.XiLogDeriv:importAllArts", "ee67dcca620ee9f8"],
      ["Zeta23.GammaFacts.StirlingVert transitive imports (legacy)",
       "0be1155d82ee2d62"],
      ["Zeta23.GammaFacts.StirlingVert:importAllArts", "39a28c57b49dcdf1"],
      ["Mathlib.NumberTheory.LSeries.Dirichlet transitive imports (legacy)",
       "605fb6346855929c"],
      ["Mathlib.NumberTheory.LSeries.Dirichlet:importAllArts",
       "b83f11d29cf14d4e"],
      ["Zeta23.ExplicitFormula transitive imports (legacy)",
       "b5df0861101d9c4d"],
      ["Zeta23.ExplicitFormula:importAllArts", "e0b91ee67f27db55"],
      ["Zeta23.ExplicitFormula.Bridge transitive imports (legacy)",
       "0155f32b94a41c7a"],
      ["Zeta23.ExplicitFormula.Bridge:importAllArts", "ac6778674f5409e2"],
      ["Zeta23.WeilEF.GammaRBracket transitive imports (legacy)",
       "807720db1b88114d"],
      ["Zeta23.WeilEF.GammaRBracket:importAllArts", "b1005fb00e22254d"],
      ["Zeta23.Poisson.PaperFT transitive imports (legacy)",
       "fc1a2a77f585b517"],
      ["Zeta23.Poisson.PaperFT:importAllArts", "cc74a1576951592b"],
      ["Mathlib.Analysis.SpecialFunctions.JapaneseBracket transitive imports (legacy)",
       "53f74c9e0eb00a6c"],
      ["Mathlib.Analysis.SpecialFunctions.JapaneseBracket:importAllArts",
       "2fc633676e374c2e"]]]]],
  ["libs",
   [["import dynlibs", "00000000000006bb"],
    ["package external libraries", "00000000000006bb"],
    ["module dynlibs", "00000000000006bb"],
    ["module plugins", "00000000000006bb"]]],
  ["Lean 4.33.0, commit d8b18978322de05a8f3dba51ef03cf5461676c17",
   "3eca9d16ab6c877d"],
  ["/home/vstaln/riemann/research/lean-zeta-23/Zeta23/WeilEF/VerticalLine.lean",
   "9e627851d9de06d1"],
  ["options",
   [["-DrelaxedAutoImplicit=false", "74a2b5546b55be80"],
    ["-Dpp.unicode.fun=true", "9b94070140457fab"]]],
  ["isModule: false", "feefd2a0d3a1847e"],
  ["Module.name: Zeta23.WeilEF.VerticalLine", "250cd239a454840d"],
  ["Package.id?: (some Zeta23)", "31803ca4013655a1"],
  ["Module.leanArgs: #[]", "00000000000006bb"]],
 "depHash": "fc0534cccc589fc0"}