{"synthetic": false,
 "schemaVersion": "2025-09-10",
 "outputs":
 {"o": ["0096f085fcd6d43e.olean"],
  "m": false,
  "i": "a2001aaa155f3e36.ilean",
  "c": "aa0a7bd5825864fa.c"},
 "log":
 [{"message":
   ".> LEAN_PATH=/home/vstaln/riemann/research/lean-zeta-23/.lake/packages/Cli/.lake/build/lib/lean:/home/vstaln/riemann/research/lean-zeta-23/.lake/packages/batteries/.lake/build/lib/lean:/home/vstaln/riemann/research/lean-zeta-23/.lake/packages/Qq/.lake/build/lib/lean:/home/vstaln/riemann/research/lean-zeta-23/.lake/packages/aesop/.lake/build/lib/lean:/home/vstaln/riemann/research/lean-zeta-23/.lake/packages/proofwidgets/.lake/build/lib/lean:/home/vstaln/riemann/research/lean-zeta-23/.lake/packages/importGraph/.lake/build/lib/lean:/home/vstaln/riemann/research/lean-zeta-23/.lake/packages/LeanSearchClient/.lake/build/lib/lean:/home/vstaln/riemann/research/lean-zeta-23/.lake/packages/plausible/.lake/build/lib/lean:/home/vstaln/riemann/research/lean-zeta-23/.lake/packages/mathlib/.lake/build/lib/lean:/home/vstaln/riemann/research/lean-zeta-23/.lake/build/lib/lean /home/vstaln/.elan/toolchains/leanprover--lean4---v4.33.0-rc2/bin/lean /home/vstaln/riemann/research/lean-zeta-23/Zeta23/WeilEF/XiLogDeriv.lean -o /home/vstaln/riemann/research/lean-zeta-23/.lake/build/lib/lean/Zeta23/WeilEF/XiLogDeriv.olean -i /home/vstaln/riemann/research/lean-zeta-23/.lake/build/lib/lean/Zeta23/WeilEF/XiLogDeriv.ilean -c /home/vstaln/riemann/research/lean-zeta-23/.lake/build/ir/Zeta23/WeilEF/XiLogDeriv.c --setup /home/vstaln/riemann/research/lean-zeta-23/.lake/build/ir/Zeta23/WeilEF/XiLogDeriv.setup.json --json",
   "level": "trace"}],
 "inputs":
 [["deps",
   [["Zeta23/Zeta23:extraDep", [["@Zeta23:extraDep", "00000000000006bb"]]],
    ["imports",
     [["Mathlib.NumberTheory.LSeries.RiemannZeta transitive imports (legacy)",
       "d5c9fa4e10d49d69"],
      ["Mathlib.NumberTheory.LSeries.RiemannZeta:importAllArts",
       "33d180f81954364b"],
      ["Mathlib.Analysis.SpecialFunctions.Gamma.Deligne transitive imports (legacy)",
       "0dfae601acf89aaa"],
      ["Mathlib.Analysis.SpecialFunctions.Gamma.Deligne:importAllArts",
       "e5ad99185e279ddb"],
      ["Mathlib.Analysis.Calculus.LogDeriv transitive imports (legacy)",
       "01c2351e2e15aa56"],
      ["Mathlib.Analysis.Calculus.LogDeriv:importAllArts", "500c256a5bbb4f36"],
      ["Mathlib.Analysis.Complex.CauchyIntegral transitive imports (legacy)",
       "3e3e23907176d380"],
      ["Mathlib.Analysis.Complex.CauchyIntegral:importAllArts",
       "0fbc377e5397df22"],
      ["Zeta23.Statement transitive imports (legacy)", "1f127a139bb41529"],
      ["Zeta23.Statement:importAllArts", "7f6801c3e970fb2f"]]]]],
  ["libs",
   [["import dynlibs", "00000000000006bb"],
    ["package external libraries", "00000000000006bb"],
    ["module dynlibs", "00000000000006bb"],
    ["module plugins", "00000000000006bb"]]],
  ["Lean 4.33.0, commit d8b18978322de05a8f3dba51ef03cf5461676c17",
   "3eca9d16ab6c877d"],
  ["/home/vstaln/riemann/research/lean-zeta-23/Zeta23/WeilEF/XiLogDeriv.lean",
   "8ba2e541dc4bb76e"],
  ["options",
   [["-DrelaxedAutoImplicit=false", "74a2b5546b55be80"],
    ["-Dpp.unicode.fun=true", "9b94070140457fab"]]],
  ["isModule: false", "feefd2a0d3a1847e"],
  ["Module.name: Zeta23.WeilEF.XiLogDeriv", "08f43f90ce48097d"],
  ["Package.id?: (some Zeta23)", "31803ca4013655a1"],
  ["Module.leanArgs: #[]", "00000000000006bb"]],
 "depHash": "f1744e6a99205f4b"}