{"synthetic": false,
 "schemaVersion": "2025-09-10",
 "outputs":
 {"o": ["3dd13f424e6da533.olean"],
  "m": false,
  "i": "670712a4b00c24ff.ilean",
  "c": "36e20d6a1d61dc18.c"},
 "log":
 [{"message":
   ".> LEAN_PATH=/home/vstaln/riemann/research/lean-zeta-23/.lake/packages/Cli/.lake/build/lib/lean:/home/vstaln/riemann/research/lean-zeta-23/.lake/packages/batteries/.lake/build/lib/lean:/home/vstaln/riemann/research/lean-zeta-23/.lake/packages/Qq/.lake/build/lib/lean:/home/vstaln/riemann/research/lean-zeta-23/.lake/packages/aesop/.lake/build/lib/lean:/home/vstaln/riemann/research/lean-zeta-23/.lake/packages/proofwidgets/.lake/build/lib/lean:/home/vstaln/riemann/research/lean-zeta-23/.lake/packages/importGraph/.lake/build/lib/lean:/home/vstaln/riemann/research/lean-zeta-23/.lake/packages/LeanSearchClient/.lake/build/lib/lean:/home/vstaln/riemann/research/lean-zeta-23/.lake/packages/plausible/.lake/build/lib/lean:/home/vstaln/riemann/research/lean-zeta-23/.lake/packages/mathlib/.lake/build/lib/lean:/home/vstaln/riemann/research/lean-zeta-23/.lake/build/lib/lean /home/vstaln/.elan/toolchains/leanprover--lean4---v4.33.0-rc2/bin/lean /home/vstaln/riemann/research/lean-zeta-23/Zeta23/WeilEF/ZeroSummability.lean -o /home/vstaln/riemann/research/lean-zeta-23/.lake/build/lib/lean/Zeta23/WeilEF/ZeroSummability.olean -i /home/vstaln/riemann/research/lean-zeta-23/.lake/build/lib/lean/Zeta23/WeilEF/ZeroSummability.ilean -c /home/vstaln/riemann/research/lean-zeta-23/.lake/build/ir/Zeta23/WeilEF/ZeroSummability.c --setup /home/vstaln/riemann/research/lean-zeta-23/.lake/build/ir/Zeta23/WeilEF/ZeroSummability.setup.json --json",
   "level": "trace"},
  {"message":
   "Zeta23/WeilEF/ZeroSummability.lean:189:4: `Set.mem_setOf_eq` has been deprecated: Use `Set.mem_ofPred_eq` instead",
   "level": "warning"}],
 "inputs":
 [["deps",
   [["Zeta23/Zeta23:extraDep", [["@Zeta23:extraDep", "00000000000006bb"]]],
    ["imports",
     [["Zeta23.Tail transitive imports (legacy)", "ca57eee749ae888f"],
      ["Zeta23.Tail:importAllArts", "4b2eb461b5210ad9"],
      ["Zeta23.RvM.LocalCount transitive imports (legacy)", "8ec7198793f52001"],
      ["Zeta23.RvM.LocalCount:importAllArts", "c1d491f2ca308006"],
      ["Zeta23.ExplicitFormula transitive imports (legacy)",
       "b5df0861101d9c4d"],
      ["Zeta23.ExplicitFormula:importAllArts", "e0b91ee67f27db55"],
      ["Zeta23.Poisson.PaperFT transitive imports (legacy)",
       "fc1a2a77f585b517"],
      ["Zeta23.Poisson.PaperFT:importAllArts", "cc74a1576951592b"]]]]],
  ["libs",
   [["import dynlibs", "00000000000006bb"],
    ["package external libraries", "00000000000006bb"],
    ["module dynlibs", "00000000000006bb"],
    ["module plugins", "00000000000006bb"]]],
  ["Lean 4.33.0, commit d8b18978322de05a8f3dba51ef03cf5461676c17",
   "3eca9d16ab6c877d"],
  ["/home/vstaln/riemann/research/lean-zeta-23/Zeta23/WeilEF/ZeroSummability.lean",
   "57959bacded12742"],
  ["options",
   [["-DrelaxedAutoImplicit=false", "74a2b5546b55be80"],
    ["-Dpp.unicode.fun=true", "9b94070140457fab"]]],
  ["isModule: false", "feefd2a0d3a1847e"],
  ["Module.name: Zeta23.WeilEF.ZeroSummability", "7c34bd64a3f18912"],
  ["Package.id?: (some Zeta23)", "31803ca4013655a1"],
  ["Module.leanArgs: #[]", "00000000000006bb"]],
 "depHash": "eca8cb97a751722c"}