{"synthetic": false,
 "schemaVersion": "2025-09-10",
 "outputs":
 {"o": ["140819404b235604.olean"],
  "m": false,
  "i": "06495471d0e6d78a.ilean",
  "c": "bc78f4e6b9e9adc2.c"},
 "log":
 [{"message":
   ".> LEAN_PATH=/home/vstaln/riemann/research/lean-zeta-23/.lake/packages/Cli/.lake/build/lib/lean:/home/vstaln/riemann/research/lean-zeta-23/.lake/packages/batteries/.lake/build/lib/lean:/home/vstaln/riemann/research/lean-zeta-23/.lake/packages/Qq/.lake/build/lib/lean:/home/vstaln/riemann/research/lean-zeta-23/.lake/packages/aesop/.lake/build/lib/lean:/home/vstaln/riemann/research/lean-zeta-23/.lake/packages/proofwidgets/.lake/build/lib/lean:/home/vstaln/riemann/research/lean-zeta-23/.lake/packages/importGraph/.lake/build/lib/lean:/home/vstaln/riemann/research/lean-zeta-23/.lake/packages/LeanSearchClient/.lake/build/lib/lean:/home/vstaln/riemann/research/lean-zeta-23/.lake/packages/plausible/.lake/build/lib/lean:/home/vstaln/riemann/research/lean-zeta-23/.lake/packages/mathlib/.lake/build/lib/lean:/home/vstaln/riemann/research/lean-zeta-23/.lake/build/lib/lean /home/vstaln/.elan/toolchains/leanprover--lean4---v4.33.0-rc2/bin/lean /home/vstaln/riemann/research/lean-zeta-23/Zeta23/PrimeSideA/Bridge.lean -o /home/vstaln/riemann/research/lean-zeta-23/.lake/build/lib/lean/Zeta23/PrimeSideA/Bridge.olean -i /home/vstaln/riemann/research/lean-zeta-23/.lake/build/lib/lean/Zeta23/PrimeSideA/Bridge.ilean -c /home/vstaln/riemann/research/lean-zeta-23/.lake/build/ir/Zeta23/PrimeSideA/Bridge.c --setup /home/vstaln/riemann/research/lean-zeta-23/.lake/build/ir/Zeta23/PrimeSideA/Bridge.setup.json --json",
   "level": "trace"}],
 "inputs":
 [["deps",
   [["Zeta23/Zeta23:extraDep", [["@Zeta23:extraDep", "00000000000006bb"]]],
    ["imports",
     [["Zeta23.PrimeSideB.Concrete transitive imports (legacy)",
       "f5d53ebea8596169"],
      ["Zeta23.PrimeSideB.Concrete:importAllArts", "5c53b7a17d51df2e"],
      ["Zeta23.Taper transitive imports (legacy)", "ec30ba9ac4b49447"],
      ["Zeta23.Taper:importAllArts", "33ffafc2c6bb0a6d"],
      ["Zeta23.Taper.Norms transitive imports (legacy)", "dbbbbe635bf167fa"],
      ["Zeta23.Taper.Norms:importAllArts", "bd4128e7cf330876"],
      ["Zeta23.Poisson transitive imports (legacy)", "8a3a023510d096eb"],
      ["Zeta23.Poisson:importAllArts", "98e19a372c4936c0"],
      ["Zeta23.PiFacts transitive imports (legacy)", "e0a93b0c794f7f7f"],
      ["Zeta23.PiFacts:importAllArts", "4e0833f8e3e077fd"]]]]],
  ["libs",
   [["import dynlibs", "00000000000006bb"],
    ["package external libraries", "00000000000006bb"],
    ["module dynlibs", "00000000000006bb"],
    ["module plugins", "00000000000006bb"]]],
  ["Lean 4.33.0, commit d8b18978322de05a8f3dba51ef03cf5461676c17",
   "3eca9d16ab6c877d"],
  ["/home/vstaln/riemann/research/lean-zeta-23/Zeta23/PrimeSideA/Bridge.lean",
   "e39b0bcbac7059b8"],
  ["options",
   [["-DrelaxedAutoImplicit=false", "74a2b5546b55be80"],
    ["-Dpp.unicode.fun=true", "9b94070140457fab"]]],
  ["isModule: false", "feefd2a0d3a1847e"],
  ["Module.name: Zeta23.PrimeSideA.Bridge", "ba8c220d73e4957d"],
  ["Package.id?: (some Zeta23)", "31803ca4013655a1"],
  ["Module.leanArgs: #[]", "00000000000006bb"]],
 "depHash": "99077aea8d5a060c"}