{"synthetic": false,
 "schemaVersion": "2025-09-10",
 "outputs":
 {"o": ["42498e7c33bb65d7.olean"],
  "m": false,
  "i": "c25057c6061f3c2b.ilean",
  "c": "2fd9d8d477daa49d.c"},
 "log":
 [{"message":
   ".> LEAN_PATH=/home/vstaln/riemann/research/lean-zeta-23/.lake/packages/Cli/.lake/build/lib/lean:/home/vstaln/riemann/research/lean-zeta-23/.lake/packages/batteries/.lake/build/lib/lean:/home/vstaln/riemann/research/lean-zeta-23/.lake/packages/Qq/.lake/build/lib/lean:/home/vstaln/riemann/research/lean-zeta-23/.lake/packages/aesop/.lake/build/lib/lean:/home/vstaln/riemann/research/lean-zeta-23/.lake/packages/proofwidgets/.lake/build/lib/lean:/home/vstaln/riemann/research/lean-zeta-23/.lake/packages/importGraph/.lake/build/lib/lean:/home/vstaln/riemann/research/lean-zeta-23/.lake/packages/LeanSearchClient/.lake/build/lib/lean:/home/vstaln/riemann/research/lean-zeta-23/.lake/packages/plausible/.lake/build/lib/lean:/home/vstaln/riemann/research/lean-zeta-23/.lake/packages/mathlib/.lake/build/lib/lean:/home/vstaln/riemann/research/lean-zeta-23/.lake/build/lib/lean /home/vstaln/.elan/toolchains/leanprover--lean4---v4.33.0-rc2/bin/lean /home/vstaln/riemann/research/lean-zeta-23/Zeta23/PrimeSideA/EndsE1.lean -o /home/vstaln/riemann/research/lean-zeta-23/.lake/build/lib/lean/Zeta23/PrimeSideA/EndsE1.olean -i /home/vstaln/riemann/research/lean-zeta-23/.lake/build/lib/lean/Zeta23/PrimeSideA/EndsE1.ilean -c /home/vstaln/riemann/research/lean-zeta-23/.lake/build/ir/Zeta23/PrimeSideA/EndsE1.c --setup /home/vstaln/riemann/research/lean-zeta-23/.lake/build/ir/Zeta23/PrimeSideA/EndsE1.setup.json --json",
   "level": "trace"},
  {"message":
   "Zeta23/PrimeSideA/EndsE1.lean:326:41: `Set.mem_setOf_eq` has been deprecated: Use `Set.mem_ofPred_eq` instead",
   "level": "warning"}],
 "inputs":
 [["deps",
   [["Zeta23/Zeta23:extraDep", [["@Zeta23:extraDep", "00000000000006bb"]]],
    ["imports",
     [["Zeta23.PrimeSideA.EndsCore transitive imports (legacy)",
       "a16ea9387027d917"],
      ["Zeta23.PrimeSideA.EndsCore:importAllArts", "935485317c32a39b"],
      ["Zeta23.Defs.LeafIntegrals transitive imports (legacy)",
       "59c071f9bd805bf5"],
      ["Zeta23.Defs.LeafIntegrals:importAllArts", "fd77bbb3860f622f"],
      ["Mathlib.Analysis.SpecialFunctions.Integrals.Basic transitive imports (legacy)",
       "1d6b2d053c2749ee"],
      ["Mathlib.Analysis.SpecialFunctions.Integrals.Basic:importAllArts",
       "88a70b10e115ba3a"]]]]],
  ["libs",
   [["import dynlibs", "00000000000006bb"],
    ["package external libraries", "00000000000006bb"],
    ["module dynlibs", "00000000000006bb"],
    ["module plugins", "00000000000006bb"]]],
  ["Lean 4.33.0, commit d8b18978322de05a8f3dba51ef03cf5461676c17",
   "3eca9d16ab6c877d"],
  ["/home/vstaln/riemann/research/lean-zeta-23/Zeta23/PrimeSideA/EndsE1.lean",
   "c636494101f57e70"],
  ["options",
   [["-DrelaxedAutoImplicit=false", "74a2b5546b55be80"],
    ["-Dpp.unicode.fun=true", "9b94070140457fab"]]],
  ["isModule: false", "feefd2a0d3a1847e"],
  ["Module.name: Zeta23.PrimeSideA.EndsE1", "b0d78374dca2601b"],
  ["Package.id?: (some Zeta23)", "31803ca4013655a1"],
  ["Module.leanArgs: #[]", "00000000000006bb"]],
 "depHash": "af64d84036aa66ad"}