{"synthetic": false,
 "schemaVersion": "2025-09-10",
 "outputs":
 {"o": ["d9bdfa9ec4173dd1.olean"],
  "m": false,
  "i": "1862e52ed695898a.ilean",
  "c": "fc3f9319660323ee.c"},
 "log":
 [{"message":
   ".> LEAN_PATH=/home/vstaln/riemann/research/lean-zeta-23/.lake/packages/Cli/.lake/build/lib/lean:/home/vstaln/riemann/research/lean-zeta-23/.lake/packages/batteries/.lake/build/lib/lean:/home/vstaln/riemann/research/lean-zeta-23/.lake/packages/Qq/.lake/build/lib/lean:/home/vstaln/riemann/research/lean-zeta-23/.lake/packages/aesop/.lake/build/lib/lean:/home/vstaln/riemann/research/lean-zeta-23/.lake/packages/proofwidgets/.lake/build/lib/lean:/home/vstaln/riemann/research/lean-zeta-23/.lake/packages/importGraph/.lake/build/lib/lean:/home/vstaln/riemann/research/lean-zeta-23/.lake/packages/LeanSearchClient/.lake/build/lib/lean:/home/vstaln/riemann/research/lean-zeta-23/.lake/packages/plausible/.lake/build/lib/lean:/home/vstaln/riemann/research/lean-zeta-23/.lake/packages/mathlib/.lake/build/lib/lean:/home/vstaln/riemann/research/lean-zeta-23/.lake/build/lib/lean /home/vstaln/.elan/toolchains/leanprover--lean4---v4.33.0-rc2/bin/lean /home/vstaln/riemann/research/lean-zeta-23/Zeta23/Statement/Seam.lean -o /home/vstaln/riemann/research/lean-zeta-23/.lake/build/lib/lean/Zeta23/Statement/Seam.olean -i /home/vstaln/riemann/research/lean-zeta-23/.lake/build/lib/lean/Zeta23/Statement/Seam.ilean -c /home/vstaln/riemann/research/lean-zeta-23/.lake/build/ir/Zeta23/Statement/Seam.c --setup /home/vstaln/riemann/research/lean-zeta-23/.lake/build/ir/Zeta23/Statement/Seam.setup.json --json",
   "level": "trace"},
  {"message":
   "Zeta23/Statement/Seam.lean:59:13: `ENat.toNat_coe` has been deprecated: Use `ENat.toNat_natCast` instead",
   "level": "warning"}],
 "inputs":
 [["deps",
   [["Zeta23/Zeta23:extraDep", [["@Zeta23:extraDep", "00000000000006bb"]]],
    ["imports",
     [["Zeta23.Statement transitive imports (legacy)", "1f127a139bb41529"],
      ["Zeta23.Statement:importAllArts", "7f6801c3e970fb2f"],
      ["Mathlib.Analysis.Complex.CauchyIntegral transitive imports (legacy)",
       "3e3e23907176d380"],
      ["Mathlib.Analysis.Complex.CauchyIntegral:importAllArts",
       "0fbc377e5397df22"],
      ["Mathlib.Analysis.Complex.ReImTopology transitive imports (legacy)",
       "2301794c72e202e0"],
      ["Mathlib.Analysis.Complex.ReImTopology:importAllArts",
       "f7e9ce6da8079a9a"],
      ["Mathlib.Analysis.Normed.Module.Connected transitive imports (legacy)",
       "7a7d324d6b5bc2fd"],
      ["Mathlib.Analysis.Normed.Module.Connected:importAllArts",
       "85912d6ee2f68c69"],
      ["Mathlib.LinearAlgebra.Complex.FiniteDimensional transitive imports (legacy)",
       "5977ebd8a7f8e5ad"],
      ["Mathlib.LinearAlgebra.Complex.FiniteDimensional:importAllArts",
       "e882756768aaed64"],
      ["Mathlib.NumberTheory.LSeries.Nonvanishing transitive imports (legacy)",
       "4d269c5a80c7b359"],
      ["Mathlib.NumberTheory.LSeries.Nonvanishing:importAllArts",
       "01bc07aa97fa715e"]]]]],
  ["libs",
   [["import dynlibs", "00000000000006bb"],
    ["package external libraries", "00000000000006bb"],
    ["module dynlibs", "00000000000006bb"],
    ["module plugins", "00000000000006bb"]]],
  ["Lean 4.33.0, commit d8b18978322de05a8f3dba51ef03cf5461676c17",
   "3eca9d16ab6c877d"],
  ["/home/vstaln/riemann/research/lean-zeta-23/Zeta23/Statement/Seam.lean",
   "8b16ee729799153d"],
  ["options",
   [["-DrelaxedAutoImplicit=false", "74a2b5546b55be80"],
    ["-Dpp.unicode.fun=true", "9b94070140457fab"]]],
  ["isModule: false", "feefd2a0d3a1847e"],
  ["Module.name: Zeta23.Statement.Seam", "c1aba9039dc1008c"],
  ["Package.id?: (some Zeta23)", "31803ca4013655a1"],
  ["Module.leanArgs: #[]", "00000000000006bb"]],
 "depHash": "b97bbebe5e272c39"}