{"synthetic": false,
 "schemaVersion": "2025-09-10",
 "outputs":
 {"o": ["9ba9d7773f231042.olean"],
  "m": false,
  "i": "1f76a8abffa7d691.ilean",
  "c": "dfc95aae54454f8e.c"},
 "log":
 [{"message":
   ".> LEAN_PATH=/home/vstaln/riemann/research/lean-zeta-23/.lake/packages/Cli/.lake/build/lib/lean:/home/vstaln/riemann/research/lean-zeta-23/.lake/packages/batteries/.lake/build/lib/lean:/home/vstaln/riemann/research/lean-zeta-23/.lake/packages/Qq/.lake/build/lib/lean:/home/vstaln/riemann/research/lean-zeta-23/.lake/packages/aesop/.lake/build/lib/lean:/home/vstaln/riemann/research/lean-zeta-23/.lake/packages/proofwidgets/.lake/build/lib/lean:/home/vstaln/riemann/research/lean-zeta-23/.lake/packages/importGraph/.lake/build/lib/lean:/home/vstaln/riemann/research/lean-zeta-23/.lake/packages/LeanSearchClient/.lake/build/lib/lean:/home/vstaln/riemann/research/lean-zeta-23/.lake/packages/plausible/.lake/build/lib/lean:/home/vstaln/riemann/research/lean-zeta-23/.lake/packages/mathlib/.lake/build/lib/lean:/home/vstaln/riemann/research/lean-zeta-23/.lake/build/lib/lean /home/vstaln/.elan/toolchains/leanprover--lean4---v4.33.0-rc2/bin/lean /home/vstaln/riemann/research/lean-zeta-23/Zeta23/FromPNTPlus/Fourier.lean -o /home/vstaln/riemann/research/lean-zeta-23/.lake/build/lib/lean/Zeta23/FromPNTPlus/Fourier.olean -i /home/vstaln/riemann/research/lean-zeta-23/.lake/build/lib/lean/Zeta23/FromPNTPlus/Fourier.ilean -c /home/vstaln/riemann/research/lean-zeta-23/.lake/build/ir/Zeta23/FromPNTPlus/Fourier.c --setup /home/vstaln/riemann/research/lean-zeta-23/.lake/build/ir/Zeta23/FromPNTPlus/Fourier.setup.json --json",
   "level": "trace"}],
 "inputs":
 [["deps",
   [["Zeta23/Zeta23:extraDep", [["@Zeta23:extraDep", "00000000000006bb"]]],
    ["imports",
     [["Mathlib.Analysis.Distribution.SchwartzSpace.Deriv transitive imports (legacy)",
       "0f3c63c638aa290a"],
      ["Mathlib.Analysis.Distribution.SchwartzSpace.Deriv:importAllArts",
       "a89332319b281f02"],
      ["Mathlib.MeasureTheory.Integral.IntegralEqImproper transitive imports (legacy)",
       "685b74b99db62103"],
      ["Mathlib.MeasureTheory.Integral.IntegralEqImproper:importAllArts",
       "9d2c8462916f6440"],
      ["Mathlib.Topology.ContinuousMap.Bounded.Basic transitive imports (legacy)",
       "fd26d41b0802507a"],
      ["Mathlib.Topology.ContinuousMap.Bounded.Basic:importAllArts",
       "0edb5c26639942b8"],
      ["Mathlib.Order.Filter.ZeroAndBoundedAtFilter transitive imports (legacy)",
       "d518c301468fe45d"],
      ["Mathlib.Order.Filter.ZeroAndBoundedAtFilter:importAllArts",
       "bce1a61239eafbb5"],
      ["Mathlib.Analysis.Fourier.FourierTransformDeriv transitive imports (legacy)",
       "ab867f9034e45037"],
      ["Mathlib.Analysis.Fourier.FourierTransformDeriv:importAllArts",
       "be40aecd1d074d64"],
      ["Zeta23.FromPNTPlus.Sobolev transitive imports (legacy)",
       "75c69281f18750bf"],
      ["Zeta23.FromPNTPlus.Sobolev:importAllArts", "be4e166cfd3e122d"]]]]],
  ["libs",
   [["import dynlibs", "00000000000006bb"],
    ["package external libraries", "00000000000006bb"],
    ["module dynlibs", "00000000000006bb"],
    ["module plugins", "00000000000006bb"]]],
  ["Lean 4.33.0, commit d8b18978322de05a8f3dba51ef03cf5461676c17",
   "3eca9d16ab6c877d"],
  ["/home/vstaln/riemann/research/lean-zeta-23/Zeta23/FromPNTPlus/Fourier.lean",
   "b2ec9de4d28d9aa0"],
  ["options",
   [["-DrelaxedAutoImplicit=false", "74a2b5546b55be80"],
    ["-Dpp.unicode.fun=true", "9b94070140457fab"]]],
  ["isModule: false", "feefd2a0d3a1847e"],
  ["Module.name: Zeta23.FromPNTPlus.Fourier", "95460c3677a3f726"],
  ["Package.id?: (some Zeta23)", "31803ca4013655a1"],
  ["Module.leanArgs: #[]", "00000000000006bb"]],
 "depHash": "8c52fef0d10d54d0"}