{"synthetic": false,
 "schemaVersion": "2025-09-10",
 "outputs":
 {"o": ["17a83b1565400d53.olean"],
  "m": false,
  "i": "206b6fc1c605578c.ilean",
  "c": "c912e1bef8545705.c"},
 "log":
 [{"message":
   ".> LEAN_PATH=/home/vstaln/riemann/research/lean-zeta-23/.lake/packages/Cli/.lake/build/lib/lean:/home/vstaln/riemann/research/lean-zeta-23/.lake/packages/batteries/.lake/build/lib/lean:/home/vstaln/riemann/research/lean-zeta-23/.lake/packages/Qq/.lake/build/lib/lean:/home/vstaln/riemann/research/lean-zeta-23/.lake/packages/aesop/.lake/build/lib/lean:/home/vstaln/riemann/research/lean-zeta-23/.lake/packages/proofwidgets/.lake/build/lib/lean:/home/vstaln/riemann/research/lean-zeta-23/.lake/packages/importGraph/.lake/build/lib/lean:/home/vstaln/riemann/research/lean-zeta-23/.lake/packages/LeanSearchClient/.lake/build/lib/lean:/home/vstaln/riemann/research/lean-zeta-23/.lake/packages/plausible/.lake/build/lib/lean:/home/vstaln/riemann/research/lean-zeta-23/.lake/packages/mathlib/.lake/build/lib/lean:/home/vstaln/riemann/research/lean-zeta-23/.lake/build/lib/lean /home/vstaln/.elan/toolchains/leanprover--lean4---v4.33.0-rc2/bin/lean /home/vstaln/riemann/research/lean-zeta-23/Zeta23/FromPNTPlus/Mertens.lean -o /home/vstaln/riemann/research/lean-zeta-23/.lake/build/lib/lean/Zeta23/FromPNTPlus/Mertens.olean -i /home/vstaln/riemann/research/lean-zeta-23/.lake/build/lib/lean/Zeta23/FromPNTPlus/Mertens.ilean -c /home/vstaln/riemann/research/lean-zeta-23/.lake/build/ir/Zeta23/FromPNTPlus/Mertens.c --setup /home/vstaln/riemann/research/lean-zeta-23/.lake/build/ir/Zeta23/FromPNTPlus/Mertens.setup.json --json",
   "level": "trace"}],
 "inputs":
 [["deps",
   [["Zeta23/Zeta23:extraDep", [["@Zeta23:extraDep", "00000000000006bb"]]],
    ["imports",
     [["Mathlib.Algebra.Order.Field.GeomSum transitive imports (legacy)",
       "e32d9d4e044cef64"],
      ["Mathlib.Algebra.Order.Field.GeomSum:importAllArts", "da4992b2a6f4bbe4"],
      ["Mathlib.Analysis.SumIntegralComparisons transitive imports (legacy)",
       "e39bd848163d46b4"],
      ["Mathlib.Analysis.SumIntegralComparisons:importAllArts",
       "fef289d0a18a32b8"],
      ["Mathlib.NumberTheory.Chebyshev transitive imports (legacy)",
       "8e6ad39b8f7597e0"],
      ["Mathlib.NumberTheory.Chebyshev:importAllArts", "21c6a6ddcae8cbf9"],
      ["Mathlib.NumberTheory.Harmonic.EulerMascheroni transitive imports (legacy)",
       "13f68c796047a01b"],
      ["Mathlib.NumberTheory.Harmonic.EulerMascheroni:importAllArts",
       "21e64177256ee616"],
      ["Mathlib.NumberTheory.LSeries.RiemannZeta transitive imports (legacy)",
       "d5c9fa4e10d49d69"],
      ["Mathlib.NumberTheory.LSeries.RiemannZeta:importAllArts",
       "33d180f81954364b"],
      ["Mathlib.NumberTheory.Harmonic.GammaDeriv transitive imports (legacy)",
       "f1e338c9ffb19dae"],
      ["Mathlib.NumberTheory.Harmonic.GammaDeriv:importAllArts",
       "5a655dc48381c0e7"],
      ["Mathlib.Analysis.Asymptotics.Lemmas transitive imports (legacy)",
       "4c90b954558a910f"],
      ["Mathlib.Analysis.Asymptotics.Lemmas:importAllArts", "38ce5d31fe5d1b9f"],
      ["Mathlib.Algebra.Group.Submonoid.BigOperators transitive imports (legacy)",
       "a9f10e5608559b05"],
      ["Mathlib.Algebra.Group.Submonoid.BigOperators:importAllArts",
       "2bbb8f359b14b054"],
      ["Zeta23.FromPNTPlus.EulerMaclaurin transitive imports (legacy)",
       "7eaa0054202c6617"],
      ["Zeta23.FromPNTPlus.EulerMaclaurin:importAllArts",
       "f1f6c3d33d8b1855"]]]]],
  ["libs",
   [["import dynlibs", "00000000000006bb"],
    ["package external libraries", "00000000000006bb"],
    ["module dynlibs", "00000000000006bb"],
    ["module plugins", "00000000000006bb"]]],
  ["Lean 4.33.0, commit d8b18978322de05a8f3dba51ef03cf5461676c17",
   "3eca9d16ab6c877d"],
  ["/home/vstaln/riemann/research/lean-zeta-23/Zeta23/FromPNTPlus/Mertens.lean",
   "8edbd7c75b80a945"],
  ["options",
   [["-DrelaxedAutoImplicit=false", "74a2b5546b55be80"],
    ["-Dpp.unicode.fun=true", "9b94070140457fab"]]],
  ["isModule: false", "feefd2a0d3a1847e"],
  ["Module.name: Zeta23.FromPNTPlus.Mertens", "a6355992bb367494"],
  ["Package.id?: (some Zeta23)", "31803ca4013655a1"],
  ["Module.leanArgs: #[]", "00000000000006bb"]],
 "depHash": "1a8e5b16aa579f23"}