{"synthetic": false,
 "schemaVersion": "2025-09-10",
 "outputs":
 {"o": ["bf9f287b989b3922.olean"],
  "m": false,
  "i": "2006d40e5f7a4f2a.ilean",
  "c": "1241fc63cd0b8004.c"},
 "log":
 [{"message":
   ".> LEAN_PATH=/home/vstaln/riemann/research/lean-zeta-23/.lake/packages/Cli/.lake/build/lib/lean:/home/vstaln/riemann/research/lean-zeta-23/.lake/packages/batteries/.lake/build/lib/lean:/home/vstaln/riemann/research/lean-zeta-23/.lake/packages/Qq/.lake/build/lib/lean:/home/vstaln/riemann/research/lean-zeta-23/.lake/packages/aesop/.lake/build/lib/lean:/home/vstaln/riemann/research/lean-zeta-23/.lake/packages/proofwidgets/.lake/build/lib/lean:/home/vstaln/riemann/research/lean-zeta-23/.lake/packages/importGraph/.lake/build/lib/lean:/home/vstaln/riemann/research/lean-zeta-23/.lake/packages/LeanSearchClient/.lake/build/lib/lean:/home/vstaln/riemann/research/lean-zeta-23/.lake/packages/plausible/.lake/build/lib/lean:/home/vstaln/riemann/research/lean-zeta-23/.lake/packages/mathlib/.lake/build/lib/lean:/home/vstaln/riemann/research/lean-zeta-23/.lake/build/lib/lean /home/vstaln/.elan/toolchains/leanprover--lean4---v4.33.0-rc2/bin/lean /home/vstaln/riemann/research/lean-zeta-23/Zeta23/FromPNTPlus/Rectangle.lean -o /home/vstaln/riemann/research/lean-zeta-23/.lake/build/lib/lean/Zeta23/FromPNTPlus/Rectangle.olean -i /home/vstaln/riemann/research/lean-zeta-23/.lake/build/lib/lean/Zeta23/FromPNTPlus/Rectangle.ilean -c /home/vstaln/riemann/research/lean-zeta-23/.lake/build/ir/Zeta23/FromPNTPlus/Rectangle.c --setup /home/vstaln/riemann/research/lean-zeta-23/.lake/build/ir/Zeta23/FromPNTPlus/Rectangle.setup.json --json",
   "level": "trace"}],
 "inputs":
 [["deps",
   [["Zeta23/Zeta23:extraDep", [["@Zeta23:extraDep", "00000000000006bb"]]],
    ["imports",
     [["Mathlib.Analysis.Complex.Convex transitive imports (legacy)",
       "11b9281f5a15d35d"],
      ["Mathlib.Analysis.Complex.Convex:importAllArts", "50b932f9b7a44345"],
      ["Mathlib.Analysis.InnerProductSpace.Basic transitive imports (legacy)",
       "3ea433c7f3e3bef4"],
      ["Mathlib.Analysis.InnerProductSpace.Basic:importAllArts",
       "915038ed38dcdb67"],
      ["Mathlib.Analysis.Normed.Order.Lattice transitive imports (legacy)",
       "dc404507a352b9f3"],
      ["Mathlib.Analysis.Normed.Order.Lattice:importAllArts",
       "afeb8b4a1b5f373c"],
      ["Mathlib.Order.Interval.Set.Monotone transitive imports (legacy)",
       "0bc1826353acf733"],
      ["Mathlib.Order.Interval.Set.Monotone:importAllArts",
       "3ba086ebabab8ccb"]]]]],
  ["libs",
   [["import dynlibs", "00000000000006bb"],
    ["package external libraries", "00000000000006bb"],
    ["module dynlibs", "00000000000006bb"],
    ["module plugins", "00000000000006bb"]]],
  ["Lean 4.33.0, commit d8b18978322de05a8f3dba51ef03cf5461676c17",
   "3eca9d16ab6c877d"],
  ["/home/vstaln/riemann/research/lean-zeta-23/Zeta23/FromPNTPlus/Rectangle.lean",
   "190521197019344b"],
  ["options",
   [["-DrelaxedAutoImplicit=false", "74a2b5546b55be80"],
    ["-Dpp.unicode.fun=true", "9b94070140457fab"]]],
  ["isModule: false", "feefd2a0d3a1847e"],
  ["Module.name: Zeta23.FromPNTPlus.Rectangle", "756416795a5129a8"],
  ["Package.id?: (some Zeta23)", "31803ca4013655a1"],
  ["Module.leanArgs: #[]", "00000000000006bb"]],
 "depHash": "3271865b53bf6ce1"}