{"synthetic": false,
 "schemaVersion": "2025-09-10",
 "outputs":
 {"o": ["5a3ca54f00efa648.olean"],
  "m": false,
  "i": "5601eb406df3a7cf.ilean",
  "c": "e25c976d3026b9a5.c"},
 "log":
 [{"message":
   ".> LEAN_PATH=/home/vstaln/riemann/research/lean-zeta-23/.lake/packages/Cli/.lake/build/lib/lean:/home/vstaln/riemann/research/lean-zeta-23/.lake/packages/batteries/.lake/build/lib/lean:/home/vstaln/riemann/research/lean-zeta-23/.lake/packages/Qq/.lake/build/lib/lean:/home/vstaln/riemann/research/lean-zeta-23/.lake/packages/aesop/.lake/build/lib/lean:/home/vstaln/riemann/research/lean-zeta-23/.lake/packages/proofwidgets/.lake/build/lib/lean:/home/vstaln/riemann/research/lean-zeta-23/.lake/packages/importGraph/.lake/build/lib/lean:/home/vstaln/riemann/research/lean-zeta-23/.lake/packages/LeanSearchClient/.lake/build/lib/lean:/home/vstaln/riemann/research/lean-zeta-23/.lake/packages/plausible/.lake/build/lib/lean:/home/vstaln/riemann/research/lean-zeta-23/.lake/packages/mathlib/.lake/build/lib/lean:/home/vstaln/riemann/research/lean-zeta-23/.lake/build/lib/lean /home/vstaln/.elan/toolchains/leanprover--lean4---v4.33.0-rc2/bin/lean /home/vstaln/riemann/research/lean-zeta-23/Zeta23/FromPNTPlus/ResidueCalcOnRectangles.lean -o /home/vstaln/riemann/research/lean-zeta-23/.lake/build/lib/lean/Zeta23/FromPNTPlus/ResidueCalcOnRectangles.olean -i /home/vstaln/riemann/research/lean-zeta-23/.lake/build/lib/lean/Zeta23/FromPNTPlus/ResidueCalcOnRectangles.ilean -c /home/vstaln/riemann/research/lean-zeta-23/.lake/build/ir/Zeta23/FromPNTPlus/ResidueCalcOnRectangles.c --setup /home/vstaln/riemann/research/lean-zeta-23/.lake/build/ir/Zeta23/FromPNTPlus/ResidueCalcOnRectangles.setup.json --json",
   "level": "trace"}],
 "inputs":
 [["deps",
   [["Zeta23/Zeta23:extraDep", [["@Zeta23:extraDep", "00000000000006bb"]]],
    ["imports",
     [["Mathlib.Analysis.Complex.CauchyIntegral transitive imports (legacy)",
       "3e3e23907176d380"],
      ["Mathlib.Analysis.Complex.CauchyIntegral:importAllArts",
       "0fbc377e5397df22"],
      ["Mathlib.Analysis.Complex.Convex transitive imports (legacy)",
       "11b9281f5a15d35d"],
      ["Mathlib.Analysis.Complex.Convex:importAllArts", "50b932f9b7a44345"],
      ["Mathlib.Analysis.Complex.RemovableSingularity transitive imports (legacy)",
       "55725451c4470048"],
      ["Mathlib.Analysis.Complex.RemovableSingularity:importAllArts",
       "66120ced1dfadf42"],
      ["Mathlib.Analysis.SpecialFunctions.Integrals.Basic transitive imports (legacy)",
       "1d6b2d053c2749ee"],
      ["Mathlib.Analysis.SpecialFunctions.Integrals.Basic:importAllArts",
       "88a70b10e115ba3a"],
      ["Mathlib.Analysis.Meromorphic.NormalForm transitive imports (legacy)",
       "a0627b7ee6fc0e7f"],
      ["Mathlib.Analysis.Meromorphic.NormalForm:importAllArts",
       "f8db914e339cf884"],
      ["Zeta23.FromPNTPlus.Rectangle transitive imports (legacy)",
       "f9a39a1713c8618d"],
      ["Zeta23.FromPNTPlus.Rectangle:importAllArts", "5346ea8cff787129"],
      ["Zeta23.FromPNTPlus.Tactic.AdditiveCombination transitive imports (legacy)",
       "c78fde71112a7e49"],
      ["Zeta23.FromPNTPlus.Tactic.AdditiveCombination:importAllArts",
       "7300f138d96ce4c9"]]]]],
  ["libs",
   [["import dynlibs", "00000000000006bb"],
    ["package external libraries", "00000000000006bb"],
    ["module dynlibs", "00000000000006bb"],
    ["module plugins", "00000000000006bb"]]],
  ["Lean 4.33.0, commit d8b18978322de05a8f3dba51ef03cf5461676c17",
   "3eca9d16ab6c877d"],
  ["/home/vstaln/riemann/research/lean-zeta-23/Zeta23/FromPNTPlus/ResidueCalcOnRectangles.lean",
   "2446e53414efb1e0"],
  ["options",
   [["-DrelaxedAutoImplicit=false", "74a2b5546b55be80"],
    ["-Dpp.unicode.fun=true", "9b94070140457fab"]]],
  ["isModule: false", "feefd2a0d3a1847e"],
  ["Module.name: Zeta23.FromPNTPlus.ResidueCalcOnRectangles",
   "50ee2bf8bafc3c4c"],
  ["Package.id?: (some Zeta23)", "31803ca4013655a1"],
  ["Module.leanArgs: #[]", "00000000000006bb"]],
 "depHash": "71f5a8d7aedb67fe"}