{"synthetic": false,
 "schemaVersion": "2025-09-10",
 "outputs":
 {"o": ["39528fa10d9827ae.olean"],
  "m": false,
  "i": "a60758ce732b0b28.ilean",
  "c": "ef7f230439a3992d.c"},
 "log":
 [{"message":
   ".> LEAN_PATH=/home/vstaln/riemann/research/lean-zeta-23/.lake/packages/Cli/.lake/build/lib/lean:/home/vstaln/riemann/research/lean-zeta-23/.lake/packages/batteries/.lake/build/lib/lean:/home/vstaln/riemann/research/lean-zeta-23/.lake/packages/Qq/.lake/build/lib/lean:/home/vstaln/riemann/research/lean-zeta-23/.lake/packages/aesop/.lake/build/lib/lean:/home/vstaln/riemann/research/lean-zeta-23/.lake/packages/proofwidgets/.lake/build/lib/lean:/home/vstaln/riemann/research/lean-zeta-23/.lake/packages/importGraph/.lake/build/lib/lean:/home/vstaln/riemann/research/lean-zeta-23/.lake/packages/LeanSearchClient/.lake/build/lib/lean:/home/vstaln/riemann/research/lean-zeta-23/.lake/packages/plausible/.lake/build/lib/lean:/home/vstaln/riemann/research/lean-zeta-23/.lake/packages/mathlib/.lake/build/lib/lean:/home/vstaln/riemann/research/lean-zeta-23/.lake/build/lib/lean /home/vstaln/.elan/toolchains/leanprover--lean4---v4.33.0-rc2/bin/lean /home/vstaln/riemann/research/lean-zeta-23/Zeta23/FromPNTPlus/StrongPNTPrefix.lean -o /home/vstaln/riemann/research/lean-zeta-23/.lake/build/lib/lean/Zeta23/FromPNTPlus/StrongPNTPrefix.olean -i /home/vstaln/riemann/research/lean-zeta-23/.lake/build/lib/lean/Zeta23/FromPNTPlus/StrongPNTPrefix.ilean -c /home/vstaln/riemann/research/lean-zeta-23/.lake/build/ir/Zeta23/FromPNTPlus/StrongPNTPrefix.c --setup /home/vstaln/riemann/research/lean-zeta-23/.lake/build/ir/Zeta23/FromPNTPlus/StrongPNTPrefix.setup.json --json",
   "level": "trace"},
  {"message":
   "Zeta23/FromPNTPlus/StrongPNTPrefix.lean:61:71: `Set.mem_setOf_eq` has been deprecated: Use `Set.mem_ofPred_eq` instead",
   "level": "warning"},
  {"message":
   "Zeta23/FromPNTPlus/StrongPNTPrefix.lean:202:9: `Set.setOf_subset_setOf` has been deprecated: Use `Set.ofPred_subset_ofPred` instead",
   "level": "warning"},
  {"message":
   "Zeta23/FromPNTPlus/StrongPNTPrefix.lean:343:10: `Set.notMem_setOf_iff` has been deprecated: Use `Set.notMem_ofPred_iff` instead",
   "level": "warning"},
  {"message":
   "Zeta23/FromPNTPlus/StrongPNTPrefix.lean:368:48: `Set.mem_setOf_eq` has been deprecated: Use `Set.mem_ofPred_eq` instead",
   "level": "warning"},
  {"message":
   "Zeta23/FromPNTPlus/StrongPNTPrefix.lean:390:10: `Set.notMem_setOf_iff` has been deprecated: Use `Set.notMem_ofPred_iff` instead",
   "level": "warning"},
  {"message":
   "Zeta23/FromPNTPlus/StrongPNTPrefix.lean:432:48: `Set.mem_setOf_eq` has been deprecated: Use `Set.mem_ofPred_eq` instead",
   "level": "warning"}],
 "inputs":
 [["deps",
   [["Zeta23/Zeta23:extraDep", [["@Zeta23:extraDep", "00000000000006bb"]]],
    ["imports",
     [["Zeta23.Prelude.InstancePriorities transitive imports (legacy)",
       "eeecaa798c293f50"],
      ["Zeta23.Prelude.InstancePriorities:importAllArts", "0cb01bb544dcefc2"],
      ["Mathlib.Algebra.Lie.OfAssociative transitive imports (legacy)",
       "09b9595518ae1b06"],
      ["Mathlib.Algebra.Lie.OfAssociative:importAllArts", "f860f3b0048359f4"],
      ["Mathlib.Algebra.Order.BigOperators.GroupWithZero.Finset transitive imports (legacy)",
       "a842b1fa7d289cb8"],
      ["Mathlib.Algebra.Order.BigOperators.GroupWithZero.Finset:importAllArts",
       "02c7e7ea1631e805"],
      ["Mathlib.Analysis.CStarAlgebra.Classes transitive imports (legacy)",
       "f1a199e5d8aedb56"],
      ["Mathlib.Analysis.CStarAlgebra.Classes:importAllArts",
       "d60c7d87396f9e6a"],
      ["Mathlib.Analysis.Complex.HasPrimitives transitive imports (legacy)",
       "1e259e8273e071c0"],
      ["Mathlib.Analysis.Complex.HasPrimitives:importAllArts",
       "affb0a8f33bf384b"],
      ["Mathlib.Data.Rat.Cast.OfScientific transitive imports (legacy)",
       "8dedc9abd81812a5"],
      ["Mathlib.Data.Rat.Cast.OfScientific:importAllArts", "b91fa809a2fff2c7"],
      ["Mathlib.Algebra.Order.Star.Real transitive imports (legacy)",
       "b14cb8ff58a01c9b"],
      ["Mathlib.Algebra.Order.Star.Real:importAllArts", "c6db0452c5e18de9"],
      ["Mathlib.RingTheory.SimpleRing.Principal transitive imports (legacy)",
       "ab6a797bcdacd605"],
      ["Mathlib.RingTheory.SimpleRing.Principal:importAllArts",
       "0b75e24dc8a8ec16"],
      ["Mathlib.Analysis.Complex.BorelCaratheodory transitive imports (legacy)",
       "8b17cfc201b559f8"],
      ["Mathlib.Analysis.Complex.BorelCaratheodory:importAllArts",
       "71a5696149509ff9"],
      ["Mathlib.Analysis.Analytic.Order transitive imports (legacy)",
       "7c50d4193df2c6d3"],
      ["Mathlib.Analysis.Analytic.Order:importAllArts", "a094d5a5ea4b744e"],
      ["Mathlib.Analysis.Normed.Module.Connected transitive imports (legacy)",
       "7a7d324d6b5bc2fd"],
      ["Mathlib.Analysis.Normed.Module.Connected:importAllArts",
       "85912d6ee2f68c69"]]]]],
  ["libs",
   [["import dynlibs", "00000000000006bb"],
    ["package external libraries", "00000000000006bb"],
    ["module dynlibs", "00000000000006bb"],
    ["module plugins", "00000000000006bb"]]],
  ["Lean 4.33.0, commit d8b18978322de05a8f3dba51ef03cf5461676c17",
   "3eca9d16ab6c877d"],
  ["/home/vstaln/riemann/research/lean-zeta-23/Zeta23/FromPNTPlus/StrongPNTPrefix.lean",
   "39b38163af950cf7"],
  ["options",
   [["-DrelaxedAutoImplicit=false", "74a2b5546b55be80"],
    ["-Dpp.unicode.fun=true", "9b94070140457fab"]]],
  ["isModule: false", "feefd2a0d3a1847e"],
  ["Module.name: Zeta23.FromPNTPlus.StrongPNTPrefix", "3dd774561954a842"],
  ["Package.id?: (some Zeta23)", "31803ca4013655a1"],
  ["Module.leanArgs: #[]", "00000000000006bb"]],
 "depHash": "e02c661e2dbd51d9"}