{"synthetic": false,
 "schemaVersion": "2025-09-10",
 "outputs":
 {"o": ["d78bee523ae50bf9.olean"],
  "m": false,
  "i": "54355f8ee8d91741.ilean",
  "c": "d33809d067e25b92.c"},
 "log":
 [{"message":
   ".> LEAN_PATH=/home/vstaln/riemann/research/lean-zeta-23/.lake/packages/Cli/.lake/build/lib/lean:/home/vstaln/riemann/research/lean-zeta-23/.lake/packages/batteries/.lake/build/lib/lean:/home/vstaln/riemann/research/lean-zeta-23/.lake/packages/Qq/.lake/build/lib/lean:/home/vstaln/riemann/research/lean-zeta-23/.lake/packages/aesop/.lake/build/lib/lean:/home/vstaln/riemann/research/lean-zeta-23/.lake/packages/proofwidgets/.lake/build/lib/lean:/home/vstaln/riemann/research/lean-zeta-23/.lake/packages/importGraph/.lake/build/lib/lean:/home/vstaln/riemann/research/lean-zeta-23/.lake/packages/LeanSearchClient/.lake/build/lib/lean:/home/vstaln/riemann/research/lean-zeta-23/.lake/packages/plausible/.lake/build/lib/lean:/home/vstaln/riemann/research/lean-zeta-23/.lake/packages/mathlib/.lake/build/lib/lean:/home/vstaln/riemann/research/lean-zeta-23/.lake/build/lib/lean /home/vstaln/.elan/toolchains/leanprover--lean4---v4.33.0-rc2/bin/lean /home/vstaln/riemann/research/lean-zeta-23/Zeta23/FromPNTPlus/ZetaBounds.lean -o /home/vstaln/riemann/research/lean-zeta-23/.lake/build/lib/lean/Zeta23/FromPNTPlus/ZetaBounds.olean -i /home/vstaln/riemann/research/lean-zeta-23/.lake/build/lib/lean/Zeta23/FromPNTPlus/ZetaBounds.ilean -c /home/vstaln/riemann/research/lean-zeta-23/.lake/build/ir/Zeta23/FromPNTPlus/ZetaBounds.c --setup /home/vstaln/riemann/research/lean-zeta-23/.lake/build/ir/Zeta23/FromPNTPlus/ZetaBounds.setup.json --json",
   "level": "trace"},
  {"message":
   "Zeta23/FromPNTPlus/ZetaBounds.lean:859:13: `Set.mem_setOf_eq` has been deprecated: Use `Set.mem_ofPred_eq` instead",
   "level": "warning"},
  {"message":
   "Zeta23/FromPNTPlus/ZetaBounds.lean:952:13: `Set.mem_setOf_eq` has been deprecated: Use `Set.mem_ofPred_eq` instead",
   "level": "warning"},
  {"message":
   "Zeta23/FromPNTPlus/ZetaBounds.lean:1092:13: `Set.mem_setOf_eq` has been deprecated: Use `Set.mem_ofPred_eq` instead",
   "level": "warning"},
  {"message":
   "Zeta23/FromPNTPlus/ZetaBounds.lean:1099:32: `Set.mem_setOf_eq` has been deprecated: Use `Set.mem_ofPred_eq` instead",
   "level": "warning"},
  {"message":
   "Zeta23/FromPNTPlus/ZetaBounds.lean:1105:56: `Set.preimage_setOf_eq` has been deprecated: Use `Set.preimage_ofPred_eq` instead",
   "level": "warning"},
  {"message":
   "Zeta23/FromPNTPlus/ZetaBounds.lean:1115:56: `Set.preimage_setOf_eq` has been deprecated: Use `Set.preimage_ofPred_eq` instead",
   "level": "warning"},
  {"message":
   "Zeta23/FromPNTPlus/ZetaBounds.lean:1119:17: `Set.mem_setOf_eq` has been deprecated: Use `Set.mem_ofPred_eq` instead",
   "level": "warning"},
  {"message":
   "Zeta23/FromPNTPlus/ZetaBounds.lean:1135:54: `Set.preimage_setOf_eq` has been deprecated: Use `Set.preimage_ofPred_eq` instead",
   "level": "warning"},
  {"message":
   "Zeta23/FromPNTPlus/ZetaBounds.lean:1157:22: `Set.setOf_subset_setOf` has been deprecated: Use `Set.ofPred_subset_ofPred` instead",
   "level": "warning"},
  {"message":
   "Zeta23/FromPNTPlus/ZetaBounds.lean:1169:15: `Set.setOf_subset_setOf` has been deprecated: Use `Set.ofPred_subset_ofPred` instead",
   "level": "warning"},
  {"message":
   "Zeta23/FromPNTPlus/ZetaBounds.lean:1169:59: `Set.mem_setOf_eq` has been deprecated: Use `Set.mem_ofPred_eq` instead",
   "level": "warning"},
  {"message":
   "Zeta23/FromPNTPlus/ZetaBounds.lean:1185:15: `Set.mem_setOf_eq` has been deprecated: Use `Set.mem_ofPred_eq` instead",
   "level": "warning"},
  {"message":
   "Zeta23/FromPNTPlus/ZetaBounds.lean:1835:19: `Set.mem_setOf_eq` has been deprecated: Use `Set.mem_ofPred_eq` instead",
   "level": "warning"},
  {"message":
   "Zeta23/FromPNTPlus/ZetaBounds.lean:1837:45: `Set.mem_setOf_eq` has been deprecated: Use `Set.mem_ofPred_eq` instead",
   "level": "warning"},
  {"message":
   "Zeta23/FromPNTPlus/ZetaBounds.lean:1840:28: `Set.setOf_subset_setOf` has been deprecated: Use `Set.ofPred_subset_ofPred` instead",
   "level": "warning"},
  {"message":
   "Zeta23/FromPNTPlus/ZetaBounds.lean:1844:28: `Set.mem_setOf_eq` has been deprecated: Use `Set.mem_ofPred_eq` instead",
   "level": "warning"},
  {"message":
   "Zeta23/FromPNTPlus/ZetaBounds.lean:1900:15: `Set.mem_setOf_eq` has been deprecated: Use `Set.mem_ofPred_eq` instead",
   "level": "warning"},
  {"message":
   "Zeta23/FromPNTPlus/ZetaBounds.lean:1906:20: `Set.mem_setOf_eq` has been deprecated: Use `Set.mem_ofPred_eq` instead",
   "level": "warning"},
  {"message":
   "Zeta23/FromPNTPlus/ZetaBounds.lean:2091:13: `Set.mem_setOf_eq` has been deprecated: Use `Set.mem_ofPred_eq` instead",
   "level": "warning"},
  {"message":
   "Zeta23/FromPNTPlus/ZetaBounds.lean:2884:17: `Set.mem_setOf_eq` has been deprecated: Use `Set.mem_ofPred_eq` instead",
   "level": "warning"},
  {"message":
   "Zeta23/FromPNTPlus/ZetaBounds.lean:2940:17: `Set.mem_setOf_eq` has been deprecated: Use `Set.mem_ofPred_eq` instead",
   "level": "warning"}],
 "inputs":
 [["deps",
   [["Zeta23/Zeta23:extraDep", [["@Zeta23:extraDep", "00000000000006bb"]]],
    ["imports",
     [["Batteries.Tactic.Lemma transitive imports (legacy)",
       "00000000000006bb"],
      ["Batteries.Tactic.Lemma:importAllArts", "456eb4136f8e8a34"],
      ["Mathlib.MeasureTheory.Function.Floor transitive imports (legacy)",
       "518a132d0a27c375"],
      ["Mathlib.MeasureTheory.Function.Floor:importAllArts",
       "08e004b0c0e057d4"],
      ["Mathlib.MeasureTheory.Order.Group.Lattice transitive imports (legacy)",
       "b3b0e296e1f64dff"],
      ["Mathlib.MeasureTheory.Order.Group.Lattice:importAllArts",
       "a9f28771efc4db31"],
      ["Mathlib.NumberTheory.Harmonic.Bounds transitive imports (legacy)",
       "11bda0e3d554766a"],
      ["Mathlib.NumberTheory.Harmonic.Bounds:importAllArts",
       "84a0c32bc8db7fea"],
      ["Mathlib.NumberTheory.LSeries.Nonvanishing transitive imports (legacy)",
       "4d269c5a80c7b359"],
      ["Mathlib.NumberTheory.LSeries.Nonvanishing:importAllArts",
       "01bc07aa97fa715e"],
      ["Zeta23.FromPNTPlus.Auxiliary transitive imports (legacy)",
       "558b3c398cb69394"],
      ["Zeta23.FromPNTPlus.Auxiliary:importAllArts", "8a3b5b25a9cd1a79"],
      ["Zeta23.FromPNTPlus.Fourier transitive imports (legacy)",
       "2afb5a2852a0c5d4"],
      ["Zeta23.FromPNTPlus.Fourier:importAllArts", "32708b93de80e392"],
      ["Zeta23.FromPNTPlus.Mathlib.Analysis.SpecialFunctions.Log.Basic transitive imports (legacy)",
       "47dca0e1fbe1db16"],
      ["Zeta23.FromPNTPlus.Mathlib.Analysis.SpecialFunctions.Log.Basic:importAllArts",
       "42dee03dcac8dfa8"],
      ["Zeta23.FromPNTPlus.ResidueCalcOnRectangles transitive imports (legacy)",
       "f9159496a7510554"],
      ["Zeta23.FromPNTPlus.ResidueCalcOnRectangles:importAllArts",
       "62d0a75495c1a325"],
      ["Zeta23.FromPNTPlus.EulerMaclaurin transitive imports (legacy)",
       "7eaa0054202c6617"],
      ["Zeta23.FromPNTPlus.EulerMaclaurin:importAllArts",
       "f1f6c3d33d8b1855"]]]]],
  ["libs",
   [["import dynlibs", "00000000000006bb"],
    ["package external libraries", "00000000000006bb"],
    ["module dynlibs", "00000000000006bb"],
    ["module plugins", "00000000000006bb"]]],
  ["Lean 4.33.0, commit d8b18978322de05a8f3dba51ef03cf5461676c17",
   "3eca9d16ab6c877d"],
  ["/home/vstaln/riemann/research/lean-zeta-23/Zeta23/FromPNTPlus/ZetaBounds.lean",
   "6137912eb95cdc5f"],
  ["options",
   [["-DrelaxedAutoImplicit=false", "74a2b5546b55be80"],
    ["-Dpp.unicode.fun=true", "9b94070140457fab"]]],
  ["isModule: false", "feefd2a0d3a1847e"],
  ["Module.name: Zeta23.FromPNTPlus.ZetaBounds", "44987ee13d6ffa9b"],
  ["Package.id?: (some Zeta23)", "31803ca4013655a1"],
  ["Module.leanArgs: #[]", "00000000000006bb"]],
 "depHash": "ea55760660760e40"}