{"synthetic": false,
 "schemaVersion": "2025-09-10",
 "outputs":
 {"o": ["2f7221358644a4a8.olean"],
  "m": false,
  "i": "03e5ca0e373df47d.ilean",
  "c": "e4b38e97746e94a3.c"},
 "log":
 [{"message":
   ".> LEAN_PATH=/home/vstaln/riemann/research/lean-zeta-23/.lake/packages/Cli/.lake/build/lib/lean:/home/vstaln/riemann/research/lean-zeta-23/.lake/packages/batteries/.lake/build/lib/lean:/home/vstaln/riemann/research/lean-zeta-23/.lake/packages/Qq/.lake/build/lib/lean:/home/vstaln/riemann/research/lean-zeta-23/.lake/packages/aesop/.lake/build/lib/lean:/home/vstaln/riemann/research/lean-zeta-23/.lake/packages/proofwidgets/.lake/build/lib/lean:/home/vstaln/riemann/research/lean-zeta-23/.lake/packages/importGraph/.lake/build/lib/lean:/home/vstaln/riemann/research/lean-zeta-23/.lake/packages/LeanSearchClient/.lake/build/lib/lean:/home/vstaln/riemann/research/lean-zeta-23/.lake/packages/plausible/.lake/build/lib/lean:/home/vstaln/riemann/research/lean-zeta-23/.lake/packages/mathlib/.lake/build/lib/lean:/home/vstaln/riemann/research/lean-zeta-23/.lake/build/lib/lean /home/vstaln/.elan/toolchains/leanprover--lean4---v4.33.0-rc2/bin/lean /home/vstaln/riemann/research/lean-zeta-23/Zeta23/XiPrime/ZeroCount/Contour.lean -o /home/vstaln/riemann/research/lean-zeta-23/.lake/build/lib/lean/Zeta23/XiPrime/ZeroCount/Contour.olean -i /home/vstaln/riemann/research/lean-zeta-23/.lake/build/lib/lean/Zeta23/XiPrime/ZeroCount/Contour.ilean -c /home/vstaln/riemann/research/lean-zeta-23/.lake/build/ir/Zeta23/XiPrime/ZeroCount/Contour.c --setup /home/vstaln/riemann/research/lean-zeta-23/.lake/build/ir/Zeta23/XiPrime/ZeroCount/Contour.setup.json --json",
   "level": "trace"},
  {"message":
   "Zeta23/XiPrime/ZeroCount/Contour.lean:35:33: `Set.Infinite.diff` has been deprecated: Use `Set.Infinite.sdiff` instead",
   "level": "warning"}],
 "inputs":
 [["deps",
   [["Zeta23/Zeta23:extraDep", [["@Zeta23:extraDep", "00000000000006bb"]]],
    ["imports",
     [["Zeta23.XiPrime.Seam transitive imports (legacy)", "283598520fbf50d5"],
      ["Zeta23.XiPrime.Seam:importAllArts", "7819bb63b33d02b4"],
      ["Zeta23.RvM.Defs transitive imports (legacy)", "04219bdd858e036b"],
      ["Zeta23.RvM.Defs:importAllArts", "339322dedd88e78f"],
      ["Zeta23.Analytic.RectangleLogDeriv transitive imports (legacy)",
       "a3bdf90275d52eb0"],
      ["Zeta23.Analytic.RectangleLogDeriv:importAllArts", "8702a0a4ff5115d7"],
      ["Zeta23.XiPrime.ZeroCount.GenericRvM transitive imports (legacy)",
       "c786f60b537fb529"],
      ["Zeta23.XiPrime.ZeroCount.GenericRvM:importAllArts",
       "d35c745d115b8c3b"]]]]],
  ["libs",
   [["import dynlibs", "00000000000006bb"],
    ["package external libraries", "00000000000006bb"],
    ["module dynlibs", "00000000000006bb"],
    ["module plugins", "00000000000006bb"]]],
  ["Lean 4.33.0, commit d8b18978322de05a8f3dba51ef03cf5461676c17",
   "3eca9d16ab6c877d"],
  ["/home/vstaln/riemann/research/lean-zeta-23/Zeta23/XiPrime/ZeroCount/Contour.lean",
   "cecd0c0dca6218f7"],
  ["options",
   [["-DrelaxedAutoImplicit=false", "74a2b5546b55be80"],
    ["-Dpp.unicode.fun=true", "9b94070140457fab"]]],
  ["isModule: false", "feefd2a0d3a1847e"],
  ["Module.name: Zeta23.XiPrime.ZeroCount.Contour", "dea8e277cc3cdd4b"],
  ["Package.id?: (some Zeta23)", "31803ca4013655a1"],
  ["Module.leanArgs: #[]", "00000000000006bb"]],
 "depHash": "cbaad4a35f8f10bd"}