{"synthetic": false,
 "schemaVersion": "2025-09-10",
 "outputs":
 {"o": ["182b9df50b50f2c9.olean"],
  "m": false,
  "i": "7163a9876c7f273f.ilean",
  "c": "e5ac701696566625.c"},
 "log":
 [{"message":
   ".> LEAN_PATH=/home/vstaln/riemann/research/lean-zeta-23/.lake/packages/Cli/.lake/build/lib/lean:/home/vstaln/riemann/research/lean-zeta-23/.lake/packages/batteries/.lake/build/lib/lean:/home/vstaln/riemann/research/lean-zeta-23/.lake/packages/Qq/.lake/build/lib/lean:/home/vstaln/riemann/research/lean-zeta-23/.lake/packages/aesop/.lake/build/lib/lean:/home/vstaln/riemann/research/lean-zeta-23/.lake/packages/proofwidgets/.lake/build/lib/lean:/home/vstaln/riemann/research/lean-zeta-23/.lake/packages/importGraph/.lake/build/lib/lean:/home/vstaln/riemann/research/lean-zeta-23/.lake/packages/LeanSearchClient/.lake/build/lib/lean:/home/vstaln/riemann/research/lean-zeta-23/.lake/packages/plausible/.lake/build/lib/lean:/home/vstaln/riemann/research/lean-zeta-23/.lake/packages/mathlib/.lake/build/lib/lean:/home/vstaln/riemann/research/lean-zeta-23/.lake/build/lib/lean /home/vstaln/.elan/toolchains/leanprover--lean4---v4.33.0-rc2/bin/lean /home/vstaln/riemann/research/lean-zeta-23/Zeta23/XiPrime/ZeroCount/Generic.lean -o /home/vstaln/riemann/research/lean-zeta-23/.lake/build/lib/lean/Zeta23/XiPrime/ZeroCount/Generic.olean -i /home/vstaln/riemann/research/lean-zeta-23/.lake/build/lib/lean/Zeta23/XiPrime/ZeroCount/Generic.ilean -c /home/vstaln/riemann/research/lean-zeta-23/.lake/build/ir/Zeta23/XiPrime/ZeroCount/Generic.c --setup /home/vstaln/riemann/research/lean-zeta-23/.lake/build/ir/Zeta23/XiPrime/ZeroCount/Generic.setup.json --json",
   "level": "trace"},
  {"message":
   "Zeta23/XiPrime/ZeroCount/Generic.lean:234:8: `intervalIntegral.integral_finset_sum` has been deprecated: Use `intervalIntegral.integral_finsetSum` instead",
   "level": "warning"}],
 "inputs":
 [["deps",
   [["Zeta23/Zeta23:extraDep", [["@Zeta23:extraDep", "00000000000006bb"]]],
    ["imports",
     [["Zeta23.XiPrime.ZeroCount.Basic transitive imports (legacy)",
       "ceb100c74fcadcd5"],
      ["Zeta23.XiPrime.ZeroCount.Basic:importAllArts", "3cbfa5797be169b6"],
      ["Zeta23.XiPrime.ZeroCount.ArgBound transitive imports (legacy)",
       "cccce924c7bddc56"],
      ["Zeta23.XiPrime.ZeroCount.ArgBound:importAllArts", "49470a99e5f4067d"],
      ["Zeta23.WeilEF.Landau transitive imports (legacy)", "4e605f045e10fd84"],
      ["Zeta23.WeilEF.Landau:importAllArts", "68f8410667ea3dcf"],
      ["Zeta23.WeilEF.GoodHeights transitive imports (legacy)",
       "c81dbe6ac504a6a9"],
      ["Zeta23.WeilEF.GoodHeights:importAllArts", "3aee02f1a87c86b2"]]]]],
  ["libs",
   [["import dynlibs", "00000000000006bb"],
    ["package external libraries", "00000000000006bb"],
    ["module dynlibs", "00000000000006bb"],
    ["module plugins", "00000000000006bb"]]],
  ["Lean 4.33.0, commit d8b18978322de05a8f3dba51ef03cf5461676c17",
   "3eca9d16ab6c877d"],
  ["/home/vstaln/riemann/research/lean-zeta-23/Zeta23/XiPrime/ZeroCount/Generic.lean",
   "3109aaec4547166c"],
  ["options",
   [["-DrelaxedAutoImplicit=false", "74a2b5546b55be80"],
    ["-Dpp.unicode.fun=true", "9b94070140457fab"]]],
  ["isModule: false", "feefd2a0d3a1847e"],
  ["Module.name: Zeta23.XiPrime.ZeroCount.Generic", "45ef7dc5d8217a48"],
  ["Package.id?: (some Zeta23)", "31803ca4013655a1"],
  ["Module.leanArgs: #[]", "00000000000006bb"]],
 "depHash": "91367245b3dff1cf"}