{"synthetic": false,
 "schemaVersion": "2025-09-10",
 "outputs":
 {"o": ["6e46b1d14352f33e.olean"],
  "m": false,
  "i": "12b51a60337069a9.ilean",
  "c": "68b44d0a873c79fd.c"},
 "log":
 [{"message":
   ".> LEAN_PATH=/home/vstaln/riemann/research/lean-zeta-23/.lake/packages/Cli/.lake/build/lib/lean:/home/vstaln/riemann/research/lean-zeta-23/.lake/packages/batteries/.lake/build/lib/lean:/home/vstaln/riemann/research/lean-zeta-23/.lake/packages/Qq/.lake/build/lib/lean:/home/vstaln/riemann/research/lean-zeta-23/.lake/packages/aesop/.lake/build/lib/lean:/home/vstaln/riemann/research/lean-zeta-23/.lake/packages/proofwidgets/.lake/build/lib/lean:/home/vstaln/riemann/research/lean-zeta-23/.lake/packages/importGraph/.lake/build/lib/lean:/home/vstaln/riemann/research/lean-zeta-23/.lake/packages/LeanSearchClient/.lake/build/lib/lean:/home/vstaln/riemann/research/lean-zeta-23/.lake/packages/plausible/.lake/build/lib/lean:/home/vstaln/riemann/research/lean-zeta-23/.lake/packages/mathlib/.lake/build/lib/lean:/home/vstaln/riemann/research/lean-zeta-23/.lake/build/lib/lean /home/vstaln/.elan/toolchains/leanprover--lean4---v4.33.0-rc2/bin/lean /home/vstaln/riemann/research/lean-zeta-23/Zeta23/XiPrime/ZeroCount/Y.lean -o /home/vstaln/riemann/research/lean-zeta-23/.lake/build/lib/lean/Zeta23/XiPrime/ZeroCount/Y.olean -i /home/vstaln/riemann/research/lean-zeta-23/.lake/build/lib/lean/Zeta23/XiPrime/ZeroCount/Y.ilean -c /home/vstaln/riemann/research/lean-zeta-23/.lake/build/ir/Zeta23/XiPrime/ZeroCount/Y.c --setup /home/vstaln/riemann/research/lean-zeta-23/.lake/build/ir/Zeta23/XiPrime/ZeroCount/Y.setup.json --json",
   "level": "trace"}],
 "inputs":
 [["deps",
   [["Zeta23/Zeta23:extraDep", [["@Zeta23:extraDep", "00000000000006bb"]]],
    ["imports",
     [["Zeta23.XiPrime.Seam transitive imports (legacy)", "283598520fbf50d5"],
      ["Zeta23.XiPrime.Seam:importAllArts", "7819bb63b33d02b4"],
      ["Zeta23.RvM.ZetaGrowth transitive imports (legacy)", "09c0552a403af02f"],
      ["Zeta23.RvM.ZetaGrowth:importAllArts", "2af6589e4fd8e25d"],
      ["Zeta23.GammaFacts.StirlingVert transitive imports (legacy)",
       "0be1155d82ee2d62"],
      ["Zeta23.GammaFacts.StirlingVert:importAllArts", "39a28c57b49dcdf1"],
      ["Zeta23.FromPNTPlus.ZetaBounds transitive imports (legacy)",
       "b57eea18fde67cb6"],
      ["Zeta23.FromPNTPlus.ZetaBounds:importAllArts", "0f59607c1ad89a7d"],
      ["Mathlib.Analysis.Complex.Liouville transitive imports (legacy)",
       "c357cf70e04f2fa1"],
      ["Mathlib.Analysis.Complex.Liouville:importAllArts",
       "714d2814459c541d"]]]]],
  ["libs",
   [["import dynlibs", "00000000000006bb"],
    ["package external libraries", "00000000000006bb"],
    ["module dynlibs", "00000000000006bb"],
    ["module plugins", "00000000000006bb"]]],
  ["Lean 4.33.0, commit d8b18978322de05a8f3dba51ef03cf5461676c17",
   "3eca9d16ab6c877d"],
  ["/home/vstaln/riemann/research/lean-zeta-23/Zeta23/XiPrime/ZeroCount/Y.lean",
   "1aacfa0035934294"],
  ["options",
   [["-DrelaxedAutoImplicit=false", "74a2b5546b55be80"],
    ["-Dpp.unicode.fun=true", "9b94070140457fab"]]],
  ["isModule: false", "feefd2a0d3a1847e"],
  ["Module.name: Zeta23.XiPrime.ZeroCount.Y", "97b3b671a9d1eb2e"],
  ["Package.id?: (some Zeta23)", "31803ca4013655a1"],
  ["Module.leanArgs: #[]", "00000000000006bb"]],
 "depHash": "b982fc8846fcfd59"}