{"synthetic": false,
 "schemaVersion": "2025-09-10",
 "outputs":
 {"o": ["9526eefb26b56bb1.olean"],
  "m": false,
  "i": "938e740d75bd7fa2.ilean",
  "c": "2d819054fbb5313f.c"},
 "log":
 [{"message":
   ".> LEAN_PATH=/home/vstaln/riemann/research/lean-zeta-23/.lake/packages/Cli/.lake/build/lib/lean:/home/vstaln/riemann/research/lean-zeta-23/.lake/packages/batteries/.lake/build/lib/lean:/home/vstaln/riemann/research/lean-zeta-23/.lake/packages/Qq/.lake/build/lib/lean:/home/vstaln/riemann/research/lean-zeta-23/.lake/packages/aesop/.lake/build/lib/lean:/home/vstaln/riemann/research/lean-zeta-23/.lake/packages/proofwidgets/.lake/build/lib/lean:/home/vstaln/riemann/research/lean-zeta-23/.lake/packages/importGraph/.lake/build/lib/lean:/home/vstaln/riemann/research/lean-zeta-23/.lake/packages/LeanSearchClient/.lake/build/lib/lean:/home/vstaln/riemann/research/lean-zeta-23/.lake/packages/plausible/.lake/build/lib/lean:/home/vstaln/riemann/research/lean-zeta-23/.lake/packages/mathlib/.lake/build/lib/lean:/home/vstaln/riemann/research/lean-zeta-23/.lake/build/lib/lean /home/vstaln/.elan/toolchains/leanprover--lean4---v4.33.0-rc2/bin/lean /home/vstaln/riemann/research/lean-zeta-23/Zeta23/Poisson/PaperFT.lean -o /home/vstaln/riemann/research/lean-zeta-23/.lake/build/lib/lean/Zeta23/Poisson/PaperFT.olean -i /home/vstaln/riemann/research/lean-zeta-23/.lake/build/lib/lean/Zeta23/Poisson/PaperFT.ilean -c /home/vstaln/riemann/research/lean-zeta-23/.lake/build/ir/Zeta23/Poisson/PaperFT.c --setup /home/vstaln/riemann/research/lean-zeta-23/.lake/build/ir/Zeta23/Poisson/PaperFT.setup.json --json",
   "level": "trace"}],
 "inputs":
 [["deps",
   [["Zeta23/Zeta23:extraDep", [["@Zeta23:extraDep", "00000000000006bb"]]],
    ["imports",
     [["Mathlib.Analysis.Fourier.FourierTransform transitive imports (legacy)",
       "bbac92f89a9b0031"],
      ["Mathlib.Analysis.Fourier.FourierTransform:importAllArts",
       "a051567327c2456f"],
      ["Mathlib.MeasureTheory.Integral.IntegralEqImproper transitive imports (legacy)",
       "685b74b99db62103"],
      ["Mathlib.MeasureTheory.Integral.IntegralEqImproper:importAllArts",
       "9d2c8462916f6440"],
      ["Mathlib.Analysis.Calculus.Deriv.Support transitive imports (legacy)",
       "1ac6cafc5920e2d7"],
      ["Mathlib.Analysis.Calculus.Deriv.Support:importAllArts",
       "c1590ba0b887d99c"],
      ["Mathlib.Analysis.Calculus.ContDiff.Deriv transitive imports (legacy)",
       "a2abc2e03708117c"],
      ["Mathlib.Analysis.Calculus.ContDiff.Deriv:importAllArts",
       "f64f2172175f1d59"],
      ["Zeta23.Defs transitive imports (legacy)", "2dbf5e07cb13524f"],
      ["Zeta23.Defs:importAllArts", "c98c0a4d64817972"]]]]],
  ["libs",
   [["import dynlibs", "00000000000006bb"],
    ["package external libraries", "00000000000006bb"],
    ["module dynlibs", "00000000000006bb"],
    ["module plugins", "00000000000006bb"]]],
  ["Lean 4.33.0, commit d8b18978322de05a8f3dba51ef03cf5461676c17",
   "3eca9d16ab6c877d"],
  ["/home/vstaln/riemann/research/lean-zeta-23/Zeta23/Poisson/PaperFT.lean",
   "ef6933569af82f34"],
  ["options",
   [["-DrelaxedAutoImplicit=false", "74a2b5546b55be80"],
    ["-Dpp.unicode.fun=true", "9b94070140457fab"]]],
  ["isModule: false", "feefd2a0d3a1847e"],
  ["Module.name: Zeta23.Poisson.PaperFT", "ab0c944092241530"],
  ["Package.id?: (some Zeta23)", "31803ca4013655a1"],
  ["Module.leanArgs: #[]", "00000000000006bb"]],
 "depHash": "ec3cfa00fbde911e"}