{"synthetic": false,
 "schemaVersion": "2025-09-10",
 "outputs":
 {"o": ["4bd4950dad2fa9ed.olean"],
  "m": false,
  "i": "d496ff7f6c1bc971.ilean",
  "c": "2291eea17eeaf353.c"},
 "log":
 [{"message":
   ".> LEAN_PATH=/home/vstaln/riemann/research/lean-zeta-23/.lake/packages/Cli/.lake/build/lib/lean:/home/vstaln/riemann/research/lean-zeta-23/.lake/packages/batteries/.lake/build/lib/lean:/home/vstaln/riemann/research/lean-zeta-23/.lake/packages/Qq/.lake/build/lib/lean:/home/vstaln/riemann/research/lean-zeta-23/.lake/packages/aesop/.lake/build/lib/lean:/home/vstaln/riemann/research/lean-zeta-23/.lake/packages/proofwidgets/.lake/build/lib/lean:/home/vstaln/riemann/research/lean-zeta-23/.lake/packages/importGraph/.lake/build/lib/lean:/home/vstaln/riemann/research/lean-zeta-23/.lake/packages/LeanSearchClient/.lake/build/lib/lean:/home/vstaln/riemann/research/lean-zeta-23/.lake/packages/plausible/.lake/build/lib/lean:/home/vstaln/riemann/research/lean-zeta-23/.lake/packages/mathlib/.lake/build/lib/lean:/home/vstaln/riemann/research/lean-zeta-23/.lake/build/lib/lean /home/vstaln/.elan/toolchains/leanprover--lean4---v4.33.0-rc2/bin/lean /home/vstaln/riemann/research/lean-zeta-23/Zeta23/XiPrime/ExplicitFormula/GramBridge.lean -o /home/vstaln/riemann/research/lean-zeta-23/.lake/build/lib/lean/Zeta23/XiPrime/ExplicitFormula/GramBridge.olean -i /home/vstaln/riemann/research/lean-zeta-23/.lake/build/lib/lean/Zeta23/XiPrime/ExplicitFormula/GramBridge.ilean -c /home/vstaln/riemann/research/lean-zeta-23/.lake/build/ir/Zeta23/XiPrime/ExplicitFormula/GramBridge.c --setup /home/vstaln/riemann/research/lean-zeta-23/.lake/build/ir/Zeta23/XiPrime/ExplicitFormula/GramBridge.setup.json --json",
   "level": "trace"}],
 "inputs":
 [["deps",
   [["Zeta23/Zeta23:extraDep", [["@Zeta23:extraDep", "00000000000006bb"]]],
    ["imports",
     [["Zeta23.XiPrime.ExplicitFormula transitive imports (legacy)",
       "2d431839492c6205"],
      ["Zeta23.XiPrime.ExplicitFormula:importAllArts", "8f4a9cc21b517c04"],
      ["Zeta23.Hypotheses.GzGp transitive imports (legacy)",
       "768ce4ea437bbd99"],
      ["Zeta23.Hypotheses.GzGp:importAllArts", "3ee7d5d1557e74d1"],
      ["Zeta23.ExplicitFormula.Bridge transitive imports (legacy)",
       "0155f32b94a41c7a"],
      ["Zeta23.ExplicitFormula.Bridge:importAllArts", "ac6778674f5409e2"],
      ["Zeta23.GammaFacts.Complete transitive imports (legacy)",
       "9df52c95aa122609"],
      ["Zeta23.GammaFacts.Complete:importAllArts", "4c34a238177b8136"],
      ["Zeta23.WeilEF.VerticalLine transitive imports (legacy)",
       "3953da6311988085"],
      ["Zeta23.WeilEF.VerticalLine:importAllArts", "296cdd06b2c986b8"]]]]],
  ["libs",
   [["import dynlibs", "00000000000006bb"],
    ["package external libraries", "00000000000006bb"],
    ["module dynlibs", "00000000000006bb"],
    ["module plugins", "00000000000006bb"]]],
  ["Lean 4.33.0, commit d8b18978322de05a8f3dba51ef03cf5461676c17",
   "3eca9d16ab6c877d"],
  ["/home/vstaln/riemann/research/lean-zeta-23/Zeta23/XiPrime/ExplicitFormula/GramBridge.lean",
   "e38de0208ef18156"],
  ["options",
   [["-DrelaxedAutoImplicit=false", "74a2b5546b55be80"],
    ["-Dpp.unicode.fun=true", "9b94070140457fab"]]],
  ["isModule: false", "feefd2a0d3a1847e"],
  ["Module.name: Zeta23.XiPrime.ExplicitFormula.GramBridge",
   "aafac3e040b72c14"],
  ["Package.id?: (some Zeta23)", "31803ca4013655a1"],
  ["Module.leanArgs: #[]", "00000000000006bb"]],
 "depHash": "cebf6b8c4bb4ac72"}