{"synthetic": false,
 "schemaVersion": "2025-09-10",
 "outputs":
 {"o": ["03a3cf0f2e65f38e.olean"],
  "m": false,
  "i": "86cb9ce4ae782294.ilean",
  "c": "e4a7c7ebdadff851.c"},
 "log":
 [{"message":
   ".> LEAN_PATH=/home/vstaln/riemann/research/lean-zeta-23/.lake/packages/Cli/.lake/build/lib/lean:/home/vstaln/riemann/research/lean-zeta-23/.lake/packages/batteries/.lake/build/lib/lean:/home/vstaln/riemann/research/lean-zeta-23/.lake/packages/Qq/.lake/build/lib/lean:/home/vstaln/riemann/research/lean-zeta-23/.lake/packages/aesop/.lake/build/lib/lean:/home/vstaln/riemann/research/lean-zeta-23/.lake/packages/proofwidgets/.lake/build/lib/lean:/home/vstaln/riemann/research/lean-zeta-23/.lake/packages/importGraph/.lake/build/lib/lean:/home/vstaln/riemann/research/lean-zeta-23/.lake/packages/LeanSearchClient/.lake/build/lib/lean:/home/vstaln/riemann/research/lean-zeta-23/.lake/packages/plausible/.lake/build/lib/lean:/home/vstaln/riemann/research/lean-zeta-23/.lake/packages/mathlib/.lake/build/lib/lean:/home/vstaln/riemann/research/lean-zeta-23/.lake/build/lib/lean /home/vstaln/.elan/toolchains/leanprover--lean4---v4.33.0-rc2/bin/lean /home/vstaln/riemann/research/lean-zeta-23/Zeta23/XiPrime/ExplicitFormula/XiEFAssembly.lean -o /home/vstaln/riemann/research/lean-zeta-23/.lake/build/lib/lean/Zeta23/XiPrime/ExplicitFormula/XiEFAssembly.olean -i /home/vstaln/riemann/research/lean-zeta-23/.lake/build/lib/lean/Zeta23/XiPrime/ExplicitFormula/XiEFAssembly.ilean -c /home/vstaln/riemann/research/lean-zeta-23/.lake/build/ir/Zeta23/XiPrime/ExplicitFormula/XiEFAssembly.c --setup /home/vstaln/riemann/research/lean-zeta-23/.lake/build/ir/Zeta23/XiPrime/ExplicitFormula/XiEFAssembly.setup.json --json",
   "level": "trace"}],
 "inputs":
 [["deps",
   [["Zeta23/Zeta23:extraDep", [["@Zeta23:extraDep", "00000000000006bb"]]],
    ["imports",
     [["Zeta23.XiPrime.ExplicitFormula.ZeroFree transitive imports (legacy)",
       "5c62a086bb394b47"],
      ["Zeta23.XiPrime.ExplicitFormula.ZeroFree:importAllArts",
       "c7205d486ac9d551"],
      ["Zeta23.XiPrime.ExplicitFormula.FullLine transitive imports (legacy)",
       "2f432364796fbe26"],
      ["Zeta23.XiPrime.ExplicitFormula.FullLine:importAllArts",
       "57469ee3e52bcfc2"],
      ["Zeta23.XiPrime.ExplicitFormula.JTerm transitive imports (legacy)",
       "666b116c4b3cbd77"],
      ["Zeta23.XiPrime.ExplicitFormula.JTerm:importAllArts",
       "9ecff7b606ee9a2e"],
      ["Zeta23.XiPrime.ExplicitFormula.PrimeTermJ transitive imports (legacy)",
       "6f7638dae8254611"],
      ["Zeta23.XiPrime.ExplicitFormula.PrimeTermJ:importAllArts",
       "8ce9bfea6b2c6f1e"],
      ["Zeta23.XiPrime.ExplicitFormula.FamilyFacts transitive imports (legacy)",
       "e6cb7654a0568907"],
      ["Zeta23.XiPrime.ExplicitFormula.FamilyFacts:importAllArts",
       "7b1e380f9717abf1"]]]]],
  ["libs",
   [["import dynlibs", "00000000000006bb"],
    ["package external libraries", "00000000000006bb"],
    ["module dynlibs", "00000000000006bb"],
    ["module plugins", "00000000000006bb"]]],
  ["Lean 4.33.0, commit d8b18978322de05a8f3dba51ef03cf5461676c17",
   "3eca9d16ab6c877d"],
  ["/home/vstaln/riemann/research/lean-zeta-23/Zeta23/XiPrime/ExplicitFormula/XiEFAssembly.lean",
   "c2789d3ddfbc446b"],
  ["options",
   [["-DrelaxedAutoImplicit=false", "74a2b5546b55be80"],
    ["-Dpp.unicode.fun=true", "9b94070140457fab"]]],
  ["isModule: false", "feefd2a0d3a1847e"],
  ["Module.name: Zeta23.XiPrime.ExplicitFormula.XiEFAssembly",
   "cd1a527ea0debd20"],
  ["Package.id?: (some Zeta23)", "31803ca4013655a1"],
  ["Module.leanArgs: #[]", "00000000000006bb"]],
 "depHash": "3c7d3ff5efbff8a4"}