{"synthetic": false,
 "schemaVersion": "2025-09-10",
 "outputs":
 {"o": ["06a2524f482c289b.olean"],
  "m": false,
  "i": "5f6e52fa5d5111ac.ilean",
  "c": "bea4bd7b8037df43.c"},
 "log":
 [{"message":
   ".> LEAN_PATH=/home/vstaln/riemann/research/lean-zeta-23/.lake/packages/Cli/.lake/build/lib/lean:/home/vstaln/riemann/research/lean-zeta-23/.lake/packages/batteries/.lake/build/lib/lean:/home/vstaln/riemann/research/lean-zeta-23/.lake/packages/Qq/.lake/build/lib/lean:/home/vstaln/riemann/research/lean-zeta-23/.lake/packages/aesop/.lake/build/lib/lean:/home/vstaln/riemann/research/lean-zeta-23/.lake/packages/proofwidgets/.lake/build/lib/lean:/home/vstaln/riemann/research/lean-zeta-23/.lake/packages/importGraph/.lake/build/lib/lean:/home/vstaln/riemann/research/lean-zeta-23/.lake/packages/LeanSearchClient/.lake/build/lib/lean:/home/vstaln/riemann/research/lean-zeta-23/.lake/packages/plausible/.lake/build/lib/lean:/home/vstaln/riemann/research/lean-zeta-23/.lake/packages/mathlib/.lake/build/lib/lean:/home/vstaln/riemann/research/lean-zeta-23/.lake/build/lib/lean /home/vstaln/.elan/toolchains/leanprover--lean4---v4.33.0-rc2/bin/lean /home/vstaln/riemann/research/lean-zeta-23/Zeta23/XiPrime/ExplicitFormula/ZeroFree.lean -o /home/vstaln/riemann/research/lean-zeta-23/.lake/build/lib/lean/Zeta23/XiPrime/ExplicitFormula/ZeroFree.olean -i /home/vstaln/riemann/research/lean-zeta-23/.lake/build/lib/lean/Zeta23/XiPrime/ExplicitFormula/ZeroFree.ilean -c /home/vstaln/riemann/research/lean-zeta-23/.lake/build/ir/Zeta23/XiPrime/ExplicitFormula/ZeroFree.c --setup /home/vstaln/riemann/research/lean-zeta-23/.lake/build/ir/Zeta23/XiPrime/ExplicitFormula/ZeroFree.setup.json --json",
   "level": "trace"}],
 "inputs":
 [["deps",
   [["Zeta23/Zeta23:extraDep", [["@Zeta23:extraDep", "00000000000006bb"]]],
    ["imports",
     [["Zeta23.XiPrime.ExplicitFormula transitive imports (legacy)",
       "2d431839492c6205"],
      ["Zeta23.XiPrime.ExplicitFormula:importAllArts", "8f4a9cc21b517c04"],
      ["Zeta23.WeilEF.ZeroSumLimit transitive imports (legacy)",
       "f4cc7ef4269f05e6"],
      ["Zeta23.WeilEF.ZeroSumLimit:importAllArts", "2e2fc9fcd4c9698b"],
      ["Zeta23.GammaFacts.StirlingVert transitive imports (legacy)",
       "0be1155d82ee2d62"],
      ["Zeta23.GammaFacts.StirlingVert:importAllArts", "39a28c57b49dcdf1"],
      ["Zeta23.GammaFacts.Series transitive imports (legacy)",
       "24d63ec0d6c1a33d"],
      ["Zeta23.GammaFacts.Series:importAllArts", "03541854815cce9f"],
      ["Zeta23.GammaFacts.Complete transitive imports (legacy)",
       "9df52c95aa122609"],
      ["Zeta23.GammaFacts.Complete:importAllArts", "4c34a238177b8136"],
      ["Zeta23.RvM.Statement transitive imports (legacy)", "f670f59ee891c83e"],
      ["Zeta23.RvM.Statement:importAllArts", "d040c290d1c12742"],
      ["Zeta23.Assembly transitive imports (legacy)", "d677cf1927736b50"],
      ["Zeta23.Assembly:importAllArts", "4b82333db3fd26ea"]]]]],
  ["libs",
   [["import dynlibs", "00000000000006bb"],
    ["package external libraries", "00000000000006bb"],
    ["module dynlibs", "00000000000006bb"],
    ["module plugins", "00000000000006bb"]]],
  ["Lean 4.33.0, commit d8b18978322de05a8f3dba51ef03cf5461676c17",
   "3eca9d16ab6c877d"],
  ["/home/vstaln/riemann/research/lean-zeta-23/Zeta23/XiPrime/ExplicitFormula/ZeroFree.lean",
   "7d1e91b68a53baa5"],
  ["options",
   [["-DrelaxedAutoImplicit=false", "74a2b5546b55be80"],
    ["-Dpp.unicode.fun=true", "9b94070140457fab"]]],
  ["isModule: false", "feefd2a0d3a1847e"],
  ["Module.name: Zeta23.XiPrime.ExplicitFormula.ZeroFree", "10905bdbbfa2dcbf"],
  ["Package.id?: (some Zeta23)", "31803ca4013655a1"],
  ["Module.leanArgs: #[]", "00000000000006bb"]],
 "depHash": "54649fb50ed7730b"}