{"synthetic": false,
 "schemaVersion": "2025-09-10",
 "outputs":
 {"o": ["28f78d9bf5fc094b.olean"],
  "m": false,
  "i": "26548d490046b27b.ilean",
  "c": "a965530a45c2c653.c"},
 "log":
 [{"message":
   ".> LEAN_PATH=/home/vstaln/riemann/research/lean-zeta-23/.lake/packages/Cli/.lake/build/lib/lean:/home/vstaln/riemann/research/lean-zeta-23/.lake/packages/batteries/.lake/build/lib/lean:/home/vstaln/riemann/research/lean-zeta-23/.lake/packages/Qq/.lake/build/lib/lean:/home/vstaln/riemann/research/lean-zeta-23/.lake/packages/aesop/.lake/build/lib/lean:/home/vstaln/riemann/research/lean-zeta-23/.lake/packages/proofwidgets/.lake/build/lib/lean:/home/vstaln/riemann/research/lean-zeta-23/.lake/packages/importGraph/.lake/build/lib/lean:/home/vstaln/riemann/research/lean-zeta-23/.lake/packages/LeanSearchClient/.lake/build/lib/lean:/home/vstaln/riemann/research/lean-zeta-23/.lake/packages/plausible/.lake/build/lib/lean:/home/vstaln/riemann/research/lean-zeta-23/.lake/packages/mathlib/.lake/build/lib/lean:/home/vstaln/riemann/research/lean-zeta-23/.lake/build/lib/lean /home/vstaln/.elan/toolchains/leanprover--lean4---v4.33.0-rc2/bin/lean /home/vstaln/riemann/research/lean-zeta-23/Zeta23/XiPrime/PrimeSide/Concrete.lean -o /home/vstaln/riemann/research/lean-zeta-23/.lake/build/lib/lean/Zeta23/XiPrime/PrimeSide/Concrete.olean -i /home/vstaln/riemann/research/lean-zeta-23/.lake/build/lib/lean/Zeta23/XiPrime/PrimeSide/Concrete.ilean -c /home/vstaln/riemann/research/lean-zeta-23/.lake/build/ir/Zeta23/XiPrime/PrimeSide/Concrete.c --setup /home/vstaln/riemann/research/lean-zeta-23/.lake/build/ir/Zeta23/XiPrime/PrimeSide/Concrete.setup.json --json",
   "level": "trace"}],
 "inputs":
 [["deps",
   [["Zeta23/Zeta23:extraDep", [["@Zeta23:extraDep", "00000000000006bb"]]],
    ["imports",
     [["Zeta23.XiPrime.Statement transitive imports (legacy)",
       "c8e41870e38ac5c0"],
      ["Zeta23.XiPrime.Statement:importAllArts", "2801ef57cb4c24b9"],
      ["Zeta23.XiPrime.PrimeSide.Traces transitive imports (legacy)",
       "42b2b4be8303e79c"],
      ["Zeta23.XiPrime.PrimeSide.Traces:importAllArts", "5dd54499f9d844db"],
      ["Zeta23.XiPrime.PrimeSide.Density transitive imports (legacy)",
       "9f4a3ed27c933ad7"],
      ["Zeta23.XiPrime.PrimeSide.Density:importAllArts", "4b7bbd7267342cb5"],
      ["Zeta23.XiPrime.PrimeSide.Cross transitive imports (legacy)",
       "45610f5897d2b40f"],
      ["Zeta23.XiPrime.PrimeSide.Cross:importAllArts", "60dc4888b959dbf0"],
      ["Zeta23.XiPrime.PrimeSide.Trace transitive imports (legacy)",
       "5043d57012b530ff"],
      ["Zeta23.XiPrime.PrimeSide.Trace:importAllArts", "cea2216d3f77dfae"],
      ["Zeta23.XiPrime.PrimeSide.Abel transitive imports (legacy)",
       "7b1e1ccb98d53893"],
      ["Zeta23.XiPrime.PrimeSide.Abel:importAllArts", "651acf3ca1e2f0f6"],
      ["Zeta23.ThmD.WindowLocalHyps transitive imports (legacy)",
       "82510b8fdfb863d9"],
      ["Zeta23.ThmD.WindowLocalHyps:importAllArts", "13fe0006a831d70c"],
      ["Zeta23.ThmD.Window transitive imports (legacy)", "aeb1c7ee8662c4f6"],
      ["Zeta23.ThmD.Window:importAllArts", "006d6cae2712d7dc"],
      ["Zeta23.PrimeSideB.Concrete transitive imports (legacy)",
       "f5d53ebea8596169"],
      ["Zeta23.PrimeSideB.Concrete:importAllArts", "5c53b7a17d51df2e"]]]]],
  ["libs",
   [["import dynlibs", "00000000000006bb"],
    ["package external libraries", "00000000000006bb"],
    ["module dynlibs", "00000000000006bb"],
    ["module plugins", "00000000000006bb"]]],
  ["Lean 4.33.0, commit d8b18978322de05a8f3dba51ef03cf5461676c17",
   "3eca9d16ab6c877d"],
  ["/home/vstaln/riemann/research/lean-zeta-23/Zeta23/XiPrime/PrimeSide/Concrete.lean",
   "16c5e66d1a8798bb"],
  ["options",
   [["-DrelaxedAutoImplicit=false", "74a2b5546b55be80"],
    ["-Dpp.unicode.fun=true", "9b94070140457fab"]]],
  ["isModule: false", "feefd2a0d3a1847e"],
  ["Module.name: Zeta23.XiPrime.PrimeSide.Concrete", "497c335d71ed4ca9"],
  ["Package.id?: (some Zeta23)", "31803ca4013655a1"],
  ["Module.leanArgs: #[]", "00000000000006bb"]],
 "depHash": "adac29f4a04df1be"}