{"synthetic": false,
 "schemaVersion": "2025-09-10",
 "outputs":
 {"o": ["09a7a286b50b91b2.olean"],
  "m": false,
  "i": "e8ae90258cfedd70.ilean",
  "c": "cacb55f7d1c8bb00.c"},
 "log":
 [{"message":
   ".> LEAN_PATH=/home/vstaln/riemann/research/lean-zeta-23/.lake/packages/Cli/.lake/build/lib/lean:/home/vstaln/riemann/research/lean-zeta-23/.lake/packages/batteries/.lake/build/lib/lean:/home/vstaln/riemann/research/lean-zeta-23/.lake/packages/Qq/.lake/build/lib/lean:/home/vstaln/riemann/research/lean-zeta-23/.lake/packages/aesop/.lake/build/lib/lean:/home/vstaln/riemann/research/lean-zeta-23/.lake/packages/proofwidgets/.lake/build/lib/lean:/home/vstaln/riemann/research/lean-zeta-23/.lake/packages/importGraph/.lake/build/lib/lean:/home/vstaln/riemann/research/lean-zeta-23/.lake/packages/LeanSearchClient/.lake/build/lib/lean:/home/vstaln/riemann/research/lean-zeta-23/.lake/packages/plausible/.lake/build/lib/lean:/home/vstaln/riemann/research/lean-zeta-23/.lake/packages/mathlib/.lake/build/lib/lean:/home/vstaln/riemann/research/lean-zeta-23/.lake/build/lib/lean /home/vstaln/.elan/toolchains/leanprover--lean4---v4.33.0-rc2/bin/lean /home/vstaln/riemann/research/lean-zeta-23/Zeta23/XiPrime/PrimeSide/Density.lean -o /home/vstaln/riemann/research/lean-zeta-23/.lake/build/lib/lean/Zeta23/XiPrime/PrimeSide/Density.olean -i /home/vstaln/riemann/research/lean-zeta-23/.lake/build/lib/lean/Zeta23/XiPrime/PrimeSide/Density.ilean -c /home/vstaln/riemann/research/lean-zeta-23/.lake/build/ir/Zeta23/XiPrime/PrimeSide/Density.c --setup /home/vstaln/riemann/research/lean-zeta-23/.lake/build/ir/Zeta23/XiPrime/PrimeSide/Density.setup.json --json",
   "level": "trace"},
  {"message":
   "Zeta23/XiPrime/PrimeSide/Density.lean:248:62: Used `tac1 <;> tac2` where `(tac1; tac2)` would suffice\n\nNote: This linter can be disabled with `set_option linter.unnecessarySeqFocus false`",
   "level": "warning"}],
 "inputs":
 [["deps",
   [["Zeta23/Zeta23:extraDep", [["@Zeta23:extraDep", "00000000000006bb"]]],
    ["imports",
     [["Zeta23.XiPrime.Defs transitive imports (legacy)", "7eeca872917f2b94"],
      ["Zeta23.XiPrime.Defs:importAllArts", "e5be31fe955d37e7"],
      ["Zeta23.PrimeSideA transitive imports (legacy)", "0e148a68fd40a4dd"],
      ["Zeta23.PrimeSideA:importAllArts", "b07f4e1b5c3df9c4"]]]]],
  ["libs",
   [["import dynlibs", "00000000000006bb"],
    ["package external libraries", "00000000000006bb"],
    ["module dynlibs", "00000000000006bb"],
    ["module plugins", "00000000000006bb"]]],
  ["Lean 4.33.0, commit d8b18978322de05a8f3dba51ef03cf5461676c17",
   "3eca9d16ab6c877d"],
  ["/home/vstaln/riemann/research/lean-zeta-23/Zeta23/XiPrime/PrimeSide/Density.lean",
   "31b35d26b7a9bffc"],
  ["options",
   [["-DrelaxedAutoImplicit=false", "74a2b5546b55be80"],
    ["-Dpp.unicode.fun=true", "9b94070140457fab"]]],
  ["isModule: false", "feefd2a0d3a1847e"],
  ["Module.name: Zeta23.XiPrime.PrimeSide.Density", "86036196f8a7e9cd"],
  ["Package.id?: (some Zeta23)", "31803ca4013655a1"],
  ["Module.leanArgs: #[]", "00000000000006bb"]],
 "depHash": "733bae57efc7d9c5"}