{"synthetic": false,
 "schemaVersion": "2025-09-10",
 "outputs":
 {"o": ["4572fb37a6f248d5.olean"],
  "m": false,
  "i": "3824a09dec2d392b.ilean",
  "c": "ffe8362b62fe1dd1.c"},
 "log":
 [{"message":
   ".> LEAN_PATH=/home/vstaln/riemann/research/lean-zeta-23/.lake/packages/Cli/.lake/build/lib/lean:/home/vstaln/riemann/research/lean-zeta-23/.lake/packages/batteries/.lake/build/lib/lean:/home/vstaln/riemann/research/lean-zeta-23/.lake/packages/Qq/.lake/build/lib/lean:/home/vstaln/riemann/research/lean-zeta-23/.lake/packages/aesop/.lake/build/lib/lean:/home/vstaln/riemann/research/lean-zeta-23/.lake/packages/proofwidgets/.lake/build/lib/lean:/home/vstaln/riemann/research/lean-zeta-23/.lake/packages/importGraph/.lake/build/lib/lean:/home/vstaln/riemann/research/lean-zeta-23/.lake/packages/LeanSearchClient/.lake/build/lib/lean:/home/vstaln/riemann/research/lean-zeta-23/.lake/packages/plausible/.lake/build/lib/lean:/home/vstaln/riemann/research/lean-zeta-23/.lake/packages/mathlib/.lake/build/lib/lean:/home/vstaln/riemann/research/lean-zeta-23/.lake/build/lib/lean /home/vstaln/.elan/toolchains/leanprover--lean4---v4.33.0-rc2/bin/lean /home/vstaln/riemann/research/lean-zeta-23/Zeta23/XiPrime/PrimeSide/Final.lean -o /home/vstaln/riemann/research/lean-zeta-23/.lake/build/lib/lean/Zeta23/XiPrime/PrimeSide/Final.olean -i /home/vstaln/riemann/research/lean-zeta-23/.lake/build/lib/lean/Zeta23/XiPrime/PrimeSide/Final.ilean -c /home/vstaln/riemann/research/lean-zeta-23/.lake/build/ir/Zeta23/XiPrime/PrimeSide/Final.c --setup /home/vstaln/riemann/research/lean-zeta-23/.lake/build/ir/Zeta23/XiPrime/PrimeSide/Final.setup.json --json",
   "level": "trace"}],
 "inputs":
 [["deps",
   [["Zeta23/Zeta23:extraDep", [["@Zeta23:extraDep", "00000000000006bb"]]],
    ["imports",
     [["Zeta23.XiPrime.PrimeSide.PP transitive imports (legacy)",
       "fc55176e57caf8db"],
      ["Zeta23.XiPrime.PrimeSide.PP:importAllArts", "eca308c9fb286ba7"],
      ["Zeta23.XiPrime.PrimeSide.Moments transitive imports (legacy)",
       "fb7c4e536588759e"],
      ["Zeta23.XiPrime.PrimeSide.Moments:importAllArts", "c2f5d0ce15dcf025"],
      ["Zeta23.XiPrime.Window transitive imports (legacy)", "547a30fde8daabe1"],
      ["Zeta23.XiPrime.Window:importAllArts", "348127a6511a76aa"],
      ["Zeta23.XiPrime.Window.FlatAdm transitive imports (legacy)",
       "a580776e4924883b"],
      ["Zeta23.XiPrime.Window.FlatAdm:importAllArts", "519ea6e871181b8d"],
      ["Zeta23.XiPrime.PrimeSide.PPUpper transitive imports (legacy)",
       "7afe9f59b0474135"],
      ["Zeta23.XiPrime.PrimeSide.PPUpper:importAllArts", "a5be865fb2e2bd3a"],
      ["Zeta23.XiPrime.Window.Quartic transitive imports (legacy)",
       "72487f9b1b01ad39"],
      ["Zeta23.XiPrime.Window.Quartic:importAllArts", "6491e8650f5ea72c"],
      ["Zeta23.XiPrime.QuarticWindow.Family transitive imports (legacy)",
       "62f35e5de818d507"],
      ["Zeta23.XiPrime.QuarticWindow.Family:importAllArts",
       "53bc8d91c8a51f65"]]]]],
  ["libs",
   [["import dynlibs", "00000000000006bb"],
    ["package external libraries", "00000000000006bb"],
    ["module dynlibs", "00000000000006bb"],
    ["module plugins", "00000000000006bb"]]],
  ["Lean 4.33.0, commit d8b18978322de05a8f3dba51ef03cf5461676c17",
   "3eca9d16ab6c877d"],
  ["/home/vstaln/riemann/research/lean-zeta-23/Zeta23/XiPrime/PrimeSide/Final.lean",
   "a480c84190988400"],
  ["options",
   [["-DrelaxedAutoImplicit=false", "74a2b5546b55be80"],
    ["-Dpp.unicode.fun=true", "9b94070140457fab"]]],
  ["isModule: false", "feefd2a0d3a1847e"],
  ["Module.name: Zeta23.XiPrime.PrimeSide.Final", "e09dda544c10aa98"],
  ["Package.id?: (some Zeta23)", "31803ca4013655a1"],
  ["Module.leanArgs: #[]", "00000000000006bb"]],
 "depHash": "ab30dd1b0e5c5d01"}