{"synthetic": false,
 "schemaVersion": "2025-09-10",
 "outputs":
 {"o": ["0a61ffbb76457c54.olean"],
  "m": false,
  "i": "4eff067ebfb4b98a.ilean",
  "c": "6ad32aa388e3ab7d.c"},
 "log":
 [{"message":
   ".> LEAN_PATH=/home/vstaln/riemann/research/lean-zeta-23/.lake/packages/Cli/.lake/build/lib/lean:/home/vstaln/riemann/research/lean-zeta-23/.lake/packages/batteries/.lake/build/lib/lean:/home/vstaln/riemann/research/lean-zeta-23/.lake/packages/Qq/.lake/build/lib/lean:/home/vstaln/riemann/research/lean-zeta-23/.lake/packages/aesop/.lake/build/lib/lean:/home/vstaln/riemann/research/lean-zeta-23/.lake/packages/proofwidgets/.lake/build/lib/lean:/home/vstaln/riemann/research/lean-zeta-23/.lake/packages/importGraph/.lake/build/lib/lean:/home/vstaln/riemann/research/lean-zeta-23/.lake/packages/LeanSearchClient/.lake/build/lib/lean:/home/vstaln/riemann/research/lean-zeta-23/.lake/packages/plausible/.lake/build/lib/lean:/home/vstaln/riemann/research/lean-zeta-23/.lake/packages/mathlib/.lake/build/lib/lean:/home/vstaln/riemann/research/lean-zeta-23/.lake/build/lib/lean /home/vstaln/.elan/toolchains/leanprover--lean4---v4.33.0-rc2/bin/lean /home/vstaln/riemann/research/lean-zeta-23/Zeta23/XiPrime/PrimeSide/Traces.lean -o /home/vstaln/riemann/research/lean-zeta-23/.lake/build/lib/lean/Zeta23/XiPrime/PrimeSide/Traces.olean -i /home/vstaln/riemann/research/lean-zeta-23/.lake/build/lib/lean/Zeta23/XiPrime/PrimeSide/Traces.ilean -c /home/vstaln/riemann/research/lean-zeta-23/.lake/build/ir/Zeta23/XiPrime/PrimeSide/Traces.c --setup /home/vstaln/riemann/research/lean-zeta-23/.lake/build/ir/Zeta23/XiPrime/PrimeSide/Traces.setup.json --json",
   "level": "trace"},
  {"message":
   "Zeta23/XiPrime/PrimeSide/Traces.lean:359:72: Used `tac1 <;> tac2` where `(tac1; tac2)` would suffice\n\nNote: This linter can be disabled with `set_option linter.unnecessarySeqFocus false`",
   "level": "warning"},
  {"message":
   "Zeta23/XiPrime/PrimeSide/Traces.lean:361:72: Used `tac1 <;> tac2` where `(tac1; tac2)` would suffice\n\nNote: This linter can be disabled with `set_option linter.unnecessarySeqFocus false`",
   "level": "warning"},
  {"message":
   "Zeta23/XiPrime/PrimeSide/Traces.lean:364:72: Used `tac1 <;> tac2` where `(tac1; tac2)` would suffice\n\nNote: This linter can be disabled with `set_option linter.unnecessarySeqFocus false`",
   "level": "warning"},
  {"message":
   "Zeta23/XiPrime/PrimeSide/Traces.lean:367:72: Used `tac1 <;> tac2` where `(tac1; tac2)` would suffice\n\nNote: This linter can be disabled with `set_option linter.unnecessarySeqFocus false`",
   "level": "warning"},
  {"message":
   "Zeta23/XiPrime/PrimeSide/Traces.lean:369:72: Used `tac1 <;> tac2` where `(tac1; tac2)` would suffice\n\nNote: This linter can be disabled with `set_option linter.unnecessarySeqFocus false`",
   "level": "warning"},
  {"message":
   "Zeta23/XiPrime/PrimeSide/Traces.lean:372:72: Used `tac1 <;> tac2` where `(tac1; tac2)` would suffice\n\nNote: This linter can be disabled with `set_option linter.unnecessarySeqFocus false`",
   "level": "warning"},
  {"message":
   "Zeta23/XiPrime/PrimeSide/Traces.lean:395:15: Used `tac1 <;> tac2` where `(tac1; tac2)` would suffice\n\nNote: This linter can be disabled with `set_option linter.unnecessarySeqFocus false`",
   "level": "warning"},
  {"message":
   "Zeta23/XiPrime/PrimeSide/Traces.lean:418:11: Used `tac1 <;> tac2` where `(tac1; tac2)` would suffice\n\nNote: This linter can be disabled with `set_option linter.unnecessarySeqFocus false`",
   "level": "warning"},
  {"message":
   "Zeta23/XiPrime/PrimeSide/Traces.lean:435:75: Used `tac1 <;> tac2` where `(tac1; tac2)` would suffice\n\nNote: This linter can be disabled with `set_option linter.unnecessarySeqFocus false`",
   "level": "warning"},
  {"message":
   "Zeta23/XiPrime/PrimeSide/Traces.lean:437:80: Used `tac1 <;> tac2` where `(tac1; tac2)` would suffice\n\nNote: This linter can be disabled with `set_option linter.unnecessarySeqFocus false`",
   "level": "warning"},
  {"message":
   "Zeta23/XiPrime/PrimeSide/Traces.lean:464:13: Used `tac1 <;> tac2` where `(tac1; tac2)` would suffice\n\nNote: This linter can be disabled with `set_option linter.unnecessarySeqFocus false`",
   "level": "warning"}],
 "inputs":
 [["deps",
   [["Zeta23/Zeta23:extraDep", [["@Zeta23:extraDep", "00000000000006bb"]]],
    ["imports",
     [["Zeta23.ThmD.AssemblyD transitive imports (legacy)", "3fa147557e7ee711"],
      ["Zeta23.ThmD.AssemblyD:importAllArts", "19286e65473b3c6f"],
      ["Zeta23.PrimeSideB transitive imports (legacy)", "de97f21ef41e156c"],
      ["Zeta23.PrimeSideB:importAllArts", "b867c771c1693e91"],
      ["Mathlib.Analysis.Asymptotics.AsymptoticEquivalent transitive imports (legacy)",
       "19cc52432645ec4c"],
      ["Mathlib.Analysis.Asymptotics.AsymptoticEquivalent:importAllArts",
       "8667773a3f696905"],
      ["Mathlib.Analysis.SpecialFunctions.Pow.Asymptotics transitive imports (legacy)",
       "c9224b8d20a3d6fa"],
      ["Mathlib.Analysis.SpecialFunctions.Pow.Asymptotics:importAllArts",
       "24b385aa6a708413"],
      ["Mathlib.Analysis.Asymptotics.SpecificAsymptotics transitive imports (legacy)",
       "f051447e05cb914b"],
      ["Mathlib.Analysis.Asymptotics.SpecificAsymptotics:importAllArts",
       "a420d5bbbcf7467e"]]]]],
  ["libs",
   [["import dynlibs", "00000000000006bb"],
    ["package external libraries", "00000000000006bb"],
    ["module dynlibs", "00000000000006bb"],
    ["module plugins", "00000000000006bb"]]],
  ["Lean 4.33.0, commit d8b18978322de05a8f3dba51ef03cf5461676c17",
   "3eca9d16ab6c877d"],
  ["/home/vstaln/riemann/research/lean-zeta-23/Zeta23/XiPrime/PrimeSide/Traces.lean",
   "21fb2def14be9440"],
  ["options",
   [["-DrelaxedAutoImplicit=false", "74a2b5546b55be80"],
    ["-Dpp.unicode.fun=true", "9b94070140457fab"]]],
  ["isModule: false", "feefd2a0d3a1847e"],
  ["Module.name: Zeta23.XiPrime.PrimeSide.Traces", "17c44b99f94dce0b"],
  ["Package.id?: (some Zeta23)", "31803ca4013655a1"],
  ["Module.leanArgs: #[]", "00000000000006bb"]],
 "depHash": "36d2bb858526a243"}