{"synthetic": false,
 "schemaVersion": "2025-09-10",
 "outputs":
 {"o": ["da5d20e2bc3bdcbf.olean"],
  "m": false,
  "i": "b8ce7e42ac67aee9.ilean",
  "c": "08595d130b71beae.c"},
 "log":
 [{"message":
   ".> LEAN_PATH=/home/vstaln/riemann/research/lean-zeta-23/.lake/packages/Cli/.lake/build/lib/lean:/home/vstaln/riemann/research/lean-zeta-23/.lake/packages/batteries/.lake/build/lib/lean:/home/vstaln/riemann/research/lean-zeta-23/.lake/packages/Qq/.lake/build/lib/lean:/home/vstaln/riemann/research/lean-zeta-23/.lake/packages/aesop/.lake/build/lib/lean:/home/vstaln/riemann/research/lean-zeta-23/.lake/packages/proofwidgets/.lake/build/lib/lean:/home/vstaln/riemann/research/lean-zeta-23/.lake/packages/importGraph/.lake/build/lib/lean:/home/vstaln/riemann/research/lean-zeta-23/.lake/packages/LeanSearchClient/.lake/build/lib/lean:/home/vstaln/riemann/research/lean-zeta-23/.lake/packages/plausible/.lake/build/lib/lean:/home/vstaln/riemann/research/lean-zeta-23/.lake/packages/mathlib/.lake/build/lib/lean:/home/vstaln/riemann/research/lean-zeta-23/.lake/build/lib/lean /home/vstaln/.elan/toolchains/leanprover--lean4---v4.33.0-rc2/bin/lean /home/vstaln/riemann/research/lean-zeta-23/Zeta23/Assembly.lean -o /home/vstaln/riemann/research/lean-zeta-23/.lake/build/lib/lean/Zeta23/Assembly.olean -i /home/vstaln/riemann/research/lean-zeta-23/.lake/build/lib/lean/Zeta23/Assembly.ilean -c /home/vstaln/riemann/research/lean-zeta-23/.lake/build/ir/Zeta23/Assembly.c --setup /home/vstaln/riemann/research/lean-zeta-23/.lake/build/ir/Zeta23/Assembly.setup.json --json",
   "level": "trace"},
  {"message":
   "Zeta23/Assembly.lean:885:47: `Set.mem_setOf_eq` has been deprecated: Use `Set.mem_ofPred_eq` instead",
   "level": "warning"},
  {"message":
   "Zeta23/Assembly.lean:958:34: `Set.mem_setOf_eq` has been deprecated: Use `Set.mem_ofPred_eq` instead",
   "level": "warning"},
  {"message":
   "Zeta23/Assembly.lean:962:90: `Set.mem_setOf_eq` has been deprecated: Use `Set.mem_ofPred_eq` instead",
   "level": "warning"}],
 "inputs":
 [["deps",
   [["Zeta23/Zeta23:extraDep", [["@Zeta23:extraDep", "00000000000006bb"]]],
    ["imports",
     [["Zeta23.LinAlg transitive imports (legacy)", "683c07bef1fd5fd4"],
      ["Zeta23.LinAlg:importAllArts", "d04564717a6da4fd"],
      ["Zeta23.Defs transitive imports (legacy)", "2dbf5e07cb13524f"],
      ["Zeta23.Defs:importAllArts", "c98c0a4d64817972"],
      ["Zeta23.Defs.Counting transitive imports (legacy)", "331daf5af652c763"],
      ["Zeta23.Defs.Counting:importAllArts", "b856ee3f1a65ef2f"],
      ["Zeta23.Assembly.Inputs transitive imports (legacy)",
       "3755f8000808d2a6"],
      ["Zeta23.Assembly.Inputs:importAllArts", "bfd453034aab3193"],
      ["Zeta23.Hypotheses transitive imports (legacy)", "77f6cae4f82956bc"],
      ["Zeta23.Hypotheses:importAllArts", "2c7083bcd7e6b255"],
      ["Zeta23.PrimeSideTemp transitive imports (legacy)", "331daf5af652c763"],
      ["Zeta23.PrimeSideTemp:importAllArts", "309f90c67b162e3f"],
      ["Zeta23.TracesBoundsE transitive imports (legacy)", "4c9e3d340b10faf4"],
      ["Zeta23.TracesBoundsE:importAllArts", "2749220ae43d9bfe"],
      ["Mathlib.Analysis.Matrix.Normed transitive imports (legacy)",
       "0a94c7681e6422ee"],
      ["Mathlib.Analysis.Matrix.Normed:importAllArts", "61d24b3daeea4362"],
      ["Mathlib.Analysis.SpecialFunctions.Pow.Asymptotics transitive imports (legacy)",
       "c9224b8d20a3d6fa"],
      ["Mathlib.Analysis.SpecialFunctions.Pow.Asymptotics:importAllArts",
       "24b385aa6a708413"],
      ["Mathlib.Analysis.Complex.ExponentialBounds transitive imports (legacy)",
       "46e87cbc14808934"],
      ["Mathlib.Analysis.Complex.ExponentialBounds:importAllArts",
       "0732e04ea6ba3096"],
      ["Mathlib.Analysis.Real.Pi.Bounds transitive imports (legacy)",
       "78539a80f65c473b"],
      ["Mathlib.Analysis.Real.Pi.Bounds:importAllArts", "134c6e1cfb20bfa5"]]]]],
  ["libs",
   [["import dynlibs", "00000000000006bb"],
    ["package external libraries", "00000000000006bb"],
    ["module dynlibs", "00000000000006bb"],
    ["module plugins", "00000000000006bb"]]],
  ["Lean 4.33.0, commit d8b18978322de05a8f3dba51ef03cf5461676c17",
   "3eca9d16ab6c877d"],
  ["/home/vstaln/riemann/research/lean-zeta-23/Zeta23/Assembly.lean",
   "6d1b865819c06862"],
  ["options",
   [["-DrelaxedAutoImplicit=false", "74a2b5546b55be80"],
    ["-Dpp.unicode.fun=true", "9b94070140457fab"]]],
  ["isModule: false", "feefd2a0d3a1847e"],
  ["Module.name: Zeta23.Assembly", "095bbac07d2286f0"],
  ["Package.id?: (some Zeta23)", "31803ca4013655a1"],
  ["Module.leanArgs: #[]", "00000000000006bb"]],
 "depHash": "6b1d1cb6aff44174"}