{"synthetic": false,
 "schemaVersion": "2025-09-10",
 "outputs":
 {"o": ["c0010a932a2fdb97.olean"],
  "m": false,
  "i": "68994ec6cf8b2c2e.ilean",
  "c": "64688082038a61ae.c"},
 "log":
 [{"message":
   ".> LEAN_PATH=/home/vstaln/riemann/research/lean-zeta-23/.lake/packages/Cli/.lake/build/lib/lean:/home/vstaln/riemann/research/lean-zeta-23/.lake/packages/batteries/.lake/build/lib/lean:/home/vstaln/riemann/research/lean-zeta-23/.lake/packages/Qq/.lake/build/lib/lean:/home/vstaln/riemann/research/lean-zeta-23/.lake/packages/aesop/.lake/build/lib/lean:/home/vstaln/riemann/research/lean-zeta-23/.lake/packages/proofwidgets/.lake/build/lib/lean:/home/vstaln/riemann/research/lean-zeta-23/.lake/packages/importGraph/.lake/build/lib/lean:/home/vstaln/riemann/research/lean-zeta-23/.lake/packages/LeanSearchClient/.lake/build/lib/lean:/home/vstaln/riemann/research/lean-zeta-23/.lake/packages/plausible/.lake/build/lib/lean:/home/vstaln/riemann/research/lean-zeta-23/.lake/packages/mathlib/.lake/build/lib/lean:/home/vstaln/riemann/research/lean-zeta-23/.lake/build/lib/lean /home/vstaln/.elan/toolchains/leanprover--lean4---v4.33.0-rc2/bin/lean /home/vstaln/riemann/research/lean-zeta-23/Zeta23/Chebyshev.lean -o /home/vstaln/riemann/research/lean-zeta-23/.lake/build/lib/lean/Zeta23/Chebyshev.olean -i /home/vstaln/riemann/research/lean-zeta-23/.lake/build/lib/lean/Zeta23/Chebyshev.ilean -c /home/vstaln/riemann/research/lean-zeta-23/.lake/build/ir/Zeta23/Chebyshev.c --setup /home/vstaln/riemann/research/lean-zeta-23/.lake/build/ir/Zeta23/Chebyshev.setup.json --json",
   "level": "trace"}],
 "inputs":
 [["deps",
   [["Zeta23/Zeta23:extraDep", [["@Zeta23:extraDep", "00000000000006bb"]]],
    ["imports",
     [["Mathlib.NumberTheory.Chebyshev transitive imports (legacy)",
       "8e6ad39b8f7597e0"],
      ["Mathlib.NumberTheory.Chebyshev:importAllArts", "21c6a6ddcae8cbf9"],
      ["Mathlib.NumberTheory.AbelSummation transitive imports (legacy)",
       "67938e4c9f8114bb"],
      ["Mathlib.NumberTheory.AbelSummation:importAllArts", "f582466c9f7e023d"],
      ["Mathlib.Analysis.SpecialFunctions.Log.Basic transitive imports (legacy)",
       "6cc447fc1c906b31"],
      ["Mathlib.Analysis.SpecialFunctions.Log.Basic:importAllArts",
       "7c4c1ad04264623f"],
      ["Mathlib.Analysis.PSeries transitive imports (legacy)",
       "5c38689df20368b7"],
      ["Mathlib.Analysis.PSeries:importAllArts", "66a732957d23489c"],
      ["Mathlib.Analysis.SpecialFunctions.Integrals.Basic transitive imports (legacy)",
       "1d6b2d053c2749ee"],
      ["Mathlib.Analysis.SpecialFunctions.Integrals.Basic:importAllArts",
       "88a70b10e115ba3a"],
      ["Mathlib.Analysis.Complex.ExponentialBounds transitive imports (legacy)",
       "46e87cbc14808934"],
      ["Mathlib.Analysis.Complex.ExponentialBounds:importAllArts",
       "0732e04ea6ba3096"],
      ["Zeta23.FromPNTPlus.Mertens transitive imports (legacy)",
       "0bbe063bc760770f"],
      ["Zeta23.FromPNTPlus.Mertens:importAllArts", "b034e3e53da23ec3"],
      ["Zeta23.Hypotheses transitive imports (legacy)", "77f6cae4f82956bc"],
      ["Zeta23.Hypotheses:importAllArts", "2c7083bcd7e6b255"]]]]],
  ["libs",
   [["import dynlibs", "00000000000006bb"],
    ["package external libraries", "00000000000006bb"],
    ["module dynlibs", "00000000000006bb"],
    ["module plugins", "00000000000006bb"]]],
  ["Lean 4.33.0, commit d8b18978322de05a8f3dba51ef03cf5461676c17",
   "3eca9d16ab6c877d"],
  ["/home/vstaln/riemann/research/lean-zeta-23/Zeta23/Chebyshev.lean",
   "af14292475548f89"],
  ["options",
   [["-DrelaxedAutoImplicit=false", "74a2b5546b55be80"],
    ["-Dpp.unicode.fun=true", "9b94070140457fab"]]],
  ["isModule: false", "feefd2a0d3a1847e"],
  ["Module.name: Zeta23.Chebyshev", "ef7ba65af7a1a874"],
  ["Package.id?: (some Zeta23)", "31803ca4013655a1"],
  ["Module.leanArgs: #[]", "00000000000006bb"]],
 "depHash": "65074174c437ca97"}