{"synthetic": false,
 "schemaVersion": "2025-09-10",
 "outputs":
 {"o": ["45886140e8f79417.olean"],
  "m": false,
  "i": "39e9547b6ce7f4eb.ilean",
  "c": "25000f256c5328c9.c"},
 "log":
 [{"message":
   ".> LEAN_PATH=/home/vstaln/riemann/research/lean-zeta-23/.lake/packages/Cli/.lake/build/lib/lean:/home/vstaln/riemann/research/lean-zeta-23/.lake/packages/batteries/.lake/build/lib/lean:/home/vstaln/riemann/research/lean-zeta-23/.lake/packages/Qq/.lake/build/lib/lean:/home/vstaln/riemann/research/lean-zeta-23/.lake/packages/aesop/.lake/build/lib/lean:/home/vstaln/riemann/research/lean-zeta-23/.lake/packages/proofwidgets/.lake/build/lib/lean:/home/vstaln/riemann/research/lean-zeta-23/.lake/packages/importGraph/.lake/build/lib/lean:/home/vstaln/riemann/research/lean-zeta-23/.lake/packages/LeanSearchClient/.lake/build/lib/lean:/home/vstaln/riemann/research/lean-zeta-23/.lake/packages/plausible/.lake/build/lib/lean:/home/vstaln/riemann/research/lean-zeta-23/.lake/packages/mathlib/.lake/build/lib/lean:/home/vstaln/riemann/research/lean-zeta-23/.lake/build/lib/lean /home/vstaln/.elan/toolchains/leanprover--lean4---v4.33.0-rc2/bin/lean /home/vstaln/riemann/research/lean-zeta-23/Zeta23/Defs.lean -o /home/vstaln/riemann/research/lean-zeta-23/.lake/build/lib/lean/Zeta23/Defs.olean -i /home/vstaln/riemann/research/lean-zeta-23/.lake/build/lib/lean/Zeta23/Defs.ilean -c /home/vstaln/riemann/research/lean-zeta-23/.lake/build/ir/Zeta23/Defs.c --setup /home/vstaln/riemann/research/lean-zeta-23/.lake/build/ir/Zeta23/Defs.setup.json --json",
   "level": "trace"}],
 "inputs":
 [["deps",
   [["Zeta23/Zeta23:extraDep", [["@Zeta23:extraDep", "00000000000006bb"]]],
    ["imports",
     [["Mathlib.Analysis.CStarAlgebra.Classes transitive imports (legacy)",
       "f1a199e5d8aedb56"],
      ["Mathlib.Analysis.CStarAlgebra.Classes:importAllArts",
       "d60c7d87396f9e6a"],
      ["Mathlib.Analysis.SpecialFunctions.Gamma.Digamma transitive imports (legacy)",
       "c2e079506fba03c7"],
      ["Mathlib.Analysis.SpecialFunctions.Gamma.Digamma:importAllArts",
       "9a7a4d87b7271b14"],
      ["Mathlib.Analysis.SpecialFunctions.Pow.Complex transitive imports (legacy)",
       "1a499e5348fe1345"],
      ["Mathlib.Analysis.SpecialFunctions.Pow.Complex:importAllArts",
       "a79aa5380429eae0"],
      ["Mathlib.NumberTheory.ArithmeticFunction.VonMangoldt transitive imports (legacy)",
       "1ff5cb442c1c597a"],
      ["Mathlib.NumberTheory.ArithmeticFunction.VonMangoldt:importAllArts",
       "5827f4773ce4c97e"],
      ["Mathlib.MeasureTheory.Integral.Bochner.Basic transitive imports (legacy)",
       "319df22c2dabcf69"],
      ["Mathlib.MeasureTheory.Integral.Bochner.Basic:importAllArts",
       "c03a21c40806a602"],
      ["Mathlib.MeasureTheory.Measure.Lebesgue.Basic transitive imports (legacy)",
       "dd596ce9dae5e47b"],
      ["Mathlib.MeasureTheory.Measure.Lebesgue.Basic:importAllArts",
       "2b26a65a828367c8"],
      ["Mathlib.Algebra.BigOperators.Finprod transitive imports (legacy)",
       "7852414a4b3d29cb"],
      ["Mathlib.Algebra.BigOperators.Finprod:importAllArts",
       "2083980e2251562e"],
      ["Mathlib.Data.Set.Card transitive imports (legacy)", "9c8780f7970a8717"],
      ["Mathlib.Data.Set.Card:importAllArts", "92d01f1e0f7c8da6"],
      ["Mathlib.Data.Matrix.Basic transitive imports (legacy)",
       "806a26a2141f1996"],
      ["Mathlib.Data.Matrix.Basic:importAllArts", "4f0054e6bed0c2c4"]]]]],
  ["libs",
   [["import dynlibs", "00000000000006bb"],
    ["package external libraries", "00000000000006bb"],
    ["module dynlibs", "00000000000006bb"],
    ["module plugins", "00000000000006bb"]]],
  ["Lean 4.33.0, commit d8b18978322de05a8f3dba51ef03cf5461676c17",
   "3eca9d16ab6c877d"],
  ["/home/vstaln/riemann/research/lean-zeta-23/Zeta23/Defs.lean",
   "51508e0c99de7c5e"],
  ["options",
   [["-DrelaxedAutoImplicit=false", "74a2b5546b55be80"],
    ["-Dpp.unicode.fun=true", "9b94070140457fab"]]],
  ["isModule: false", "feefd2a0d3a1847e"],
  ["Module.name: Zeta23.Defs", "93c03bfa4ecdfe19"],
  ["Package.id?: (some Zeta23)", "31803ca4013655a1"],
  ["Module.leanArgs: #[]", "00000000000006bb"]],
 "depHash": "23bf8352adcbe433"}