{"synthetic": false,
 "schemaVersion": "2025-09-10",
 "outputs":
 {"o": ["2b8a0e37f2c7d62f.olean"],
  "m": false,
  "i": "ca3cbd2dfd5b0cbd.ilean",
  "c": "fb894d803bcc1b36.c"},
 "log":
 [{"message":
   ".> LEAN_PATH=/home/vstaln/riemann/research/lean-zeta-23/.lake/packages/Cli/.lake/build/lib/lean:/home/vstaln/riemann/research/lean-zeta-23/.lake/packages/batteries/.lake/build/lib/lean:/home/vstaln/riemann/research/lean-zeta-23/.lake/packages/Qq/.lake/build/lib/lean:/home/vstaln/riemann/research/lean-zeta-23/.lake/packages/aesop/.lake/build/lib/lean:/home/vstaln/riemann/research/lean-zeta-23/.lake/packages/proofwidgets/.lake/build/lib/lean:/home/vstaln/riemann/research/lean-zeta-23/.lake/packages/importGraph/.lake/build/lib/lean:/home/vstaln/riemann/research/lean-zeta-23/.lake/packages/LeanSearchClient/.lake/build/lib/lean:/home/vstaln/riemann/research/lean-zeta-23/.lake/packages/plausible/.lake/build/lib/lean:/home/vstaln/riemann/research/lean-zeta-23/.lake/packages/mathlib/.lake/build/lib/lean:/home/vstaln/riemann/research/lean-zeta-23/.lake/build/lib/lean /home/vstaln/.elan/toolchains/leanprover--lean4---v4.33.0-rc2/bin/lean /home/vstaln/riemann/research/lean-zeta-23/Zeta23/ExplicitFormula.lean -o /home/vstaln/riemann/research/lean-zeta-23/.lake/build/lib/lean/Zeta23/ExplicitFormula.olean -i /home/vstaln/riemann/research/lean-zeta-23/.lake/build/lib/lean/Zeta23/ExplicitFormula.ilean -c /home/vstaln/riemann/research/lean-zeta-23/.lake/build/ir/Zeta23/ExplicitFormula.c --setup /home/vstaln/riemann/research/lean-zeta-23/.lake/build/ir/Zeta23/ExplicitFormula.setup.json --json",
   "level": "trace"}],
 "inputs":
 [["deps",
   [["Zeta23/Zeta23:extraDep", [["@Zeta23:extraDep", "00000000000006bb"]]],
    ["imports",
     [["Mathlib.Analysis.Fourier.Inversion transitive imports (legacy)",
       "07d58a73207fdc91"],
      ["Mathlib.Analysis.Fourier.Inversion:importAllArts", "031840e53bb658fe"],
      ["Mathlib.Analysis.Fourier.Convolution transitive imports (legacy)",
       "f6f7ed5cbfb2aa1b"],
      ["Mathlib.Analysis.Fourier.Convolution:importAllArts",
       "e6779bef65dc55b5"],
      ["Mathlib.Analysis.Calculus.ContDiff.Convolution transitive imports (legacy)",
       "ac79018d900466c4"],
      ["Mathlib.Analysis.Calculus.ContDiff.Convolution:importAllArts",
       "b36c747f3d593799"],
      ["Mathlib.Analysis.SpecialFunctions.ImproperIntegrals transitive imports (legacy)",
       "9cfc9690e15a7fca"],
      ["Mathlib.Analysis.SpecialFunctions.ImproperIntegrals:importAllArts",
       "d326b58c219043c9"],
      ["Mathlib.Analysis.SpecialFunctions.Integrals.Basic transitive imports (legacy)",
       "1d6b2d053c2749ee"],
      ["Mathlib.Analysis.SpecialFunctions.Integrals.Basic:importAllArts",
       "88a70b10e115ba3a"],
      ["Zeta23.Defs transitive imports (legacy)", "2dbf5e07cb13524f"],
      ["Zeta23.Defs:importAllArts", "c98c0a4d64817972"]]]]],
  ["libs",
   [["import dynlibs", "00000000000006bb"],
    ["package external libraries", "00000000000006bb"],
    ["module dynlibs", "00000000000006bb"],
    ["module plugins", "00000000000006bb"]]],
  ["Lean 4.33.0, commit d8b18978322de05a8f3dba51ef03cf5461676c17",
   "3eca9d16ab6c877d"],
  ["/home/vstaln/riemann/research/lean-zeta-23/Zeta23/ExplicitFormula.lean",
   "aa21a75ddb1d3cd3"],
  ["options",
   [["-DrelaxedAutoImplicit=false", "74a2b5546b55be80"],
    ["-Dpp.unicode.fun=true", "9b94070140457fab"]]],
  ["isModule: false", "feefd2a0d3a1847e"],
  ["Module.name: Zeta23.ExplicitFormula", "717379149b5ce6fd"],
  ["Package.id?: (some Zeta23)", "31803ca4013655a1"],
  ["Module.leanArgs: #[]", "00000000000006bb"]],
 "depHash": "91fca5333bde55fa"}