{"synthetic": false,
 "schemaVersion": "2025-09-10",
 "outputs":
 {"o": ["895ede1ee0ce84f9.olean"],
  "m": false,
  "i": "a1802758d2d8a510.ilean",
  "c": "c42011d3b2f5b3b0.c"},
 "log":
 [{"message":
   ".> LEAN_PATH=/home/vstaln/riemann/research/lean-zeta-23/.lake/packages/Cli/.lake/build/lib/lean:/home/vstaln/riemann/research/lean-zeta-23/.lake/packages/batteries/.lake/build/lib/lean:/home/vstaln/riemann/research/lean-zeta-23/.lake/packages/Qq/.lake/build/lib/lean:/home/vstaln/riemann/research/lean-zeta-23/.lake/packages/aesop/.lake/build/lib/lean:/home/vstaln/riemann/research/lean-zeta-23/.lake/packages/proofwidgets/.lake/build/lib/lean:/home/vstaln/riemann/research/lean-zeta-23/.lake/packages/importGraph/.lake/build/lib/lean:/home/vstaln/riemann/research/lean-zeta-23/.lake/packages/LeanSearchClient/.lake/build/lib/lean:/home/vstaln/riemann/research/lean-zeta-23/.lake/packages/plausible/.lake/build/lib/lean:/home/vstaln/riemann/research/lean-zeta-23/.lake/packages/mathlib/.lake/build/lib/lean:/home/vstaln/riemann/research/lean-zeta-23/.lake/build/lib/lean /home/vstaln/.elan/toolchains/leanprover--lean4---v4.33.0-rc2/bin/lean /home/vstaln/riemann/research/lean-zeta-23/Zeta23/FinalMult.lean -o /home/vstaln/riemann/research/lean-zeta-23/.lake/build/lib/lean/Zeta23/FinalMult.olean -i /home/vstaln/riemann/research/lean-zeta-23/.lake/build/lib/lean/Zeta23/FinalMult.ilean -c /home/vstaln/riemann/research/lean-zeta-23/.lake/build/ir/Zeta23/FinalMult.c --setup /home/vstaln/riemann/research/lean-zeta-23/.lake/build/ir/Zeta23/FinalMult.setup.json --json",
   "level": "trace"}],
 "inputs":
 [["deps",
   [["Zeta23/Zeta23:extraDep", [["@Zeta23:extraDep", "00000000000006bb"]]],
    ["imports",
     [["Zeta23.Final transitive imports (legacy)", "d5f564f7fd955b41"],
      ["Zeta23.Final:importAllArts", "11ccf991531c7e4f"],
      ["Zeta23.Assembly.SeamMult transitive imports (legacy)",
       "34c7bd27f941029e"],
      ["Zeta23.Assembly.SeamMult:importAllArts", "e2bd4f8319080db4"],
      ["Zeta23.Assembly.Certificate transitive imports (legacy)",
       "edbf5b7575226dd2"],
      ["Zeta23.Assembly.Certificate:importAllArts", "a6d4d42d2cd6f7dd"],
      ["Zeta23.Assembly.CertificateC3 transitive imports (legacy)",
       "718d8a2afe98d6d6"],
      ["Zeta23.Assembly.CertificateC3:importAllArts", "aea86f64b1d1acae"],
      ["Zeta23.ZeroSide.Final transitive imports (legacy)", "31d764abcbd5a2f7"],
      ["Zeta23.ZeroSide.Final:importAllArts", "cd6f8c3dc3497175"],
      ["Zeta23.ThmD.Limit transitive imports (legacy)", "a13e551cd9743331"],
      ["Zeta23.ThmD.Limit:importAllArts", "18a173f6ecf6abdd"]]]]],
  ["libs",
   [["import dynlibs", "00000000000006bb"],
    ["package external libraries", "00000000000006bb"],
    ["module dynlibs", "00000000000006bb"],
    ["module plugins", "00000000000006bb"]]],
  ["Lean 4.33.0, commit d8b18978322de05a8f3dba51ef03cf5461676c17",
   "3eca9d16ab6c877d"],
  ["/home/vstaln/riemann/research/lean-zeta-23/Zeta23/FinalMult.lean",
   "a0cbcc3e3590d84d"],
  ["options",
   [["-DrelaxedAutoImplicit=false", "74a2b5546b55be80"],
    ["-Dpp.unicode.fun=true", "9b94070140457fab"]]],
  ["isModule: false", "feefd2a0d3a1847e"],
  ["Module.name: Zeta23.FinalMult", "ee7cdadec6388727"],
  ["Package.id?: (some Zeta23)", "31803ca4013655a1"],
  ["Module.leanArgs: #[]", "00000000000006bb"]],
 "depHash": "5647bbd11e43025e"}