{"synthetic": false,
 "schemaVersion": "2025-09-10",
 "outputs":
 {"o": ["d8909287fe4741f3.olean"],
  "m": false,
  "i": "aa6f25b639e68d07.ilean",
  "c": "3ae0e2cc90b990aa.c"},
 "log":
 [{"message":
   ".> LEAN_PATH=/home/vstaln/riemann/research/lean-zeta-23/.lake/packages/Cli/.lake/build/lib/lean:/home/vstaln/riemann/research/lean-zeta-23/.lake/packages/batteries/.lake/build/lib/lean:/home/vstaln/riemann/research/lean-zeta-23/.lake/packages/Qq/.lake/build/lib/lean:/home/vstaln/riemann/research/lean-zeta-23/.lake/packages/aesop/.lake/build/lib/lean:/home/vstaln/riemann/research/lean-zeta-23/.lake/packages/proofwidgets/.lake/build/lib/lean:/home/vstaln/riemann/research/lean-zeta-23/.lake/packages/importGraph/.lake/build/lib/lean:/home/vstaln/riemann/research/lean-zeta-23/.lake/packages/LeanSearchClient/.lake/build/lib/lean:/home/vstaln/riemann/research/lean-zeta-23/.lake/packages/plausible/.lake/build/lib/lean:/home/vstaln/riemann/research/lean-zeta-23/.lake/packages/mathlib/.lake/build/lib/lean:/home/vstaln/riemann/research/lean-zeta-23/.lake/build/lib/lean /home/vstaln/.elan/toolchains/leanprover--lean4---v4.33.0-rc2/bin/lean /home/vstaln/riemann/research/lean-zeta-23/Zeta23/Final.lean -o /home/vstaln/riemann/research/lean-zeta-23/.lake/build/lib/lean/Zeta23/Final.olean -i /home/vstaln/riemann/research/lean-zeta-23/.lake/build/lib/lean/Zeta23/Final.ilean -c /home/vstaln/riemann/research/lean-zeta-23/.lake/build/ir/Zeta23/Final.c --setup /home/vstaln/riemann/research/lean-zeta-23/.lake/build/ir/Zeta23/Final.setup.json --json",
   "level": "trace"}],
 "inputs":
 [["deps",
   [["Zeta23/Zeta23:extraDep", [["@Zeta23:extraDep", "00000000000006bb"]]],
    ["imports",
     [["Zeta23.Main transitive imports (legacy)", "ec856af7752bd37f"],
      ["Zeta23.Main:importAllArts", "eead48c0943796a3"],
      ["Zeta23.Defs.Profile transitive imports (legacy)", "744a55313fe3fe31"],
      ["Zeta23.Defs.Profile:importAllArts", "50fb92e24f57b067"],
      ["Zeta23.PrimeSideB.Final transitive imports (legacy)",
       "0a4ba70769277362"],
      ["Zeta23.PrimeSideB.Final:importAllArts", "58091558348507cf"],
      ["Zeta23.MV transitive imports (legacy)", "5045aa073663c6ea"],
      ["Zeta23.MV:importAllArts", "d061faa2328c8010"],
      ["Zeta23.MV.Final transitive imports (legacy)", "7b5804ae533ec492"],
      ["Zeta23.MV.Final:importAllArts", "f4673fe843b7b689"],
      ["Zeta23.GammaFacts.Complete transitive imports (legacy)",
       "9df52c95aa122609"],
      ["Zeta23.GammaFacts.Complete:importAllArts", "4c34a238177b8136"],
      ["Zeta23.RvM.Statement transitive imports (legacy)", "f670f59ee891c83e"],
      ["Zeta23.RvM.Statement:importAllArts", "d040c290d1c12742"],
      ["Zeta23.WeilEF.Main transitive imports (legacy)", "f7d1f5d63048d47b"],
      ["Zeta23.WeilEF.Main:importAllArts", "25942987f9e04333"]]]]],
  ["libs",
   [["import dynlibs", "00000000000006bb"],
    ["package external libraries", "00000000000006bb"],
    ["module dynlibs", "00000000000006bb"],
    ["module plugins", "00000000000006bb"]]],
  ["Lean 4.33.0, commit d8b18978322de05a8f3dba51ef03cf5461676c17",
   "3eca9d16ab6c877d"],
  ["/home/vstaln/riemann/research/lean-zeta-23/Zeta23/Final.lean",
   "2cffcb5f06296497"],
  ["options",
   [["-DrelaxedAutoImplicit=false", "74a2b5546b55be80"],
    ["-Dpp.unicode.fun=true", "9b94070140457fab"]]],
  ["isModule: false", "feefd2a0d3a1847e"],
  ["Module.name: Zeta23.Final", "eeb23adf83d50342"],
  ["Package.id?: (some Zeta23)", "31803ca4013655a1"],
  ["Module.leanArgs: #[]", "00000000000006bb"]],
 "depHash": "a10275ecc6a9f9de"}