{"synthetic": false,
 "schemaVersion": "2025-09-10",
 "outputs":
 {"o": ["0a7b2f2c8e5a09b2.olean"],
  "m": false,
  "i": "39860abd2dd0f149.ilean",
  "c": "1c5fd6c088e56a50.c"},
 "log":
 [{"message":
   ".> LEAN_PATH=/home/vstaln/riemann/research/lean-zeta-23/.lake/packages/Cli/.lake/build/lib/lean:/home/vstaln/riemann/research/lean-zeta-23/.lake/packages/batteries/.lake/build/lib/lean:/home/vstaln/riemann/research/lean-zeta-23/.lake/packages/Qq/.lake/build/lib/lean:/home/vstaln/riemann/research/lean-zeta-23/.lake/packages/aesop/.lake/build/lib/lean:/home/vstaln/riemann/research/lean-zeta-23/.lake/packages/proofwidgets/.lake/build/lib/lean:/home/vstaln/riemann/research/lean-zeta-23/.lake/packages/importGraph/.lake/build/lib/lean:/home/vstaln/riemann/research/lean-zeta-23/.lake/packages/LeanSearchClient/.lake/build/lib/lean:/home/vstaln/riemann/research/lean-zeta-23/.lake/packages/plausible/.lake/build/lib/lean:/home/vstaln/riemann/research/lean-zeta-23/.lake/packages/mathlib/.lake/build/lib/lean:/home/vstaln/riemann/research/lean-zeta-23/.lake/build/lib/lean /home/vstaln/.elan/toolchains/leanprover--lean4---v4.33.0-rc2/bin/lean /home/vstaln/riemann/research/lean-zeta-23/Zeta23/GammaFacts.lean -o /home/vstaln/riemann/research/lean-zeta-23/.lake/build/lib/lean/Zeta23/GammaFacts.olean -i /home/vstaln/riemann/research/lean-zeta-23/.lake/build/lib/lean/Zeta23/GammaFacts.ilean -c /home/vstaln/riemann/research/lean-zeta-23/.lake/build/ir/Zeta23/GammaFacts.c --setup /home/vstaln/riemann/research/lean-zeta-23/.lake/build/ir/Zeta23/GammaFacts.setup.json --json",
   "level": "trace"}],
 "inputs":
 [["deps",
   [["Zeta23/Zeta23:extraDep", [["@Zeta23:extraDep", "00000000000006bb"]]],
    ["imports",
     [["Zeta23.Defs transitive imports (legacy)", "2dbf5e07cb13524f"],
      ["Zeta23.Defs:importAllArts", "c98c0a4d64817972"],
      ["Mathlib.Analysis.Calculus.Deriv.Star transitive imports (legacy)",
       "1368de83a2b6dbcb"],
      ["Mathlib.Analysis.Calculus.Deriv.Star:importAllArts",
       "3decd3361d2cb780"],
      ["Mathlib.Analysis.Complex.CauchyIntegral transitive imports (legacy)",
       "3e3e23907176d380"],
      ["Mathlib.Analysis.Complex.CauchyIntegral:importAllArts",
       "0fbc377e5397df22"],
      ["Mathlib.Analysis.Complex.Basic transitive imports (legacy)",
       "adaba90bc6b82e54"],
      ["Mathlib.Analysis.Complex.Basic:importAllArts", "540975580eca01f0"]]]]],
  ["libs",
   [["import dynlibs", "00000000000006bb"],
    ["package external libraries", "00000000000006bb"],
    ["module dynlibs", "00000000000006bb"],
    ["module plugins", "00000000000006bb"]]],
  ["Lean 4.33.0, commit d8b18978322de05a8f3dba51ef03cf5461676c17",
   "3eca9d16ab6c877d"],
  ["/home/vstaln/riemann/research/lean-zeta-23/Zeta23/GammaFacts.lean",
   "7651c0e9964b0c31"],
  ["options",
   [["-DrelaxedAutoImplicit=false", "74a2b5546b55be80"],
    ["-Dpp.unicode.fun=true", "9b94070140457fab"]]],
  ["isModule: false", "feefd2a0d3a1847e"],
  ["Module.name: Zeta23.GammaFacts", "e087ed7e5ab1ace9"],
  ["Package.id?: (some Zeta23)", "31803ca4013655a1"],
  ["Module.leanArgs: #[]", "00000000000006bb"]],
 "depHash": "fde0bc15e1752bd3"}