{"synthetic": false,
 "schemaVersion": "2025-09-10",
 "outputs":
 {"o": ["0b28c84fc82bfe05.olean"],
  "m": false,
  "i": "9aa7184143e30976.ilean",
  "c": "fbd265ca611c3563.c"},
 "log":
 [{"message":
   ".> LEAN_PATH=/home/vstaln/riemann/research/lean-zeta-23/.lake/packages/Cli/.lake/build/lib/lean:/home/vstaln/riemann/research/lean-zeta-23/.lake/packages/batteries/.lake/build/lib/lean:/home/vstaln/riemann/research/lean-zeta-23/.lake/packages/Qq/.lake/build/lib/lean:/home/vstaln/riemann/research/lean-zeta-23/.lake/packages/aesop/.lake/build/lib/lean:/home/vstaln/riemann/research/lean-zeta-23/.lake/packages/proofwidgets/.lake/build/lib/lean:/home/vstaln/riemann/research/lean-zeta-23/.lake/packages/importGraph/.lake/build/lib/lean:/home/vstaln/riemann/research/lean-zeta-23/.lake/packages/LeanSearchClient/.lake/build/lib/lean:/home/vstaln/riemann/research/lean-zeta-23/.lake/packages/plausible/.lake/build/lib/lean:/home/vstaln/riemann/research/lean-zeta-23/.lake/packages/mathlib/.lake/build/lib/lean:/home/vstaln/riemann/research/lean-zeta-23/.lake/build/lib/lean /home/vstaln/.elan/toolchains/leanprover--lean4---v4.33.0-rc2/bin/lean /home/vstaln/riemann/research/lean-zeta-23/Zeta23/Hypotheses.lean -o /home/vstaln/riemann/research/lean-zeta-23/.lake/build/lib/lean/Zeta23/Hypotheses.olean -i /home/vstaln/riemann/research/lean-zeta-23/.lake/build/lib/lean/Zeta23/Hypotheses.ilean -c /home/vstaln/riemann/research/lean-zeta-23/.lake/build/ir/Zeta23/Hypotheses.c --setup /home/vstaln/riemann/research/lean-zeta-23/.lake/build/ir/Zeta23/Hypotheses.setup.json --json",
   "level": "trace"}],
 "inputs":
 [["deps",
   [["Zeta23/Zeta23:extraDep", [["@Zeta23:extraDep", "00000000000006bb"]]],
    ["imports",
     [["Zeta23.Defs transitive imports (legacy)", "2dbf5e07cb13524f"],
      ["Zeta23.Defs:importAllArts", "c98c0a4d64817972"],
      ["Mathlib.Analysis.Calculus.ContDiff.Defs transitive imports (legacy)",
       "d5b3fef5e6f8af79"],
      ["Mathlib.Analysis.Calculus.ContDiff.Defs:importAllArts",
       "bb980d755432321f"],
      ["Mathlib.MeasureTheory.Integral.IntervalIntegral.Basic transitive imports (legacy)",
       "851a499cb8d43e7c"],
      ["Mathlib.MeasureTheory.Integral.IntervalIntegral.Basic:importAllArts",
       "132be348051585da"]]]]],
  ["libs",
   [["import dynlibs", "00000000000006bb"],
    ["package external libraries", "00000000000006bb"],
    ["module dynlibs", "00000000000006bb"],
    ["module plugins", "00000000000006bb"]]],
  ["Lean 4.33.0, commit d8b18978322de05a8f3dba51ef03cf5461676c17",
   "3eca9d16ab6c877d"],
  ["/home/vstaln/riemann/research/lean-zeta-23/Zeta23/Hypotheses.lean",
   "a85e8d6f666cc7c0"],
  ["options",
   [["-DrelaxedAutoImplicit=false", "74a2b5546b55be80"],
    ["-Dpp.unicode.fun=true", "9b94070140457fab"]]],
  ["isModule: false", "feefd2a0d3a1847e"],
  ["Module.name: Zeta23.Hypotheses", "e925e45d5ae9588f"],
  ["Package.id?: (some Zeta23)", "31803ca4013655a1"],
  ["Module.leanArgs: #[]", "00000000000006bb"]],
 "depHash": "71fb0ff31458ccb2"}