{"synthetic": false,
 "schemaVersion": "2025-09-10",
 "outputs":
 {"o": ["6851e60ecaf1c886.olean"],
  "m": false,
  "i": "9e3c42fe13c9b8ff.ilean",
  "c": "50e10fb35e4e8ff7.c"},
 "log":
 [{"message":
   ".> LEAN_PATH=/home/vstaln/riemann/research/lean-zeta-23/.lake/packages/Cli/.lake/build/lib/lean:/home/vstaln/riemann/research/lean-zeta-23/.lake/packages/batteries/.lake/build/lib/lean:/home/vstaln/riemann/research/lean-zeta-23/.lake/packages/Qq/.lake/build/lib/lean:/home/vstaln/riemann/research/lean-zeta-23/.lake/packages/aesop/.lake/build/lib/lean:/home/vstaln/riemann/research/lean-zeta-23/.lake/packages/proofwidgets/.lake/build/lib/lean:/home/vstaln/riemann/research/lean-zeta-23/.lake/packages/importGraph/.lake/build/lib/lean:/home/vstaln/riemann/research/lean-zeta-23/.lake/packages/LeanSearchClient/.lake/build/lib/lean:/home/vstaln/riemann/research/lean-zeta-23/.lake/packages/plausible/.lake/build/lib/lean:/home/vstaln/riemann/research/lean-zeta-23/.lake/packages/mathlib/.lake/build/lib/lean:/home/vstaln/riemann/research/lean-zeta-23/.lake/build/lib/lean /home/vstaln/.elan/toolchains/leanprover--lean4---v4.33.0-rc2/bin/lean /home/vstaln/riemann/research/lean-zeta-23/Zeta23/Main.lean -o /home/vstaln/riemann/research/lean-zeta-23/.lake/build/lib/lean/Zeta23/Main.olean -i /home/vstaln/riemann/research/lean-zeta-23/.lake/build/lib/lean/Zeta23/Main.ilean -c /home/vstaln/riemann/research/lean-zeta-23/.lake/build/ir/Zeta23/Main.c --setup /home/vstaln/riemann/research/lean-zeta-23/.lake/build/ir/Zeta23/Main.setup.json --json",
   "level": "trace"}],
 "inputs":
 [["deps",
   [["Zeta23/Zeta23:extraDep", [["@Zeta23:extraDep", "00000000000006bb"]]],
    ["imports",
     [["Zeta23.Statement.Seam transitive imports (legacy)", "af67695544517e61"],
      ["Zeta23.Statement.Seam:importAllArts", "0bd1f273f6feb724"],
      ["Zeta23.Assembly transitive imports (legacy)", "d677cf1927736b50"],
      ["Zeta23.Assembly:importAllArts", "4b82333db3fd26ea"],
      ["Zeta23.Hypotheses.GzGp transitive imports (legacy)",
       "768ce4ea437bbd99"],
      ["Zeta23.Hypotheses.GzGp:importAllArts", "3ee7d5d1557e74d1"],
      ["Zeta23.Statement.SeamClosed transitive imports (legacy)",
       "bc88e0a08d1b10ff"],
      ["Zeta23.Statement.SeamClosed:importAllArts", "c7bd464fc73ef300"],
      ["Zeta23.Defs.Profile transitive imports (legacy)", "744a55313fe3fe31"],
      ["Zeta23.Defs.Profile:importAllArts", "50fb92e24f57b067"],
      ["Zeta23.Taper.Params transitive imports (legacy)", "747ee22007462ec4"],
      ["Zeta23.Taper.Params:importAllArts", "ed24c3d4e6ceeeca"],
      ["Zeta23.Tail transitive imports (legacy)", "ca57eee749ae888f"],
      ["Zeta23.Tail:importAllArts", "4b2eb461b5210ad9"],
      ["Zeta23.Tail.Package transitive imports (legacy)", "488e588c760c9e84"],
      ["Zeta23.Tail.Package:importAllArts", "3d2aaccc9d838955"],
      ["Zeta23.ZeroSide transitive imports (legacy)", "ab5229d1917ef66b"],
      ["Zeta23.ZeroSide:importAllArts", "3cfdf79a512a93c2"],
      ["Zeta23.Poisson transitive imports (legacy)", "8a3a023510d096eb"],
      ["Zeta23.Poisson:importAllArts", "98e19a372c4936c0"],
      ["Zeta23.PrimeSideTemp transitive imports (legacy)", "331daf5af652c763"],
      ["Zeta23.PrimeSideTemp:importAllArts", "309f90c67b162e3f"],
      ["Zeta23.ExplicitFormula.Bridge transitive imports (legacy)",
       "0155f32b94a41c7a"],
      ["Zeta23.ExplicitFormula.Bridge:importAllArts", "ac6778674f5409e2"],
      ["Zeta23.Chebyshev transitive imports (legacy)", "ef64d920ceddcdaf"],
      ["Zeta23.Chebyshev:importAllArts", "725f6d7a77b57e75"]]]]],
  ["libs",
   [["import dynlibs", "00000000000006bb"],
    ["package external libraries", "00000000000006bb"],
    ["module dynlibs", "00000000000006bb"],
    ["module plugins", "00000000000006bb"]]],
  ["Lean 4.33.0, commit d8b18978322de05a8f3dba51ef03cf5461676c17",
   "3eca9d16ab6c877d"],
  ["/home/vstaln/riemann/research/lean-zeta-23/Zeta23/Main.lean",
   "32b8bb431bf7d471"],
  ["options",
   [["-DrelaxedAutoImplicit=false", "74a2b5546b55be80"],
    ["-Dpp.unicode.fun=true", "9b94070140457fab"]]],
  ["isModule: false", "feefd2a0d3a1847e"],
  ["Module.name: Zeta23.Main", "ae28ea70b30bf76e"],
  ["Package.id?: (some Zeta23)", "31803ca4013655a1"],
  ["Module.leanArgs: #[]", "00000000000006bb"]],
 "depHash": "1526ac8490167394"}