{"synthetic": false,
 "schemaVersion": "2025-09-10",
 "outputs":
 {"o": ["2003829818a13f36.olean"],
  "m": false,
  "i": "3293f5ace06405cf.ilean",
  "c": "9362c24b2cd3b281.c"},
 "log":
 [{"message":
   ".> LEAN_PATH=/home/vstaln/riemann/research/lean-zeta-23/.lake/packages/Cli/.lake/build/lib/lean:/home/vstaln/riemann/research/lean-zeta-23/.lake/packages/batteries/.lake/build/lib/lean:/home/vstaln/riemann/research/lean-zeta-23/.lake/packages/Qq/.lake/build/lib/lean:/home/vstaln/riemann/research/lean-zeta-23/.lake/packages/aesop/.lake/build/lib/lean:/home/vstaln/riemann/research/lean-zeta-23/.lake/packages/proofwidgets/.lake/build/lib/lean:/home/vstaln/riemann/research/lean-zeta-23/.lake/packages/importGraph/.lake/build/lib/lean:/home/vstaln/riemann/research/lean-zeta-23/.lake/packages/LeanSearchClient/.lake/build/lib/lean:/home/vstaln/riemann/research/lean-zeta-23/.lake/packages/plausible/.lake/build/lib/lean:/home/vstaln/riemann/research/lean-zeta-23/.lake/packages/mathlib/.lake/build/lib/lean:/home/vstaln/riemann/research/lean-zeta-23/.lake/build/lib/lean /home/vstaln/.elan/toolchains/leanprover--lean4---v4.33.0-rc2/bin/lean /home/vstaln/riemann/research/lean-zeta-23/Zeta23/Poisson.lean -o /home/vstaln/riemann/research/lean-zeta-23/.lake/build/lib/lean/Zeta23/Poisson.olean -i /home/vstaln/riemann/research/lean-zeta-23/.lake/build/lib/lean/Zeta23/Poisson.ilean -c /home/vstaln/riemann/research/lean-zeta-23/.lake/build/ir/Zeta23/Poisson.c --setup /home/vstaln/riemann/research/lean-zeta-23/.lake/build/ir/Zeta23/Poisson.setup.json --json",
   "level": "trace"}],
 "inputs":
 [["deps",
   [["Zeta23/Zeta23:extraDep", [["@Zeta23:extraDep", "00000000000006bb"]]],
    ["imports",
     [["Mathlib.Analysis.Fourier.PoissonSummation transitive imports (legacy)",
       "96587952a6116f2c"],
      ["Mathlib.Analysis.Fourier.PoissonSummation:importAllArts",
       "ff15a79dcef4835a"],
      ["Mathlib.MeasureTheory.Measure.Haar.NormedSpace transitive imports (legacy)",
       "6a92b42edb6ee692"],
      ["Mathlib.MeasureTheory.Measure.Haar.NormedSpace:importAllArts",
       "ea2c200e28545ffc"],
      ["Mathlib.MeasureTheory.Integral.Prod transitive imports (legacy)",
       "93d41fe1f651ae1f"],
      ["Mathlib.MeasureTheory.Integral.Prod:importAllArts", "5a8cd97d4deee373"],
      ["Zeta23.Defs transitive imports (legacy)", "2dbf5e07cb13524f"],
      ["Zeta23.Defs:importAllArts", "c98c0a4d64817972"],
      ["Zeta23.Poisson.PaperFT transitive imports (legacy)",
       "fc1a2a77f585b517"],
      ["Zeta23.Poisson.PaperFT:importAllArts", "cc74a1576951592b"],
      ["Zeta23.Taper.Strip transitive imports (legacy)", "7fd8585d04dc216d"],
      ["Zeta23.Taper.Strip:importAllArts", "670d0c26f2e1c02e"],
      ["Zeta23.Taper.Fourier transitive imports (legacy)", "b8838ff15bb249a9"],
      ["Zeta23.Taper.Fourier:importAllArts", "147bf608bd4ab249"]]]]],
  ["libs",
   [["import dynlibs", "00000000000006bb"],
    ["package external libraries", "00000000000006bb"],
    ["module dynlibs", "00000000000006bb"],
    ["module plugins", "00000000000006bb"]]],
  ["Lean 4.33.0, commit d8b18978322de05a8f3dba51ef03cf5461676c17",
   "3eca9d16ab6c877d"],
  ["/home/vstaln/riemann/research/lean-zeta-23/Zeta23/Poisson.lean",
   "103d4d4db4cf1e80"],
  ["options",
   [["-DrelaxedAutoImplicit=false", "74a2b5546b55be80"],
    ["-Dpp.unicode.fun=true", "9b94070140457fab"]]],
  ["isModule: false", "feefd2a0d3a1847e"],
  ["Module.name: Zeta23.Poisson", "a085d5d904a3503a"],
  ["Package.id?: (some Zeta23)", "31803ca4013655a1"],
  ["Module.leanArgs: #[]", "00000000000006bb"]],
 "depHash": "dbaeb52eb363e4a4"}