{"synthetic": false,
 "schemaVersion": "2025-09-10",
 "outputs":
 {"o": ["6342b799773c0958.olean"],
  "m": false,
  "i": "09e04da3ef52776d.ilean",
  "c": "b28c2b2e3547ea62.c"},
 "log":
 [{"message":
   ".> LEAN_PATH=/home/vstaln/riemann/research/lean-zeta-23/.lake/packages/Cli/.lake/build/lib/lean:/home/vstaln/riemann/research/lean-zeta-23/.lake/packages/batteries/.lake/build/lib/lean:/home/vstaln/riemann/research/lean-zeta-23/.lake/packages/Qq/.lake/build/lib/lean:/home/vstaln/riemann/research/lean-zeta-23/.lake/packages/aesop/.lake/build/lib/lean:/home/vstaln/riemann/research/lean-zeta-23/.lake/packages/proofwidgets/.lake/build/lib/lean:/home/vstaln/riemann/research/lean-zeta-23/.lake/packages/importGraph/.lake/build/lib/lean:/home/vstaln/riemann/research/lean-zeta-23/.lake/packages/LeanSearchClient/.lake/build/lib/lean:/home/vstaln/riemann/research/lean-zeta-23/.lake/packages/plausible/.lake/build/lib/lean:/home/vstaln/riemann/research/lean-zeta-23/.lake/packages/mathlib/.lake/build/lib/lean:/home/vstaln/riemann/research/lean-zeta-23/.lake/build/lib/lean /home/vstaln/.elan/toolchains/leanprover--lean4---v4.33.0-rc2/bin/lean /home/vstaln/riemann/research/lean-zeta-23/Zeta23/PrimeSideB.lean -o /home/vstaln/riemann/research/lean-zeta-23/.lake/build/lib/lean/Zeta23/PrimeSideB.olean -i /home/vstaln/riemann/research/lean-zeta-23/.lake/build/lib/lean/Zeta23/PrimeSideB.ilean -c /home/vstaln/riemann/research/lean-zeta-23/.lake/build/ir/Zeta23/PrimeSideB.c --setup /home/vstaln/riemann/research/lean-zeta-23/.lake/build/ir/Zeta23/PrimeSideB.setup.json --json",
   "level": "trace"}],
 "inputs":
 [["deps",
   [["Zeta23/Zeta23:extraDep", [["@Zeta23:extraDep", "00000000000006bb"]]],
    ["imports",
     [["Zeta23.PrimeSideTemp transitive imports (legacy)", "331daf5af652c763"],
      ["Zeta23.PrimeSideTemp:importAllArts", "309f90c67b162e3f"],
      ["Mathlib.Analysis.Complex.ExponentialBounds transitive imports (legacy)",
       "46e87cbc14808934"],
      ["Mathlib.Analysis.Complex.ExponentialBounds:importAllArts",
       "0732e04ea6ba3096"],
      ["Mathlib.Analysis.Real.Pi.Bounds transitive imports (legacy)",
       "78539a80f65c473b"],
      ["Mathlib.Analysis.Real.Pi.Bounds:importAllArts", "134c6e1cfb20bfa5"],
      ["Mathlib.Analysis.SpecialFunctions.Pow.Asymptotics transitive imports (legacy)",
       "c9224b8d20a3d6fa"],
      ["Mathlib.Analysis.SpecialFunctions.Pow.Asymptotics:importAllArts",
       "24b385aa6a708413"],
      ["Mathlib.Analysis.Asymptotics.Lemmas transitive imports (legacy)",
       "4c90b954558a910f"],
      ["Mathlib.Analysis.Asymptotics.Lemmas:importAllArts", "38ce5d31fe5d1b9f"],
      ["Mathlib.Analysis.SpecialFunctions.Log.Basic transitive imports (legacy)",
       "6cc447fc1c906b31"],
      ["Mathlib.Analysis.SpecialFunctions.Log.Basic:importAllArts",
       "7c4c1ad04264623f"]]]]],
  ["libs",
   [["import dynlibs", "00000000000006bb"],
    ["package external libraries", "00000000000006bb"],
    ["module dynlibs", "00000000000006bb"],
    ["module plugins", "00000000000006bb"]]],
  ["Lean 4.33.0, commit d8b18978322de05a8f3dba51ef03cf5461676c17",
   "3eca9d16ab6c877d"],
  ["/home/vstaln/riemann/research/lean-zeta-23/Zeta23/PrimeSideB.lean",
   "564a7e42799517a9"],
  ["options",
   [["-DrelaxedAutoImplicit=false", "74a2b5546b55be80"],
    ["-Dpp.unicode.fun=true", "9b94070140457fab"]]],
  ["isModule: false", "feefd2a0d3a1847e"],
  ["Module.name: Zeta23.PrimeSideB", "96317eff0f16c8fa"],
  ["Package.id?: (some Zeta23)", "31803ca4013655a1"],
  ["Module.leanArgs: #[]", "00000000000006bb"]],
 "depHash": "c58732590fefd1e2"}