{"synthetic": false,
 "schemaVersion": "2025-09-10",
 "outputs":
 {"o": ["7c91d7d4962f7627.olean"],
  "m": false,
  "i": "d954a5184cbedc50.ilean",
  "c": "3f8ca29a6ca13e74.c"},
 "log":
 [{"message":
   ".> LEAN_PATH=/home/vstaln/riemann/research/lean-zeta-23/.lake/packages/Cli/.lake/build/lib/lean:/home/vstaln/riemann/research/lean-zeta-23/.lake/packages/batteries/.lake/build/lib/lean:/home/vstaln/riemann/research/lean-zeta-23/.lake/packages/Qq/.lake/build/lib/lean:/home/vstaln/riemann/research/lean-zeta-23/.lake/packages/aesop/.lake/build/lib/lean:/home/vstaln/riemann/research/lean-zeta-23/.lake/packages/proofwidgets/.lake/build/lib/lean:/home/vstaln/riemann/research/lean-zeta-23/.lake/packages/importGraph/.lake/build/lib/lean:/home/vstaln/riemann/research/lean-zeta-23/.lake/packages/LeanSearchClient/.lake/build/lib/lean:/home/vstaln/riemann/research/lean-zeta-23/.lake/packages/plausible/.lake/build/lib/lean:/home/vstaln/riemann/research/lean-zeta-23/.lake/packages/mathlib/.lake/build/lib/lean:/home/vstaln/riemann/research/lean-zeta-23/.lake/build/lib/lean /home/vstaln/.elan/toolchains/leanprover--lean4---v4.33.0-rc2/bin/lean /home/vstaln/riemann/research/lean-zeta-23/Zeta23/PrimeSideA.lean -o /home/vstaln/riemann/research/lean-zeta-23/.lake/build/lib/lean/Zeta23/PrimeSideA.olean -i /home/vstaln/riemann/research/lean-zeta-23/.lake/build/lib/lean/Zeta23/PrimeSideA.ilean -c /home/vstaln/riemann/research/lean-zeta-23/.lake/build/ir/Zeta23/PrimeSideA.c --setup /home/vstaln/riemann/research/lean-zeta-23/.lake/build/ir/Zeta23/PrimeSideA.setup.json --json",
   "level": "trace"},
  {"message":
   "Zeta23/PrimeSideA.lean:372:0: lem_ends : ∀ (cϱ lam : ℝ),\n  GammaFacts →\n    ChebyshevMertens →\n      0 < lam ∧ lam ≤ 1 →\n        ∃ C, EventuallyAtCore cϱ lam fun p F ↦ |trGt2A p F - MtotalA p F| ≤ C * (p.L * p.l * log p.l * (p.l ^ 2 + p.X))",
   "level": "info"},
  {"message":
   "Zeta23/PrimeSideA.lean:398:0: prop_mumu : ∀ (cϱ lam : ℝ),\n  GammaFacts →\n    ChebyshevMertens →\n      0 < lam ∧ lam ≤ 1 →\n        ∃ C,\n          EventuallyAtCore cϱ lam fun p F ↦\n            |Mform F.Phi p.T mu mu - 2 * π * F.b * p.L * ∫ (τ : ℝ) in p.T..2 * p.T, mu τ ^ 2| ≤ C * (p.l ^ 2 * log p.L)",
   "level": "info"},
  {"message":
   "Zeta23/PrimeSideA.lean:404:0: prop_cross_muP : ∀ (cϱ lam : ℝ),\n  GammaFacts →\n    ChebyshevMertens →\n      0 < lam ∧ lam ≤ 1 → ∃ C, EventuallyAtCore cϱ lam fun p F ↦ |Mform F.Phi p.T mu (PX p.X)| ≤ C * (p.l * √p.X)",
   "level": "info"}],
 "inputs":
 [["deps",
   [["Zeta23/Zeta23:extraDep", [["@Zeta23:extraDep", "00000000000006bb"]]],
    ["imports",
     [["Zeta23.PrimeSideA.Basic transitive imports (legacy)",
       "ffcabfa02d417c3c"],
      ["Zeta23.PrimeSideA.Basic:importAllArts", "7cb8f110ef0f485b"],
      ["Zeta23.PrimeSideA.MuMu transitive imports (legacy)",
       "1f1221db672cd790"],
      ["Zeta23.PrimeSideA.MuMu:importAllArts", "c67bb02ddd0f84e2"],
      ["Zeta23.PrimeSideA.CrossMuP transitive imports (legacy)",
       "58a9bb180c2ff099"],
      ["Zeta23.PrimeSideA.CrossMuP:importAllArts", "c4760f3e736a3b41"],
      ["Zeta23.PrimeSideA.Ends transitive imports (legacy)",
       "95738a4312b0e0e1"],
      ["Zeta23.PrimeSideA.Ends:importAllArts", "ae878b4438c2436e"]]]]],
  ["libs",
   [["import dynlibs", "00000000000006bb"],
    ["package external libraries", "00000000000006bb"],
    ["module dynlibs", "00000000000006bb"],
    ["module plugins", "00000000000006bb"]]],
  ["Lean 4.33.0, commit d8b18978322de05a8f3dba51ef03cf5461676c17",
   "3eca9d16ab6c877d"],
  ["/home/vstaln/riemann/research/lean-zeta-23/Zeta23/PrimeSideA.lean",
   "34b18feff26431c2"],
  ["options",
   [["-DrelaxedAutoImplicit=false", "74a2b5546b55be80"],
    ["-Dpp.unicode.fun=true", "9b94070140457fab"]]],
  ["isModule: false", "feefd2a0d3a1847e"],
  ["Module.name: Zeta23.PrimeSideA", "7c7658b03bfe0967"],
  ["Package.id?: (some Zeta23)", "31803ca4013655a1"],
  ["Module.leanArgs: #[]", "00000000000006bb"]],
 "depHash": "d90a2ab6ac208ee8"}