{"synthetic": false,
 "schemaVersion": "2025-09-10",
 "outputs":
 {"o": ["ed1459a9e6f8cfc9.olean"],
  "m": false,
  "i": "0b0816c86a50a66a.ilean",
  "c": "4f67032de889aac2.c"},
 "log":
 [{"message":
   ".> LEAN_PATH=/home/vstaln/riemann/research/lean-zeta-23/.lake/packages/Cli/.lake/build/lib/lean:/home/vstaln/riemann/research/lean-zeta-23/.lake/packages/batteries/.lake/build/lib/lean:/home/vstaln/riemann/research/lean-zeta-23/.lake/packages/Qq/.lake/build/lib/lean:/home/vstaln/riemann/research/lean-zeta-23/.lake/packages/aesop/.lake/build/lib/lean:/home/vstaln/riemann/research/lean-zeta-23/.lake/packages/proofwidgets/.lake/build/lib/lean:/home/vstaln/riemann/research/lean-zeta-23/.lake/packages/importGraph/.lake/build/lib/lean:/home/vstaln/riemann/research/lean-zeta-23/.lake/packages/LeanSearchClient/.lake/build/lib/lean:/home/vstaln/riemann/research/lean-zeta-23/.lake/packages/plausible/.lake/build/lib/lean:/home/vstaln/riemann/research/lean-zeta-23/.lake/packages/mathlib/.lake/build/lib/lean:/home/vstaln/riemann/research/lean-zeta-23/.lake/build/lib/lean /home/vstaln/.elan/toolchains/leanprover--lean4---v4.33.0-rc2/bin/lean /home/vstaln/riemann/research/lean-zeta-23/Zeta23/Tail.lean -o /home/vstaln/riemann/research/lean-zeta-23/.lake/build/lib/lean/Zeta23/Tail.olean -i /home/vstaln/riemann/research/lean-zeta-23/.lake/build/lib/lean/Zeta23/Tail.ilean -c /home/vstaln/riemann/research/lean-zeta-23/.lake/build/ir/Zeta23/Tail.c --setup /home/vstaln/riemann/research/lean-zeta-23/.lake/build/ir/Zeta23/Tail.setup.json --json",
   "level": "trace"},
  {"message":
   "Zeta23/Tail.lean:290:13: `Set.mem_setOf_eq` has been deprecated: Use `Set.mem_ofPred_eq` instead",
   "level": "warning"},
  {"message":
   "Zeta23/Tail.lean:399:17: `Set.mem_setOf_eq` has been deprecated: Use `Set.mem_ofPred_eq` instead",
   "level": "warning"}],
 "inputs":
 [["deps",
   [["Zeta23/Zeta23:extraDep", [["@Zeta23:extraDep", "00000000000006bb"]]],
    ["imports",
     [["Zeta23.Defs transitive imports (legacy)", "2dbf5e07cb13524f"],
      ["Zeta23.Defs:importAllArts", "c98c0a4d64817972"],
      ["Zeta23.Assembly.Inputs transitive imports (legacy)",
       "3755f8000808d2a6"],
      ["Zeta23.Assembly.Inputs:importAllArts", "bfd453034aab3193"],
      ["Zeta23.Tail.Basic transitive imports (legacy)", "1bf855a12bda5ab4"],
      ["Zeta23.Tail.Basic:importAllArts", "c27f97d6124a5d21"],
      ["Zeta23.Tail.Grid transitive imports (legacy)", "d89ff0b7ef4b5a6c"],
      ["Zeta23.Tail.Grid:importAllArts", "aee319a081f4f0ea"],
      ["Zeta23.Tail.Count transitive imports (legacy)", "36300a1fcf4bd22d"],
      ["Zeta23.Tail.Count:importAllArts", "fb58f95d20adc148"],
      ["Zeta23.Tail.RankOne transitive imports (legacy)", "c1531371951f7a23"],
      ["Zeta23.Tail.RankOne:importAllArts", "99e117ebdae91d47"],
      ["Mathlib.Topology.Instances.Matrix transitive imports (legacy)",
       "c7155422a772b904"],
      ["Mathlib.Topology.Instances.Matrix:importAllArts", "2df0d186a2da20cd"],
      ["Mathlib.Order.Filter.AtTopBot.Field transitive imports (legacy)",
       "9e6c417f1ac530d8"],
      ["Mathlib.Order.Filter.AtTopBot.Field:importAllArts",
       "53de51ad1e2e9444"]]]]],
  ["libs",
   [["import dynlibs", "00000000000006bb"],
    ["package external libraries", "00000000000006bb"],
    ["module dynlibs", "00000000000006bb"],
    ["module plugins", "00000000000006bb"]]],
  ["Lean 4.33.0, commit d8b18978322de05a8f3dba51ef03cf5461676c17",
   "3eca9d16ab6c877d"],
  ["/home/vstaln/riemann/research/lean-zeta-23/Zeta23/Tail.lean",
   "8b44499d76d4f629"],
  ["options",
   [["-DrelaxedAutoImplicit=false", "74a2b5546b55be80"],
    ["-Dpp.unicode.fun=true", "9b94070140457fab"]]],
  ["isModule: false", "feefd2a0d3a1847e"],
  ["Module.name: Zeta23.Tail", "b6d91f0cd236e966"],
  ["Package.id?: (some Zeta23)", "31803ca4013655a1"],
  ["Module.leanArgs: #[]", "00000000000006bb"]],
 "depHash": "677f0431c3141027"}