{"synthetic": false,
 "schemaVersion": "2025-09-10",
 "outputs":
 {"o": ["5b35587be4b4e737.olean"],
  "m": false,
  "i": "6554aa19601d499e.ilean",
  "c": "ccdb38647fad30d0.c"},
 "log":
 [{"message":
   ".> LEAN_PATH=/home/vstaln/riemann/research/lean-zeta-23/.lake/packages/Cli/.lake/build/lib/lean:/home/vstaln/riemann/research/lean-zeta-23/.lake/packages/batteries/.lake/build/lib/lean:/home/vstaln/riemann/research/lean-zeta-23/.lake/packages/Qq/.lake/build/lib/lean:/home/vstaln/riemann/research/lean-zeta-23/.lake/packages/aesop/.lake/build/lib/lean:/home/vstaln/riemann/research/lean-zeta-23/.lake/packages/proofwidgets/.lake/build/lib/lean:/home/vstaln/riemann/research/lean-zeta-23/.lake/packages/importGraph/.lake/build/lib/lean:/home/vstaln/riemann/research/lean-zeta-23/.lake/packages/LeanSearchClient/.lake/build/lib/lean:/home/vstaln/riemann/research/lean-zeta-23/.lake/packages/plausible/.lake/build/lib/lean:/home/vstaln/riemann/research/lean-zeta-23/.lake/packages/mathlib/.lake/build/lib/lean:/home/vstaln/riemann/research/lean-zeta-23/.lake/build/lib/lean /home/vstaln/.elan/toolchains/leanprover--lean4---v4.33.0-rc2/bin/lean /home/vstaln/riemann/research/lean-zeta-23/Zeta23/ZetaReflect.lean -o /home/vstaln/riemann/research/lean-zeta-23/.lake/build/lib/lean/Zeta23/ZetaReflect.olean -i /home/vstaln/riemann/research/lean-zeta-23/.lake/build/lib/lean/Zeta23/ZetaReflect.ilean -c /home/vstaln/riemann/research/lean-zeta-23/.lake/build/ir/Zeta23/ZetaReflect.c --setup /home/vstaln/riemann/research/lean-zeta-23/.lake/build/ir/Zeta23/ZetaReflect.setup.json --json",
   "level": "trace"},
  {"message":
   "Zeta23/ZetaReflect.lean:91:17: `Set.mem_setOf_eq` has been deprecated: Use `Set.mem_ofPred_eq` instead",
   "level": "warning"}],
 "inputs":
 [["deps",
   [["Zeta23/Zeta23:extraDep", [["@Zeta23:extraDep", "00000000000006bb"]]],
    ["imports",
     [["Zeta23.Statement transitive imports (legacy)", "1f127a139bb41529"],
      ["Zeta23.Statement:importAllArts", "7f6801c3e970fb2f"],
      ["Mathlib.Analysis.Normed.Module.Connected transitive imports (legacy)",
       "7a7d324d6b5bc2fd"],
      ["Mathlib.Analysis.Normed.Module.Connected:importAllArts",
       "85912d6ee2f68c69"],
      ["Mathlib.Analysis.Analytic.Uniqueness transitive imports (legacy)",
       "5ad615ffc11b575a"],
      ["Mathlib.Analysis.Analytic.Uniqueness:importAllArts",
       "c5a3bafd535a0e53"],
      ["Mathlib.Analysis.SpecialFunctions.Trigonometric.Complex transitive imports (legacy)",
       "5f1822b97a7e530c"],
      ["Mathlib.Analysis.SpecialFunctions.Trigonometric.Complex:importAllArts",
       "bc64d5f49632edaf"],
      ["Mathlib.Analysis.SpecialFunctions.Trigonometric.Deriv transitive imports (legacy)",
       "e01e86899d4d6727"],
      ["Mathlib.Analysis.SpecialFunctions.Trigonometric.Deriv:importAllArts",
       "84ce846529db05cd"],
      ["Mathlib.Analysis.SpecialFunctions.Complex.Analytic transitive imports (legacy)",
       "148f50d569004bf1"],
      ["Mathlib.Analysis.SpecialFunctions.Complex.Analytic:importAllArts",
       "191869b72ec99604"],
      ["Mathlib.Analysis.Calculus.Deriv.Star transitive imports (legacy)",
       "1368de83a2b6dbcb"],
      ["Mathlib.Analysis.Calculus.Deriv.Star:importAllArts",
       "3decd3361d2cb780"],
      ["Mathlib.Analysis.Complex.CauchyIntegral transitive imports (legacy)",
       "3e3e23907176d380"],
      ["Mathlib.Analysis.Complex.CauchyIntegral:importAllArts",
       "0fbc377e5397df22"],
      ["Mathlib.Analysis.SpecialFunctions.Gamma.Basic transitive imports (legacy)",
       "92aeea12a7e7d543"],
      ["Mathlib.Analysis.SpecialFunctions.Gamma.Basic:importAllArts",
       "abcd537b6838ff92"]]]]],
  ["libs",
   [["import dynlibs", "00000000000006bb"],
    ["package external libraries", "00000000000006bb"],
    ["module dynlibs", "00000000000006bb"],
    ["module plugins", "00000000000006bb"]]],
  ["Lean 4.33.0, commit d8b18978322de05a8f3dba51ef03cf5461676c17",
   "3eca9d16ab6c877d"],
  ["/home/vstaln/riemann/research/lean-zeta-23/Zeta23/ZetaReflect.lean",
   "9a694bad4ae4f2aa"],
  ["options",
   [["-DrelaxedAutoImplicit=false", "74a2b5546b55be80"],
    ["-Dpp.unicode.fun=true", "9b94070140457fab"]]],
  ["isModule: false", "feefd2a0d3a1847e"],
  ["Module.name: Zeta23.ZetaReflect", "f63b2a1972e9c115"],
  ["Package.id?: (some Zeta23)", "31803ca4013655a1"],
  ["Module.leanArgs: #[]", "00000000000006bb"]],
 "depHash": "6b1be648a438de8c"}