{"synthetic": false,
 "schemaVersion": "2025-09-10",
 "outputs":
 {"o": ["04ce58ecd5e3a13f.olean"],
  "m": false,
  "i": "b4402e1cb0c466ca.ilean",
  "c": "217fde8ccc9f89ad.c"},
 "log":
 [{"message":
   ".> LEAN_PATH=/home/vstaln/riemann/research/lean-zeta-23/.lake/packages/Cli/.lake/build/lib/lean:/home/vstaln/riemann/research/lean-zeta-23/.lake/packages/batteries/.lake/build/lib/lean:/home/vstaln/riemann/research/lean-zeta-23/.lake/packages/Qq/.lake/build/lib/lean:/home/vstaln/riemann/research/lean-zeta-23/.lake/packages/aesop/.lake/build/lib/lean:/home/vstaln/riemann/research/lean-zeta-23/.lake/packages/proofwidgets/.lake/build/lib/lean:/home/vstaln/riemann/research/lean-zeta-23/.lake/packages/importGraph/.lake/build/lib/lean:/home/vstaln/riemann/research/lean-zeta-23/.lake/packages/LeanSearchClient/.lake/build/lib/lean:/home/vstaln/riemann/research/lean-zeta-23/.lake/packages/plausible/.lake/build/lib/lean:/home/vstaln/riemann/research/lean-zeta-23/.lake/packages/mathlib/.lake/build/lib/lean:/home/vstaln/riemann/research/lean-zeta-23/.lake/build/lib/lean /home/vstaln/.elan/toolchains/leanprover--lean4---v4.33.0-rc2/bin/lean /home/vstaln/riemann/research/lean-zeta-23/Zeta23/GammaFacts/Complete.lean -o /home/vstaln/riemann/research/lean-zeta-23/.lake/build/lib/lean/Zeta23/GammaFacts/Complete.olean -i /home/vstaln/riemann/research/lean-zeta-23/.lake/build/lib/lean/Zeta23/GammaFacts/Complete.ilean -c /home/vstaln/riemann/research/lean-zeta-23/.lake/build/ir/Zeta23/GammaFacts/Complete.c --setup /home/vstaln/riemann/research/lean-zeta-23/.lake/build/ir/Zeta23/GammaFacts/Complete.setup.json --json",
   "level": "trace"}],
 "inputs":
 [["deps",
   [["Zeta23/Zeta23:extraDep", [["@Zeta23:extraDep", "00000000000006bb"]]],
    ["imports",
     [["Zeta23.Hypotheses transitive imports (legacy)", "77f6cae4f82956bc"],
      ["Zeta23.Hypotheses:importAllArts", "2c7083bcd7e6b255"],
      ["Zeta23.GammaFacts transitive imports (legacy)", "9c03b5d0f5aa31bc"],
      ["Zeta23.GammaFacts:importAllArts", "5e91161efa4145f5"],
      ["Zeta23.GammaFacts.Mu transitive imports (legacy)", "5c86875550926b65"],
      ["Zeta23.GammaFacts.Mu:importAllArts", "d58b9646fb064d86"],
      ["Zeta23.GammaFacts.IntMu transitive imports (legacy)",
       "20028efb5691c1dd"],
      ["Zeta23.GammaFacts.IntMu:importAllArts", "eb578a145b37a32a"],
      ["Zeta23.GammaFacts.StirlingVert transitive imports (legacy)",
       "0be1155d82ee2d62"],
      ["Zeta23.GammaFacts.StirlingVert:importAllArts", "39a28c57b49dcdf1"]]]]],
  ["libs",
   [["import dynlibs", "00000000000006bb"],
    ["package external libraries", "00000000000006bb"],
    ["module dynlibs", "00000000000006bb"],
    ["module plugins", "00000000000006bb"]]],
  ["Lean 4.33.0, commit d8b18978322de05a8f3dba51ef03cf5461676c17",
   "3eca9d16ab6c877d"],
  ["/home/vstaln/riemann/research/lean-zeta-23/Zeta23/GammaFacts/Complete.lean",
   "84bb55271bbdbc62"],
  ["options",
   [["-DrelaxedAutoImplicit=false", "74a2b5546b55be80"],
    ["-Dpp.unicode.fun=true", "9b94070140457fab"]]],
  ["isModule: false", "feefd2a0d3a1847e"],
  ["Module.name: Zeta23.GammaFacts.Complete", "02493394cf2aef36"],
  ["Package.id?: (some Zeta23)", "31803ca4013655a1"],
  ["Module.leanArgs: #[]", "00000000000006bb"]],
 "depHash": "29d7242dcc9bcc7b"}