{"synthetic": false,
 "schemaVersion": "2025-09-10",
 "outputs":
 {"o": ["be3dc99d09ce9248.olean"],
  "m": false,
  "i": "428cc26a30cf7a3b.ilean",
  "c": "9344706888564919.c"},
 "log":
 [{"message":
   ".> LEAN_PATH=/home/vstaln/riemann/research/lean-zeta-23/.lake/packages/Cli/.lake/build/lib/lean:/home/vstaln/riemann/research/lean-zeta-23/.lake/packages/batteries/.lake/build/lib/lean:/home/vstaln/riemann/research/lean-zeta-23/.lake/packages/Qq/.lake/build/lib/lean:/home/vstaln/riemann/research/lean-zeta-23/.lake/packages/aesop/.lake/build/lib/lean:/home/vstaln/riemann/research/lean-zeta-23/.lake/packages/proofwidgets/.lake/build/lib/lean:/home/vstaln/riemann/research/lean-zeta-23/.lake/packages/importGraph/.lake/build/lib/lean:/home/vstaln/riemann/research/lean-zeta-23/.lake/packages/LeanSearchClient/.lake/build/lib/lean:/home/vstaln/riemann/research/lean-zeta-23/.lake/packages/plausible/.lake/build/lib/lean:/home/vstaln/riemann/research/lean-zeta-23/.lake/packages/mathlib/.lake/build/lib/lean:/home/vstaln/riemann/research/lean-zeta-23/.lake/build/lib/lean /home/vstaln/.elan/toolchains/leanprover--lean4---v4.33.0-rc2/bin/lean /home/vstaln/riemann/research/lean-zeta-23/Zeta23/GammaFacts/Series.lean -o /home/vstaln/riemann/research/lean-zeta-23/.lake/build/lib/lean/Zeta23/GammaFacts/Series.olean -i /home/vstaln/riemann/research/lean-zeta-23/.lake/build/lib/lean/Zeta23/GammaFacts/Series.ilean -c /home/vstaln/riemann/research/lean-zeta-23/.lake/build/ir/Zeta23/GammaFacts/Series.c --setup /home/vstaln/riemann/research/lean-zeta-23/.lake/build/ir/Zeta23/GammaFacts/Series.setup.json --json",
   "level": "trace"}],
 "inputs":
 [["deps",
   [["Zeta23/Zeta23:extraDep", [["@Zeta23:extraDep", "00000000000006bb"]]],
    ["imports",
     [["Zeta23.GammaFacts transitive imports (legacy)", "9c03b5d0f5aa31bc"],
      ["Zeta23.GammaFacts:importAllArts", "5e91161efa4145f5"],
      ["Mathlib.Analysis.Calculus.LogDerivUniformlyOn transitive imports (legacy)",
       "5410a9deac483e90"],
      ["Mathlib.Analysis.Calculus.LogDerivUniformlyOn:importAllArts",
       "29c005f35f08f27e"],
      ["Mathlib.Analysis.Normed.Module.MultipliableUniformlyOn transitive imports (legacy)",
       "bf67f095bd7276c3"],
      ["Mathlib.Analysis.Normed.Module.MultipliableUniformlyOn:importAllArts",
       "4f659f16a94461df"],
      ["Mathlib.NumberTheory.Harmonic.EulerMascheroni transitive imports (legacy)",
       "13f68c796047a01b"],
      ["Mathlib.NumberTheory.Harmonic.EulerMascheroni:importAllArts",
       "21e64177256ee616"],
      ["Mathlib.Analysis.SpecialFunctions.Gamma.Beta transitive imports (legacy)",
       "450cfb829d0a6aba"],
      ["Mathlib.Analysis.SpecialFunctions.Gamma.Beta:importAllArts",
       "c21eb267cf8ce575"],
      ["Mathlib.Analysis.Complex.IntegerCompl transitive imports (legacy)",
       "5c943ca0c16b4d07"],
      ["Mathlib.Analysis.Complex.IntegerCompl:importAllArts",
       "865c2c648b00b26c"],
      ["Mathlib.Analysis.PSeries transitive imports (legacy)",
       "5c38689df20368b7"],
      ["Mathlib.Analysis.PSeries:importAllArts", "66a732957d23489c"]]]]],
  ["libs",
   [["import dynlibs", "00000000000006bb"],
    ["package external libraries", "00000000000006bb"],
    ["module dynlibs", "00000000000006bb"],
    ["module plugins", "00000000000006bb"]]],
  ["Lean 4.33.0, commit d8b18978322de05a8f3dba51ef03cf5461676c17",
   "3eca9d16ab6c877d"],
  ["/home/vstaln/riemann/research/lean-zeta-23/Zeta23/GammaFacts/Series.lean",
   "bef215e272402a3f"],
  ["options",
   [["-DrelaxedAutoImplicit=false", "74a2b5546b55be80"],
    ["-Dpp.unicode.fun=true", "9b94070140457fab"]]],
  ["isModule: false", "feefd2a0d3a1847e"],
  ["Module.name: Zeta23.GammaFacts.Series", "7d7a709a1dccd3fa"],
  ["Package.id?: (some Zeta23)", "31803ca4013655a1"],
  ["Module.leanArgs: #[]", "00000000000006bb"]],
 "depHash": "157d6bff3f207732"}