{"synthetic": false,
 "schemaVersion": "2025-09-10",
 "outputs":
 {"o": ["6d8e49d60d41c942.olean"],
  "m": false,
  "i": "7ee43df5bf4aaac8.ilean",
  "c": "e3bb3475651a256c.c"},
 "log":
 [{"message":
   ".> LEAN_PATH=/home/vstaln/riemann/research/lean-zeta-23/.lake/packages/Cli/.lake/build/lib/lean:/home/vstaln/riemann/research/lean-zeta-23/.lake/packages/batteries/.lake/build/lib/lean:/home/vstaln/riemann/research/lean-zeta-23/.lake/packages/Qq/.lake/build/lib/lean:/home/vstaln/riemann/research/lean-zeta-23/.lake/packages/aesop/.lake/build/lib/lean:/home/vstaln/riemann/research/lean-zeta-23/.lake/packages/proofwidgets/.lake/build/lib/lean:/home/vstaln/riemann/research/lean-zeta-23/.lake/packages/importGraph/.lake/build/lib/lean:/home/vstaln/riemann/research/lean-zeta-23/.lake/packages/LeanSearchClient/.lake/build/lib/lean:/home/vstaln/riemann/research/lean-zeta-23/.lake/packages/plausible/.lake/build/lib/lean:/home/vstaln/riemann/research/lean-zeta-23/.lake/packages/mathlib/.lake/build/lib/lean:/home/vstaln/riemann/research/lean-zeta-23/.lake/build/lib/lean /home/vstaln/.elan/toolchains/leanprover--lean4---v4.33.0-rc2/bin/lean /home/vstaln/riemann/research/lean-zeta-23/Zeta23/GammaFacts/StirlingVert.lean -o /home/vstaln/riemann/research/lean-zeta-23/.lake/build/lib/lean/Zeta23/GammaFacts/StirlingVert.olean -i /home/vstaln/riemann/research/lean-zeta-23/.lake/build/lib/lean/Zeta23/GammaFacts/StirlingVert.ilean -c /home/vstaln/riemann/research/lean-zeta-23/.lake/build/ir/Zeta23/GammaFacts/StirlingVert.c --setup /home/vstaln/riemann/research/lean-zeta-23/.lake/build/ir/Zeta23/GammaFacts/StirlingVert.setup.json --json",
   "level": "trace"},
  {"message":
   "Zeta23/GammaFacts/StirlingVert.lean:452:6: Try this:\n  [apply] ring_nf\n  \n  The `ring` tactic failed to close the goal. Use `ring_nf` to obtain a normal form.\n    \n  Note that `ring` works primarily in *commutative* rings. If you have a noncommutative ring, abelian group or module, consider using `noncomm_ring`, `abel` or `module` instead.",
   "level": "info"}],
 "inputs":
 [["deps",
   [["Zeta23/Zeta23:extraDep", [["@Zeta23:extraDep", "00000000000006bb"]]],
    ["imports",
     [["Zeta23.GammaFacts.Mu transitive imports (legacy)", "5c86875550926b65"],
      ["Zeta23.GammaFacts.Mu:importAllArts", "d58b9646fb064d86"],
      ["Mathlib.NumberTheory.Harmonic.EulerMascheroni transitive imports (legacy)",
       "13f68c796047a01b"],
      ["Mathlib.NumberTheory.Harmonic.EulerMascheroni:importAllArts",
       "21e64177256ee616"],
      ["Mathlib.Analysis.SpecialFunctions.Integrals.Basic transitive imports (legacy)",
       "1d6b2d053c2749ee"],
      ["Mathlib.Analysis.SpecialFunctions.Integrals.Basic:importAllArts",
       "88a70b10e115ba3a"],
      ["Mathlib.Analysis.SumIntegralComparisons transitive imports (legacy)",
       "e39bd848163d46b4"],
      ["Mathlib.Analysis.SumIntegralComparisons:importAllArts",
       "fef289d0a18a32b8"],
      ["Mathlib.Analysis.PSeries transitive imports (legacy)",
       "5c38689df20368b7"],
      ["Mathlib.Analysis.PSeries:importAllArts", "66a732957d23489c"]]]]],
  ["libs",
   [["import dynlibs", "00000000000006bb"],
    ["package external libraries", "00000000000006bb"],
    ["module dynlibs", "00000000000006bb"],
    ["module plugins", "00000000000006bb"]]],
  ["Lean 4.33.0, commit d8b18978322de05a8f3dba51ef03cf5461676c17",
   "3eca9d16ab6c877d"],
  ["/home/vstaln/riemann/research/lean-zeta-23/Zeta23/GammaFacts/StirlingVert.lean",
   "a7b1948306439c05"],
  ["options",
   [["-DrelaxedAutoImplicit=false", "74a2b5546b55be80"],
    ["-Dpp.unicode.fun=true", "9b94070140457fab"]]],
  ["isModule: false", "feefd2a0d3a1847e"],
  ["Module.name: Zeta23.GammaFacts.StirlingVert", "1e298746ecca1767"],
  ["Package.id?: (some Zeta23)", "31803ca4013655a1"],
  ["Module.leanArgs: #[]", "00000000000006bb"]],
 "depHash": "f215613efc62aa23"}