{"synthetic": false,
 "schemaVersion": "2025-09-10",
 "outputs":
 {"o": ["42374a7e603d6891.olean"],
  "m": false,
  "i": "2607838b888cbff4.ilean",
  "c": "88ba60bb34abaae4.c"},
 "log":
 [{"message":
   ".> LEAN_PATH=/home/vstaln/riemann/research/lean-zeta-23/.lake/packages/Cli/.lake/build/lib/lean:/home/vstaln/riemann/research/lean-zeta-23/.lake/packages/batteries/.lake/build/lib/lean:/home/vstaln/riemann/research/lean-zeta-23/.lake/packages/Qq/.lake/build/lib/lean:/home/vstaln/riemann/research/lean-zeta-23/.lake/packages/aesop/.lake/build/lib/lean:/home/vstaln/riemann/research/lean-zeta-23/.lake/packages/proofwidgets/.lake/build/lib/lean:/home/vstaln/riemann/research/lean-zeta-23/.lake/packages/importGraph/.lake/build/lib/lean:/home/vstaln/riemann/research/lean-zeta-23/.lake/packages/LeanSearchClient/.lake/build/lib/lean:/home/vstaln/riemann/research/lean-zeta-23/.lake/packages/plausible/.lake/build/lib/lean:/home/vstaln/riemann/research/lean-zeta-23/.lake/packages/mathlib/.lake/build/lib/lean:/home/vstaln/riemann/research/lean-zeta-23/.lake/build/lib/lean /home/vstaln/.elan/toolchains/leanprover--lean4---v4.33.0-rc2/bin/lean /home/vstaln/riemann/research/lean-zeta-23/Zeta23.lean -o /home/vstaln/riemann/research/lean-zeta-23/.lake/build/lib/lean/Zeta23.olean -i /home/vstaln/riemann/research/lean-zeta-23/.lake/build/lib/lean/Zeta23.ilean -c /home/vstaln/riemann/research/lean-zeta-23/.lake/build/ir/Zeta23.c --setup /home/vstaln/riemann/research/lean-zeta-23/.lake/build/ir/Zeta23.setup.json --json",
   "level": "trace"}],
 "inputs":
 [["deps",
   [["Zeta23/Zeta23:extraDep", [["@Zeta23:extraDep", "00000000000006bb"]]],
    ["imports",
     [["Zeta23.Unconditional transitive imports (legacy)", "618b10925d5ccfd4"],
      ["Zeta23.Unconditional:importAllArts", "f434aa9431c1a809"],
      ["Zeta23.ThmD.Final transitive imports (legacy)", "171d20ea3a385965"],
      ["Zeta23.ThmD.Final:importAllArts", "3652cb7ed8c1c811"],
      ["Zeta23.ThmE.Final transitive imports (legacy)", "ce5b10125ac14c1f"],
      ["Zeta23.ThmE.Final:importAllArts", "831e639df45bb841"],
      ["Zeta23.ThmDE.Final transitive imports (legacy)", "5de71b76ab0b67b5"],
      ["Zeta23.ThmDE.Final:importAllArts", "af7d317b360b8ea5"],
      ["Zeta23.FinalMult transitive imports (legacy)", "2649bef2c2c72fc2"],
      ["Zeta23.FinalMult:importAllArts", "0e0d272e0af2c0c5"],
      ["Zeta23.ThmD.Mult transitive imports (legacy)", "4dfdf481ae3f3317"],
      ["Zeta23.ThmD.Mult:importAllArts", "9870a5edaed70706"],
      ["Zeta23.ThmE.Mult transitive imports (legacy)", "07cfc3e273085b07"],
      ["Zeta23.ThmE.Mult:importAllArts", "bfb1ae941fe3a1d0"],
      ["Zeta23.ThmDE.Mult transitive imports (legacy)", "c2339673dab7f6dd"],
      ["Zeta23.ThmDE.Mult:importAllArts", "ab453db58ccbfb9d"],
      ["Zeta23.ZeroSide.TightMult transitive imports (legacy)",
       "33856addbac5db73"],
      ["Zeta23.ZeroSide.TightMult:importAllArts", "42d430ee76402ac2"],
      ["Zeta23.XiPrime.Final transitive imports (legacy)", "00d5fa389df70ff3"],
      ["Zeta23.XiPrime.Final:importAllArts", "0683b01883706aa0"],
      ["Zeta23.PairCeiling.CeilingLaw256 transitive imports (legacy)",
       "d0e60021e909aa9f"],
      ["Zeta23.PairCeiling.CeilingLaw256:importAllArts", "c9801810641c8717"],
      ["Zeta23.PairCeiling.Signed transitive imports (legacy)",
       "3b692cffd8260715"],
      ["Zeta23.PairCeiling.Signed:importAllArts", "02f6690ecf8f384f"]]]]],
  ["libs",
   [["import dynlibs", "00000000000006bb"],
    ["package external libraries", "00000000000006bb"],
    ["module dynlibs", "00000000000006bb"],
    ["module plugins", "00000000000006bb"]]],
  ["Lean 4.33.0, commit d8b18978322de05a8f3dba51ef03cf5461676c17",
   "3eca9d16ab6c877d"],
  ["/home/vstaln/riemann/research/lean-zeta-23/Zeta23.lean",
   "eb95d9a6a9b1cea3"],
  ["options",
   [["-DrelaxedAutoImplicit=false", "74a2b5546b55be80"],
    ["-Dpp.unicode.fun=true", "9b94070140457fab"]]],
  ["isModule: false", "feefd2a0d3a1847e"],
  ["Module.name: Zeta23", "a43e259e9283391a"],
  ["Package.id?: (some Zeta23)", "31803ca4013655a1"],
  ["Module.leanArgs: #[]", "00000000000006bb"]],
 "depHash": "9dd4611cb644c084"}