{"synthetic": false,
 "schemaVersion": "2025-09-10",
 "outputs":
 {"o": ["0c6dc259c2c67855.olean"],
  "m": false,
  "i": "45eae0e165c4f98d.ilean",
  "c": "6fc5b6ee073beb01.c"},
 "log":
 [{"message":
   ".> LEAN_PATH=/home/vstaln/riemann/research/lean-zeta-23/.lake/packages/Cli/.lake/build/lib/lean:/home/vstaln/riemann/research/lean-zeta-23/.lake/packages/batteries/.lake/build/lib/lean:/home/vstaln/riemann/research/lean-zeta-23/.lake/packages/Qq/.lake/build/lib/lean:/home/vstaln/riemann/research/lean-zeta-23/.lake/packages/aesop/.lake/build/lib/lean:/home/vstaln/riemann/research/lean-zeta-23/.lake/packages/proofwidgets/.lake/build/lib/lean:/home/vstaln/riemann/research/lean-zeta-23/.lake/packages/importGraph/.lake/build/lib/lean:/home/vstaln/riemann/research/lean-zeta-23/.lake/packages/LeanSearchClient/.lake/build/lib/lean:/home/vstaln/riemann/research/lean-zeta-23/.lake/packages/plausible/.lake/build/lib/lean:/home/vstaln/riemann/research/lean-zeta-23/.lake/packages/mathlib/.lake/build/lib/lean:/home/vstaln/riemann/research/lean-zeta-23/.lake/build/lib/lean /home/vstaln/.elan/toolchains/leanprover--lean4---v4.33.0-rc2/bin/lean /home/vstaln/riemann/research/lean-zeta-23/Zeta23/Taper/Gevrey.lean -o /home/vstaln/riemann/research/lean-zeta-23/.lake/build/lib/lean/Zeta23/Taper/Gevrey.olean -i /home/vstaln/riemann/research/lean-zeta-23/.lake/build/lib/lean/Zeta23/Taper/Gevrey.ilean -c /home/vstaln/riemann/research/lean-zeta-23/.lake/build/ir/Zeta23/Taper/Gevrey.c --setup /home/vstaln/riemann/research/lean-zeta-23/.lake/build/ir/Zeta23/Taper/Gevrey.setup.json --json",
   "level": "trace"},
  {"message":
   "Zeta23/Taper/Gevrey.lean:342:80: Variable name `x` is not explicitly referenced.\n\nHint: The binding can be removed (if unused) or named `_` (if used implicitly). Alternatively, prefix the name with `_` to silence this warning:\n  [apply] _x\n\nNote: This linter can be disabled with `set_option linter.unusedVariables false`",
   "level": "warning"}],
 "inputs":
 [["deps",
   [["Zeta23/Zeta23:extraDep", [["@Zeta23:extraDep", "00000000000006bb"]]],
    ["imports",
     [["Zeta23.Defs transitive imports (legacy)", "2dbf5e07cb13524f"],
      ["Zeta23.Defs:importAllArts", "c98c0a4d64817972"],
      ["Mathlib.Analysis.SpecialFunctions.SmoothTransition transitive imports (legacy)",
       "248ba319e2ccd569"],
      ["Mathlib.Analysis.SpecialFunctions.SmoothTransition:importAllArts",
       "8d24357c33ddecdf"],
      ["Mathlib.Analysis.SpecialFunctions.ExpDeriv transitive imports (legacy)",
       "7dc707569b9457ea"],
      ["Mathlib.Analysis.SpecialFunctions.ExpDeriv:importAllArts",
       "17653c7daa360741"],
      ["Mathlib.Analysis.Calculus.IteratedDeriv.Lemmas transitive imports (legacy)",
       "2b38bdb6c9f6001c"],
      ["Mathlib.Analysis.Calculus.IteratedDeriv.Lemmas:importAllArts",
       "c5c7c0ec8791d8c4"],
      ["Mathlib.Analysis.Calculus.FDeriv.Analytic transitive imports (legacy)",
       "380f2f822b088265"],
      ["Mathlib.Analysis.Calculus.FDeriv.Analytic:importAllArts",
       "d07ba0b67cdfaa55"],
      ["Mathlib.Analysis.Complex.Liouville transitive imports (legacy)",
       "c357cf70e04f2fa1"],
      ["Mathlib.Analysis.Complex.Liouville:importAllArts", "714d2814459c541d"],
      ["Mathlib.Analysis.Complex.RealDeriv transitive imports (legacy)",
       "c11d533b226d733e"],
      ["Mathlib.Analysis.Complex.RealDeriv:importAllArts", "dd29ae8a22deb315"],
      ["Mathlib.Analysis.Complex.CauchyIntegral transitive imports (legacy)",
       "3e3e23907176d380"],
      ["Mathlib.Analysis.Complex.CauchyIntegral:importAllArts",
       "0fbc377e5397df22"],
      ["Mathlib.Analysis.Complex.ExponentialBounds transitive imports (legacy)",
       "46e87cbc14808934"],
      ["Mathlib.Analysis.Complex.ExponentialBounds:importAllArts",
       "0732e04ea6ba3096"],
      ["Mathlib.Analysis.Calculus.ContDiff.Bounds transitive imports (legacy)",
       "ab7d22e8911a21f2"],
      ["Mathlib.Analysis.Calculus.ContDiff.Bounds:importAllArts",
       "5c488d8679a8f514"],
      ["Mathlib.Analysis.Calculus.ContDiff.Deriv transitive imports (legacy)",
       "a2abc2e03708117c"],
      ["Mathlib.Analysis.Calculus.ContDiff.Deriv:importAllArts",
       "f64f2172175f1d59"],
      ["Mathlib.Analysis.Calculus.Deriv.MeanValue transitive imports (legacy)",
       "8375478245bebcfb"],
      ["Mathlib.Analysis.Calculus.Deriv.MeanValue:importAllArts",
       "a86d0b9a76f915fc"],
      ["Mathlib.MeasureTheory.Integral.IntervalIntegral.FundThmCalculus transitive imports (legacy)",
       "0179c316baca0769"],
      ["Mathlib.MeasureTheory.Integral.IntervalIntegral.FundThmCalculus:importAllArts",
       "f6f77c72c7d9aebd"]]]]],
  ["libs",
   [["import dynlibs", "00000000000006bb"],
    ["package external libraries", "00000000000006bb"],
    ["module dynlibs", "00000000000006bb"],
    ["module plugins", "00000000000006bb"]]],
  ["Lean 4.33.0, commit d8b18978322de05a8f3dba51ef03cf5461676c17",
   "3eca9d16ab6c877d"],
  ["/home/vstaln/riemann/research/lean-zeta-23/Zeta23/Taper/Gevrey.lean",
   "8f679af379eaa3dd"],
  ["options",
   [["-DrelaxedAutoImplicit=false", "74a2b5546b55be80"],
    ["-Dpp.unicode.fun=true", "9b94070140457fab"]]],
  ["isModule: false", "feefd2a0d3a1847e"],
  ["Module.name: Zeta23.Taper.Gevrey", "74a634c3e8eb2984"],
  ["Package.id?: (some Zeta23)", "31803ca4013655a1"],
  ["Module.leanArgs: #[]", "00000000000006bb"]],
 "depHash": "5b08d9717755b000"}