{"synthetic": false,
 "schemaVersion": "2025-09-10",
 "outputs":
 {"o": ["538742b85e7c24b9.olean"],
  "m": false,
  "i": "813aac90617f5319.ilean",
  "c": "57b3ebdc51d68cd3.c"},
 "log":
 [{"message":
   ".> LEAN_PATH=/home/vstaln/riemann/research/lean-zeta-23/.lake/packages/Cli/.lake/build/lib/lean:/home/vstaln/riemann/research/lean-zeta-23/.lake/packages/batteries/.lake/build/lib/lean:/home/vstaln/riemann/research/lean-zeta-23/.lake/packages/Qq/.lake/build/lib/lean:/home/vstaln/riemann/research/lean-zeta-23/.lake/packages/aesop/.lake/build/lib/lean:/home/vstaln/riemann/research/lean-zeta-23/.lake/packages/proofwidgets/.lake/build/lib/lean:/home/vstaln/riemann/research/lean-zeta-23/.lake/packages/importGraph/.lake/build/lib/lean:/home/vstaln/riemann/research/lean-zeta-23/.lake/packages/LeanSearchClient/.lake/build/lib/lean:/home/vstaln/riemann/research/lean-zeta-23/.lake/packages/plausible/.lake/build/lib/lean:/home/vstaln/riemann/research/lean-zeta-23/.lake/packages/mathlib/.lake/build/lib/lean:/home/vstaln/riemann/research/lean-zeta-23/.lake/build/lib/lean /home/vstaln/.elan/toolchains/leanprover--lean4---v4.33.0-rc2/bin/lean /home/vstaln/riemann/research/lean-zeta-23/Zeta23/Taper/Params.lean -o /home/vstaln/riemann/research/lean-zeta-23/.lake/build/lib/lean/Zeta23/Taper/Params.olean -i /home/vstaln/riemann/research/lean-zeta-23/.lake/build/lib/lean/Zeta23/Taper/Params.ilean -c /home/vstaln/riemann/research/lean-zeta-23/.lake/build/ir/Zeta23/Taper/Params.c --setup /home/vstaln/riemann/research/lean-zeta-23/.lake/build/ir/Zeta23/Taper/Params.setup.json --json",
   "level": "trace"}],
 "inputs":
 [["deps",
   [["Zeta23/Zeta23:extraDep", [["@Zeta23:extraDep", "00000000000006bb"]]],
    ["imports",
     [["Zeta23.Taper.Basic transitive imports (legacy)", "26057c2ae9deabd1"],
      ["Zeta23.Taper.Basic:importAllArts", "33f603e50521bc31"],
      ["Zeta23.Taper.Norms transitive imports (legacy)", "dbbbbe635bf167fa"],
      ["Zeta23.Taper.Norms:importAllArts", "bd4128e7cf330876"],
      ["Zeta23.Taper.Strip transitive imports (legacy)", "7fd8585d04dc216d"],
      ["Zeta23.Taper.Strip:importAllArts", "670d0c26f2e1c02e"]]]]],
  ["libs",
   [["import dynlibs", "00000000000006bb"],
    ["package external libraries", "00000000000006bb"],
    ["module dynlibs", "00000000000006bb"],
    ["module plugins", "00000000000006bb"]]],
  ["Lean 4.33.0, commit d8b18978322de05a8f3dba51ef03cf5461676c17",
   "3eca9d16ab6c877d"],
  ["/home/vstaln/riemann/research/lean-zeta-23/Zeta23/Taper/Params.lean",
   "302656cf7d59deff"],
  ["options",
   [["-DrelaxedAutoImplicit=false", "74a2b5546b55be80"],
    ["-Dpp.unicode.fun=true", "9b94070140457fab"]]],
  ["isModule: false", "feefd2a0d3a1847e"],
  ["Module.name: Zeta23.Taper.Params", "9c7e559fd3b125b0"],
  ["Package.id?: (some Zeta23)", "31803ca4013655a1"],
  ["Module.leanArgs: #[]", "00000000000006bb"]],
 "depHash": "eae9d3897d3906be"}