{"synthetic": false,
 "schemaVersion": "2025-09-10",
 "outputs":
 {"o": ["930e256749453002.olean"],
  "m": false,
  "i": "6f9d913ce636454d.ilean",
  "c": "dfb702868d28a8c7.c"},
 "log":
 [{"message":
   ".> LEAN_PATH=/home/vstaln/riemann/research/lean-zeta-23/.lake/packages/Cli/.lake/build/lib/lean:/home/vstaln/riemann/research/lean-zeta-23/.lake/packages/batteries/.lake/build/lib/lean:/home/vstaln/riemann/research/lean-zeta-23/.lake/packages/Qq/.lake/build/lib/lean:/home/vstaln/riemann/research/lean-zeta-23/.lake/packages/aesop/.lake/build/lib/lean:/home/vstaln/riemann/research/lean-zeta-23/.lake/packages/proofwidgets/.lake/build/lib/lean:/home/vstaln/riemann/research/lean-zeta-23/.lake/packages/importGraph/.lake/build/lib/lean:/home/vstaln/riemann/research/lean-zeta-23/.lake/packages/LeanSearchClient/.lake/build/lib/lean:/home/vstaln/riemann/research/lean-zeta-23/.lake/packages/plausible/.lake/build/lib/lean:/home/vstaln/riemann/research/lean-zeta-23/.lake/packages/mathlib/.lake/build/lib/lean:/home/vstaln/riemann/research/lean-zeta-23/.lake/build/lib/lean /home/vstaln/.elan/toolchains/leanprover--lean4---v4.33.0-rc2/bin/lean /home/vstaln/riemann/research/lean-zeta-23/Zeta23/Taper/Strip.lean -o /home/vstaln/riemann/research/lean-zeta-23/.lake/build/lib/lean/Zeta23/Taper/Strip.olean -i /home/vstaln/riemann/research/lean-zeta-23/.lake/build/lib/lean/Zeta23/Taper/Strip.ilean -c /home/vstaln/riemann/research/lean-zeta-23/.lake/build/ir/Zeta23/Taper/Strip.c --setup /home/vstaln/riemann/research/lean-zeta-23/.lake/build/ir/Zeta23/Taper/Strip.setup.json --json",
   "level": "trace"}],
 "inputs":
 [["deps",
   [["Zeta23/Zeta23:extraDep", [["@Zeta23:extraDep", "00000000000006bb"]]],
    ["imports",
     [["Mathlib.Algebra.Order.Star.Real transitive imports (legacy)",
       "b14cb8ff58a01c9b"],
      ["Mathlib.Algebra.Order.Star.Real:importAllArts", "c6db0452c5e18de9"],
      ["Mathlib.MeasureTheory.Integral.Bochner.Set transitive imports (legacy)",
       "ffcbf0e56b3d888a"],
      ["Mathlib.MeasureTheory.Integral.Bochner.Set:importAllArts",
       "ca98f8d9e9d562b9"],
      ["Zeta23.Taper.Basic transitive imports (legacy)", "26057c2ae9deabd1"],
      ["Zeta23.Taper.Basic:importAllArts", "33f603e50521bc31"]]]]],
  ["libs",
   [["import dynlibs", "00000000000006bb"],
    ["package external libraries", "00000000000006bb"],
    ["module dynlibs", "00000000000006bb"],
    ["module plugins", "00000000000006bb"]]],
  ["Lean 4.33.0, commit d8b18978322de05a8f3dba51ef03cf5461676c17",
   "3eca9d16ab6c877d"],
  ["/home/vstaln/riemann/research/lean-zeta-23/Zeta23/Taper/Strip.lean",
   "f8e6ad1fed96e9de"],
  ["options",
   [["-DrelaxedAutoImplicit=false", "74a2b5546b55be80"],
    ["-Dpp.unicode.fun=true", "9b94070140457fab"]]],
  ["isModule: false", "feefd2a0d3a1847e"],
  ["Module.name: Zeta23.Taper.Strip", "5e165a75e16d30af"],
  ["Package.id?: (some Zeta23)", "31803ca4013655a1"],
  ["Module.leanArgs: #[]", "00000000000006bb"]],
 "depHash": "42d5f3daffd0ea00"}