{"synthetic": false,
 "schemaVersion": "2025-09-10",
 "outputs":
 {"o": ["2d737c4bb6028c70.olean"],
  "m": false,
  "i": "ceedc4b54f42d59a.ilean",
  "c": "d6278d1028171110.c"},
 "log":
 [{"message":
   ".> LEAN_PATH=/home/vstaln/riemann/research/lean-zeta-23/.lake/packages/Cli/.lake/build/lib/lean:/home/vstaln/riemann/research/lean-zeta-23/.lake/packages/batteries/.lake/build/lib/lean:/home/vstaln/riemann/research/lean-zeta-23/.lake/packages/Qq/.lake/build/lib/lean:/home/vstaln/riemann/research/lean-zeta-23/.lake/packages/aesop/.lake/build/lib/lean:/home/vstaln/riemann/research/lean-zeta-23/.lake/packages/proofwidgets/.lake/build/lib/lean:/home/vstaln/riemann/research/lean-zeta-23/.lake/packages/importGraph/.lake/build/lib/lean:/home/vstaln/riemann/research/lean-zeta-23/.lake/packages/LeanSearchClient/.lake/build/lib/lean:/home/vstaln/riemann/research/lean-zeta-23/.lake/packages/plausible/.lake/build/lib/lean:/home/vstaln/riemann/research/lean-zeta-23/.lake/packages/mathlib/.lake/build/lib/lean:/home/vstaln/riemann/research/lean-zeta-23/.lake/build/lib/lean /home/vstaln/.elan/toolchains/leanprover--lean4---v4.33.0-rc2/bin/lean /home/vstaln/riemann/research/lean-zeta-23/Zeta23/ThmE/CrossMuPChi.lean -o /home/vstaln/riemann/research/lean-zeta-23/.lake/build/lib/lean/Zeta23/ThmE/CrossMuPChi.olean -i /home/vstaln/riemann/research/lean-zeta-23/.lake/build/lib/lean/Zeta23/ThmE/CrossMuPChi.ilean -c /home/vstaln/riemann/research/lean-zeta-23/.lake/build/ir/Zeta23/ThmE/CrossMuPChi.c --setup /home/vstaln/riemann/research/lean-zeta-23/.lake/build/ir/Zeta23/ThmE/CrossMuPChi.setup.json --json",
   "level": "trace"}],
 "inputs":
 [["deps",
   [["Zeta23/Zeta23:extraDep", [["@Zeta23:extraDep", "00000000000006bb"]]],
    ["imports",
     [["Zeta23.PrimeSideA.Basic transitive imports (legacy)",
       "ffcabfa02d417c3c"],
      ["Zeta23.PrimeSideA.Basic:importAllArts", "7cb8f110ef0f485b"],
      ["Zeta23.PrimeSideA.CrossMuPCore transitive imports (legacy)",
       "ffcabfa02d417c3c"],
      ["Zeta23.PrimeSideA.CrossMuPCore:importAllArts", "4065cd5b19accc3a"],
      ["Zeta23.ThmE.Hypotheses transitive imports (legacy)",
       "93a551d79ccd4fb8"],
      ["Zeta23.ThmE.Hypotheses:importAllArts", "a59584a8b20c64a0"],
      ["Zeta23.ThmE.PrimeSideChi transitive imports (legacy)",
       "1327d6d3dc73c5a2"],
      ["Zeta23.ThmE.PrimeSideChi:importAllArts", "98bdba6ee449afc5"]]]]],
  ["libs",
   [["import dynlibs", "00000000000006bb"],
    ["package external libraries", "00000000000006bb"],
    ["module dynlibs", "00000000000006bb"],
    ["module plugins", "00000000000006bb"]]],
  ["Lean 4.33.0, commit d8b18978322de05a8f3dba51ef03cf5461676c17",
   "3eca9d16ab6c877d"],
  ["/home/vstaln/riemann/research/lean-zeta-23/Zeta23/ThmE/CrossMuPChi.lean",
   "11e6690cc36fbeea"],
  ["options",
   [["-DrelaxedAutoImplicit=false", "74a2b5546b55be80"],
    ["-Dpp.unicode.fun=true", "9b94070140457fab"]]],
  ["isModule: false", "feefd2a0d3a1847e"],
  ["Module.name: Zeta23.ThmE.CrossMuPChi", "69fdbc5d4a36a984"],
  ["Package.id?: (some Zeta23)", "31803ca4013655a1"],
  ["Module.leanArgs: #[]", "00000000000006bb"]],
 "depHash": "a42537353f98dbec"}