{"synthetic": false,
 "schemaVersion": "2025-09-10",
 "outputs":
 {"o": ["ebb2c8508af7e955.olean"],
  "m": false,
  "i": "5a830e0f58c359e4.ilean",
  "c": "895ab7c9e926a241.c"},
 "log":
 [{"message":
   ".> LEAN_PATH=/home/vstaln/riemann/research/lean-zeta-23/.lake/packages/Cli/.lake/build/lib/lean:/home/vstaln/riemann/research/lean-zeta-23/.lake/packages/batteries/.lake/build/lib/lean:/home/vstaln/riemann/research/lean-zeta-23/.lake/packages/Qq/.lake/build/lib/lean:/home/vstaln/riemann/research/lean-zeta-23/.lake/packages/aesop/.lake/build/lib/lean:/home/vstaln/riemann/research/lean-zeta-23/.lake/packages/proofwidgets/.lake/build/lib/lean:/home/vstaln/riemann/research/lean-zeta-23/.lake/packages/importGraph/.lake/build/lib/lean:/home/vstaln/riemann/research/lean-zeta-23/.lake/packages/LeanSearchClient/.lake/build/lib/lean:/home/vstaln/riemann/research/lean-zeta-23/.lake/packages/plausible/.lake/build/lib/lean:/home/vstaln/riemann/research/lean-zeta-23/.lake/packages/mathlib/.lake/build/lib/lean:/home/vstaln/riemann/research/lean-zeta-23/.lake/build/lib/lean /home/vstaln/.elan/toolchains/leanprover--lean4---v4.33.0-rc2/bin/lean /home/vstaln/riemann/research/lean-zeta-23/Zeta23/ThmE/FullLineChiProof.lean -o /home/vstaln/riemann/research/lean-zeta-23/.lake/build/lib/lean/Zeta23/ThmE/FullLineChiProof.olean -i /home/vstaln/riemann/research/lean-zeta-23/.lake/build/lib/lean/Zeta23/ThmE/FullLineChiProof.ilean -c /home/vstaln/riemann/research/lean-zeta-23/.lake/build/ir/Zeta23/ThmE/FullLineChiProof.c --setup /home/vstaln/riemann/research/lean-zeta-23/.lake/build/ir/Zeta23/ThmE/FullLineChiProof.setup.json --json",
   "level": "trace"}],
 "inputs":
 [["deps",
   [["Zeta23/Zeta23:extraDep", [["@Zeta23:extraDep", "00000000000006bb"]]],
    ["imports",
     [["Zeta23.ThmE.FullLineChi transitive imports (legacy)",
       "cf1087952718491c"],
      ["Zeta23.ThmE.FullLineChi:importAllArts", "de61907ce0ef2aca"],
      ["Zeta23.WeilEF.FullLine transitive imports (legacy)",
       "cb4bcb21771cc877"],
      ["Zeta23.WeilEF.FullLine:importAllArts", "d2a2f3e24d1aa96d"],
      ["Zeta23.ThmE.FoldChi transitive imports (legacy)", "2ba880f3e89039f2"],
      ["Zeta23.ThmE.FoldChi:importAllArts", "0259c25084e370a1"],
      ["Zeta23.ThmE.GammaSideChi transitive imports (legacy)",
       "5aa08f048b8bfc62"],
      ["Zeta23.ThmE.GammaSideChi:importAllArts", "809dde976b72c00f"],
      ["Zeta23.ThmE.GammaFactsChiProof transitive imports (legacy)",
       "7b79dd89abb9c93f"],
      ["Zeta23.ThmE.GammaFactsChiProof:importAllArts", "0dbf586f25351f78"]]]]],
  ["libs",
   [["import dynlibs", "00000000000006bb"],
    ["package external libraries", "00000000000006bb"],
    ["module dynlibs", "00000000000006bb"],
    ["module plugins", "00000000000006bb"]]],
  ["Lean 4.33.0, commit d8b18978322de05a8f3dba51ef03cf5461676c17",
   "3eca9d16ab6c877d"],
  ["/home/vstaln/riemann/research/lean-zeta-23/Zeta23/ThmE/FullLineChiProof.lean",
   "7c40f8de34ea16db"],
  ["options",
   [["-DrelaxedAutoImplicit=false", "74a2b5546b55be80"],
    ["-Dpp.unicode.fun=true", "9b94070140457fab"]]],
  ["isModule: false", "feefd2a0d3a1847e"],
  ["Module.name: Zeta23.ThmE.FullLineChiProof", "4d5382004402c1a1"],
  ["Package.id?: (some Zeta23)", "31803ca4013655a1"],
  ["Module.leanArgs: #[]", "00000000000006bb"]],
 "depHash": "7d2f83df0d34bfb0"}