{"synthetic": false,
 "schemaVersion": "2025-09-10",
 "outputs":
 {"o": ["d6af70e18b5a5936.olean"],
  "m": false,
  "i": "107422a6a114f7cc.ilean",
  "c": "ca8387a1b2ba51ce.c"},
 "log":
 [{"message":
   ".> LEAN_PATH=/home/vstaln/riemann/research/lean-zeta-23/.lake/packages/Cli/.lake/build/lib/lean:/home/vstaln/riemann/research/lean-zeta-23/.lake/packages/batteries/.lake/build/lib/lean:/home/vstaln/riemann/research/lean-zeta-23/.lake/packages/Qq/.lake/build/lib/lean:/home/vstaln/riemann/research/lean-zeta-23/.lake/packages/aesop/.lake/build/lib/lean:/home/vstaln/riemann/research/lean-zeta-23/.lake/packages/proofwidgets/.lake/build/lib/lean:/home/vstaln/riemann/research/lean-zeta-23/.lake/packages/importGraph/.lake/build/lib/lean:/home/vstaln/riemann/research/lean-zeta-23/.lake/packages/LeanSearchClient/.lake/build/lib/lean:/home/vstaln/riemann/research/lean-zeta-23/.lake/packages/plausible/.lake/build/lib/lean:/home/vstaln/riemann/research/lean-zeta-23/.lake/packages/mathlib/.lake/build/lib/lean:/home/vstaln/riemann/research/lean-zeta-23/.lake/build/lib/lean /home/vstaln/.elan/toolchains/leanprover--lean4---v4.33.0-rc2/bin/lean /home/vstaln/riemann/research/lean-zeta-23/Zeta23/ThmE/FullLineChi.lean -o /home/vstaln/riemann/research/lean-zeta-23/.lake/build/lib/lean/Zeta23/ThmE/FullLineChi.olean -i /home/vstaln/riemann/research/lean-zeta-23/.lake/build/lib/lean/Zeta23/ThmE/FullLineChi.ilean -c /home/vstaln/riemann/research/lean-zeta-23/.lake/build/ir/Zeta23/ThmE/FullLineChi.c --setup /home/vstaln/riemann/research/lean-zeta-23/.lake/build/ir/Zeta23/ThmE/FullLineChi.setup.json --json",
   "level": "trace"}],
 "inputs":
 [["deps",
   [["Zeta23/Zeta23:extraDep", [["@Zeta23:extraDep", "00000000000006bb"]]],
    ["imports",
     [["Zeta23.ThmE.ContourChi transitive imports (legacy)",
       "358baf6e77cb6f31"],
      ["Zeta23.ThmE.ContourChi:importAllArts", "5a1a2cd6ae39c0e1"],
      ["Zeta23.ThmE.LocalCountChi transitive imports (legacy)",
       "df216fb1d23a27d2"],
      ["Zeta23.ThmE.LocalCountChi:importAllArts", "c2534387f22b4868"],
      ["Zeta23.ThmE.GzGpChi transitive imports (legacy)", "33315dc09ae46862"],
      ["Zeta23.ThmE.GzGpChi:importAllArts", "f1f9f84e093e4543"],
      ["Zeta23.WeilEF.GoodHeights transitive imports (legacy)",
       "c81dbe6ac504a6a9"],
      ["Zeta23.WeilEF.GoodHeights:importAllArts", "3aee02f1a87c86b2"],
      ["Zeta23.ThmE.LandauChi transitive imports (legacy)", "c7fdfda161a2ff5d"],
      ["Zeta23.ThmE.LandauChi:importAllArts", "cc9efe4eccf78870"],
      ["Zeta23.WeilEF.ZeroSummabilityGen transitive imports (legacy)",
       "85529e1524cdc80a"],
      ["Zeta23.WeilEF.ZeroSummabilityGen:importAllArts",
       "0f7a91dba82ad600"]]]]],
  ["libs",
   [["import dynlibs", "00000000000006bb"],
    ["package external libraries", "00000000000006bb"],
    ["module dynlibs", "00000000000006bb"],
    ["module plugins", "00000000000006bb"]]],
  ["Lean 4.33.0, commit d8b18978322de05a8f3dba51ef03cf5461676c17",
   "3eca9d16ab6c877d"],
  ["/home/vstaln/riemann/research/lean-zeta-23/Zeta23/ThmE/FullLineChi.lean",
   "746eb0246f311b8c"],
  ["options",
   [["-DrelaxedAutoImplicit=false", "74a2b5546b55be80"],
    ["-Dpp.unicode.fun=true", "9b94070140457fab"]]],
  ["isModule: false", "feefd2a0d3a1847e"],
  ["Module.name: Zeta23.ThmE.FullLineChi", "7cafe060a5e54004"],
  ["Package.id?: (some Zeta23)", "31803ca4013655a1"],
  ["Module.leanArgs: #[]", "00000000000006bb"]],
 "depHash": "dbb0b2bf41356aa1"}