{"synthetic": false,
 "schemaVersion": "2025-09-10",
 "outputs":
 {"o": ["8c99a8d171ed32dd.olean"],
  "m": false,
  "i": "b477afde151127d5.ilean",
  "c": "eb2b19e23a05771d.c"},
 "log":
 [{"message":
   ".> LEAN_PATH=/home/vstaln/riemann/research/lean-zeta-23/.lake/packages/Cli/.lake/build/lib/lean:/home/vstaln/riemann/research/lean-zeta-23/.lake/packages/batteries/.lake/build/lib/lean:/home/vstaln/riemann/research/lean-zeta-23/.lake/packages/Qq/.lake/build/lib/lean:/home/vstaln/riemann/research/lean-zeta-23/.lake/packages/aesop/.lake/build/lib/lean:/home/vstaln/riemann/research/lean-zeta-23/.lake/packages/proofwidgets/.lake/build/lib/lean:/home/vstaln/riemann/research/lean-zeta-23/.lake/packages/importGraph/.lake/build/lib/lean:/home/vstaln/riemann/research/lean-zeta-23/.lake/packages/LeanSearchClient/.lake/build/lib/lean:/home/vstaln/riemann/research/lean-zeta-23/.lake/packages/plausible/.lake/build/lib/lean:/home/vstaln/riemann/research/lean-zeta-23/.lake/packages/mathlib/.lake/build/lib/lean:/home/vstaln/riemann/research/lean-zeta-23/.lake/build/lib/lean /home/vstaln/.elan/toolchains/leanprover--lean4---v4.33.0-rc2/bin/lean /home/vstaln/riemann/research/lean-zeta-23/Zeta23/ThmE/FullLineChiAssembly.lean -o /home/vstaln/riemann/research/lean-zeta-23/.lake/build/lib/lean/Zeta23/ThmE/FullLineChiAssembly.olean -i /home/vstaln/riemann/research/lean-zeta-23/.lake/build/lib/lean/Zeta23/ThmE/FullLineChiAssembly.ilean -c /home/vstaln/riemann/research/lean-zeta-23/.lake/build/ir/Zeta23/ThmE/FullLineChiAssembly.c --setup /home/vstaln/riemann/research/lean-zeta-23/.lake/build/ir/Zeta23/ThmE/FullLineChiAssembly.setup.json --json",
   "level": "trace"}],
 "inputs":
 [["deps",
   [["Zeta23/Zeta23:extraDep", [["@Zeta23:extraDep", "00000000000006bb"]]],
    ["imports",
     [["Zeta23.ThmE.FullLineChiProof transitive imports (legacy)",
       "26a433548b4e3f3f"],
      ["Zeta23.ThmE.FullLineChiProof:importAllArts", "3dce07a53a52f466"],
      ["Zeta23.ThmE.FullLineChiFold transitive imports (legacy)",
       "dff883f14ec42f8d"],
      ["Zeta23.ThmE.FullLineChiFold:importAllArts", "e3807cb0fda76523"],
      ["Zeta23.ThmE.HorizontalChi transitive imports (legacy)",
       "15e97b44286bada6"],
      ["Zeta23.ThmE.HorizontalChi:importAllArts", "fb1e473571066795"],
      ["Zeta23.WeilEF.FullLineAssembly transitive imports (legacy)",
       "ba40de74f0003cc4"],
      ["Zeta23.WeilEF.FullLineAssembly:importAllArts", "a51e4dbe0bc9612f"]]]]],
  ["libs",
   [["import dynlibs", "00000000000006bb"],
    ["package external libraries", "00000000000006bb"],
    ["module dynlibs", "00000000000006bb"],
    ["module plugins", "00000000000006bb"]]],
  ["Lean 4.33.0, commit d8b18978322de05a8f3dba51ef03cf5461676c17",
   "3eca9d16ab6c877d"],
  ["/home/vstaln/riemann/research/lean-zeta-23/Zeta23/ThmE/FullLineChiAssembly.lean",
   "ce96db4f13dc3b5d"],
  ["options",
   [["-DrelaxedAutoImplicit=false", "74a2b5546b55be80"],
    ["-Dpp.unicode.fun=true", "9b94070140457fab"]]],
  ["isModule: false", "feefd2a0d3a1847e"],
  ["Module.name: Zeta23.ThmE.FullLineChiAssembly", "b1afc08d187cbbb5"],
  ["Package.id?: (some Zeta23)", "31803ca4013655a1"],
  ["Module.leanArgs: #[]", "00000000000006bb"]],
 "depHash": "cbaba634c38af1e5"}