{"synthetic": false,
 "schemaVersion": "2025-09-10",
 "outputs":
 {"o": ["09d7b9415f6013ce.olean"],
  "m": false,
  "i": "1771ccb8e0c77bd6.ilean",
  "c": "788b5f5faa759922.c"},
 "log":
 [{"message":
   ".> LEAN_PATH=/home/vstaln/riemann/research/lean-zeta-23/.lake/packages/Cli/.lake/build/lib/lean:/home/vstaln/riemann/research/lean-zeta-23/.lake/packages/batteries/.lake/build/lib/lean:/home/vstaln/riemann/research/lean-zeta-23/.lake/packages/Qq/.lake/build/lib/lean:/home/vstaln/riemann/research/lean-zeta-23/.lake/packages/aesop/.lake/build/lib/lean:/home/vstaln/riemann/research/lean-zeta-23/.lake/packages/proofwidgets/.lake/build/lib/lean:/home/vstaln/riemann/research/lean-zeta-23/.lake/packages/importGraph/.lake/build/lib/lean:/home/vstaln/riemann/research/lean-zeta-23/.lake/packages/LeanSearchClient/.lake/build/lib/lean:/home/vstaln/riemann/research/lean-zeta-23/.lake/packages/plausible/.lake/build/lib/lean:/home/vstaln/riemann/research/lean-zeta-23/.lake/packages/mathlib/.lake/build/lib/lean:/home/vstaln/riemann/research/lean-zeta-23/.lake/build/lib/lean /home/vstaln/.elan/toolchains/leanprover--lean4---v4.33.0-rc2/bin/lean /home/vstaln/riemann/research/lean-zeta-23/Zeta23/ThmE/LGrowth.lean -o /home/vstaln/riemann/research/lean-zeta-23/.lake/build/lib/lean/Zeta23/ThmE/LGrowth.olean -i /home/vstaln/riemann/research/lean-zeta-23/.lake/build/lib/lean/Zeta23/ThmE/LGrowth.ilean -c /home/vstaln/riemann/research/lean-zeta-23/.lake/build/ir/Zeta23/ThmE/LGrowth.c --setup /home/vstaln/riemann/research/lean-zeta-23/.lake/build/ir/Zeta23/ThmE/LGrowth.setup.json --json",
   "level": "trace"}],
 "inputs":
 [["deps",
   [["Zeta23/Zeta23:extraDep", [["@Zeta23:extraDep", "00000000000006bb"]]],
    ["imports",
     [["Zeta23.ThmE.SeamL transitive imports (legacy)", "e28ca36ea3ea5da7"],
      ["Zeta23.ThmE.SeamL:importAllArts", "f24ed002273b05ca"],
      ["Mathlib.Analysis.MellinTransform transitive imports (legacy)",
       "19fa561afc66a785"],
      ["Mathlib.Analysis.MellinTransform:importAllArts", "2181c2ba7f38a81f"],
      ["Zeta23.RvM.ZetaGrowth transitive imports (legacy)", "09c0552a403af02f"],
      ["Zeta23.RvM.ZetaGrowth:importAllArts", "2af6589e4fd8e25d"],
      ["Mathlib.NumberTheory.LSeries.SumCoeff transitive imports (legacy)",
       "2480121cfbbdefb6"],
      ["Mathlib.NumberTheory.LSeries.SumCoeff:importAllArts",
       "ac7b6e680374ff90"]]]]],
  ["libs",
   [["import dynlibs", "00000000000006bb"],
    ["package external libraries", "00000000000006bb"],
    ["module dynlibs", "00000000000006bb"],
    ["module plugins", "00000000000006bb"]]],
  ["Lean 4.33.0, commit d8b18978322de05a8f3dba51ef03cf5461676c17",
   "3eca9d16ab6c877d"],
  ["/home/vstaln/riemann/research/lean-zeta-23/Zeta23/ThmE/LGrowth.lean",
   "ef2880de773b3226"],
  ["options",
   [["-DrelaxedAutoImplicit=false", "74a2b5546b55be80"],
    ["-Dpp.unicode.fun=true", "9b94070140457fab"]]],
  ["isModule: false", "feefd2a0d3a1847e"],
  ["Module.name: Zeta23.ThmE.LGrowth", "5ea78da1ab356f1c"],
  ["Package.id?: (some Zeta23)", "31803ca4013655a1"],
  ["Module.leanArgs: #[]", "00000000000006bb"]],
 "depHash": "8011fa7aa7f28fd5"}