{"synthetic": false,
 "schemaVersion": "2025-09-10",
 "outputs":
 {"o": ["4fd34935ab5e1845.olean"],
  "m": false,
  "i": "b3c715fa0b409f76.ilean",
  "c": "1024732dfdcfd3b0.c"},
 "log":
 [{"message":
   ".> LEAN_PATH=/home/vstaln/riemann/research/lean-zeta-23/.lake/packages/Cli/.lake/build/lib/lean:/home/vstaln/riemann/research/lean-zeta-23/.lake/packages/batteries/.lake/build/lib/lean:/home/vstaln/riemann/research/lean-zeta-23/.lake/packages/Qq/.lake/build/lib/lean:/home/vstaln/riemann/research/lean-zeta-23/.lake/packages/aesop/.lake/build/lib/lean:/home/vstaln/riemann/research/lean-zeta-23/.lake/packages/proofwidgets/.lake/build/lib/lean:/home/vstaln/riemann/research/lean-zeta-23/.lake/packages/importGraph/.lake/build/lib/lean:/home/vstaln/riemann/research/lean-zeta-23/.lake/packages/LeanSearchClient/.lake/build/lib/lean:/home/vstaln/riemann/research/lean-zeta-23/.lake/packages/plausible/.lake/build/lib/lean:/home/vstaln/riemann/research/lean-zeta-23/.lake/packages/mathlib/.lake/build/lib/lean:/home/vstaln/riemann/research/lean-zeta-23/.lake/build/lib/lean /home/vstaln/.elan/toolchains/leanprover--lean4---v4.33.0-rc2/bin/lean /home/vstaln/riemann/research/lean-zeta-23/Zeta23/ThmE/LocalCountChi.lean -o /home/vstaln/riemann/research/lean-zeta-23/.lake/build/lib/lean/Zeta23/ThmE/LocalCountChi.olean -i /home/vstaln/riemann/research/lean-zeta-23/.lake/build/lib/lean/Zeta23/ThmE/LocalCountChi.ilean -c /home/vstaln/riemann/research/lean-zeta-23/.lake/build/ir/Zeta23/ThmE/LocalCountChi.c --setup /home/vstaln/riemann/research/lean-zeta-23/.lake/build/ir/Zeta23/ThmE/LocalCountChi.setup.json --json",
   "level": "trace"}],
 "inputs":
 [["deps",
   [["Zeta23/Zeta23:extraDep", [["@Zeta23:extraDep", "00000000000006bb"]]],
    ["imports",
     [["Zeta23.ThmE.LGrowth transitive imports (legacy)", "14b97952708ff686"],
      ["Zeta23.ThmE.LGrowth:importAllArts", "71944aff5d6c0268"],
      ["Zeta23.ThmE.Statement transitive imports (legacy)", "4d3ac8d5d33692db"],
      ["Zeta23.ThmE.Statement:importAllArts", "3384c379a0074795"],
      ["Zeta23.RvM.Halving transitive imports (legacy)", "25eca89d1910fbc4"],
      ["Zeta23.RvM.Halving:importAllArts", "ba19085804e1098a"],
      ["Zeta23.RvM.ReZeroCount transitive imports (legacy)",
       "84d45a1aba49b093"],
      ["Zeta23.RvM.ReZeroCount:importAllArts", "434f0d0c35ebda32"],
      ["Zeta23.FromPNTPlus.StrongPNTPrefix transitive imports (legacy)",
       "56acb60d0e8d595a"],
      ["Zeta23.FromPNTPlus.StrongPNTPrefix:importAllArts",
       "0668c2f9a717cf27"]]]]],
  ["libs",
   [["import dynlibs", "00000000000006bb"],
    ["package external libraries", "00000000000006bb"],
    ["module dynlibs", "00000000000006bb"],
    ["module plugins", "00000000000006bb"]]],
  ["Lean 4.33.0, commit d8b18978322de05a8f3dba51ef03cf5461676c17",
   "3eca9d16ab6c877d"],
  ["/home/vstaln/riemann/research/lean-zeta-23/Zeta23/ThmE/LocalCountChi.lean",
   "1c5b549f44e32e06"],
  ["options",
   [["-DrelaxedAutoImplicit=false", "74a2b5546b55be80"],
    ["-Dpp.unicode.fun=true", "9b94070140457fab"]]],
  ["isModule: false", "feefd2a0d3a1847e"],
  ["Module.name: Zeta23.ThmE.LocalCountChi", "a4e6ebf29823c000"],
  ["Package.id?: (some Zeta23)", "31803ca4013655a1"],
  ["Module.leanArgs: #[]", "00000000000006bb"]],
 "depHash": "9a3d63ffe05cc1c0"}