{"synthetic": false,
 "schemaVersion": "2025-09-10",
 "outputs":
 {"o": ["65f0ac2e20d8f3f1.olean"],
  "m": false,
  "i": "e5533c82fc31b61b.ilean",
  "c": "82301aa49ce69574.c"},
 "log":
 [{"message":
   ".> LEAN_PATH=/home/vstaln/riemann/research/lean-zeta-23/.lake/packages/Cli/.lake/build/lib/lean:/home/vstaln/riemann/research/lean-zeta-23/.lake/packages/batteries/.lake/build/lib/lean:/home/vstaln/riemann/research/lean-zeta-23/.lake/packages/Qq/.lake/build/lib/lean:/home/vstaln/riemann/research/lean-zeta-23/.lake/packages/aesop/.lake/build/lib/lean:/home/vstaln/riemann/research/lean-zeta-23/.lake/packages/proofwidgets/.lake/build/lib/lean:/home/vstaln/riemann/research/lean-zeta-23/.lake/packages/importGraph/.lake/build/lib/lean:/home/vstaln/riemann/research/lean-zeta-23/.lake/packages/LeanSearchClient/.lake/build/lib/lean:/home/vstaln/riemann/research/lean-zeta-23/.lake/packages/plausible/.lake/build/lib/lean:/home/vstaln/riemann/research/lean-zeta-23/.lake/packages/mathlib/.lake/build/lib/lean:/home/vstaln/riemann/research/lean-zeta-23/.lake/build/lib/lean /home/vstaln/.elan/toolchains/leanprover--lean4---v4.33.0-rc2/bin/lean /home/vstaln/riemann/research/lean-zeta-23/Zeta23/ThmE/MainTermChi.lean -o /home/vstaln/riemann/research/lean-zeta-23/.lake/build/lib/lean/Zeta23/ThmE/MainTermChi.olean -i /home/vstaln/riemann/research/lean-zeta-23/.lake/build/lib/lean/Zeta23/ThmE/MainTermChi.ilean -c /home/vstaln/riemann/research/lean-zeta-23/.lake/build/ir/Zeta23/ThmE/MainTermChi.c --setup /home/vstaln/riemann/research/lean-zeta-23/.lake/build/ir/Zeta23/ThmE/MainTermChi.setup.json --json",
   "level": "trace"}],
 "inputs":
 [["deps",
   [["Zeta23/Zeta23:extraDep", [["@Zeta23:extraDep", "00000000000006bb"]]],
    ["imports",
     [["Zeta23.ThmE.LGrowth transitive imports (legacy)", "14b97952708ff686"],
      ["Zeta23.ThmE.LGrowth:importAllArts", "71944aff5d6c0268"],
      ["Zeta23.ThmE.Statement transitive imports (legacy)", "4d3ac8d5d33692db"],
      ["Zeta23.ThmE.Statement:importAllArts", "3384c379a0074795"],
      ["Zeta23.ThmE.Hypotheses transitive imports (legacy)",
       "93a551d79ccd4fb8"],
      ["Zeta23.ThmE.Hypotheses:importAllArts", "a59584a8b20c64a0"],
      ["Zeta23.ThmE.LocalCountChi transitive imports (legacy)",
       "df216fb1d23a27d2"],
      ["Zeta23.ThmE.LocalCountChi:importAllArts", "c2534387f22b4868"],
      ["Zeta23.ThmE.GammaSideChi transitive imports (legacy)",
       "5aa08f048b8bfc62"],
      ["Zeta23.ThmE.GammaSideChi:importAllArts", "809dde976b72c00f"],
      ["Zeta23.ThmE.CountByIntegralChi transitive imports (legacy)",
       "52afd93ab4470228"],
      ["Zeta23.ThmE.CountByIntegralChi:importAllArts", "f46862c83b5de102"],
      ["Zeta23.ThmE.FoldChi transitive imports (legacy)", "2ba880f3e89039f2"],
      ["Zeta23.ThmE.FoldChi:importAllArts", "0259c25084e370a1"],
      ["Zeta23.ThmE.RvMChiDefs transitive imports (legacy)",
       "752dcf4c1dc18742"],
      ["Zeta23.ThmE.RvMChiDefs:importAllArts", "33c47adf50377f2d"],
      ["Zeta23.Assembly transitive imports (legacy)", "d677cf1927736b50"],
      ["Zeta23.Assembly:importAllArts", "4b82333db3fd26ea"],
      ["Zeta23.ThmE.ReZeroCountChi transitive imports (legacy)",
       "36051034f022d686"],
      ["Zeta23.ThmE.ReZeroCountChi:importAllArts", "a5143b363b6718b2"],
      ["Zeta23.ThmE.GammaFactsChiProof transitive imports (legacy)",
       "7b79dd89abb9c93f"],
      ["Zeta23.ThmE.GammaFactsChiProof:importAllArts", "0dbf586f25351f78"]]]]],
  ["libs",
   [["import dynlibs", "00000000000006bb"],
    ["package external libraries", "00000000000006bb"],
    ["module dynlibs", "00000000000006bb"],
    ["module plugins", "00000000000006bb"]]],
  ["Lean 4.33.0, commit d8b18978322de05a8f3dba51ef03cf5461676c17",
   "3eca9d16ab6c877d"],
  ["/home/vstaln/riemann/research/lean-zeta-23/Zeta23/ThmE/MainTermChi.lean",
   "3e8461d657b3d61f"],
  ["options",
   [["-DrelaxedAutoImplicit=false", "74a2b5546b55be80"],
    ["-Dpp.unicode.fun=true", "9b94070140457fab"]]],
  ["isModule: false", "feefd2a0d3a1847e"],
  ["Module.name: Zeta23.ThmE.MainTermChi", "17034c7db33ada6f"],
  ["Package.id?: (some Zeta23)", "31803ca4013655a1"],
  ["Module.leanArgs: #[]", "00000000000006bb"]],
 "depHash": "e20bbda9fe917662"}