{"synthetic": false,
 "schemaVersion": "2025-09-10",
 "outputs":
 {"o": ["d25f2c122fea4387.olean"],
  "m": false,
  "i": "2f42e8dfa96d2737.ilean",
  "c": "bc41da304a644282.c"},
 "log":
 [{"message":
   ".> LEAN_PATH=/home/vstaln/riemann/research/lean-zeta-23/.lake/packages/Cli/.lake/build/lib/lean:/home/vstaln/riemann/research/lean-zeta-23/.lake/packages/batteries/.lake/build/lib/lean:/home/vstaln/riemann/research/lean-zeta-23/.lake/packages/Qq/.lake/build/lib/lean:/home/vstaln/riemann/research/lean-zeta-23/.lake/packages/aesop/.lake/build/lib/lean:/home/vstaln/riemann/research/lean-zeta-23/.lake/packages/proofwidgets/.lake/build/lib/lean:/home/vstaln/riemann/research/lean-zeta-23/.lake/packages/importGraph/.lake/build/lib/lean:/home/vstaln/riemann/research/lean-zeta-23/.lake/packages/LeanSearchClient/.lake/build/lib/lean:/home/vstaln/riemann/research/lean-zeta-23/.lake/packages/plausible/.lake/build/lib/lean:/home/vstaln/riemann/research/lean-zeta-23/.lake/packages/mathlib/.lake/build/lib/lean:/home/vstaln/riemann/research/lean-zeta-23/.lake/build/lib/lean /home/vstaln/.elan/toolchains/leanprover--lean4---v4.33.0-rc2/bin/lean /home/vstaln/riemann/research/lean-zeta-23/Zeta23/ThmE/Main.lean -o /home/vstaln/riemann/research/lean-zeta-23/.lake/build/lib/lean/Zeta23/ThmE/Main.olean -i /home/vstaln/riemann/research/lean-zeta-23/.lake/build/lib/lean/Zeta23/ThmE/Main.ilean -c /home/vstaln/riemann/research/lean-zeta-23/.lake/build/ir/Zeta23/ThmE/Main.c --setup /home/vstaln/riemann/research/lean-zeta-23/.lake/build/ir/Zeta23/ThmE/Main.setup.json --json",
   "level": "trace"},
  {"message":
   "Zeta23/ThmE/Main.lean:190:0: automatically included section variable(s) unused in theorem `Zeta23.ThmE.eventually_GzGpChi`:\n  [NeZero q]\nconsider restructuring your `variable` declarations so that the variables are not in scope or explicitly omit them:\n  omit [NeZero q] in theorem ...\n\nNote: This linter can be disabled with `set_option linter.unusedSectionVars false`",
   "level": "warning"}],
 "inputs":
 [["deps",
   [["Zeta23/Zeta23:extraDep", [["@Zeta23:extraDep", "00000000000006bb"]]],
    ["imports",
     [["Zeta23.ThmE.Statement transitive imports (legacy)", "4d3ac8d5d33692db"],
      ["Zeta23.ThmE.Statement:importAllArts", "3384c379a0074795"],
      ["Zeta23.ThmE.AssemblyQ transitive imports (legacy)", "aeea3ef1f56edfc3"],
      ["Zeta23.ThmE.AssemblyQ:importAllArts", "ac86822338135919"],
      ["Zeta23.ThmE.SeamL transitive imports (legacy)", "e28ca36ea3ea5da7"],
      ["Zeta23.ThmE.SeamL:importAllArts", "f24ed002273b05ca"],
      ["Zeta23.ThmE.GzGpChi transitive imports (legacy)", "33315dc09ae46862"],
      ["Zeta23.ThmE.GzGpChi:importAllArts", "f1f9f84e093e4543"],
      ["Zeta23.ThmE.RvMChi transitive imports (legacy)", "1fd4af1b75cb0d5b"],
      ["Zeta23.ThmE.RvMChi:importAllArts", "642a60dada4b9d97"],
      ["Zeta23.ThmE.TracesChi transitive imports (legacy)", "e1b45e4af7a02d62"],
      ["Zeta23.ThmE.TracesChi:importAllArts", "8589057774eaba84"],
      ["Zeta23.ThmE.ChebCoprime transitive imports (legacy)",
       "1b89b7c5a0488f7b"],
      ["Zeta23.ThmE.ChebCoprime:importAllArts", "56fe3319cc6db343"],
      ["Zeta23.ThmE.GammaFactsChiProof transitive imports (legacy)",
       "7b79dd89abb9c93f"],
      ["Zeta23.ThmE.GammaFactsChiProof:importAllArts", "0dbf586f25351f78"],
      ["Zeta23.MV.Final transitive imports (legacy)", "7b5804ae533ec492"],
      ["Zeta23.MV.Final:importAllArts", "f4673fe843b7b689"],
      ["Zeta23.PrimeSideA.Bridge transitive imports (legacy)",
       "18cc50278c6bdc47"],
      ["Zeta23.PrimeSideA.Bridge:importAllArts", "bcee3749e72ffcea"],
      ["Mathlib.NumberTheory.DirichletCharacter.Bounds transitive imports (legacy)",
       "b75f66977cd5a0c2"],
      ["Mathlib.NumberTheory.DirichletCharacter.Bounds:importAllArts",
       "5314d24199d24bca"],
      ["Zeta23.Main transitive imports (legacy)", "ec856af7752bd37f"],
      ["Zeta23.Main:importAllArts", "eead48c0943796a3"]]]]],
  ["libs",
   [["import dynlibs", "00000000000006bb"],
    ["package external libraries", "00000000000006bb"],
    ["module dynlibs", "00000000000006bb"],
    ["module plugins", "00000000000006bb"]]],
  ["Lean 4.33.0, commit d8b18978322de05a8f3dba51ef03cf5461676c17",
   "3eca9d16ab6c877d"],
  ["/home/vstaln/riemann/research/lean-zeta-23/Zeta23/ThmE/Main.lean",
   "097b1abeb2bf48d0"],
  ["options",
   [["-DrelaxedAutoImplicit=false", "74a2b5546b55be80"],
    ["-Dpp.unicode.fun=true", "9b94070140457fab"]]],
  ["isModule: false", "feefd2a0d3a1847e"],
  ["Module.name: Zeta23.ThmE.Main", "af81797271b4040e"],
  ["Package.id?: (some Zeta23)", "31803ca4013655a1"],
  ["Module.leanArgs: #[]", "00000000000006bb"]],
 "depHash": "eccd520553c81aea"}