{"synthetic": false,
 "schemaVersion": "2025-09-10",
 "outputs":
 {"o": ["d4921f2f100c0813.olean"],
  "m": false,
  "i": "a30f8e0dab4bccc7.ilean",
  "c": "14b2ba5c2b2ff10b.c"},
 "log":
 [{"message":
   ".> LEAN_PATH=/home/vstaln/riemann/research/lean-zeta-23/.lake/packages/Cli/.lake/build/lib/lean:/home/vstaln/riemann/research/lean-zeta-23/.lake/packages/batteries/.lake/build/lib/lean:/home/vstaln/riemann/research/lean-zeta-23/.lake/packages/Qq/.lake/build/lib/lean:/home/vstaln/riemann/research/lean-zeta-23/.lake/packages/aesop/.lake/build/lib/lean:/home/vstaln/riemann/research/lean-zeta-23/.lake/packages/proofwidgets/.lake/build/lib/lean:/home/vstaln/riemann/research/lean-zeta-23/.lake/packages/importGraph/.lake/build/lib/lean:/home/vstaln/riemann/research/lean-zeta-23/.lake/packages/LeanSearchClient/.lake/build/lib/lean:/home/vstaln/riemann/research/lean-zeta-23/.lake/packages/plausible/.lake/build/lib/lean:/home/vstaln/riemann/research/lean-zeta-23/.lake/packages/mathlib/.lake/build/lib/lean:/home/vstaln/riemann/research/lean-zeta-23/.lake/build/lib/lean /home/vstaln/.elan/toolchains/leanprover--lean4---v4.33.0-rc2/bin/lean /home/vstaln/riemann/research/lean-zeta-23/Zeta23/ThmE/MainChi.lean -o /home/vstaln/riemann/research/lean-zeta-23/.lake/build/lib/lean/Zeta23/ThmE/MainChi.olean -i /home/vstaln/riemann/research/lean-zeta-23/.lake/build/lib/lean/Zeta23/ThmE/MainChi.ilean -c /home/vstaln/riemann/research/lean-zeta-23/.lake/build/ir/Zeta23/ThmE/MainChi.c --setup /home/vstaln/riemann/research/lean-zeta-23/.lake/build/ir/Zeta23/ThmE/MainChi.setup.json --json",
   "level": "trace"}],
 "inputs":
 [["deps",
   [["Zeta23/Zeta23:extraDep", [["@Zeta23:extraDep", "00000000000006bb"]]],
    ["imports",
     [["Zeta23.ThmE.FullLineChi transitive imports (legacy)",
       "cf1087952718491c"],
      ["Zeta23.ThmE.FullLineChi:importAllArts", "de61907ce0ef2aca"],
      ["Zeta23.ThmE.EFLitChi transitive imports (legacy)", "a4b73ac24f490851"],
      ["Zeta23.ThmE.EFLitChi:importAllArts", "c061dc9581bc1fa5"],
      ["Zeta23.WeilEF.Main transitive imports (legacy)", "f7d1f5d63048d47b"],
      ["Zeta23.WeilEF.Main:importAllArts", "25942987f9e04333"],
      ["Zeta23.ThmE.FullLineChiProof transitive imports (legacy)",
       "26a433548b4e3f3f"],
      ["Zeta23.ThmE.FullLineChiProof:importAllArts", "3dce07a53a52f466"],
      ["Zeta23.ThmE.FullLineChiAssembly transitive imports (legacy)",
       "189d80bcd58d6207"],
      ["Zeta23.ThmE.FullLineChiAssembly:importAllArts", "96f49f8fe70e65cc"]]]]],
  ["libs",
   [["import dynlibs", "00000000000006bb"],
    ["package external libraries", "00000000000006bb"],
    ["module dynlibs", "00000000000006bb"],
    ["module plugins", "00000000000006bb"]]],
  ["Lean 4.33.0, commit d8b18978322de05a8f3dba51ef03cf5461676c17",
   "3eca9d16ab6c877d"],
  ["/home/vstaln/riemann/research/lean-zeta-23/Zeta23/ThmE/MainChi.lean",
   "59c405a66844e6af"],
  ["options",
   [["-DrelaxedAutoImplicit=false", "74a2b5546b55be80"],
    ["-Dpp.unicode.fun=true", "9b94070140457fab"]]],
  ["isModule: false", "feefd2a0d3a1847e"],
  ["Module.name: Zeta23.ThmE.MainChi", "d90774b97be095e2"],
  ["Package.id?: (some Zeta23)", "31803ca4013655a1"],
  ["Module.leanArgs: #[]", "00000000000006bb"]],
 "depHash": "4b3504478376d67e"}