{"synthetic": false,
 "schemaVersion": "2025-09-10",
 "outputs":
 {"o": ["affd2976a1c66227.olean"],
  "m": false,
  "i": "0cca723baa191ec4.ilean",
  "c": "813c2cf6386a4bdb.c"},
 "log":
 [{"message":
   ".> LEAN_PATH=/home/vstaln/riemann/research/lean-zeta-23/.lake/packages/Cli/.lake/build/lib/lean:/home/vstaln/riemann/research/lean-zeta-23/.lake/packages/batteries/.lake/build/lib/lean:/home/vstaln/riemann/research/lean-zeta-23/.lake/packages/Qq/.lake/build/lib/lean:/home/vstaln/riemann/research/lean-zeta-23/.lake/packages/aesop/.lake/build/lib/lean:/home/vstaln/riemann/research/lean-zeta-23/.lake/packages/proofwidgets/.lake/build/lib/lean:/home/vstaln/riemann/research/lean-zeta-23/.lake/packages/importGraph/.lake/build/lib/lean:/home/vstaln/riemann/research/lean-zeta-23/.lake/packages/LeanSearchClient/.lake/build/lib/lean:/home/vstaln/riemann/research/lean-zeta-23/.lake/packages/plausible/.lake/build/lib/lean:/home/vstaln/riemann/research/lean-zeta-23/.lake/packages/mathlib/.lake/build/lib/lean:/home/vstaln/riemann/research/lean-zeta-23/.lake/build/lib/lean /home/vstaln/.elan/toolchains/leanprover--lean4---v4.33.0-rc2/bin/lean /home/vstaln/riemann/research/lean-zeta-23/Zeta23/ThmE/SeamL.lean -o /home/vstaln/riemann/research/lean-zeta-23/.lake/build/lib/lean/Zeta23/ThmE/SeamL.olean -i /home/vstaln/riemann/research/lean-zeta-23/.lake/build/lib/lean/Zeta23/ThmE/SeamL.ilean -c /home/vstaln/riemann/research/lean-zeta-23/.lake/build/ir/Zeta23/ThmE/SeamL.c --setup /home/vstaln/riemann/research/lean-zeta-23/.lake/build/ir/Zeta23/ThmE/SeamL.setup.json --json",
   "level": "trace"},
  {"message":
   "Zeta23/ThmE/SeamL.lean:337:13: `ENat.toNat_coe` has been deprecated: Use `ENat.toNat_natCast` instead",
   "level": "warning"}],
 "inputs":
 [["deps",
   [["Zeta23/Zeta23:extraDep", [["@Zeta23:extraDep", "00000000000006bb"]]],
    ["imports",
     [["Zeta23.ThmE.Statement transitive imports (legacy)", "4d3ac8d5d33692db"],
      ["Zeta23.ThmE.Statement:importAllArts", "3384c379a0074795"],
      ["Zeta23.ZetaReflect transitive imports (legacy)", "899c1e2d113284ac"],
      ["Zeta23.ZetaReflect:importAllArts", "53e827fe8a6f340c"],
      ["Mathlib.NumberTheory.LSeries.Nonvanishing transitive imports (legacy)",
       "4d269c5a80c7b359"],
      ["Mathlib.NumberTheory.LSeries.Nonvanishing:importAllArts",
       "01bc07aa97fa715e"],
      ["Mathlib.NumberTheory.MulChar.Lemmas transitive imports (legacy)",
       "5d7ab3b017108edf"],
      ["Mathlib.NumberTheory.MulChar.Lemmas:importAllArts", "33a08568b7f07f62"],
      ["Mathlib.Analysis.Complex.ReImTopology transitive imports (legacy)",
       "2301794c72e202e0"],
      ["Mathlib.Analysis.Complex.ReImTopology:importAllArts",
       "f7e9ce6da8079a9a"],
      ["Mathlib.Analysis.Normed.Module.Connected transitive imports (legacy)",
       "7a7d324d6b5bc2fd"],
      ["Mathlib.Analysis.Normed.Module.Connected:importAllArts",
       "85912d6ee2f68c69"],
      ["Mathlib.LinearAlgebra.Complex.FiniteDimensional transitive imports (legacy)",
       "5977ebd8a7f8e5ad"],
      ["Mathlib.LinearAlgebra.Complex.FiniteDimensional:importAllArts",
       "e882756768aaed64"]]]]],
  ["libs",
   [["import dynlibs", "00000000000006bb"],
    ["package external libraries", "00000000000006bb"],
    ["module dynlibs", "00000000000006bb"],
    ["module plugins", "00000000000006bb"]]],
  ["Lean 4.33.0, commit d8b18978322de05a8f3dba51ef03cf5461676c17",
   "3eca9d16ab6c877d"],
  ["/home/vstaln/riemann/research/lean-zeta-23/Zeta23/ThmE/SeamL.lean",
   "0888108bdf65cb2f"],
  ["options",
   [["-DrelaxedAutoImplicit=false", "74a2b5546b55be80"],
    ["-Dpp.unicode.fun=true", "9b94070140457fab"]]],
  ["isModule: false", "feefd2a0d3a1847e"],
  ["Module.name: Zeta23.ThmE.SeamL", "1c1f729310020ff2"],
  ["Package.id?: (some Zeta23)", "31803ca4013655a1"],
  ["Module.leanArgs: #[]", "00000000000006bb"]],
 "depHash": "e8a50ff9e19b81da"}