{"synthetic": false,
 "schemaVersion": "2025-09-10",
 "outputs":
 {"o": ["76ff8ab2d580d003.olean"],
  "m": false,
  "i": "1e7c9cca6fef709f.ilean",
  "c": "c448f14d7e0994c1.c"},
 "log":
 [{"message":
   ".> LEAN_PATH=/home/vstaln/riemann/research/lean-zeta-23/.lake/packages/Cli/.lake/build/lib/lean:/home/vstaln/riemann/research/lean-zeta-23/.lake/packages/batteries/.lake/build/lib/lean:/home/vstaln/riemann/research/lean-zeta-23/.lake/packages/Qq/.lake/build/lib/lean:/home/vstaln/riemann/research/lean-zeta-23/.lake/packages/aesop/.lake/build/lib/lean:/home/vstaln/riemann/research/lean-zeta-23/.lake/packages/proofwidgets/.lake/build/lib/lean:/home/vstaln/riemann/research/lean-zeta-23/.lake/packages/importGraph/.lake/build/lib/lean:/home/vstaln/riemann/research/lean-zeta-23/.lake/packages/LeanSearchClient/.lake/build/lib/lean:/home/vstaln/riemann/research/lean-zeta-23/.lake/packages/plausible/.lake/build/lib/lean:/home/vstaln/riemann/research/lean-zeta-23/.lake/packages/mathlib/.lake/build/lib/lean:/home/vstaln/riemann/research/lean-zeta-23/.lake/build/lib/lean /home/vstaln/.elan/toolchains/leanprover--lean4---v4.33.0-rc2/bin/lean /home/vstaln/riemann/research/lean-zeta-23/Zeta23/ThmE/TracesChi.lean -o /home/vstaln/riemann/research/lean-zeta-23/.lake/build/lib/lean/Zeta23/ThmE/TracesChi.olean -i /home/vstaln/riemann/research/lean-zeta-23/.lake/build/lib/lean/Zeta23/ThmE/TracesChi.ilean -c /home/vstaln/riemann/research/lean-zeta-23/.lake/build/ir/Zeta23/ThmE/TracesChi.c --setup /home/vstaln/riemann/research/lean-zeta-23/.lake/build/ir/Zeta23/ThmE/TracesChi.setup.json --json",
   "level": "trace"}],
 "inputs":
 [["deps",
   [["Zeta23/Zeta23:extraDep", [["@Zeta23:extraDep", "00000000000006bb"]]],
    ["imports",
     [["Zeta23.ThmE.TracesHypChi transitive imports (legacy)",
       "2c8a1bdec52de760"],
      ["Zeta23.ThmE.TracesHypChi:importAllArts", "0ae8ec86fb5a769e"],
      ["Zeta23.ThmE.PrimeSideChi transitive imports (legacy)",
       "1327d6d3dc73c5a2"],
      ["Zeta23.ThmE.PrimeSideChi:importAllArts", "98bdba6ee449afc5"],
      ["Zeta23.ThmE.PPChi transitive imports (legacy)", "b5bc2362428564da"],
      ["Zeta23.ThmE.PPChi:importAllArts", "8d0fdc2ebe87ce1c"],
      ["Zeta23.ThmE.MuMuChi transitive imports (legacy)", "eaf02ec90f8b3d92"],
      ["Zeta23.ThmE.MuMuChi:importAllArts", "8353e6664cc6b0b7"],
      ["Zeta23.ThmE.CrossMuPChi transitive imports (legacy)",
       "faffe8c097aeaa02"],
      ["Zeta23.ThmE.CrossMuPChi:importAllArts", "ebb3876a1117e76a"],
      ["Zeta23.PrimeSideB transitive imports (legacy)", "de97f21ef41e156c"],
      ["Zeta23.PrimeSideB:importAllArts", "b867c771c1693e91"],
      ["Zeta23.PrimeSideB.Concrete transitive imports (legacy)",
       "f5d53ebea8596169"],
      ["Zeta23.PrimeSideB.Concrete:importAllArts", "5c53b7a17d51df2e"],
      ["Zeta23.PrimeSideA.Bridge transitive imports (legacy)",
       "18cc50278c6bdc47"],
      ["Zeta23.PrimeSideA.Bridge:importAllArts", "bcee3749e72ffcea"]]]]],
  ["libs",
   [["import dynlibs", "00000000000006bb"],
    ["package external libraries", "00000000000006bb"],
    ["module dynlibs", "00000000000006bb"],
    ["module plugins", "00000000000006bb"]]],
  ["Lean 4.33.0, commit d8b18978322de05a8f3dba51ef03cf5461676c17",
   "3eca9d16ab6c877d"],
  ["/home/vstaln/riemann/research/lean-zeta-23/Zeta23/ThmE/TracesChi.lean",
   "fda74d64638b43cc"],
  ["options",
   [["-DrelaxedAutoImplicit=false", "74a2b5546b55be80"],
    ["-Dpp.unicode.fun=true", "9b94070140457fab"]]],
  ["isModule: false", "feefd2a0d3a1847e"],
  ["Module.name: Zeta23.ThmE.TracesChi", "d3cec8360d2423bd"],
  ["Package.id?: (some Zeta23)", "31803ca4013655a1"],
  ["Module.leanArgs: #[]", "00000000000006bb"]],
 "depHash": "4dc6f02eb2c014a0"}