{"synthetic": false,
 "schemaVersion": "2025-09-10",
 "outputs":
 {"o": ["39bf4b0181e6bfae.olean"],
  "m": false,
  "i": "0afb91f41fef18d9.ilean",
  "c": "c50f7d23c0e4df40.c"},
 "log":
 [{"message":
   ".> LEAN_PATH=/home/vstaln/riemann/research/lean-zeta-23/.lake/packages/Cli/.lake/build/lib/lean:/home/vstaln/riemann/research/lean-zeta-23/.lake/packages/batteries/.lake/build/lib/lean:/home/vstaln/riemann/research/lean-zeta-23/.lake/packages/Qq/.lake/build/lib/lean:/home/vstaln/riemann/research/lean-zeta-23/.lake/packages/aesop/.lake/build/lib/lean:/home/vstaln/riemann/research/lean-zeta-23/.lake/packages/proofwidgets/.lake/build/lib/lean:/home/vstaln/riemann/research/lean-zeta-23/.lake/packages/importGraph/.lake/build/lib/lean:/home/vstaln/riemann/research/lean-zeta-23/.lake/packages/LeanSearchClient/.lake/build/lib/lean:/home/vstaln/riemann/research/lean-zeta-23/.lake/packages/plausible/.lake/build/lib/lean:/home/vstaln/riemann/research/lean-zeta-23/.lake/packages/mathlib/.lake/build/lib/lean:/home/vstaln/riemann/research/lean-zeta-23/.lake/build/lib/lean /home/vstaln/.elan/toolchains/leanprover--lean4---v4.33.0-rc2/bin/lean /home/vstaln/riemann/research/lean-zeta-23/Zeta23/XiPrime/Hardy/Count.lean -o /home/vstaln/riemann/research/lean-zeta-23/.lake/build/lib/lean/Zeta23/XiPrime/Hardy/Count.olean -i /home/vstaln/riemann/research/lean-zeta-23/.lake/build/lib/lean/Zeta23/XiPrime/Hardy/Count.ilean -c /home/vstaln/riemann/research/lean-zeta-23/.lake/build/ir/Zeta23/XiPrime/Hardy/Count.c --setup /home/vstaln/riemann/research/lean-zeta-23/.lake/build/ir/Zeta23/XiPrime/Hardy/Count.setup.json --json",
   "level": "trace"}],
 "inputs":
 [["deps",
   [["Zeta23/Zeta23:extraDep", [["@Zeta23:extraDep", "00000000000006bb"]]],
    ["imports",
     [["Zeta23.XiPrime.Hardy.Contour transitive imports (legacy)",
       "75a3e1a4728554a0"],
      ["Zeta23.XiPrime.Hardy.Contour:importAllArts", "ba9c2aa5418f1543"],
      ["Zeta23.XiPrime.ZeroCount transitive imports (legacy)",
       "22d7d94ea0ee4582"],
      ["Zeta23.XiPrime.ZeroCount:importAllArts", "8841e876203421ef"],
      ["Zeta23.XiPrime.ZeroCount.Generic transitive imports (legacy)",
       "3a1d4dc146b09d5e"],
      ["Zeta23.XiPrime.ZeroCount.Generic:importAllArts", "406006ae0822a334"],
      ["Zeta23.XiPrime.ZeroCount.ArgBound transitive imports (legacy)",
       "cccce924c7bddc56"],
      ["Zeta23.XiPrime.ZeroCount.ArgBound:importAllArts", "49470a99e5f4067d"],
      ["Zeta23.XiPrime.ZeroCount.Sides transitive imports (legacy)",
       "d5fc9030bf9fe135"],
      ["Zeta23.XiPrime.ZeroCount.Sides:importAllArts", "66c4857adb7a78de"],
      ["Zeta23.RvM.Backlund transitive imports (legacy)", "5c629ace64947423"],
      ["Zeta23.RvM.Backlund:importAllArts", "97c628fd4a509997"]]]]],
  ["libs",
   [["import dynlibs", "00000000000006bb"],
    ["package external libraries", "00000000000006bb"],
    ["module dynlibs", "00000000000006bb"],
    ["module plugins", "00000000000006bb"]]],
  ["Lean 4.33.0, commit d8b18978322de05a8f3dba51ef03cf5461676c17",
   "3eca9d16ab6c877d"],
  ["/home/vstaln/riemann/research/lean-zeta-23/Zeta23/XiPrime/Hardy/Count.lean",
   "34edbf1bb9448bb6"],
  ["options",
   [["-DrelaxedAutoImplicit=false", "74a2b5546b55be80"],
    ["-Dpp.unicode.fun=true", "9b94070140457fab"]]],
  ["isModule: false", "feefd2a0d3a1847e"],
  ["Module.name: Zeta23.XiPrime.Hardy.Count", "a68f7b4234b6305b"],
  ["Package.id?: (some Zeta23)", "31803ca4013655a1"],
  ["Module.leanArgs: #[]", "00000000000006bb"]],
 "depHash": "36c4ee674b8513f7"}