{"synthetic": false,
 "schemaVersion": "2025-09-10",
 "outputs":
 {"o": ["35102af4834ead99.olean"],
  "m": false,
  "i": "305649e4d734131e.ilean",
  "c": "c9b5990dd7e31b6a.c"},
 "log":
 [{"message":
   ".> LEAN_PATH=/home/vstaln/riemann/research/lean-zeta-23/.lake/packages/Cli/.lake/build/lib/lean:/home/vstaln/riemann/research/lean-zeta-23/.lake/packages/batteries/.lake/build/lib/lean:/home/vstaln/riemann/research/lean-zeta-23/.lake/packages/Qq/.lake/build/lib/lean:/home/vstaln/riemann/research/lean-zeta-23/.lake/packages/aesop/.lake/build/lib/lean:/home/vstaln/riemann/research/lean-zeta-23/.lake/packages/proofwidgets/.lake/build/lib/lean:/home/vstaln/riemann/research/lean-zeta-23/.lake/packages/importGraph/.lake/build/lib/lean:/home/vstaln/riemann/research/lean-zeta-23/.lake/packages/LeanSearchClient/.lake/build/lib/lean:/home/vstaln/riemann/research/lean-zeta-23/.lake/packages/plausible/.lake/build/lib/lean:/home/vstaln/riemann/research/lean-zeta-23/.lake/packages/mathlib/.lake/build/lib/lean:/home/vstaln/riemann/research/lean-zeta-23/.lake/build/lib/lean /home/vstaln/.elan/toolchains/leanprover--lean4---v4.33.0-rc2/bin/lean /home/vstaln/riemann/research/lean-zeta-23/Zeta23/XiPrime/Hardy/EFContour.lean -o /home/vstaln/riemann/research/lean-zeta-23/.lake/build/lib/lean/Zeta23/XiPrime/Hardy/EFContour.olean -i /home/vstaln/riemann/research/lean-zeta-23/.lake/build/lib/lean/Zeta23/XiPrime/Hardy/EFContour.ilean -c /home/vstaln/riemann/research/lean-zeta-23/.lake/build/ir/Zeta23/XiPrime/Hardy/EFContour.c --setup /home/vstaln/riemann/research/lean-zeta-23/.lake/build/ir/Zeta23/XiPrime/Hardy/EFContour.setup.json --json",
   "level": "trace"},
  {"message":
   "Zeta23/XiPrime/Hardy/EFContour.lean:390:57: `Set.mem_setOf_eq` has been deprecated: Use `Set.mem_ofPred_eq` instead",
   "level": "warning"}],
 "inputs":
 [["deps",
   [["Zeta23/Zeta23:extraDep", [["@Zeta23:extraDep", "00000000000006bb"]]],
    ["imports",
     [["Zeta23.XiPrime.Hardy.EFContour.Rectangle transitive imports (legacy)",
       "8066b6f595c1670c"],
      ["Zeta23.XiPrime.Hardy.EFContour.Rectangle:importAllArts",
       "1352d7eda168643a"],
      ["Zeta23.XiPrime.Hardy.EFContour.Limit transitive imports (legacy)",
       "cebc44179b8dc2ca"],
      ["Zeta23.XiPrime.Hardy.EFContour.Limit:importAllArts",
       "7aed751f5d399074"],
      ["Zeta23.XiPrime.Hardy.GoodHeightsW transitive imports (legacy)",
       "e19fda2c2f17b606"],
      ["Zeta23.XiPrime.Hardy.GoodHeightsW:importAllArts", "6ab24f0fea0d8fcf"],
      ["Zeta23.WeilEF.ZeroSummabilityGen transitive imports (legacy)",
       "85529e1524cdc80a"],
      ["Zeta23.WeilEF.ZeroSummabilityGen:importAllArts",
       "0f7a91dba82ad600"]]]]],
  ["libs",
   [["import dynlibs", "00000000000006bb"],
    ["package external libraries", "00000000000006bb"],
    ["module dynlibs", "00000000000006bb"],
    ["module plugins", "00000000000006bb"]]],
  ["Lean 4.33.0, commit d8b18978322de05a8f3dba51ef03cf5461676c17",
   "3eca9d16ab6c877d"],
  ["/home/vstaln/riemann/research/lean-zeta-23/Zeta23/XiPrime/Hardy/EFContour.lean",
   "a5117a32da75b83a"],
  ["options",
   [["-DrelaxedAutoImplicit=false", "74a2b5546b55be80"],
    ["-Dpp.unicode.fun=true", "9b94070140457fab"]]],
  ["isModule: false", "feefd2a0d3a1847e"],
  ["Module.name: Zeta23.XiPrime.Hardy.EFContour", "0e8042c2a934aa9c"],
  ["Package.id?: (some Zeta23)", "31803ca4013655a1"],
  ["Module.leanArgs: #[]", "00000000000006bb"]],
 "depHash": "5e0d285a5009ac4d"}