{"synthetic": false,
 "schemaVersion": "2025-09-10",
 "outputs":
 {"o": ["6d650261cdbd6d9a.olean"],
  "m": false,
  "i": "91f203bd0cc51eb2.ilean",
  "c": "312f50044898fcb9.c"},
 "log":
 [{"message":
   ".> LEAN_PATH=/home/vstaln/riemann/research/lean-zeta-23/.lake/packages/Cli/.lake/build/lib/lean:/home/vstaln/riemann/research/lean-zeta-23/.lake/packages/batteries/.lake/build/lib/lean:/home/vstaln/riemann/research/lean-zeta-23/.lake/packages/Qq/.lake/build/lib/lean:/home/vstaln/riemann/research/lean-zeta-23/.lake/packages/aesop/.lake/build/lib/lean:/home/vstaln/riemann/research/lean-zeta-23/.lake/packages/proofwidgets/.lake/build/lib/lean:/home/vstaln/riemann/research/lean-zeta-23/.lake/packages/importGraph/.lake/build/lib/lean:/home/vstaln/riemann/research/lean-zeta-23/.lake/packages/LeanSearchClient/.lake/build/lib/lean:/home/vstaln/riemann/research/lean-zeta-23/.lake/packages/plausible/.lake/build/lib/lean:/home/vstaln/riemann/research/lean-zeta-23/.lake/packages/mathlib/.lake/build/lib/lean:/home/vstaln/riemann/research/lean-zeta-23/.lake/build/lib/lean /home/vstaln/.elan/toolchains/leanprover--lean4---v4.33.0-rc2/bin/lean /home/vstaln/riemann/research/lean-zeta-23/Zeta23/XiPrime/Hardy/EFFinal.lean -o /home/vstaln/riemann/research/lean-zeta-23/.lake/build/lib/lean/Zeta23/XiPrime/Hardy/EFFinal.olean -i /home/vstaln/riemann/research/lean-zeta-23/.lake/build/lib/lean/Zeta23/XiPrime/Hardy/EFFinal.ilean -c /home/vstaln/riemann/research/lean-zeta-23/.lake/build/ir/Zeta23/XiPrime/Hardy/EFFinal.c --setup /home/vstaln/riemann/research/lean-zeta-23/.lake/build/ir/Zeta23/XiPrime/Hardy/EFFinal.setup.json --json",
   "level": "trace"}],
 "inputs":
 [["deps",
   [["Zeta23/Zeta23:extraDep", [["@Zeta23:extraDep", "00000000000006bb"]]],
    ["imports",
     [["Zeta23.XiPrime.Hardy.EFMain transitive imports (legacy)",
       "ee402fedc18faacf"],
      ["Zeta23.XiPrime.Hardy.EFMain:importAllArts", "b982f63be77eaa5b"],
      ["Zeta23.XiPrime.Hardy.EFExpansion transitive imports (legacy)",
       "483394cf486a1104"],
      ["Zeta23.XiPrime.Hardy.EFExpansion:importAllArts", "585e6ac1e4b4f81f"],
      ["Zeta23.XiPrime.Hardy.EFContour transitive imports (legacy)",
       "aeacbb244f6324dd"],
      ["Zeta23.XiPrime.Hardy.EFContour:importAllArts", "833d3d166986284b"],
      ["Zeta23.XiPrime.Coeff.LSeries transitive imports (legacy)",
       "33f7f4019d3373ce"],
      ["Zeta23.XiPrime.Coeff.LSeries:importAllArts", "205985ed0d1a8329"],
      ["Zeta23.XiPrime.ExplicitFormula.Main transitive imports (legacy)",
       "bb98db653b4266d8"],
      ["Zeta23.XiPrime.ExplicitFormula.Main:importAllArts",
       "5d3016782cbf4886"]]]]],
  ["libs",
   [["import dynlibs", "00000000000006bb"],
    ["package external libraries", "00000000000006bb"],
    ["module dynlibs", "00000000000006bb"],
    ["module plugins", "00000000000006bb"]]],
  ["Lean 4.33.0, commit d8b18978322de05a8f3dba51ef03cf5461676c17",
   "3eca9d16ab6c877d"],
  ["/home/vstaln/riemann/research/lean-zeta-23/Zeta23/XiPrime/Hardy/EFFinal.lean",
   "babeb848f976b9e6"],
  ["options",
   [["-DrelaxedAutoImplicit=false", "74a2b5546b55be80"],
    ["-Dpp.unicode.fun=true", "9b94070140457fab"]]],
  ["isModule: false", "feefd2a0d3a1847e"],
  ["Module.name: Zeta23.XiPrime.Hardy.EFFinal", "c6e1ed6d939870ad"],
  ["Package.id?: (some Zeta23)", "31803ca4013655a1"],
  ["Module.leanArgs: #[]", "00000000000006bb"]],
 "depHash": "6e1d96fdd41563d8"}