{"synthetic": false,
 "schemaVersion": "2025-09-10",
 "outputs":
 {"o": ["1dad22440aaad9fa.olean"],
  "m": false,
  "i": "fc4b1755c61afbe8.ilean",
  "c": "fce869ae360a3fde.c"},
 "log":
 [{"message":
   ".> LEAN_PATH=/home/vstaln/riemann/research/lean-zeta-23/.lake/packages/Cli/.lake/build/lib/lean:/home/vstaln/riemann/research/lean-zeta-23/.lake/packages/batteries/.lake/build/lib/lean:/home/vstaln/riemann/research/lean-zeta-23/.lake/packages/Qq/.lake/build/lib/lean:/home/vstaln/riemann/research/lean-zeta-23/.lake/packages/aesop/.lake/build/lib/lean:/home/vstaln/riemann/research/lean-zeta-23/.lake/packages/proofwidgets/.lake/build/lib/lean:/home/vstaln/riemann/research/lean-zeta-23/.lake/packages/importGraph/.lake/build/lib/lean:/home/vstaln/riemann/research/lean-zeta-23/.lake/packages/LeanSearchClient/.lake/build/lib/lean:/home/vstaln/riemann/research/lean-zeta-23/.lake/packages/plausible/.lake/build/lib/lean:/home/vstaln/riemann/research/lean-zeta-23/.lake/packages/mathlib/.lake/build/lib/lean:/home/vstaln/riemann/research/lean-zeta-23/.lake/build/lib/lean /home/vstaln/.elan/toolchains/leanprover--lean4---v4.33.0-rc2/bin/lean /home/vstaln/riemann/research/lean-zeta-23/Zeta23/XiPrime/Hardy/EFMain.lean -o /home/vstaln/riemann/research/lean-zeta-23/.lake/build/lib/lean/Zeta23/XiPrime/Hardy/EFMain.olean -i /home/vstaln/riemann/research/lean-zeta-23/.lake/build/lib/lean/Zeta23/XiPrime/Hardy/EFMain.ilean -c /home/vstaln/riemann/research/lean-zeta-23/.lake/build/ir/Zeta23/XiPrime/Hardy/EFMain.c --setup /home/vstaln/riemann/research/lean-zeta-23/.lake/build/ir/Zeta23/XiPrime/Hardy/EFMain.setup.json --json",
   "level": "trace"}],
 "inputs":
 [["deps",
   [["Zeta23/Zeta23:extraDep", [["@Zeta23:extraDep", "00000000000006bb"]]],
    ["imports",
     [["Zeta23.XiPrime.Hardy.EFJTermW transitive imports (legacy)",
       "adc401d43ca1d018"],
      ["Zeta23.XiPrime.Hardy.EFJTermW:importAllArts", "ba8894b0f5b810d8"],
      ["Zeta23.XiPrime.Hardy.EFWeights transitive imports (legacy)",
       "9eef92946ce971e1"],
      ["Zeta23.XiPrime.Hardy.EFWeights:importAllArts", "10e2e74889dc81aa"],
      ["Zeta23.XiPrime.ExplicitFormula.GramBridge transitive imports (legacy)",
       "a1dffe6894a4e7f3"],
      ["Zeta23.XiPrime.ExplicitFormula.GramBridge:importAllArts",
       "ea5aed49d6267c52"],
      ["Zeta23.XiPrime.ExplicitFormula.PrimeTermJ transitive imports (legacy)",
       "6f7638dae8254611"],
      ["Zeta23.XiPrime.ExplicitFormula.PrimeTermJ:importAllArts",
       "8ce9bfea6b2c6f1e"],
      ["Zeta23.XiPrime.ExplicitFormula.FamilyFacts transitive imports (legacy)",
       "e6cb7654a0568907"],
      ["Zeta23.XiPrime.ExplicitFormula.FamilyFacts:importAllArts",
       "7b1e380f9717abf1"],
      ["Zeta23.XiPrime.ExplicitFormula.XiEFAssembly transitive imports (legacy)",
       "9b0f3a23f23a8971"],
      ["Zeta23.XiPrime.ExplicitFormula.XiEFAssembly:importAllArts",
       "6a66eba2c483ecdb"]]]]],
  ["libs",
   [["import dynlibs", "00000000000006bb"],
    ["package external libraries", "00000000000006bb"],
    ["module dynlibs", "00000000000006bb"],
    ["module plugins", "00000000000006bb"]]],
  ["Lean 4.33.0, commit d8b18978322de05a8f3dba51ef03cf5461676c17",
   "3eca9d16ab6c877d"],
  ["/home/vstaln/riemann/research/lean-zeta-23/Zeta23/XiPrime/Hardy/EFMain.lean",
   "559f1effa080bb47"],
  ["options",
   [["-DrelaxedAutoImplicit=false", "74a2b5546b55be80"],
    ["-Dpp.unicode.fun=true", "9b94070140457fab"]]],
  ["isModule: false", "feefd2a0d3a1847e"],
  ["Module.name: Zeta23.XiPrime.Hardy.EFMain", "de34236ced522149"],
  ["Package.id?: (some Zeta23)", "31803ca4013655a1"],
  ["Module.leanArgs: #[]", "00000000000006bb"]],
 "depHash": "2238723bca750a10"}