{"synthetic": false,
 "schemaVersion": "2025-09-10",
 "outputs":
 {"o": ["48a7582378e8a130.olean"],
  "m": false,
  "i": "69e93b0a09c7d424.ilean",
  "c": "4a5b34e87a898a0f.c"},
 "log":
 [{"message":
   ".> LEAN_PATH=/home/vstaln/riemann/research/lean-zeta-23/.lake/packages/Cli/.lake/build/lib/lean:/home/vstaln/riemann/research/lean-zeta-23/.lake/packages/batteries/.lake/build/lib/lean:/home/vstaln/riemann/research/lean-zeta-23/.lake/packages/Qq/.lake/build/lib/lean:/home/vstaln/riemann/research/lean-zeta-23/.lake/packages/aesop/.lake/build/lib/lean:/home/vstaln/riemann/research/lean-zeta-23/.lake/packages/proofwidgets/.lake/build/lib/lean:/home/vstaln/riemann/research/lean-zeta-23/.lake/packages/importGraph/.lake/build/lib/lean:/home/vstaln/riemann/research/lean-zeta-23/.lake/packages/LeanSearchClient/.lake/build/lib/lean:/home/vstaln/riemann/research/lean-zeta-23/.lake/packages/plausible/.lake/build/lib/lean:/home/vstaln/riemann/research/lean-zeta-23/.lake/packages/mathlib/.lake/build/lib/lean:/home/vstaln/riemann/research/lean-zeta-23/.lake/build/lib/lean /home/vstaln/.elan/toolchains/leanprover--lean4---v4.33.0-rc2/bin/lean /home/vstaln/riemann/research/lean-zeta-23/Zeta23/XiPrime/Hardy/GramBridgeW.lean -o /home/vstaln/riemann/research/lean-zeta-23/.lake/build/lib/lean/Zeta23/XiPrime/Hardy/GramBridgeW.olean -i /home/vstaln/riemann/research/lean-zeta-23/.lake/build/lib/lean/Zeta23/XiPrime/Hardy/GramBridgeW.ilean -c /home/vstaln/riemann/research/lean-zeta-23/.lake/build/ir/Zeta23/XiPrime/Hardy/GramBridgeW.c --setup /home/vstaln/riemann/research/lean-zeta-23/.lake/build/ir/Zeta23/XiPrime/Hardy/GramBridgeW.setup.json --json",
   "level": "trace"}],
 "inputs":
 [["deps",
   [["Zeta23/Zeta23:extraDep", [["@Zeta23:extraDep", "00000000000006bb"]]],
    ["imports",
     [["Zeta23.XiPrime.ExplicitFormula.GramBridge transitive imports (legacy)",
       "a1dffe6894a4e7f3"],
      ["Zeta23.XiPrime.ExplicitFormula.GramBridge:importAllArts",
       "ea5aed49d6267c52"],
      ["Zeta23.XiPrime.ExplicitFormula.PrimeTermJ transitive imports (legacy)",
       "6f7638dae8254611"],
      ["Zeta23.XiPrime.ExplicitFormula.PrimeTermJ:importAllArts",
       "8ce9bfea6b2c6f1e"],
      ["Zeta23.XiPrime.StatementW transitive imports (legacy)",
       "719b126af5fe911b"],
      ["Zeta23.XiPrime.StatementW:importAllArts", "78c194e05c26e01c"],
      ["Zeta23.ExplicitFormula.Bridge transitive imports (legacy)",
       "0155f32b94a41c7a"],
      ["Zeta23.ExplicitFormula.Bridge:importAllArts", "ac6778674f5409e2"]]]]],
  ["libs",
   [["import dynlibs", "00000000000006bb"],
    ["package external libraries", "00000000000006bb"],
    ["module dynlibs", "00000000000006bb"],
    ["module plugins", "00000000000006bb"]]],
  ["Lean 4.33.0, commit d8b18978322de05a8f3dba51ef03cf5461676c17",
   "3eca9d16ab6c877d"],
  ["/home/vstaln/riemann/research/lean-zeta-23/Zeta23/XiPrime/Hardy/GramBridgeW.lean",
   "f64aa368ed4b6b8b"],
  ["options",
   [["-DrelaxedAutoImplicit=false", "74a2b5546b55be80"],
    ["-Dpp.unicode.fun=true", "9b94070140457fab"]]],
  ["isModule: false", "feefd2a0d3a1847e"],
  ["Module.name: Zeta23.XiPrime.Hardy.GramBridgeW", "f215c5d243c39f4b"],
  ["Package.id?: (some Zeta23)", "31803ca4013655a1"],
  ["Module.leanArgs: #[]", "00000000000006bb"]],
 "depHash": "aaae1f9d05eba5df"}