{"synthetic": false,
 "schemaVersion": "2025-09-10",
 "outputs":
 {"o": ["b1d80cb0cfed347d.olean"],
  "m": false,
  "i": "44ee1484786c38c3.ilean",
  "c": "4149666d93df46ff.c"},
 "log":
 [{"message":
   ".> LEAN_PATH=/home/vstaln/riemann/research/lean-zeta-23/.lake/packages/Cli/.lake/build/lib/lean:/home/vstaln/riemann/research/lean-zeta-23/.lake/packages/batteries/.lake/build/lib/lean:/home/vstaln/riemann/research/lean-zeta-23/.lake/packages/Qq/.lake/build/lib/lean:/home/vstaln/riemann/research/lean-zeta-23/.lake/packages/aesop/.lake/build/lib/lean:/home/vstaln/riemann/research/lean-zeta-23/.lake/packages/proofwidgets/.lake/build/lib/lean:/home/vstaln/riemann/research/lean-zeta-23/.lake/packages/importGraph/.lake/build/lib/lean:/home/vstaln/riemann/research/lean-zeta-23/.lake/packages/LeanSearchClient/.lake/build/lib/lean:/home/vstaln/riemann/research/lean-zeta-23/.lake/packages/plausible/.lake/build/lib/lean:/home/vstaln/riemann/research/lean-zeta-23/.lake/packages/mathlib/.lake/build/lib/lean:/home/vstaln/riemann/research/lean-zeta-23/.lake/build/lib/lean /home/vstaln/.elan/toolchains/leanprover--lean4---v4.33.0-rc2/bin/lean /home/vstaln/riemann/research/lean-zeta-23/Zeta23/XiPrime/Hardy/Seam.lean -o /home/vstaln/riemann/research/lean-zeta-23/.lake/build/lib/lean/Zeta23/XiPrime/Hardy/Seam.olean -i /home/vstaln/riemann/research/lean-zeta-23/.lake/build/lib/lean/Zeta23/XiPrime/Hardy/Seam.ilean -c /home/vstaln/riemann/research/lean-zeta-23/.lake/build/ir/Zeta23/XiPrime/Hardy/Seam.c --setup /home/vstaln/riemann/research/lean-zeta-23/.lake/build/ir/Zeta23/XiPrime/Hardy/Seam.setup.json --json",
   "level": "trace"},
  {"message":
   "Zeta23/XiPrime/Hardy/Seam.lean:56:22: `ENat.coe_toNat` has been deprecated: Use `ENat.natCast_toNat` instead",
   "level": "warning"}],
 "inputs":
 [["deps",
   [["Zeta23/Zeta23:extraDep", [["@Zeta23:extraDep", "00000000000006bb"]]],
    ["imports",
     [["Zeta23.XiPrime.Hardy.TwoLine transitive imports (legacy)",
       "b70288491e80ad5c"],
      ["Zeta23.XiPrime.Hardy.TwoLine:importAllArts", "c7a40c18b38d25ba"],
      ["Zeta23.Analytic.RectangleLogDeriv transitive imports (legacy)",
       "a3bdf90275d52eb0"],
      ["Zeta23.Analytic.RectangleLogDeriv:importAllArts", "8702a0a4ff5115d7"],
      ["Mathlib.Analysis.Complex.Convex transitive imports (legacy)",
       "11b9281f5a15d35d"],
      ["Mathlib.Analysis.Complex.Convex:importAllArts", "50b932f9b7a44345"]]]]],
  ["libs",
   [["import dynlibs", "00000000000006bb"],
    ["package external libraries", "00000000000006bb"],
    ["module dynlibs", "00000000000006bb"],
    ["module plugins", "00000000000006bb"]]],
  ["Lean 4.33.0, commit d8b18978322de05a8f3dba51ef03cf5461676c17",
   "3eca9d16ab6c877d"],
  ["/home/vstaln/riemann/research/lean-zeta-23/Zeta23/XiPrime/Hardy/Seam.lean",
   "5f12e03663b831c0"],
  ["options",
   [["-DrelaxedAutoImplicit=false", "74a2b5546b55be80"],
    ["-Dpp.unicode.fun=true", "9b94070140457fab"]]],
  ["isModule: false", "feefd2a0d3a1847e"],
  ["Module.name: Zeta23.XiPrime.Hardy.Seam", "e0a83bf4b6fff284"],
  ["Package.id?: (some Zeta23)", "31803ca4013655a1"],
  ["Module.leanArgs: #[]", "00000000000006bb"]],
 "depHash": "58fc41e3afd49050"}