{"synthetic": false,
 "schemaVersion": "2025-09-10",
 "outputs":
 {"o": ["3fee5ed0ee97b1f4.olean"],
  "m": false,
  "i": "5bcfbf3bd471524f.ilean",
  "c": "7bbaf1fc3889d3f4.c"},
 "log":
 [{"message":
   ".> LEAN_PATH=/home/vstaln/riemann/research/lean-zeta-23/.lake/packages/Cli/.lake/build/lib/lean:/home/vstaln/riemann/research/lean-zeta-23/.lake/packages/batteries/.lake/build/lib/lean:/home/vstaln/riemann/research/lean-zeta-23/.lake/packages/Qq/.lake/build/lib/lean:/home/vstaln/riemann/research/lean-zeta-23/.lake/packages/aesop/.lake/build/lib/lean:/home/vstaln/riemann/research/lean-zeta-23/.lake/packages/proofwidgets/.lake/build/lib/lean:/home/vstaln/riemann/research/lean-zeta-23/.lake/packages/importGraph/.lake/build/lib/lean:/home/vstaln/riemann/research/lean-zeta-23/.lake/packages/LeanSearchClient/.lake/build/lib/lean:/home/vstaln/riemann/research/lean-zeta-23/.lake/packages/plausible/.lake/build/lib/lean:/home/vstaln/riemann/research/lean-zeta-23/.lake/packages/mathlib/.lake/build/lib/lean:/home/vstaln/riemann/research/lean-zeta-23/.lake/build/lib/lean /home/vstaln/.elan/toolchains/leanprover--lean4---v4.33.0-rc2/bin/lean /home/vstaln/riemann/research/lean-zeta-23/Zeta23/XiPrime/Hardy/ZFunction.lean -o /home/vstaln/riemann/research/lean-zeta-23/.lake/build/lib/lean/Zeta23/XiPrime/Hardy/ZFunction.olean -i /home/vstaln/riemann/research/lean-zeta-23/.lake/build/lib/lean/Zeta23/XiPrime/Hardy/ZFunction.ilean -c /home/vstaln/riemann/research/lean-zeta-23/.lake/build/ir/Zeta23/XiPrime/Hardy/ZFunction.c --setup /home/vstaln/riemann/research/lean-zeta-23/.lake/build/ir/Zeta23/XiPrime/Hardy/ZFunction.setup.json --json",
   "level": "trace"},
  {"message":
   "Zeta23/XiPrime/Hardy/ZFunction.lean:60:37: Used `tac1 <;> tac2` where `(tac1; tac2)` would suffice\n\nNote: This linter can be disabled with `set_option linter.unnecessarySeqFocus false`",
   "level": "warning"},
  {"message":
   "Zeta23/XiPrime/Hardy/ZFunction.lean:322:63: `ENat.one_le_iff_ne_zero` has been deprecated: Use `Order.one_le_iff_ne_zero` instead\n\nNote: The updated constant has a different type:\n  ∀ {α : Type u_1} {x : α} [inst : PartialOrder α] [inst_1 : AddMonoidWithOne α] [NeZero 1] [SuccAddOrder α]\n    [IsBotZeroClass α], 1 ≤ x ↔ x ≠ 0\ninstead of\n  ∀ {n : ℕ∞}, 1 ≤ n ↔ n ≠ 0\n\nNote: The updated constant is in a different namespace. Dot notation may need to be changed (e.g., from `x.one_le_iff_ne_zero` to `Order.one_le_iff_ne_zero x`).",
   "level": "warning"}],
 "inputs":
 [["deps",
   [["Zeta23/Zeta23:extraDep", [["@Zeta23:extraDep", "00000000000006bb"]]],
    ["imports",
     [["Zeta23.XiPrime.Statement transitive imports (legacy)",
       "c8e41870e38ac5c0"],
      ["Zeta23.XiPrime.Statement:importAllArts", "2801ef57cb4c24b9"],
      ["Zeta23.XiPrime.Hardy.Basic transitive imports (legacy)",
       "0e159c18fd75a666"],
      ["Zeta23.XiPrime.Hardy.Basic:importAllArts", "4d4b12fdc4f24189"],
      ["Mathlib.Analysis.InnerProductSpace.Calculus transitive imports (legacy)",
       "0259ccf7de7b04dc"],
      ["Mathlib.Analysis.InnerProductSpace.Calculus:importAllArts",
       "5cc5d7c2423b516d"],
      ["Mathlib.Analysis.SpecialFunctions.Sqrt transitive imports (legacy)",
       "e82d68d07996be64"],
      ["Mathlib.Analysis.SpecialFunctions.Sqrt:importAllArts",
       "de5b6f3fb2db6f2a"]]]]],
  ["libs",
   [["import dynlibs", "00000000000006bb"],
    ["package external libraries", "00000000000006bb"],
    ["module dynlibs", "00000000000006bb"],
    ["module plugins", "00000000000006bb"]]],
  ["Lean 4.33.0, commit d8b18978322de05a8f3dba51ef03cf5461676c17",
   "3eca9d16ab6c877d"],
  ["/home/vstaln/riemann/research/lean-zeta-23/Zeta23/XiPrime/Hardy/ZFunction.lean",
   "71cf8c81f5b25a15"],
  ["options",
   [["-DrelaxedAutoImplicit=false", "74a2b5546b55be80"],
    ["-Dpp.unicode.fun=true", "9b94070140457fab"]]],
  ["isModule: false", "feefd2a0d3a1847e"],
  ["Module.name: Zeta23.XiPrime.Hardy.ZFunction", "419fe88bb028a73c"],
  ["Package.id?: (some Zeta23)", "31803ca4013655a1"],
  ["Module.leanArgs: #[]", "00000000000006bb"]],
 "depHash": "b68c213ad18ba425"}