{"synthetic": false,
 "schemaVersion": "2025-09-10",
 "outputs":
 {"o": ["e6cb0d093c0ca563.olean"],
  "m": false,
  "i": "f641b9de15c7a98f.ilean",
  "c": "ee2e6662f1246824.c"},
 "log":
 [{"message":
   ".> LEAN_PATH=/home/vstaln/riemann/research/lean-zeta-23/.lake/packages/Cli/.lake/build/lib/lean:/home/vstaln/riemann/research/lean-zeta-23/.lake/packages/batteries/.lake/build/lib/lean:/home/vstaln/riemann/research/lean-zeta-23/.lake/packages/Qq/.lake/build/lib/lean:/home/vstaln/riemann/research/lean-zeta-23/.lake/packages/aesop/.lake/build/lib/lean:/home/vstaln/riemann/research/lean-zeta-23/.lake/packages/proofwidgets/.lake/build/lib/lean:/home/vstaln/riemann/research/lean-zeta-23/.lake/packages/importGraph/.lake/build/lib/lean:/home/vstaln/riemann/research/lean-zeta-23/.lake/packages/LeanSearchClient/.lake/build/lib/lean:/home/vstaln/riemann/research/lean-zeta-23/.lake/packages/plausible/.lake/build/lib/lean:/home/vstaln/riemann/research/lean-zeta-23/.lake/packages/mathlib/.lake/build/lib/lean:/home/vstaln/riemann/research/lean-zeta-23/.lake/build/lib/lean /home/vstaln/.elan/toolchains/leanprover--lean4---v4.33.0-rc2/bin/lean /home/vstaln/riemann/research/lean-zeta-23/Zeta23/Defs/LeafIntegrals.lean -o /home/vstaln/riemann/research/lean-zeta-23/.lake/build/lib/lean/Zeta23/Defs/LeafIntegrals.olean -i /home/vstaln/riemann/research/lean-zeta-23/.lake/build/lib/lean/Zeta23/Defs/LeafIntegrals.ilean -c /home/vstaln/riemann/research/lean-zeta-23/.lake/build/ir/Zeta23/Defs/LeafIntegrals.c --setup /home/vstaln/riemann/research/lean-zeta-23/.lake/build/ir/Zeta23/Defs/LeafIntegrals.setup.json --json",
   "level": "trace"}],
 "inputs":
 [["deps",
   [["Zeta23/Zeta23:extraDep", [["@Zeta23:extraDep", "00000000000006bb"]]],
    ["imports",
     [["Mathlib.MeasureTheory.Integral.IntervalIntegral.FundThmCalculus transitive imports (legacy)",
       "0179c316baca0769"],
      ["Mathlib.MeasureTheory.Integral.IntervalIntegral.FundThmCalculus:importAllArts",
       "f6f77c72c7d9aebd"],
      ["Mathlib.MeasureTheory.Integral.IntervalIntegral.IntegrationByParts transitive imports (legacy)",
       "9b4a03ef82a3d81b"],
      ["Mathlib.MeasureTheory.Integral.IntervalIntegral.IntegrationByParts:importAllArts",
       "44964d5a23852c34"],
      ["Mathlib.Analysis.SpecialFunctions.Integrals.Basic transitive imports (legacy)",
       "1d6b2d053c2749ee"],
      ["Mathlib.Analysis.SpecialFunctions.Integrals.Basic:importAllArts",
       "88a70b10e115ba3a"],
      ["Mathlib.Analysis.SpecialFunctions.ImproperIntegrals transitive imports (legacy)",
       "9cfc9690e15a7fca"],
      ["Mathlib.Analysis.SpecialFunctions.ImproperIntegrals:importAllArts",
       "d326b58c219043c9"],
      ["Mathlib.MeasureTheory.Measure.Lebesgue.Integral transitive imports (legacy)",
       "fbea557203ed0ca1"],
      ["Mathlib.MeasureTheory.Measure.Lebesgue.Integral:importAllArts",
       "1e7da132bb686589"]]]]],
  ["libs",
   [["import dynlibs", "00000000000006bb"],
    ["package external libraries", "00000000000006bb"],
    ["module dynlibs", "00000000000006bb"],
    ["module plugins", "00000000000006bb"]]],
  ["Lean 4.33.0, commit d8b18978322de05a8f3dba51ef03cf5461676c17",
   "3eca9d16ab6c877d"],
  ["/home/vstaln/riemann/research/lean-zeta-23/Zeta23/Defs/LeafIntegrals.lean",
   "c071c4edf5c20a78"],
  ["options",
   [["-DrelaxedAutoImplicit=false", "74a2b5546b55be80"],
    ["-Dpp.unicode.fun=true", "9b94070140457fab"]]],
  ["isModule: false", "feefd2a0d3a1847e"],
  ["Module.name: Zeta23.Defs.LeafIntegrals", "11fca7d8e9f4ceb1"],
  ["Package.id?: (some Zeta23)", "31803ca4013655a1"],
  ["Module.leanArgs: #[]", "00000000000006bb"]],
 "depHash": "42d59f0898575712"}