{"synthetic": false,
 "schemaVersion": "2025-09-10",
 "outputs":
 {"o": ["2e54287bffc43cb1.olean"],
  "m": false,
  "i": "aaf9c88154dccfa5.ilean",
  "c": "cf7d63c14cc76f7d.c"},
 "log":
 [{"message":
   ".> LEAN_PATH=/home/vstaln/riemann/research/lean-zeta-23/.lake/packages/Cli/.lake/build/lib/lean:/home/vstaln/riemann/research/lean-zeta-23/.lake/packages/batteries/.lake/build/lib/lean:/home/vstaln/riemann/research/lean-zeta-23/.lake/packages/Qq/.lake/build/lib/lean:/home/vstaln/riemann/research/lean-zeta-23/.lake/packages/aesop/.lake/build/lib/lean:/home/vstaln/riemann/research/lean-zeta-23/.lake/packages/proofwidgets/.lake/build/lib/lean:/home/vstaln/riemann/research/lean-zeta-23/.lake/packages/importGraph/.lake/build/lib/lean:/home/vstaln/riemann/research/lean-zeta-23/.lake/packages/LeanSearchClient/.lake/build/lib/lean:/home/vstaln/riemann/research/lean-zeta-23/.lake/packages/plausible/.lake/build/lib/lean:/home/vstaln/riemann/research/lean-zeta-23/.lake/packages/mathlib/.lake/build/lib/lean:/home/vstaln/riemann/research/lean-zeta-23/.lake/build/lib/lean /home/vstaln/.elan/toolchains/leanprover--lean4---v4.33.0-rc2/bin/lean /home/vstaln/riemann/research/lean-zeta-23/Zeta23/ZeroSide/Final.lean -o /home/vstaln/riemann/research/lean-zeta-23/.lake/build/lib/lean/Zeta23/ZeroSide/Final.olean -i /home/vstaln/riemann/research/lean-zeta-23/.lake/build/lib/lean/Zeta23/ZeroSide/Final.ilean -c /home/vstaln/riemann/research/lean-zeta-23/.lake/build/ir/Zeta23/ZeroSide/Final.c --setup /home/vstaln/riemann/research/lean-zeta-23/.lake/build/ir/Zeta23/ZeroSide/Final.setup.json --json",
   "level": "trace"}],
 "inputs":
 [["deps",
   [["Zeta23/Zeta23:extraDep", [["@Zeta23:extraDep", "00000000000006bb"]]],
    ["imports",
     [["Zeta23.ZeroSide transitive imports (legacy)", "ab5229d1917ef66b"],
      ["Zeta23.ZeroSide:importAllArts", "3cfdf79a512a93c2"],
      ["Zeta23.Hypotheses.GzGp transitive imports (legacy)",
       "768ce4ea437bbd99"],
      ["Zeta23.Hypotheses.GzGp:importAllArts", "3ee7d5d1557e74d1"],
      ["Zeta23.Taper transitive imports (legacy)", "ec30ba9ac4b49447"],
      ["Zeta23.Taper:importAllArts", "33ffafc2c6bb0a6d"],
      ["Zeta23.Poisson transitive imports (legacy)", "8a3a023510d096eb"],
      ["Zeta23.Poisson:importAllArts", "98e19a372c4936c0"],
      ["Mathlib.Analysis.SpecialFunctions.Log.Basic transitive imports (legacy)",
       "6cc447fc1c906b31"],
      ["Mathlib.Analysis.SpecialFunctions.Log.Basic:importAllArts",
       "7c4c1ad04264623f"]]]]],
  ["libs",
   [["import dynlibs", "00000000000006bb"],
    ["package external libraries", "00000000000006bb"],
    ["module dynlibs", "00000000000006bb"],
    ["module plugins", "00000000000006bb"]]],
  ["Lean 4.33.0, commit d8b18978322de05a8f3dba51ef03cf5461676c17",
   "3eca9d16ab6c877d"],
  ["/home/vstaln/riemann/research/lean-zeta-23/Zeta23/ZeroSide/Final.lean",
   "e2579763c8f25b7c"],
  ["options",
   [["-DrelaxedAutoImplicit=false", "74a2b5546b55be80"],
    ["-Dpp.unicode.fun=true", "9b94070140457fab"]]],
  ["isModule: false", "feefd2a0d3a1847e"],
  ["Module.name: Zeta23.ZeroSide.Final", "61e64cb6e22f6eb9"],
  ["Package.id?: (some Zeta23)", "31803ca4013655a1"],
  ["Module.leanArgs: #[]", "00000000000006bb"]],
 "depHash": "a0f71f2a11370145"}