{"synthetic": false,
 "schemaVersion": "2025-09-10",
 "outputs":
 {"o": ["d1ca27760eda3ca0.olean"],
  "m": false,
  "i": "786da8b7b483fd58.ilean",
  "c": "1b8df09cf519c0da.c"},
 "log":
 [{"message":
   ".> LEAN_PATH=/home/vstaln/riemann/research/lean-zeta-23/.lake/packages/Cli/.lake/build/lib/lean:/home/vstaln/riemann/research/lean-zeta-23/.lake/packages/batteries/.lake/build/lib/lean:/home/vstaln/riemann/research/lean-zeta-23/.lake/packages/Qq/.lake/build/lib/lean:/home/vstaln/riemann/research/lean-zeta-23/.lake/packages/aesop/.lake/build/lib/lean:/home/vstaln/riemann/research/lean-zeta-23/.lake/packages/proofwidgets/.lake/build/lib/lean:/home/vstaln/riemann/research/lean-zeta-23/.lake/packages/importGraph/.lake/build/lib/lean:/home/vstaln/riemann/research/lean-zeta-23/.lake/packages/LeanSearchClient/.lake/build/lib/lean:/home/vstaln/riemann/research/lean-zeta-23/.lake/packages/plausible/.lake/build/lib/lean:/home/vstaln/riemann/research/lean-zeta-23/.lake/packages/mathlib/.lake/build/lib/lean:/home/vstaln/riemann/research/lean-zeta-23/.lake/build/lib/lean /home/vstaln/.elan/toolchains/leanprover--lean4---v4.33.0-rc2/bin/lean /home/vstaln/riemann/research/lean-zeta-23/Zeta23/ZeroSide/TightMult.lean -o /home/vstaln/riemann/research/lean-zeta-23/.lake/build/lib/lean/Zeta23/ZeroSide/TightMult.olean -i /home/vstaln/riemann/research/lean-zeta-23/.lake/build/lib/lean/Zeta23/ZeroSide/TightMult.ilean -c /home/vstaln/riemann/research/lean-zeta-23/.lake/build/ir/Zeta23/ZeroSide/TightMult.c --setup /home/vstaln/riemann/research/lean-zeta-23/.lake/build/ir/Zeta23/ZeroSide/TightMult.setup.json --json",
   "level": "trace"},
  {"message":
   "Zeta23/ZeroSide/TightMult.lean:45:24: This simp argument is unused:\n  Pi.single_apply\n\nHint: Omit it from the simp argument list.\n  [apply] simp [ha]\n\nNote: This linter can be disabled with `set_option linter.unusedSimpArgs false`",
   "level": "warning"},
  {"message":
   "Zeta23/ZeroSide/TightMult.lean:57:28: This simp argument is unused:\n  Pi.single_apply\n\nHint: Omit it from the simp argument list.\n  [apply] simp [Sum.inl_injective.eq_iff, Ne.symm hk]\n\nNote: This linter can be disabled with `set_option linter.unusedSimpArgs false`",
   "level": "warning"},
  {"message":
   "Zeta23/ZeroSide/TightMult.lean:64:14: This simp argument is unused:\n  Pi.single_apply\n\nHint: Omit it from the simp argument list.\n  [apply] simp [Sum.inl_injective.eq_iff, Ne.symm this]\n\nNote: This linter can be disabled with `set_option linter.unusedSimpArgs false`",
   "level": "warning"},
  {"message":
   "Zeta23/ZeroSide/TightMult.lean:67:12: This simp argument is unused:\n  Pi.single_apply\n\nHint: Omit it from the simp argument list.\n  [apply] simp\n\nNote: This linter can be disabled with `set_option linter.unusedSimpArgs false`",
   "level": "warning"},
  {"message":
   "Zeta23/ZeroSide/TightMult.lean:93:22: Variable name `hc` is not explicitly referenced.\n\nHint: The binding can be removed (if unused) or named `_` (if used implicitly). Alternatively, prefix the name with `_` to silence this warning:\n  [apply] _hc\n\nNote: This linter can be disabled with `set_option linter.unusedVariables false`",
   "level": "warning"}],
 "inputs":
 [["deps",
   [["Zeta23/Zeta23:extraDep", [["@Zeta23:extraDep", "00000000000006bb"]]],
    ["imports",
     [["Zeta23.ZeroSide.RankTraceMult transitive imports (legacy)",
       "fe362b9a353e29cf"],
      ["Zeta23.ZeroSide.RankTraceMult:importAllArts", "3dc42df96b99dcad"],
      ["Mathlib.LinearAlgebra.Matrix.Diagonal transitive imports (legacy)",
       "a23508490e025f47"],
      ["Mathlib.LinearAlgebra.Matrix.Diagonal:importAllArts",
       "398767448bae3264"]]]]],
  ["libs",
   [["import dynlibs", "00000000000006bb"],
    ["package external libraries", "00000000000006bb"],
    ["module dynlibs", "00000000000006bb"],
    ["module plugins", "00000000000006bb"]]],
  ["Lean 4.33.0, commit d8b18978322de05a8f3dba51ef03cf5461676c17",
   "3eca9d16ab6c877d"],
  ["/home/vstaln/riemann/research/lean-zeta-23/Zeta23/ZeroSide/TightMult.lean",
   "8f8586c8e9162972"],
  ["options",
   [["-DrelaxedAutoImplicit=false", "74a2b5546b55be80"],
    ["-Dpp.unicode.fun=true", "9b94070140457fab"]]],
  ["isModule: false", "feefd2a0d3a1847e"],
  ["Module.name: Zeta23.ZeroSide.TightMult", "ec325b719218f319"],
  ["Package.id?: (some Zeta23)", "31803ca4013655a1"],
  ["Module.leanArgs: #[]", "00000000000006bb"]],
 "depHash": "7a50dc557ccdc47a"}