{"synthetic": false,
 "schemaVersion": "2025-09-10",
 "outputs":
 {"o": ["774dc88f404ba3f9.olean"],
  "m": false,
  "i": "0e60518117504702.ilean",
  "c": "9bf1755510b7e4de.c"},
 "log":
 [{"message":
   ".> LEAN_PATH=/home/vstaln/riemann/research/lean-zeta-23/.lake/packages/Cli/.lake/build/lib/lean:/home/vstaln/riemann/research/lean-zeta-23/.lake/packages/batteries/.lake/build/lib/lean:/home/vstaln/riemann/research/lean-zeta-23/.lake/packages/Qq/.lake/build/lib/lean:/home/vstaln/riemann/research/lean-zeta-23/.lake/packages/aesop/.lake/build/lib/lean:/home/vstaln/riemann/research/lean-zeta-23/.lake/packages/proofwidgets/.lake/build/lib/lean:/home/vstaln/riemann/research/lean-zeta-23/.lake/packages/importGraph/.lake/build/lib/lean:/home/vstaln/riemann/research/lean-zeta-23/.lake/packages/LeanSearchClient/.lake/build/lib/lean:/home/vstaln/riemann/research/lean-zeta-23/.lake/packages/plausible/.lake/build/lib/lean:/home/vstaln/riemann/research/lean-zeta-23/.lake/packages/mathlib/.lake/build/lib/lean:/home/vstaln/riemann/research/lean-zeta-23/.lake/build/lib/lean /home/vstaln/.elan/toolchains/leanprover--lean4---v4.33.0-rc2/bin/lean /home/vstaln/riemann/research/lean-zeta-23/Zeta23/ThmDE/Final.lean -o /home/vstaln/riemann/research/lean-zeta-23/.lake/build/lib/lean/Zeta23/ThmDE/Final.olean -i /home/vstaln/riemann/research/lean-zeta-23/.lake/build/lib/lean/Zeta23/ThmDE/Final.ilean -c /home/vstaln/riemann/research/lean-zeta-23/.lake/build/ir/Zeta23/ThmDE/Final.c --setup /home/vstaln/riemann/research/lean-zeta-23/.lake/build/ir/Zeta23/ThmDE/Final.setup.json --json",
   "level": "trace"}],
 "inputs":
 [["deps",
   [["Zeta23/Zeta23:extraDep", [["@Zeta23:extraDep", "00000000000006bb"]]],
    ["imports",
     [["Zeta23.ThmE.Final transitive imports (legacy)", "ce5b10125ac14c1f"],
      ["Zeta23.ThmE.Final:importAllArts", "831e639df45bb841"],
      ["Zeta23.ThmDE.Endgame transitive imports (legacy)", "f3be5ace29d0512b"],
      ["Zeta23.ThmDE.Endgame:importAllArts", "c8aeef06fdf45c77"],
      ["Zeta23.ThmDE.Concrete transitive imports (legacy)", "4ce3d108d9e60231"],
      ["Zeta23.ThmDE.Concrete:importAllArts", "1f43871ed890d59d"],
      ["Zeta23.ThmDE.ZeroSide transitive imports (legacy)", "43be78d64ed3a566"],
      ["Zeta23.ThmDE.ZeroSide:importAllArts", "963b60cfbfdcee25"],
      ["Zeta23.ThmDE.Limit transitive imports (legacy)", "e9d52645df071a75"],
      ["Zeta23.ThmDE.Limit:importAllArts", "adbd4e777caa7b35"],
      ["Zeta23.ThmD.ZeroSideD transitive imports (legacy)", "5ba06c8ced92137c"],
      ["Zeta23.ThmD.ZeroSideD:importAllArts", "d043e7f83df4b0e2"],
      ["Zeta23.ThmD.Limit transitive imports (legacy)", "a13e551cd9743331"],
      ["Zeta23.ThmD.Limit:importAllArts", "18a173f6ecf6abdd"]]]]],
  ["libs",
   [["import dynlibs", "00000000000006bb"],
    ["package external libraries", "00000000000006bb"],
    ["module dynlibs", "00000000000006bb"],
    ["module plugins", "00000000000006bb"]]],
  ["Lean 4.33.0, commit d8b18978322de05a8f3dba51ef03cf5461676c17",
   "3eca9d16ab6c877d"],
  ["/home/vstaln/riemann/research/lean-zeta-23/Zeta23/ThmDE/Final.lean",
   "db812430fc1104e7"],
  ["options",
   [["-DrelaxedAutoImplicit=false", "74a2b5546b55be80"],
    ["-Dpp.unicode.fun=true", "9b94070140457fab"]]],
  ["isModule: false", "feefd2a0d3a1847e"],
  ["Module.name: Zeta23.ThmDE.Final", "04dc7ec74290489a"],
  ["Package.id?: (some Zeta23)", "31803ca4013655a1"],
  ["Module.leanArgs: #[]", "00000000000006bb"]],
 "depHash": "47b2dcffd4daeac3"}