zeros: 100k=100000 924k=924715
gamma_1=14.134725142 gamma_2=21.022039639 gamma_100k=74980.923 gamma_last=559999.733
== MODEL SELF-CHECK (finite xi_hat, 8 pairs) ==
  n= 1  direct=+0.010996301144  series=+0.010996301144  diff=+1.731e-16
  n= 2  direct=+0.043950519939  series=+0.043950519939  diff=+3.919e-16
  n= 3  direct=+0.098758745084  series=+0.098758745084  diff=+6.881e-17
  n= 4  direct=+0.175248265803  series=+0.175248265803  diff=+2.287e-16
  n= 5  direct=+0.273178281629  series=+0.273178281629  diff=+4.301e-16
  n= 6  direct=+0.392240891500  series=+0.392240891500  diff=+7.153e-16
  n= 7  direct=+0.532062357606  series=+0.532062357606  diff=+9.620e-16
  n= 8  direct=+0.692204638139  series=+0.692204638139  diff=+1.312e-15
  n= 9  direct=+0.872167181881  series=+0.872167181881  diff=+1.525e-15
  n=10  direct=+1.071388976332  series=+1.071388976332  diff=+1.923e-15
  n=11  direct=+1.289250839945  series=+1.289250839945  diff=+2.399e-15
  n=12  direct=+1.525077947889  series=+1.525077947889  diff=+3.140e-15
  MODEL CHECK max |direct - series| over n=1..40 = 1.599e-14 (prec 192 bits)
== ANCHORS ==
lambda_1 closed form = 0.023095708966  (PROVEN: xi'(1)/xi(1) = 1 + gamma/2 - log(4pi)/2)
lambda_1 from 100k zeros = 0.023073600214  (tail missing ~ 2.211e-5)
lambda_1 from 924k zeros = 0.023092089235  (tail missing ~ 3.620e-6)
lambda_2..5 (924k) = 0.09233126 0.20760634 0.36873256 0.57545222   (Keiper: 0.09234586 0.20763936 0.36825319 0.57332746)
== CONVERGENCE ==
lambda_1000: 100k zeros=2303.944522  924k zeros=2322.433442  diff=18.4889 (predicted tail ~ (n^2/2pi)(log(G/2pi e)+1)/G, G=7.49e4: ~ 24.00)
== CONTROL (planted rho = 0.6 +- 14.134725141735i, 0.4 +- 14.134725141735i; real pair removed) ==
  n=   89 (resonance m=1)  lambda'_n = +1.078981e2
  n=  178 (resonance m=2)  lambda'_n = +2.620733e2
  n=  266 (resonance m=3)  lambda'_n = +4.421613e2
  n=  355 (resonance m=4)  lambda'_n = +6.514414e2
  n=  444 (resonance m=5)  lambda'_n = +8.453733e2
  n=  533 (resonance m=6)  lambda'_n = +1.082590e3
  n=  622 (resonance m=7)  lambda'_n = +1.293519e3
  n=  710 (resonance m=8)  lambda'_n = +1.530650e3
  n=  799 (resonance m=9)  lambda'_n = +1.778284e3
  n=  888 (resonance m=10)  lambda'_n = +1.990575e3
  n=  977 (resonance m=11)  lambda'_n = +2.284009e3
  n= 1066 (resonance m=12)  lambda'_n = +2.495181e3
  CONTROL ANOMALY: lambda'_n < 0 first at n = 3552
  control dip log-growth rate = 0.003215 per n  (vs planted |t|=e^{0.00070 n} for sigma=0.4, gamma=14.13)
== REAL CASE ==
lambda_1..10: [0.023092089234659552, 0.09233125630231709, 0.20760634297123648, 0.36873256378889363, 0.5754522211746513, 0.827435701949879, 1.1242827507295623, 1.4655240143338435, 1.8506228501345745, 2.2789773900468955]
main_term/n = (1/2)(log n - log 2pi + gamma - 1);  table -> lambda_table.txt
empirical C = -2.261736  vs  -log(2pi) + gamma - 1 = -2.260661
fluctuation envelope fit: |fluct_n| ~ 1.000e-12 * n^-0.0000

thread 'main' (31817) panicked at src/main.rs:380:47:
called `Option::unwrap()` on a `None` value
note: run with `RUST_BACKTRACE=1` environment variable to display a backtrace
