{"synthetic": false,
 "schemaVersion": "2025-09-10",
 "outputs":
 {"o": ["2cc8b8c8cbd22fe0.olean"],
  "m": false,
  "i": "98a252f5b23240f6.ilean",
  "c": "3ea7760136095979.c"},
 "log":
 [{"message":
   ".> LEAN_PATH=/home/vstaln/riemann/research/lean-zeta-23/.lake/packages/Cli/.lake/build/lib/lean:/home/vstaln/riemann/research/lean-zeta-23/.lake/packages/batteries/.lake/build/lib/lean:/home/vstaln/riemann/research/lean-zeta-23/.lake/packages/Qq/.lake/build/lib/lean:/home/vstaln/riemann/research/lean-zeta-23/.lake/packages/aesop/.lake/build/lib/lean:/home/vstaln/riemann/research/lean-zeta-23/.lake/packages/proofwidgets/.lake/build/lib/lean:/home/vstaln/riemann/research/lean-zeta-23/.lake/packages/importGraph/.lake/build/lib/lean:/home/vstaln/riemann/research/lean-zeta-23/.lake/packages/LeanSearchClient/.lake/build/lib/lean:/home/vstaln/riemann/research/lean-zeta-23/.lake/packages/plausible/.lake/build/lib/lean:/home/vstaln/riemann/research/lean-zeta-23/.lake/packages/mathlib/.lake/build/lib/lean:/home/vstaln/riemann/research/lean-zeta-23/.lake/build/lib/lean /home/vstaln/.elan/toolchains/leanprover--lean4---v4.33.0-rc2/bin/lean /home/vstaln/riemann/research/lean-zeta-23/Zeta23/PairCeiling/NearCUE.lean -o /home/vstaln/riemann/research/lean-zeta-23/.lake/build/lib/lean/Zeta23/PairCeiling/NearCUE.olean -i /home/vstaln/riemann/research/lean-zeta-23/.lake/build/lib/lean/Zeta23/PairCeiling/NearCUE.ilean -c /home/vstaln/riemann/research/lean-zeta-23/.lake/build/ir/Zeta23/PairCeiling/NearCUE.c --setup /home/vstaln/riemann/research/lean-zeta-23/.lake/build/ir/Zeta23/PairCeiling/NearCUE.setup.json --json",
   "level": "trace"}],
 "inputs":
 [["deps",
   [["Zeta23/Zeta23:extraDep", [["@Zeta23:extraDep", "00000000000006bb"]]],
    ["imports",
     [["Zeta23.PairCeiling.Ceiling transitive imports (legacy)",
       "0077352ae140bc4d"],
      ["Zeta23.PairCeiling.Ceiling:importAllArts", "d7aee71456a2b408"],
      ["Zeta23.PairCeiling.Bridge transitive imports (legacy)",
       "2ced547bc095992e"],
      ["Zeta23.PairCeiling.Bridge:importAllArts", "e2cd53856124bc28"]]]]],
  ["libs",
   [["import dynlibs", "00000000000006bb"],
    ["package external libraries", "00000000000006bb"],
    ["module dynlibs", "00000000000006bb"],
    ["module plugins", "00000000000006bb"]]],
  ["Lean 4.33.0, commit d8b18978322de05a8f3dba51ef03cf5461676c17",
   "3eca9d16ab6c877d"],
  ["/home/vstaln/riemann/research/lean-zeta-23/Zeta23/PairCeiling/NearCUE.lean",
   "69c36cb7ccf78856"],
  ["options",
   [["-DrelaxedAutoImplicit=false", "74a2b5546b55be80"],
    ["-Dpp.unicode.fun=true", "9b94070140457fab"]]],
  ["isModule: false", "feefd2a0d3a1847e"],
  ["Module.name: Zeta23.PairCeiling.NearCUE", "403d854bcb61ac49"],
  ["Package.id?: (some Zeta23)", "31803ca4013655a1"],
  ["Module.leanArgs: #[]", "00000000000006bb"]],
 "depHash": "6e8b4b5e35009633"}