{"synthetic": false,
 "schemaVersion": "2025-09-10",
 "outputs":
 {"o": ["545bd263a6996754.olean"],
  "m": false,
  "i": "4b93c01a090c4838.ilean",
  "c": "93111b1e1d938021.c"},
 "log":
 [{"message":
   ".> LEAN_PATH=/home/vstaln/riemann/research/lean-zeta-23/.lake/packages/Cli/.lake/build/lib/lean:/home/vstaln/riemann/research/lean-zeta-23/.lake/packages/batteries/.lake/build/lib/lean:/home/vstaln/riemann/research/lean-zeta-23/.lake/packages/Qq/.lake/build/lib/lean:/home/vstaln/riemann/research/lean-zeta-23/.lake/packages/aesop/.lake/build/lib/lean:/home/vstaln/riemann/research/lean-zeta-23/.lake/packages/proofwidgets/.lake/build/lib/lean:/home/vstaln/riemann/research/lean-zeta-23/.lake/packages/importGraph/.lake/build/lib/lean:/home/vstaln/riemann/research/lean-zeta-23/.lake/packages/LeanSearchClient/.lake/build/lib/lean:/home/vstaln/riemann/research/lean-zeta-23/.lake/packages/plausible/.lake/build/lib/lean:/home/vstaln/riemann/research/lean-zeta-23/.lake/packages/mathlib/.lake/build/lib/lean:/home/vstaln/riemann/research/lean-zeta-23/.lake/build/lib/lean /home/vstaln/.elan/toolchains/leanprover--lean4---v4.33.0-rc2/bin/lean /home/vstaln/riemann/research/lean-zeta-23/Zeta23/PairCeiling/NumericCert.lean -o /home/vstaln/riemann/research/lean-zeta-23/.lake/build/lib/lean/Zeta23/PairCeiling/NumericCert.olean -i /home/vstaln/riemann/research/lean-zeta-23/.lake/build/lib/lean/Zeta23/PairCeiling/NumericCert.ilean -c /home/vstaln/riemann/research/lean-zeta-23/.lake/build/ir/Zeta23/PairCeiling/NumericCert.c --setup /home/vstaln/riemann/research/lean-zeta-23/.lake/build/ir/Zeta23/PairCeiling/NumericCert.setup.json --json",
   "level": "trace"}],
 "inputs":
 [["deps",
   [["Zeta23/Zeta23:extraDep", [["@Zeta23:extraDep", "00000000000006bb"]]],
    ["imports",
     [["Mathlib.Analysis.SpecialFunctions.Pow.Real transitive imports (legacy)",
       "fc64120f6d9f714a"],
      ["Mathlib.Analysis.SpecialFunctions.Pow.Real:importAllArts",
       "059fcb4478c6f307"],
      ["Mathlib.Algebra.Order.Floor.Defs transitive imports (legacy)",
       "6772401a88d1aafe"],
      ["Mathlib.Algebra.Order.Floor.Defs:importAllArts", "cd8ee36b12c82494"],
      ["Mathlib.Algebra.BigOperators.Intervals transitive imports (legacy)",
       "a1695ef179e52b37"],
      ["Mathlib.Algebra.BigOperators.Intervals:importAllArts",
       "144e51902666d74e"]]]]],
  ["libs",
   [["import dynlibs", "00000000000006bb"],
    ["package external libraries", "00000000000006bb"],
    ["module dynlibs", "00000000000006bb"],
    ["module plugins", "00000000000006bb"]]],
  ["Lean 4.33.0, commit d8b18978322de05a8f3dba51ef03cf5461676c17",
   "3eca9d16ab6c877d"],
  ["/home/vstaln/riemann/research/lean-zeta-23/Zeta23/PairCeiling/NumericCert.lean",
   "806d8926f802afcb"],
  ["options",
   [["-DrelaxedAutoImplicit=false", "74a2b5546b55be80"],
    ["-Dpp.unicode.fun=true", "9b94070140457fab"]]],
  ["isModule: false", "feefd2a0d3a1847e"],
  ["Module.name: Zeta23.PairCeiling.NumericCert", "91d286a53b1c70d7"],
  ["Package.id?: (some Zeta23)", "31803ca4013655a1"],
  ["Module.leanArgs: #[]", "00000000000006bb"]],
 "depHash": "96a7437d70f7d058"}