{"synthetic": false,
 "schemaVersion": "2025-09-10",
 "outputs":
 {"o": ["91273a40621bda82.olean"],
  "m": false,
  "i": "dd07491ca73c76a2.ilean",
  "c": "20d960a7c93e11a0.c"},
 "log":
 [{"message":
   ".> LEAN_PATH=/home/vstaln/riemann/research/lean-zeta-23/.lake/packages/Cli/.lake/build/lib/lean:/home/vstaln/riemann/research/lean-zeta-23/.lake/packages/batteries/.lake/build/lib/lean:/home/vstaln/riemann/research/lean-zeta-23/.lake/packages/Qq/.lake/build/lib/lean:/home/vstaln/riemann/research/lean-zeta-23/.lake/packages/aesop/.lake/build/lib/lean:/home/vstaln/riemann/research/lean-zeta-23/.lake/packages/proofwidgets/.lake/build/lib/lean:/home/vstaln/riemann/research/lean-zeta-23/.lake/packages/importGraph/.lake/build/lib/lean:/home/vstaln/riemann/research/lean-zeta-23/.lake/packages/LeanSearchClient/.lake/build/lib/lean:/home/vstaln/riemann/research/lean-zeta-23/.lake/packages/plausible/.lake/build/lib/lean:/home/vstaln/riemann/research/lean-zeta-23/.lake/packages/mathlib/.lake/build/lib/lean:/home/vstaln/riemann/research/lean-zeta-23/.lake/build/lib/lean /home/vstaln/.elan/toolchains/leanprover--lean4---v4.33.0-rc2/bin/lean /home/vstaln/riemann/research/lean-zeta-23/Zeta23/PairCeiling/Stability.lean -o /home/vstaln/riemann/research/lean-zeta-23/.lake/build/lib/lean/Zeta23/PairCeiling/Stability.olean -i /home/vstaln/riemann/research/lean-zeta-23/.lake/build/lib/lean/Zeta23/PairCeiling/Stability.ilean -c /home/vstaln/riemann/research/lean-zeta-23/.lake/build/ir/Zeta23/PairCeiling/Stability.c --setup /home/vstaln/riemann/research/lean-zeta-23/.lake/build/ir/Zeta23/PairCeiling/Stability.setup.json --json",
   "level": "trace"},
  {"message":
   "Zeta23/PairCeiling/Stability.lean:49:4: try 'simp' instead of 'simpa'\n\nNote: This linter can be disabled with `set_option linter.unnecessarySimpa false`",
   "level": "warning"},
  {"message":
   "Zeta23/PairCeiling/Stability.lean:245:4: 'push_cast at this ⊢' tactic does nothing\n\nNote: This linter can be disabled with `set_option linter.unusedTactic false`",
   "level": "warning"}],
 "inputs":
 [["deps",
   [["Zeta23/Zeta23:extraDep", [["@Zeta23:extraDep", "00000000000006bb"]]],
    ["imports",
     [["Zeta23.PairCeiling.Defs transitive imports (legacy)",
       "2714b4abc6210b49"],
      ["Zeta23.PairCeiling.Defs:importAllArts", "0ac9c806ccdb87ed"],
      ["Mathlib.MeasureTheory.Integral.IntervalIntegral.FundThmCalculus transitive imports (legacy)",
       "0179c316baca0769"],
      ["Mathlib.MeasureTheory.Integral.IntervalIntegral.FundThmCalculus:importAllArts",
       "f6f77c72c7d9aebd"],
      ["Mathlib.MeasureTheory.Integral.IntervalIntegral.IntegrationByParts transitive imports (legacy)",
       "9b4a03ef82a3d81b"],
      ["Mathlib.MeasureTheory.Integral.IntervalIntegral.IntegrationByParts:importAllArts",
       "44964d5a23852c34"],
      ["Mathlib.Analysis.SpecialFunctions.Integrals.Basic transitive imports (legacy)",
       "1d6b2d053c2749ee"],
      ["Mathlib.Analysis.SpecialFunctions.Integrals.Basic:importAllArts",
       "88a70b10e115ba3a"],
      ["Mathlib.MeasureTheory.Integral.DivergenceTheorem transitive imports (legacy)",
       "4dccf4054c6ef640"],
      ["Mathlib.MeasureTheory.Integral.DivergenceTheorem:importAllArts",
       "d9afa68a4b2cec98"]]]]],
  ["libs",
   [["import dynlibs", "00000000000006bb"],
    ["package external libraries", "00000000000006bb"],
    ["module dynlibs", "00000000000006bb"],
    ["module plugins", "00000000000006bb"]]],
  ["Lean 4.33.0, commit d8b18978322de05a8f3dba51ef03cf5461676c17",
   "3eca9d16ab6c877d"],
  ["/home/vstaln/riemann/research/lean-zeta-23/Zeta23/PairCeiling/Stability.lean",
   "01175dc558638f5d"],
  ["options",
   [["-DrelaxedAutoImplicit=false", "74a2b5546b55be80"],
    ["-Dpp.unicode.fun=true", "9b94070140457fab"]]],
  ["isModule: false", "feefd2a0d3a1847e"],
  ["Module.name: Zeta23.PairCeiling.Stability", "27991913d2c77061"],
  ["Package.id?: (some Zeta23)", "31803ca4013655a1"],
  ["Module.leanArgs: #[]", "00000000000006bb"]],
 "depHash": "fc9babf483729823"}