{"synthetic": false,
 "schemaVersion": "2025-09-10",
 "outputs":
 {"o": ["8e8266b2fb45ca77.olean"],
  "m": false,
  "i": "3e636e27256f40b5.ilean",
  "c": "c4ca827c71a941bd.c"},
 "log":
 [{"message":
   ".> LEAN_PATH=/home/vstaln/riemann/research/lean-zeta-23/.lake/packages/Cli/.lake/build/lib/lean:/home/vstaln/riemann/research/lean-zeta-23/.lake/packages/batteries/.lake/build/lib/lean:/home/vstaln/riemann/research/lean-zeta-23/.lake/packages/Qq/.lake/build/lib/lean:/home/vstaln/riemann/research/lean-zeta-23/.lake/packages/aesop/.lake/build/lib/lean:/home/vstaln/riemann/research/lean-zeta-23/.lake/packages/proofwidgets/.lake/build/lib/lean:/home/vstaln/riemann/research/lean-zeta-23/.lake/packages/importGraph/.lake/build/lib/lean:/home/vstaln/riemann/research/lean-zeta-23/.lake/packages/LeanSearchClient/.lake/build/lib/lean:/home/vstaln/riemann/research/lean-zeta-23/.lake/packages/plausible/.lake/build/lib/lean:/home/vstaln/riemann/research/lean-zeta-23/.lake/packages/mathlib/.lake/build/lib/lean:/home/vstaln/riemann/research/lean-zeta-23/.lake/build/lib/lean /home/vstaln/.elan/toolchains/leanprover--lean4---v4.33.0-rc2/bin/lean /home/vstaln/riemann/research/lean-zeta-23/Zeta23/FromPNTPlus/Mathlib/Analysis/SpecialFunctions/Log/Basic.lean -o /home/vstaln/riemann/research/lean-zeta-23/.lake/build/lib/lean/Zeta23/FromPNTPlus/Mathlib/Analysis/SpecialFunctions/Log/Basic.olean -i /home/vstaln/riemann/research/lean-zeta-23/.lake/build/lib/lean/Zeta23/FromPNTPlus/Mathlib/Analysis/SpecialFunctions/Log/Basic.ilean -c /home/vstaln/riemann/research/lean-zeta-23/.lake/build/ir/Zeta23/FromPNTPlus/Mathlib/Analysis/SpecialFunctions/Log/Basic.c --setup /home/vstaln/riemann/research/lean-zeta-23/.lake/build/ir/Zeta23/FromPNTPlus/Mathlib/Analysis/SpecialFunctions/Log/Basic.setup.json --json",
   "level": "trace"}],
 "inputs":
 [["deps",
   [["Zeta23/Zeta23:extraDep", [["@Zeta23:extraDep", "00000000000006bb"]]],
    ["imports",
     [["Mathlib.Algebra.Order.Floor.Defs transitive imports (legacy)",
       "6772401a88d1aafe"],
      ["Mathlib.Algebra.Order.Floor.Defs:importAllArts", "cd8ee36b12c82494"],
      ["Mathlib.Algebra.Order.Floor.Ring transitive imports (legacy)",
       "4590182892496c09"],
      ["Mathlib.Algebra.Order.Floor.Ring:importAllArts", "f384d4d5246a7c77"],
      ["Mathlib.Algebra.Order.Floor.Semiring transitive imports (legacy)",
       "7a3d9b3decd6b55c"],
      ["Mathlib.Algebra.Order.Floor.Semiring:importAllArts",
       "20a3b3b93747a951"],
      ["Mathlib.Analysis.SpecialFunctions.Log.Basic transitive imports (legacy)",
       "6cc447fc1c906b31"],
      ["Mathlib.Analysis.SpecialFunctions.Log.Basic:importAllArts",
       "7c4c1ad04264623f"],
      ["Mathlib.Analysis.SpecialFunctions.Pow.Continuity transitive imports (legacy)",
       "037ecf7b2cc613e7"],
      ["Mathlib.Analysis.SpecialFunctions.Pow.Continuity:importAllArts",
       "379acf49ac7c9d40"]]]]],
  ["libs",
   [["import dynlibs", "00000000000006bb"],
    ["package external libraries", "00000000000006bb"],
    ["module dynlibs", "00000000000006bb"],
    ["module plugins", "00000000000006bb"]]],
  ["Lean 4.33.0, commit d8b18978322de05a8f3dba51ef03cf5461676c17",
   "3eca9d16ab6c877d"],
  ["/home/vstaln/riemann/research/lean-zeta-23/Zeta23/FromPNTPlus/Mathlib/Analysis/SpecialFunctions/Log/Basic.lean",
   "d545eb613704ced7"],
  ["options",
   [["-DrelaxedAutoImplicit=false", "74a2b5546b55be80"],
    ["-Dpp.unicode.fun=true", "9b94070140457fab"]]],
  ["isModule: false", "feefd2a0d3a1847e"],
  ["Module.name: Zeta23.FromPNTPlus.Mathlib.Analysis.SpecialFunctions.Log.Basic",
   "61e6d63e23f74c49"],
  ["Package.id?: (some Zeta23)", "31803ca4013655a1"],
  ["Module.leanArgs: #[]", "00000000000006bb"]],
 "depHash": "2635beb24bbf90dc"}