zeros loaded: 924715 (max γ 559999.733)

# anchor x | explicit ψ | sieve ψ | |diff|
anchor x=10  explicit_psi=7.832558  sieve_psi=7.832014  diff=5.44e-4
anchor x=100  explicit_psi=94.044686  sieve_psi=94.045311  diff=6.25e-4
anchor x=1000  explicit_psi=996.659057  sieve_psi=996.680912  diff=2.19e-2
anchor x=10000  explicit_psi=10013.482032  sieve_psi=10013.396693  diff=8.53e-2
anchor x=100000  explicit_psi=100051.341202  sieve_psi=100051.564026  diff=2.23e-1

# REAL: x  psi-x  |psi-x|/sqrtx  env  logx  sqrtlogx  env/logx  env/sqrtlogx  trunc462  trunc100
1.000000e3  -3.340943e0  1.056499e-1  1.056499e-1  6.9078  2.6283  1.529439e-2  4.019764e-2  9.23e-3  7.45e-4
1.314147e3  7.614817e0  2.100571e-1  2.100571e-1  7.1809  2.6797  2.925202e-2  7.838748e-2  7.94e-4  6.95e-3
1.726983e3  7.630390e0  1.836127e-1  2.100571e-1  7.4541  2.7302  2.817996e-2  7.693765e-2  5.31e-3  3.01e-3
2.269511e3  -6.222157e0  1.306095e-1  2.100571e-1  7.7273  2.7798  2.718370e-2  7.556540e-2  3.30e-2  2.62e-2
2.982471e3  1.056306e1  1.934202e-1  2.100571e-1  8.0005  2.8285  2.625548e-2  7.426406e-2  2.13e-2  6.88e-3
3.919407e3  1.226556e1  1.959193e-1  2.100571e-1  8.2737  2.8764  2.538855e-2  7.302771e-2  9.38e-2  2.56e-3
5.150678e3  -3.332200e0  4.643001e-2  2.100571e-1  8.5469  2.9235  2.457704e-2  7.185112e-2  3.77e-2  1.11e-2
6.768750e3  -4.319943e0  5.250779e-2  2.100571e-1  8.8201  2.9699  2.381581e-2  7.072963e-2  6.29e-3  1.57e-2
8.895135e3  6.216504e0  6.591283e-2  2.100571e-1  9.0933  3.0155  2.310031e-2  6.965906e-2  2.47e-2  1.79e-1
1.168952e4  -4.611570e1  4.265309e-1  4.265309e-1  9.3664  3.0605  4.553817e-2  1.393680e-1  8.72e-2  9.42e-1
1.536175e4  2.396668e1  1.933693e-1  4.265309e-1  9.6396  3.1048  4.424762e-2  1.373790e-1  1.32e-1  5.51e-1
2.018760e4  6.775280e0  4.768534e-2  4.265309e-1  9.9128  3.1485  4.302819e-2  1.354727e-1  3.69e-2  1.84e-1
2.652948e4  -1.965044e0  1.206446e-2  4.265309e-1  10.1860  3.1916  4.187418e-2  1.336437e-1  5.78e-3  2.82e-2
3.486365e4  5.276321e1  2.825822e-1  4.265309e-1  10.4592  3.2341  4.078045e-2  1.318868e-1  6.23e-2  4.08e-1
4.581598e4  -3.821063e1  1.785154e-1  4.265309e-1  10.7324  3.2760  3.974241e-2  1.301974e-1  2.06e-1  6.29e-2
6.020894e4  1.063256e2  4.333186e-1  4.333186e-1  11.0056  3.3175  3.937264e-2  1.306174e-1  8.42e-1  9.90e-1
7.912343e4  -7.132341e1  2.535593e-1  4.333186e-1  11.2788  3.3584  3.841898e-2  1.290258e-1  1.90e-1  1.01e0
1.039798e5  -3.144410e1  9.751346e-2  4.333186e-1  11.5520  3.3988  3.751042e-2  1.274910e-1  1.16e0  1.83e0
1.366448e5  7.066815e1  1.911733e-1  4.333186e-1  11.8251  3.4388  3.664384e-2  1.260098e-1  2.83e-1  1.11e0
1.795714e5  -5.873047e1  1.385941e-1  4.333186e-1  12.0983  3.4783  3.581640e-2  1.245789e-1  3.01e-1  3.56e0
2.359833e5  -9.452168e0  1.945767e-2  4.333186e-1  12.3715  3.5173  3.502550e-2  1.231958e-1  3.86e-1  2.09e0
3.101169e5  -1.934228e2  3.473321e-1  4.333186e-1  12.6447  3.5559  3.426878e-2  1.218577e-1  4.18e-1  3.75e0
4.075393e5  -2.800569e2  4.386938e-1  4.386938e-1  12.9179  3.5941  3.396016e-2  1.220578e-1  2.32e-1  1.90e0
5.355667e5  5.311040e1  7.257262e-2  4.386938e-1  13.1911  3.6320  3.325685e-2  1.207873e-1  2.06e0  6.75e0
7.038136e5  -1.901125e2  2.266114e-1  4.386938e-1  13.4643  3.6694  3.258207e-2  1.195556e-1  2.94e-1  3.38e0
9.249147e5  3.037534e2  3.158423e-1  4.386938e-1  13.7375  3.7064  3.193413e-2  1.183609e-1  1.59e-1  9.12e-1
1.215474e6  3.333547e2  3.023665e-1  4.386938e-1  14.0106  3.7431  3.131146e-2  1.172013e-1  4.63e0  3.86e0
1.597312e6  -3.806420e2  3.011770e-1  4.386938e-1  14.2838  3.7794  3.071261e-2  1.160751e-1  1.42e0  6.76e-1
2.099104e6  6.160021e1  4.251726e-2  4.386938e-1  14.5570  3.8154  3.013623e-2  1.149808e-1  4.07e0  1.93e1
2.758532e6  -3.027343e2  1.822731e-1  4.386938e-1  14.8302  3.8510  2.958109e-2  1.139168e-1  4.47e0  1.04e1
3.625117e6  5.472464e1  2.874232e-2  4.386938e-1  15.1034  3.8863  2.904603e-2  1.128819e-1  2.82e0  5.20e-1
4.763938e6  -1.693578e2  7.759292e-2  4.386938e-1  15.3766  3.9213  2.852999e-2  1.118746e-1  4.70e0  2.10e-1
6.260517e6  -5.702951e2  2.279264e-1  4.386938e-1  15.6498  3.9560  2.803196e-2  1.108938e-1  1.06e1  2.84e1
8.227241e6  -3.306950e2  1.152924e-1  4.386938e-1  15.9230  3.9904  2.755102e-2  1.099384e-1  2.26e0  5.15e0
1.081181e7  -1.657016e2  5.039384e-2  4.386938e-1  16.1961  4.0244  2.708630e-2  1.090073e-1  1.37e1  5.39e1
1.420831e7  -8.742099e2  2.319234e-1  4.386938e-1  16.4693  4.0582  2.663700e-2  1.080994e-1  1.16e1  1.40e1
1.867181e7  1.273927e3  2.948162e-1  4.386938e-1  16.7425  4.0918  2.620236e-2  1.072139e-1  9.71e0  4.50e1
2.453751e7  3.118131e2  6.294759e-2  4.386938e-1  17.0157  4.1250  2.578168e-2  1.063497e-1  1.84e-1  1.75e1
3.224591e7  6.308976e2  1.111019e-1  4.386938e-1  17.2889  4.1580  2.537430e-2  1.055061e-1  5.87e-1  3.07e1
4.237587e7  1.393502e3  2.140662e-1  4.386938e-1  17.5621  4.1907  2.497959e-2  1.046823e-1  9.15e0  3.75e1
5.568814e7  -1.949151e3  2.611945e-1  4.386938e-1  17.8353  4.2232  2.459697e-2  1.038775e-1  2.94e0  2.24e1
7.318242e7  1.933494e3  2.260161e-1  4.386938e-1  18.1085  4.2554  2.422589e-2  1.030910e-1  6.71e-2  2.45e1
9.617249e7  3.769231e1  3.843504e-3  4.386938e-1  18.3817  4.2874  2.386585e-2  1.023220e-1  8.38e-1  3.84e1
1.263848e8  1.552392e2  1.380873e-2  4.386938e-1  18.6548  4.3191  2.351635e-2  1.015701e-1  6.54e0  2.86e1
1.660883e8  -4.889113e3  3.793679e-1  4.386938e-1  18.9280  4.3506  2.317694e-2  1.008344e-1  4.63e1  3.94e1
2.182645e8  -1.480912e3  1.002392e-1  4.386938e-1  19.2012  4.3819  2.284718e-2  1.001145e-1  3.54e1  3.35e1
2.868317e8  -3.734629e3  2.205128e-1  4.386938e-1  19.4744  4.4130  2.252668e-2  9.940983e-2  3.06e0  6.04e1
3.769391e8  -1.418975e3  7.308683e-2  4.386938e-1  19.7476  4.4438  2.221505e-2  9.871982e-2  4.15e1  4.13e1
4.953535e8  7.807560e3  3.507985e-1  4.386938e-1  20.0208  4.4745  2.191192e-2  9.804398e-2  3.85e1  6.89e1
6.509675e8  3.705607e3  1.452378e-1  4.386938e-1  20.2940  4.5049  2.161695e-2  9.738183e-2  1.67e2  1.64e2
8.554673e8  6.024476e3  2.059765e-1  4.386938e-1  20.5672  4.5351  2.132982e-2  9.673292e-2  2.55e1  4.62e1
1.124210e9  1.634307e4  4.874273e-1  4.874273e-1  20.8403  4.5651  2.338863e-2  1.067720e-1  8.99e1  1.37e2
1.477378e9  -3.098715e3  8.061871e-2  4.874273e-1  21.1135  4.5949  2.308601e-2  1.060790e-1  3.07e1  1.79e1
1.941492e9  -1.716963e4  3.896665e-1  4.874273e-1  21.3867  4.6246  2.279111e-2  1.053993e-1  2.00e2  6.26e0
2.551407e9  6.563229e3  1.299355e-1  4.874273e-1  21.6599  4.6540  2.250366e-2  1.047325e-1  1.94e1  1.47e2
3.352924e9  -1.654085e4  2.856577e-1  4.874273e-1  21.9331  4.6833  2.222336e-2  1.040782e-1  3.10e2  4.91e0
4.406236e9  3.101463e3  4.672322e-2  4.874273e-1  22.2063  4.7124  2.194997e-2  1.034360e-1  1.38e2  4.01e2
5.790444e9  8.200192e3  1.077626e-1  4.874273e-1  22.4795  4.7413  2.168321e-2  1.028056e-1  1.42e2  5.88e2
7.609497e9  -3.989673e4  4.573612e-1  4.874273e-1  22.7527  4.7700  2.142287e-2  1.021865e-1  1.64e2  1.89e2
1.000000e10  4.234110e4  4.234110e-1  4.874273e-1  23.0259  4.7985  2.116870e-2  1.015785e-1  9.38e1  2.57e2

# CONTROL (0.6+14.13i planted): x  psi-x  |psi-x|/sqrtx  env  env/logx  env/sqrtlogx
1.000000e3  -1.413559e0  4.470067e-2  4.470067e-2  6.471084e-3  1.700770e-2
1.314147e3  9.302129e-1  2.566022e-2  4.470067e-2  6.224902e-3  1.668105e-2
1.726983e3  1.680238e1  4.043215e-1  4.043215e-1  5.424126e-2  1.480909e-1
2.269511e3  -1.319383e1  2.769521e-1  4.043215e-1  5.232364e-2  1.454495e-1
2.982471e3  1.016888e1  1.862023e-1  4.043215e-1  5.053698e-2  1.429447e-1
3.919407e3  2.267326e1  3.621628e-1  4.043215e-1  4.886830e-2  1.405649e-1
5.150678e3  -2.125999e1  2.962312e-1  4.043215e-1  4.730630e-2  1.383002e-1
6.768750e3  1.300571e1  1.580811e-1  4.043215e-1  4.584106e-2  1.361416e-1
8.895135e3  4.509599e-1  4.781473e-3  4.043215e-1  4.446386e-2  1.340809e-1
1.168952e4  -6.005424e1  5.554505e-1  5.554505e-1  5.930215e-2  1.814922e-1
1.536175e4  5.678832e1  4.581827e-1  5.554505e-1  5.762153e-2  1.789019e-1
2.018760e4  -3.209326e1  2.258767e-1  5.554505e-1  5.603353e-2  1.764195e-1
2.652948e4  2.126893e1  1.305814e-1  5.554505e-1  5.453072e-2  1.740377e-1
3.486365e4  6.578472e1  3.523211e-1  5.554505e-1  5.310641e-2  1.717498e-1
4.581598e4  -9.385279e1  4.384688e-1  5.554505e-1  5.175461e-2  1.695498e-1
6.020894e4  1.870722e2  7.623927e-1  7.623927e-1  6.927331e-2  2.298118e-1
7.912343e4  -1.371085e2  4.874295e-1  7.623927e-1  6.759541e-2  2.270116e-1
1.039798e5  -2.739642e1  8.496094e-2  7.623927e-1  6.599687e-2  2.243112e-1
1.366448e5  1.555177e2  4.207103e-1  7.623927e-1  6.447219e-2  2.217050e-1
1.795714e5  -2.153409e2  5.081686e-1  7.623927e-1  6.301637e-2  2.191876e-1
2.359833e5  1.504172e2  3.096399e-1  7.623927e-1  6.162484e-2  2.167541e-1
3.101169e5  -2.586530e2  4.644670e-1  7.623927e-1  6.029344e-2  2.143998e-1
4.075393e5  -3.877687e2  6.074185e-1  7.623927e-1  5.901835e-2  2.121206e-1
5.355667e5  3.360505e2  4.591957e-1  7.623927e-1  5.779608e-2  2.099126e-1
7.038136e5  -5.427419e2  6.469408e-1  7.623927e-1  5.662340e-2  2.077722e-1
9.249147e5  5.350999e2  5.563960e-1  7.623927e-1  5.549737e-2  2.056959e-1
1.215474e6  4.153282e2  3.767199e-1  7.623927e-1  5.441525e-2  2.036806e-1
1.597312e6  -8.502801e2  6.727707e-1  7.623927e-1  5.337452e-2  2.017234e-1
2.099104e6  7.823819e2  5.400101e-1  7.623927e-1  5.237285e-2  1.998216e-1
2.758532e6  -9.277503e2  5.585887e-1  7.623927e-1  5.140809e-2  1.979726e-1
3.625117e6  1.579313e2  8.294826e-2  7.623927e-1  5.047823e-2  1.961740e-1
4.763938e6  5.216271e2  2.389886e-1  7.623927e-1  4.958141e-2  1.944235e-1
6.260517e6  -1.943815e3  7.768727e-1  7.768727e-1  4.964115e-2  1.963794e-1
8.227241e6  1.145678e3  3.994251e-1  7.768727e-1  4.878946e-2  1.946874e-1
1.081181e7  -8.701784e2  2.646422e-1  7.768727e-1  4.796651e-2  1.930385e-1
1.420831e7  -1.686381e3  4.473882e-1  7.768727e-1  4.717085e-2  1.914308e-1
1.867181e7  3.703619e3  8.571032e-1  8.571032e-1  5.119318e-2  2.094704e-1
2.453751e7  -2.873204e3  5.800310e-1  8.571032e-1  5.037127e-2  2.077820e-1
3.224591e7  2.897147e3  5.101915e-1  8.571032e-1  4.957534e-2  2.061339e-1
4.237587e7  1.816941e3  2.791139e-1  8.571032e-1  4.880417e-2  2.045243e-1
5.568814e7  -5.870224e3  7.866350e-1  8.571032e-1  4.805662e-2  2.029519e-1
7.318242e7  8.312965e3  9.717455e-1  9.717455e-1  5.366250e-2  2.283556e-1
9.617249e7  -5.823536e3  5.938289e-1  9.717455e-1  5.286497e-2  2.266524e-1
1.263848e8  1.659602e3  1.476238e-1  9.717455e-1  5.209079e-2  2.249867e-1
1.660883e8  6.266676e2  4.862591e-2  9.717455e-1  5.133897e-2  2.233571e-1
2.182645e8  -1.338692e4  9.061272e-1  9.717455e-1  5.060854e-2  2.217625e-1
2.868317e8  9.721487e3  5.740096e-1  9.717455e-1  4.989860e-2  2.202016e-1
3.769391e8  -8.703905e3  4.483101e-1  9.717455e-1  4.920830e-2  2.186731e-1
4.953535e8  1.961029e3  8.811023e-2  9.717455e-1  4.853684e-2  2.171761e-1
6.509675e8  2.426811e4  9.511659e-1  9.717455e-1  4.788346e-2  2.157094e-1
8.554673e8  -2.235043e4  7.641596e-1  9.717455e-1  4.724744e-2  2.142720e-1
1.124210e9  3.805310e4  1.134923e0  1.134923e0  5.445795e-2  2.486073e-1
1.477378e9  -2.062044e3  5.364784e-2  1.134923e0  5.375332e-2  2.469937e-1
1.941492e9  -4.931334e4  1.119171e0  1.134923e0  5.306669e-2  2.454111e-1
2.551407e9  6.221993e4  1.231799e0  1.231799e0  5.686998e-2  2.646741e-1
3.352924e9  -7.055528e4  1.218478e0  1.231799e0  5.616163e-2  2.630206e-1
4.406236e9  2.139140e4  3.222591e-1  1.231799e0  5.547071e-2  2.613977e-1
5.790444e9  5.106936e4  6.711267e-1  1.231799e0  5.479659e-2  2.598045e-1
7.609497e9  -1.415498e5  1.622674e0  1.622674e0  7.131800e-2  3.401851e-1
1.000000e10  1.630832e5  1.630832e0  1.630832e0  7.082612e-2  3.398610e-1

# power fit E ~ sqrt(x)(log x)^p, points 30..60
p_real = -9.1175  (a = 16.4812)   p_ctrl = -7.9256  (a = 13.7551)

# verdicts
REAL: max env/sqrt(log x) = 0.1394 (band=1) | real env/log x > 1 anywhere: false
REAL under sqrt(x)(log x)^(1/2) band: true
CONTROL: max env/sqrt(log x) = 0.3402 | first x where control exceeds band: -1.000e0
CONTROL exceeds sqrt(x)(log x)^(1/2) band (discriminator fires): false

# truncation: max |full − 462k| = 3.103e2 at x = 3.353e9 (E-units 5.359e-3)
# truncation: max |full − 100k| = 5.879e2 at x = 5.790e9 (E-units 7.725e-3)
