zeros loaded: 924715 (max γ 559999.733)

# anchor x | explicit ψ | sieve ψ | |diff|
anchor x=10  explicit_psi=7.832558  sieve_psi=7.832014  diff=5.44e-4
anchor x=100  explicit_psi=94.044686  sieve_psi=94.045311  diff=6.25e-4
anchor x=1000  explicit_psi=996.659057  sieve_psi=996.680912  diff=2.19e-2
anchor x=10000  explicit_psi=10013.482032  sieve_psi=10013.396693  diff=8.53e-2
anchor x=100000  explicit_psi=100051.341202  sieve_psi=100051.564026  diff=2.23e-1

# REAL: x  psi-x  |psi-x|/sqrtx  env  logx  sqrtlogx  env/logx  env/sqrtlogx  trunc462  trunc100
1.000000e3  -3.340943e0  1.056499e-1  1.056499e-1  6.9078  2.6283  1.529439e-2  4.019764e-2  9.23e-3  7.45e-4
1.316424e3  5.325681e0  1.467835e-1  1.467835e-1  7.1827  2.6801  2.043577e-2  5.476892e-2  4.25e-4  4.49e-2
1.732972e3  1.443217e0  3.466857e-2  1.467835e-1  7.4576  2.7309  1.968242e-2  5.374993e-2  1.86e-1  1.28e0
2.281326e3  -2.658742e0  5.566505e-2  1.467835e-1  7.7325  2.7807  1.898264e-2  5.278578e-2  6.15e-3  9.63e-2
3.003192e3  5.927935e0  1.081713e-1  1.467835e-1  8.0074  2.8297  1.833091e-2  5.187172e-2  8.55e-4  1.59e-2
3.953474e3  1.961973e1  3.120351e-1  3.120351e-1  8.2823  2.8779  3.767471e-2  1.084243e-1  5.46e-3  2.49e-2
5.204448e3  -5.861582e0  8.125077e-2  3.120351e-1  8.5573  2.9253  3.646434e-2  1.066684e-1  6.01e-3  8.40e-2
6.851260e3  1.376124e0  1.662541e-2  3.120351e-1  8.8322  2.9719  3.532931e-2  1.049952e-1  1.09e-2  1.25e-2
9.019162e3  4.716599e-1  4.966448e-3  3.120351e-1  9.1071  3.0178  3.426282e-2  1.033983e-1  2.21e-2  6.43e-2
1.187304e4  -4.193751e1  3.848768e-1  3.848768e-1  9.3820  3.0630  4.102278e-2  1.256532e-1  1.00e-1  7.56e-3
1.562996e4  1.819746e1  1.455566e-1  3.848768e-1  9.6569  3.1076  3.985492e-2  1.238517e-1  2.76e-1  8.92e-2
2.057565e4  -1.398518e1  9.749701e-2  3.848768e-1  9.9319  3.1515  3.875172e-2  1.221255e-1  2.32e-2  4.94e-2
2.708628e4  3.779250e1  2.296313e-1  3.848768e-1  10.2068  3.1948  3.770794e-2  1.204695e-1  3.48e-2  9.47e-2
3.565702e4  1.316309e1  6.970844e-2  3.848768e-1  10.4817  3.2375  3.671892e-2  1.188792e-1  1.12e-1  6.75e-2
4.693976e4  -3.419468e1  1.578295e-1  3.848768e-1  10.7566  3.2797  3.578045e-2  1.173502e-1  8.73e-2  1.86e-1
6.179262e4  5.038814e1  2.027029e-1  3.848768e-1  11.0315  3.3214  3.488876e-2  1.158787e-1  8.32e-2  2.80e-1
8.134529e4  4.313760e1  1.512480e-1  3.848768e-1  11.3065  3.3625  3.404044e-2  1.144612e-1  6.28e-2  2.76e-1
1.070849e5  5.494464e1  1.679041e-1  3.848768e-1  11.5814  3.4031  3.323238e-2  1.130945e-1  2.64e-1  1.45e0
1.409691e5  9.834656e1  2.619372e-1  3.848768e-1  11.8563  3.4433  3.246180e-2  1.117756e-1  3.18e-1  5.00e-1
1.855751e5  -2.949347e1  6.846458e-2  3.848768e-1  12.1312  3.4830  3.172615e-2  1.105018e-1  5.20e-1  1.76e0
2.442955e5  -9.628941e1  1.948143e-1  3.848768e-1  12.4061  3.5222  3.102310e-2  1.092706e-1  5.67e-1  4.42e0
3.215965e5  7.214629e1  1.272209e-1  3.848768e-1  12.6811  3.5610  3.035054e-2  1.080797e-1  1.69e0  3.76e0
4.233573e5  -1.013172e2  1.557147e-1  3.848768e-1  12.9560  3.5994  2.970651e-2  1.069268e-1  3.89e-1  9.98e-1
5.573177e5  -4.057224e1  5.434725e-2  3.848768e-1  13.2309  3.6374  2.908926e-2  1.058101e-1  2.00e0  3.65e0
7.336663e5  -4.047496e0  4.725384e-3  3.848768e-1  13.5058  3.6750  2.849713e-2  1.047277e-1  4.34e-1  1.00e0
9.658159e5  1.391743e1  1.416158e-2  3.848768e-1  13.7807  3.7122  2.792862e-2  1.036778e-1  1.76e0  5.84e-1
1.271423e6  3.424627e2  3.037164e-1  3.848768e-1  14.0556  3.7491  2.738236e-2  1.026588e-1  3.12e-1  1.10e0
1.673732e6  -1.821952e2  1.408296e-1  3.848768e-1  14.3306  3.7856  2.685705e-2  1.016693e-1  2.19e0  3.47e0
2.203341e6  7.636317e1  5.144499e-2  3.848768e-1  14.6055  3.8217  2.635152e-2  1.007079e-1  2.89e0  4.04e0
2.900531e6  8.773365e1  5.151426e-2  3.848768e-1  14.8804  3.8575  2.586467e-2  9.977330e-2  5.13e-1  1.45e0
3.818328e6  8.332594e1  4.264260e-2  3.848768e-1  15.1553  3.8930  2.539548e-2  9.886421e-2  5.67e0  1.01e1
5.026539e6  8.124743e2  3.623891e-1  3.848768e-1  15.4302  3.9281  2.494302e-2  9.797952e-2  1.09e1  3.46e1
6.617056e6  -6.356806e1  2.471193e-2  3.848768e-1  15.7052  3.9630  2.450639e-2  9.711817e-2  6.87e0  1.16e0
8.710851e6  4.847259e2  1.642351e-1  3.848768e-1  15.9801  3.9975  2.408478e-2  9.627914e-2  4.20e0  5.18e0
1.146717e7  -1.312499e2  3.875886e-2  3.848768e-1  16.2550  4.0317  2.367744e-2  9.546149e-2  1.68e0  9.00e0
1.509566e7  -7.530552e2  1.938210e-1  3.848768e-1  16.5299  4.0657  2.328365e-2  9.466433e-2  4.70e0  3.31e1
1.987229e7  -3.628701e1  8.140052e-3  3.848768e-1  16.8048  4.0994  2.290274e-2  9.388680e-2  1.24e1  3.19e1
2.616036e7  -5.513328e2  1.077934e-1  3.848768e-1  17.0798  4.1328  2.253409e-2  9.312813e-2  2.16e1  3.76e1
3.443812e7  -1.890132e3  3.220864e-1  3.848768e-1  17.3547  4.1659  2.217712e-2  9.238755e-2  4.37e0  2.68e1
4.533517e7  9.740239e2  1.446612e-1  3.848768e-1  17.6296  4.1988  2.183129e-2  9.166437e-2  7.67e0  4.88e0
5.968030e7  -7.088580e2  9.175796e-2  3.848768e-1  17.9045  4.2314  2.149608e-2  9.095790e-2  7.67e0  3.14e1
7.856457e7  -1.013959e3  1.143950e-1  3.848768e-1  18.1794  4.2637  2.117100e-2  9.026753e-2  1.67e1  3.87e1
1.034243e8  4.802048e2  4.721883e-2  3.848768e-1  18.4544  4.2959  2.085561e-2  8.959264e-2  3.59e1  7.46e1
1.361502e8  -2.969833e3  2.545205e-1  3.848768e-1  18.7293  4.3277  2.054948e-2  8.893266e-2  1.91e0  4.23e1
1.792314e8  5.815175e3  4.343659e-1  4.343659e-1  19.0042  4.3594  2.285633e-2  9.963940e-2  1.40e1  1.26e1
2.359445e8  -4.671782e3  3.041429e-1  4.343659e-1  19.2791  4.3908  2.253040e-2  9.892642e-2  4.41e1  7.19e1
3.106030e8  4.165799e3  2.363717e-1  4.343659e-1  19.5540  4.4220  2.221363e-2  9.822853e-2  4.55e1  7.17e1
4.088852e8  1.573724e2  7.782655e-3  4.343659e-1  19.8289  4.4530  2.190565e-2  9.754521e-2  3.12e1  8.96e1
5.382663e8  -3.199520e3  1.379070e-1  4.343659e-1  20.1039  4.4837  2.160609e-2  9.687595e-2  5.26e1  2.49e2
7.085866e8  7.430374e3  2.791349e-1  4.343659e-1  20.3788  4.5143  2.131462e-2  9.622029e-2  5.07e1  6.59e1
9.328004e8  -7.179272e3  2.350639e-1  4.343659e-1  20.6537  4.5446  2.103090e-2  9.557775e-2  3.80e1  1.56e2
1.227961e9  -1.303287e4  3.719186e-1  4.343659e-1  20.9286  4.5748  2.075464e-2  9.494792e-2  6.22e0  2.97e2
1.616517e9  4.982574e3  1.239263e-1  4.343659e-1  21.2035  4.6047  2.048554e-2  9.433038e-2  5.97e1  2.21e2
2.128022e9  2.141814e3  4.642948e-2  4.343659e-1  21.4785  4.6345  2.022333e-2  9.372473e-2  7.24e1  1.49e2
2.801379e9  -4.809479e3  9.086824e-2  4.343659e-1  21.7534  4.6641  1.996775e-2  9.313060e-2  1.19e2  3.27e2
3.687802e9  1.506136e4  2.480164e-1  4.343659e-1  22.0283  4.6934  1.971854e-2  9.254763e-2  1.59e2  1.53e2
4.854711e9  8.169847e1  1.172552e-3  4.343659e-1  22.3032  4.7226  1.947549e-2  9.197547e-2  2.66e2  2.63e0
6.390858e9  1.458333e4  1.824220e-1  4.343659e-1  22.5781  4.7516  1.923835e-2  9.141379e-2  5.45e1  3.91e2
8.413078e9  1.578866e4  1.721345e-1  4.343659e-1  22.8531  4.7805  1.900691e-2  9.086228e-2  3.74e0  5.10e2
1.107518e10  -2.392118e4  2.273041e-1  4.343659e-1  23.1280  4.8092  1.878098e-2  9.032064e-2  2.30e2  5.81e2
1.457963e10  -3.622923e3  3.000446e-2  4.343659e-1  23.4029  4.8377  1.856035e-2  8.978856e-2  2.02e2  7.46e2
1.919297e10  -2.142039e4  1.546166e-1  4.343659e-1  23.6778  4.8660  1.834485e-2  8.926578e-2  2.20e2  1.44e3
2.526609e10  1.011738e4  6.365007e-2  4.343659e-1  23.9527  4.8942  1.813430e-2  8.875202e-2  4.72e2  2.77e2
3.326089e10  1.207781e4  6.622489e-2  4.343659e-1  24.2276  4.9222  1.792852e-2  8.824704e-2  2.26e2  3.03e2
4.378543e10  -3.132449e4  1.496991e-1  4.343659e-1  24.5026  4.9500  1.772736e-2  8.775057e-2  2.26e1  1.17e3
5.764018e10  8.752065e4  3.645422e-1  4.343659e-1  24.7775  4.9777  1.753067e-2  8.726240e-2  5.67e2  6.25e2
7.587892e10  -5.194199e4  1.885637e-1  4.343659e-1  25.0524  5.0052  1.733829e-2  8.678228e-2  1.10e3  3.23e3
9.988882e10  4.360284e4  1.379610e-1  4.343659e-1  25.3273  5.0326  1.715009e-2  8.631000e-2  5.87e2  9.02e2
1.314960e11  1.346939e5  3.714424e-1  4.343659e-1  25.6022  5.0599  1.696593e-2  8.584535e-2  1.58e3  3.43e3
1.731045e11  -4.368340e4  1.049935e-1  4.343659e-1  25.8772  5.0870  1.678569e-2  8.538812e-2  3.04e2  1.08e3
2.278790e11  -9.793649e3  2.051599e-2  4.343659e-1  26.1521  5.1139  1.660923e-2  8.493812e-2  2.32e2  2.70e3
2.999853e11  -2.860174e4  5.222067e-2  4.343659e-1  26.4270  5.1407  1.643645e-2  8.449516e-2  1.59e3  6.57e3

# CONTROL β=0.6: x  psi-x  |psi-x|/sqrtx  env  env/logx  env/sqrtlogx
1.000000e3  -1.413559e0  4.470067e-2  4.470067e-2  6.471084e-3  1.700770e-2
1.316424e3  -1.466190e0  4.041033e-2  4.470067e-2  6.223402e-3  1.667904e-2
1.732972e3  1.055019e1  2.534337e-1  2.534337e-1  3.398331e-2  9.280365e-2
2.281326e3  -9.011426e0  1.886687e-1  2.534337e-1  3.277508e-2  9.113897e-2
3.003192e3  4.265828e0  7.784161e-2  2.534337e-1  3.164982e-2  8.956077e-2
3.953474e3  3.137336e1  4.989667e-1  4.989667e-1  6.024458e-2  1.733783e-1
5.204448e3  -2.397494e1  3.323305e-1  4.989667e-1  5.830910e-2  1.705705e-1
6.851260e3  1.645365e1  1.987820e-1  4.989667e-1  5.649412e-2  1.678949e-1
9.019162e3  -4.330421e-1  4.559813e-3  4.989667e-1  5.478871e-2  1.653413e-1
1.187304e4  -6.145302e1  5.639781e-1  5.639781e-1  6.011262e-2  1.841255e-1
1.562996e4  5.342724e1  4.273502e-1  5.639781e-1  5.840130e-2  1.814857e-1
2.057565e4  -4.798871e1  3.345510e-1  5.639781e-1  5.678473e-2  1.789563e-1
2.708628e4  4.765534e1  2.895589e-1  5.639781e-1  5.525523e-2  1.765297e-1
3.565702e4  4.362351e1  2.310192e-1  5.639781e-1  5.380597e-2  1.741993e-1
4.693976e4  -1.010604e2  4.664560e-1  5.639781e-1  5.243079e-2  1.719588e-1
6.179262e4  1.241533e2  4.994475e-1  5.639781e-1  5.112416e-2  1.698026e-1
8.134529e4  8.386466e0  2.940443e-2  5.639781e-1  4.988106e-2  1.677255e-1
1.070849e5  1.205635e1  3.684273e-2  5.639781e-1  4.869699e-2  1.657228e-1
1.409691e5  2.217907e2  5.907197e-1  5.907197e-1  4.982329e-2  1.715564e-1
1.855751e5  -1.844059e2  4.280701e-1  5.907197e-1  4.869419e-2  1.696013e-1
2.442955e5  4.695393e-1  9.499795e-4  5.907197e-1  4.761513e-2  1.677116e-1
3.215965e5  1.208475e2  2.130994e-1  5.907197e-1  4.658286e-2  1.658837e-1
4.233573e5  -3.218905e2  4.947145e-1  5.907197e-1  4.559439e-2  1.641143e-1
5.573177e5  2.754241e2  3.689356e-1  5.907197e-1  4.464701e-2  1.624003e-1
7.336663e5  -2.452152e2  2.862847e-1  5.907197e-1  4.373819e-2  1.607389e-1
9.658159e5  -9.139679e0  9.300018e-3  5.907197e-1  4.286563e-2  1.591275e-1
1.271423e6  7.209106e2  6.393466e-1  6.393466e-1  4.548681e-2  1.705340e-1
1.673732e6  -8.092058e2  6.254837e-1  6.393466e-1  4.461419e-2  1.688903e-1
2.203341e6  6.379566e2  4.297840e-1  6.393466e-1  4.377442e-2  1.672932e-1
2.900531e6  -1.129374e1  6.631308e-3  6.393466e-1  4.296567e-2  1.657406e-1
3.818328e6  -5.317128e2  2.721075e-1  6.393466e-1  4.218627e-2  1.642305e-1
5.026539e6  2.022743e3  9.022071e-1  9.022071e-1  5.847005e-2  2.296782e-1
6.617056e6  -1.309424e3  5.090351e-1  9.022071e-1  5.744653e-2  2.276591e-1
8.710851e6  9.580383e2  3.246031e-1  9.022071e-1  5.645823e-2  2.256923e-1
1.146717e7  7.908619e2  2.335460e-1  9.022071e-1  5.550336e-2  2.237756e-1
1.509566e7  -3.022530e3  7.779374e-1  9.022071e-1  5.458025e-2  2.219069e-1
1.987229e7  2.623804e3  5.885827e-1  9.022071e-1  5.368734e-2  2.200843e-1
2.616036e7  -2.003394e3  3.916918e-1  9.022071e-1  5.282318e-2  2.183059e-1
3.443812e7  -3.088976e3  5.263745e-1  9.022071e-1  5.198640e-2  2.165698e-1
4.533517e7  5.096013e3  7.568555e-1  9.022071e-1  5.117572e-2  2.148746e-1
5.968030e7  -6.206512e3  8.034006e-1  9.022071e-1  5.038993e-2  2.132185e-1
7.856457e7  2.784017e3  3.140931e-1  9.022071e-1  4.962790e-2  2.116002e-1
1.034243e8  1.567913e3  1.541738e-1  9.022071e-1  4.888858e-2  2.100182e-1
1.361502e8  -1.018206e4  8.726226e-1  9.022071e-1  4.817097e-2  2.084711e-1
1.792314e8  1.684683e4  1.258378e0  1.258378e0  6.621583e-2  2.886599e-1
2.359445e8  -1.377647e4  8.968776e-1  1.258378e0  6.527159e-2  2.865944e-1
3.106030e8  4.569912e3  2.593015e-1  1.258378e0  6.435391e-2  2.845726e-1
4.088852e8  1.219783e4  6.032288e-1  1.258378e0  6.346167e-2  2.825929e-1
5.382663e8  -2.471926e4  1.065459e0  1.258378e0  6.259384e-2  2.806541e-1
7.085866e8  2.803036e4  1.053009e0  1.258378e0  6.174942e-2  2.787546e-1
9.328004e8  -1.291546e4  4.228785e-1  1.258378e0  6.092748e-2  2.768931e-1
1.227961e9  -3.187127e4  9.095093e-1  1.258378e0  6.012714e-2  2.750685e-1
1.616517e9  4.578308e4  1.138715e0  1.258378e0  5.934754e-2  2.732794e-1
2.128022e9  -4.249353e4  9.211594e-1  1.258378e0  5.858791e-2  2.715248e-1
2.801379e9  1.578244e4  2.981866e-1  1.258378e0  5.784748e-2  2.698036e-1
3.687802e9  4.165477e4  6.859318e-1  1.258378e0  5.712553e-2  2.681147e-1
4.854711e9  -7.496730e4  1.075945e0  1.258378e0  5.642137e-2  2.664572e-1
6.390858e9  1.079436e5  1.350260e0  1.350260e0  5.980386e-2  2.841667e-1
8.413078e9  -4.168380e4  4.544539e-1  1.350260e0  5.908443e-2  2.824523e-1
1.107518e10  -5.445401e4  5.174334e-1  1.350260e0  5.838210e-2  2.807686e-1
1.457963e10  1.297946e5  1.074938e0  1.350260e0  5.769627e-2  2.791146e-1
1.919297e10  -2.107647e5  1.521342e0  1.521342e0  6.425179e-2  3.126482e-1
2.526609e10  1.529523e5  9.622479e-1  1.521342e0  6.351433e-2  3.108488e-1
3.326089e10  2.824389e4  1.548665e-1  1.521342e0  6.279362e-2  3.090801e-1
4.378543e10  -2.589610e5  1.237570e0  1.521342e0  6.208907e-2  3.073413e-1
5.764018e10  4.607116e5  1.918962e0  1.918962e0  7.744783e-2  3.855120e-1
7.587892e10  -3.828185e5  1.389736e0  1.918962e0  7.659793e-2  3.833909e-1
9.988882e10  9.765189e4  3.089742e-1  1.918962e0  7.576649e-2  3.813044e-1
1.314960e11  5.027599e5  1.386450e0  1.918962e0  7.495291e-2  3.792516e-1
1.731045e11  -7.589467e5  1.824135e0  1.918962e0  7.415661e-2  3.772317e-1
2.278790e11  7.196149e5  1.507468e0  1.918962e0  7.337705e-2  3.752437e-1
2.999853e11  -2.979106e5  5.439212e-1  1.918962e0  7.261371e-2  3.732867e-1

# CONTROL β=0.65: x  psi-x  |psi-x|/sqrtx  env  env/logx  env/sqrtlogx
1.000000e3  -4.964346e-1  1.569864e-2  1.569864e-2  2.272611e-3  5.973015e-3
1.316424e3  -4.755784e0  1.310763e-1  1.310763e-1  1.824896e-2  4.890814e-2
1.732972e3  1.516588e1  3.643107e-1  3.643107e-1  4.885098e-2  1.334052e-1
2.281326e3  -1.235628e1  2.586986e-1  3.643107e-1  4.711415e-2  1.310122e-1
3.003192e3  3.230905e0  5.895662e-2  3.643107e-1  4.549658e-2  1.287435e-1
3.953474e3  3.843140e1  6.112188e-1  6.112188e-1  7.379775e-2  2.123831e-1
5.204448e3  -3.525589e1  4.887023e-1  6.112188e-1  7.142686e-2  2.089436e-1
6.851260e3  2.617187e1  3.161910e-1  6.112188e-1  6.920356e-2  2.056660e-1
9.019162e3  -8.603492e-1  9.059238e-3  6.112188e-1  6.711449e-2  2.025380e-1
1.187304e4  -7.548117e1  6.927199e-1  6.927199e-1  7.383479e-2  2.261566e-1
1.562996e4  7.950047e1  6.359029e-1  6.927199e-1  7.173282e-2  2.229142e-1
2.057565e4  -7.393081e1  5.154051e-1  6.927199e-1  6.974722e-2  2.198074e-1
2.708628e4  5.515599e1  3.351336e-1  6.927199e-1  6.786858e-2  2.168269e-1
3.565702e4  6.918471e1  3.663849e-1  6.927199e-1  6.608849e-2  2.139645e-1
4.693976e4  -1.584450e2  7.313211e-1  7.313211e-1  6.798800e-2  2.229822e-1
6.179262e4  1.891838e2  7.610543e-1  7.610543e-1  6.898895e-2  2.291382e-1
8.134529e4  -2.271239e1  7.963365e-2  7.610543e-1  6.731147e-2  2.263353e-1
1.070849e5  -2.924888e1  8.938099e-2  7.610543e-1  6.571363e-2  2.236328e-1
1.409691e5  3.424308e2  9.120337e-1  9.120337e-1  7.692400e-2  2.648722e-1
1.855751e5  -3.394571e2  7.879979e-1  9.120337e-1  7.518074e-2  2.618537e-1
2.442955e5  9.914679e1  2.005954e-1  9.120337e-1  7.351474e-2  2.589361e-1
3.215965e5  1.743004e2  3.073567e-1  9.120337e-1  7.192098e-2  2.561140e-1
4.233573e5  -5.640587e2  8.669035e-1  9.120337e-1  7.039485e-2  2.533821e-1
5.573177e5  6.298052e2  8.436355e-1  9.120337e-1  6.893215e-2  2.507358e-1
7.336663e5  -5.209383e2  6.081868e-1  9.120337e-1  6.752899e-2  2.481707e-1
9.658159e5  -3.989287e1  4.059272e-2  9.120337e-1  6.618182e-2  2.456828e-1
1.271423e6  1.182980e3  1.049137e0  1.049137e0  7.464167e-2  2.798380e-1
1.673732e6  -1.589273e3  1.228445e0  1.228445e0  8.572199e-2  3.245069e-1
2.203341e6  1.349921e3  9.094260e-1  1.228445e0  8.410844e-2  3.214383e-1
2.900531e6  -1.336102e2  7.845143e-2  1.228445e0  8.255452e-2  3.184551e-1
3.818328e6  -1.360591e3  6.962913e-1  1.228445e0  8.105698e-2  3.155535e-1
5.026539e6  3.680413e3  1.641580e0  1.641580e0  1.063872e-1  4.179031e-1
6.617056e6  -3.046995e3  1.184512e0  1.641580e0  1.045249e-1  4.142293e-1
8.710851e6  1.621931e3  5.495435e-1  1.641580e0  1.027266e-1  4.106507e-1
1.146717e7  2.155587e3  6.365570e-1  1.641580e0  1.009892e-1  4.071632e-1
1.509566e7  -6.424661e3  1.653576e0  1.653576e0  1.000353e-1  4.067137e-1
1.987229e7  6.680901e3  1.498688e0  1.653576e0  9.839881e-2  4.033731e-1
2.616036e7  -4.244706e3  8.299001e-1  1.653576e0  9.681496e-2  4.001136e-1
3.443812e7  -5.033741e3  8.577706e-1  1.653576e0  9.528130e-2  3.969318e-1
4.533517e7  1.182842e4  1.756747e0  1.756747e0  9.964761e-2  4.183965e-1
5.968030e7  -1.533376e4  1.984875e0  1.984875e0  1.108589e-1  4.690854e-1
7.856457e7  9.178439e3  1.035513e0  1.984875e0  1.091825e-1  4.655250e-1
1.034243e8  3.520444e3  3.461674e-1  1.984875e0  1.075559e-1  4.620445e-1
1.361502e8  -2.297158e4  1.968709e0  1.984875e0  1.059772e-1  4.586409e-1
1.792314e8  3.671145e4  2.742171e0  2.742171e0  1.442930e-1  6.290278e-1
2.359445e8  -3.041444e4  1.980044e0  2.742171e0  1.422354e-1  6.245268e-1
3.106030e8  5.182651e3  2.940689e-1  2.742171e0  1.402356e-1  6.201210e-1
4.088852e8  3.531929e4  1.746672e0  2.742171e0  1.382913e-1  6.158071e-1
5.382663e8  -6.662880e4  2.871861e0  2.871861e0  1.428512e-1  6.405067e-1
7.085866e8  6.875032e4  2.582725e0  2.871861e0  1.409241e-1  6.361716e-1
9.328004e8  -2.422142e4  7.930586e-1  2.871861e0  1.390482e-1  6.319234e-1
1.227961e9  -7.097811e4  2.025500e0  2.871861e0  1.372217e-1  6.277592e-1
1.616517e9  1.315236e5  3.271250e0  3.271250e0  1.542785e-1  7.104107e-1
2.128022e9  -1.376878e5  2.984747e0  3.271250e0  1.523037e-1  7.058495e-1
2.801379e9  6.005303e4  1.134616e0  3.271250e0  1.503789e-1  7.013751e-1
3.687802e9  1.013074e5  1.668236e0  3.271250e0  1.485022e-1  6.969847e-1
4.854711e9  -2.448370e5  3.513949e0  3.513949e0  1.575535e-1  7.440664e-1
6.390858e9  3.223361e5  4.032082e0  4.032082e0  1.785835e-1  8.485654e-1
8.413078e9  -1.751736e5  1.909815e0  4.032082e0  1.764352e-1  8.434459e-1
1.107518e10  -1.287014e5  1.222948e0  4.032082e0  1.743379e-1  8.384180e-1
1.457963e10  4.545857e5  3.764805e0  4.032082e0  1.722899e-1  8.334789e-1
1.919297e10  -6.781853e5  4.895277e0  4.895277e0  2.067453e-1  1.006020e0
2.526609e10  5.100833e5  3.209018e0  4.895277e0  2.043724e-1  1.000230e0
3.326089e10  7.268893e4  3.985671e-1  4.895277e0  2.020533e-1  9.945385e-1
4.378543e10  -8.543155e5  4.082757e0  4.895277e0  1.997863e-1  9.889434e-1
5.764018e10  1.449749e6  6.038517e0  6.038517e0  2.437098e-1  1.213114e0
7.587892e10  -1.271496e6  4.615881e0  6.038517e0  2.410354e-1  1.206440e0
9.988882e10  2.396227e5  7.581751e-1  6.038517e0  2.384191e-1  1.199874e0
1.314960e11  1.536222e6  4.236408e0  6.038517e0  2.358589e-1  1.193414e0
1.731045e11  -2.791727e6  6.709942e0  6.709942e0  2.592998e-1  1.319048e0
2.278790e11  2.820885e6  5.909262e0  6.709942e0  2.565739e-1  1.312096e0
2.999853e11  -1.076660e6  1.965751e0  6.709942e0  2.539048e-1  1.305253e0

# CONTROL β=0.7: x  psi-x  |psi-x|/sqrtx  env  env/logx  env/sqrtlogx
1.000000e3  9.481810e-1  2.998412e-2  2.998412e-2  4.340646e-3  1.140835e-2
1.316424e3  -9.953026e0  2.743199e-1  2.743199e-1  3.819189e-2  1.023562e-1
1.732972e3  2.250868e1  5.406973e-1  5.406973e-1  7.250293e-2  1.979953e-1
2.281326e3  -1.770961e1  3.707793e-1  5.406973e-1  6.992519e-2  1.944437e-1
3.003192e3  1.525878e0  2.784378e-2  5.406973e-1  6.752445e-2  1.910767e-1
3.953474e3  4.999945e1  7.951990e-1  7.951990e-1  9.601128e-2  2.763115e-1
5.204448e3  -5.388290e1  7.469020e-1  7.951990e-1  9.292673e-2  2.718368e-1
6.851260e3  4.233562e1  5.114707e-1  7.951990e-1  9.003420e-2  2.675726e-1
9.019162e3  -1.505255e0  1.584992e-2  7.951990e-1  8.731631e-2  2.635030e-1
1.187304e4  -9.941966e1  9.124127e-1  9.124127e-1  9.725114e-2  2.978811e-1
1.562996e4  1.243329e2  9.945052e-1  9.945052e-1  1.029834e-1  3.200274e-1
2.057565e4  -1.189041e2  8.289343e-1  9.945052e-1  1.001328e-1  3.155671e-1
2.708628e4  6.813673e1  4.140060e-1  9.945052e-1  9.743572e-2  3.112882e-1
3.565702e4  1.147529e2  6.077029e-1  9.945052e-1  9.488013e-2  3.071787e-1
4.693976e4  -2.614878e2  1.206927e0  1.206927e0  1.122032e-1  3.679960e-1
6.179262e4  3.069928e2  1.234980e0  1.234980e0  1.119499e-1  3.718278e-1
8.134529e4  -7.932528e1  2.781284e-1  1.234980e0  1.092278e-1  3.672794e-1
1.070849e5  -1.064476e2  3.252909e-1  1.234980e0  1.066350e-1  3.628940e-1
1.409691e5  5.692014e2  1.516017e0  1.516017e0  1.278660e-1  4.402805e-1
1.855751e5  -6.336264e2  1.470867e0  1.516017e0  1.249683e-1  4.352631e-1
2.442955e5  2.877490e2  5.821785e-1  1.516017e0  1.221990e-1  4.304134e-1
3.215965e5  2.796247e2  4.930829e-1  1.516017e0  1.195498e-1  4.257223e-1
4.233573e5  -1.041566e3  1.600787e0  1.600787e0  1.235559e-1  4.447321e-1
5.573177e5  1.335228e3  1.788562e0  1.788562e0  1.351808e-1  4.917105e-1
7.336663e5  -1.074606e3  1.254585e0  1.788562e0  1.324291e-1  4.866802e-1
9.658159e5  -1.060368e2  1.078970e-1  1.788562e0  1.297872e-1  4.818013e-1
1.271423e6  2.140439e3  1.898269e0  1.898269e0  1.350538e-1  5.063285e-1
1.673732e6  -3.220932e3  2.489652e0  2.489652e0  1.737302e-1  6.576684e-1
2.203341e6  2.853443e3  1.922332e0  2.489652e0  1.704601e-1  6.514493e-1
2.900531e6  -3.880128e2  2.278281e-1  2.489652e0  1.673108e-1  6.454034e-1
3.818328e6  -3.168511e3  1.621506e0  2.489652e0  1.642757e-1  6.395228e-1
5.026539e6  7.328467e3  3.268727e0  3.268727e0  2.118390e-1  8.321321e-1
6.617056e6  -6.909602e3  2.686091e0  3.268727e0  2.081308e-1  8.248167e-1
8.710851e6  3.102092e3  1.051053e0  3.268727e0  2.045501e-1  8.176909e-1
1.146717e7  5.294606e3  1.563527e0  3.268727e0  2.010906e-1  8.107467e-1
1.509566e7  -1.431029e4  3.683174e0  3.683174e0  2.228187e-1  9.059139e-1
1.987229e7  1.618248e4  3.630121e0  3.683174e0  2.191735e-1  8.984732e-1
2.616036e7  -9.531557e3  1.863554e0  3.683174e0  2.156456e-1  8.912128e-1
3.443812e7  -9.764150e3  1.663852e0  3.683174e0  2.122295e-1  8.841257e-1
4.533517e7  2.827834e4  4.199875e0  4.199875e0  2.382287e-1  1.000265e0
5.968030e7  -3.786897e4  4.901941e0  4.901941e0  2.737824e-1  1.158475e0
7.856457e7  2.510878e4  2.832776e0  4.901941e0  2.696421e-1  1.149682e0
1.034243e8  8.590072e3  8.446670e-1  4.901941e0  2.656252e-1  1.141087e0
1.361502e8  -5.594000e4  4.794168e0  4.901941e0  2.617262e-1  1.132681e0
1.792314e8  8.844726e4  6.606590e0  6.606590e0  3.476386e-1  1.515489e0
2.359445e8  -7.417932e4  4.829231e0  6.606590e0  3.426813e-1  1.504644e0
3.106030e8  6.556765e3  3.720376e-1  6.606590e0  3.378634e-1  1.494030e0
4.088852e8  9.824749e4  4.858708e0  6.606590e0  3.331791e-1  1.483637e0
5.382663e8  -1.818198e5  7.836870e0  7.836870e0  3.898191e-1  1.747845e0
7.085866e8  1.818488e5  6.831468e0  7.836870e0  3.845602e-1  1.736015e0
9.328004e8  -5.554410e4  1.818627e0  7.836870e0  3.794414e-1  1.724422e0
1.227961e9  -1.834555e5  5.235263e0  7.836870e0  3.744571e-1  1.713059e0
1.616517e9  3.803296e5  9.459540e0  9.459540e0  4.461302e-1  2.054309e0
2.128022e9  -4.169080e5  9.037581e0  9.459540e0  4.404199e-1  2.041120e0
2.801379e9  1.906539e5  3.602133e0  9.459540e0  4.348539e-1  2.028181e0
3.687802e9  2.828879e5  4.658333e0  9.459540e0  4.294268e-1  2.015485e0
4.854711e9  -7.654482e5  1.098586e1  1.098586e1  4.925685e-1  2.326218e0
6.390858e9  9.865397e5  1.234056e1  1.234056e1  5.465715e-1  2.597114e0
8.413078e9  -5.922633e5  6.457098e0  1.234056e1  5.399963e-1  2.581445e0
1.107518e10  -3.688355e5  3.504752e0  1.234056e1  5.335774e-1  2.566057e0
1.457963e10  1.506239e6  1.247443e1  1.247443e1  5.330293e-1  2.578611e0
1.919297e10  -2.207939e6  1.593735e1  1.593735e1  6.730920e-1  3.275256e0
2.526609e10  1.690368e6  1.063438e1  1.593735e1  6.653666e-1  3.256406e0
3.326089e10  2.302527e5  1.262519e0  1.593735e1  6.578164e-1  3.237877e0
4.378543e10  -2.891721e6  1.381948e1  1.593735e1  6.504357e-1  3.219661e0
5.764018e10  4.869627e6  2.028304e1  2.028304e1  8.186076e-1  4.074782e0
7.587892e10  -4.376624e6  1.588835e1  2.028304e1  8.096244e-1  4.052363e0
9.988882e10  7.263600e5  2.298230e0  2.028304e1  8.008362e-1  4.030309e0
1.314960e11  5.276008e6  1.454954e1  2.028304e1  7.922368e-1  4.008612e0
1.731045e11  -1.021903e7  2.456153e1  2.456153e1  9.491585e-1  4.828331e0
2.278790e11  1.058177e7  2.216697e1  2.456153e1  9.391807e-1  4.802886e0
2.999853e11  -3.960996e6  7.231933e0  2.456153e1  9.294104e-1  4.777838e0

# effective growth exponent δ = slope of ln(E) vs ln(x), points 36..72
REAL   δ = 0.0127
CTRL β=0.6  δ = 0.0827   (expected β−1/2 = 0.10)
CTRL β=0.65  δ = 0.1506   (expected β−1/2 = 0.15)
CTRL β=0.7  δ = 0.2022   (expected β−1/2 = 0.20)

# verdicts (band sqrtx-log^(1/2) fires when env/sqrtlogx > 1; band sqrtx-log when env/logx > 1)
REAL: max env/√(log x) = 0.1257 (must be < 1 for the √x(log x)^(1/2) band)  |  max env/log x = 0.0410 (√x log x band)
CTRL β=0.6: max env/√(log x) = 0.3855 | first x where env exceeds √x(log x)^(1/2) band: NEVER (in range)
CTRL β=0.65: max env/√(log x) = 1.3190 | first x where env exceeds √x(log x)^(1/2) band: 1.919e10
CTRL β=0.7: max env/√(log x) = 4.8283 | first x where env exceeds √x(log x)^(1/2) band: 4.534e7

# truncation: max |full − 462k| = 1.588e3 at x = 3.000e11 (E-units 2.900e-3)
# truncation: max |full − 100k| = 6.574e3 at x = 3.000e11 (E-units 1.200e-2)
