# INTERL: sign changes of H(t)=Z·P'/P+Z' (ξ' zeros on line), t∈[10,5000]
ξ'-zero count (H sign changes) on [10,5000] = 4521
RvM N(5000) ≈ 4520.3  (expect ξ'-count ≈ N − 1 = 4519.3)
  t∈[10,110): 34
  t∈[110,210): 51
  t∈[210,310): 59
  t∈[310,410): 65
  t∈[410,510): 68
  t∈[510,610): 72
  t∈[610,710): 74
  t∈[710,810): 76
  t∈[810,910): 78
  t∈[910,1010): 80
  t∈[1010,1110): 82
  t∈[1110,1210): 83
  t∈[1210,1310): 84
  t∈[1310,1410): 86
  t∈[1410,1510): 87
  t∈[1510,1610): 87
  t∈[1610,1710): 89
  t∈[1710,1810): 90
  t∈[1810,1910): 90
  t∈[1910,2010): 92
  t∈[2010,2110): 92
  t∈[2110,2210): 93
  t∈[2210,2310): 94
  t∈[2310,2410): 94
  t∈[2410,2510): 95
  t∈[2510,2610): 96
  t∈[2610,2710): 96
  t∈[2710,2810): 97
  t∈[2810,2910): 97
  t∈[2910,3010): 98
  t∈[3010,3110): 98
  t∈[3110,3210): 99
  t∈[3210,3310): 100
  t∈[3310,3410): 100
  t∈[3410,3510): 100
  t∈[3510,3610): 101
  t∈[3610,3710): 102
  t∈[3710,3810): 101
  t∈[3810,3910): 103
  t∈[3910,4010): 102
  t∈[4010,4110): 103
  t∈[4110,4210): 103
  t∈[4210,4310): 104
  t∈[4310,4410): 104
  t∈[4410,4510): 105
  t∈[4510,4610): 105
  t∈[4610,4710): 105
  t∈[4710,4810): 106
  t∈[4810,4910): 106
  t∈[4910,5000): 95
