{"synthetic": false,
 "schemaVersion": "2025-09-10",
 "outputs":
 {"o": ["adb1c28f478d5b25.olean"],
  "m": false,
  "i": "03f86f28d4f3c30d.ilean",
  "c": "eadd5d6d64f5d802.c"},
 "log":
 [{"message":
   ".> LEAN_PATH=/home/vstaln/riemann/research/lean-zeta-23/.lake/packages/Cli/.lake/build/lib/lean:/home/vstaln/riemann/research/lean-zeta-23/.lake/packages/batteries/.lake/build/lib/lean:/home/vstaln/riemann/research/lean-zeta-23/.lake/packages/Qq/.lake/build/lib/lean:/home/vstaln/riemann/research/lean-zeta-23/.lake/packages/aesop/.lake/build/lib/lean:/home/vstaln/riemann/research/lean-zeta-23/.lake/packages/proofwidgets/.lake/build/lib/lean:/home/vstaln/riemann/research/lean-zeta-23/.lake/packages/importGraph/.lake/build/lib/lean:/home/vstaln/riemann/research/lean-zeta-23/.lake/packages/LeanSearchClient/.lake/build/lib/lean:/home/vstaln/riemann/research/lean-zeta-23/.lake/packages/plausible/.lake/build/lib/lean:/home/vstaln/riemann/research/lean-zeta-23/.lake/packages/mathlib/.lake/build/lib/lean:/home/vstaln/riemann/research/lean-zeta-23/.lake/build/lib/lean /home/vstaln/.elan/toolchains/leanprover--lean4---v4.33.0-rc2/bin/lean /home/vstaln/riemann/research/lean-zeta-23/Zeta23/Tail/Count.lean -o /home/vstaln/riemann/research/lean-zeta-23/.lake/build/lib/lean/Zeta23/Tail/Count.olean -i /home/vstaln/riemann/research/lean-zeta-23/.lake/build/lib/lean/Zeta23/Tail/Count.ilean -c /home/vstaln/riemann/research/lean-zeta-23/.lake/build/ir/Zeta23/Tail/Count.c --setup /home/vstaln/riemann/research/lean-zeta-23/.lake/build/ir/Zeta23/Tail/Count.setup.json --json",
   "level": "trace"}],
 "inputs":
 [["deps",
   [["Zeta23/Zeta23:extraDep", [["@Zeta23:extraDep", "00000000000006bb"]]],
    ["imports",
     [["Zeta23.Tail.Basic transitive imports (legacy)", "1bf855a12bda5ab4"],
      ["Zeta23.Tail.Basic:importAllArts", "c27f97d6124a5d21"],
      ["Mathlib.Analysis.SpecialFunctions.Log.Basic transitive imports (legacy)",
       "6cc447fc1c906b31"],
      ["Mathlib.Analysis.SpecialFunctions.Log.Basic:importAllArts",
       "7c4c1ad04264623f"],
      ["Mathlib.Algebra.BigOperators.Fin transitive imports (legacy)",
       "7c09c04aa5d1b4e9"],
      ["Mathlib.Algebra.BigOperators.Fin:importAllArts", "b192fb5c8d24873d"],
      ["Mathlib.Algebra.BigOperators.Field transitive imports (legacy)",
       "76a287f8060d3d68"],
      ["Mathlib.Algebra.BigOperators.Field:importAllArts", "0aa7b6f297b109c0"],
      ["Mathlib.Analysis.Complex.ExponentialBounds transitive imports (legacy)",
       "46e87cbc14808934"],
      ["Mathlib.Analysis.Complex.ExponentialBounds:importAllArts",
       "0732e04ea6ba3096"]]]]],
  ["libs",
   [["import dynlibs", "00000000000006bb"],
    ["package external libraries", "00000000000006bb"],
    ["module dynlibs", "00000000000006bb"],
    ["module plugins", "00000000000006bb"]]],
  ["Lean 4.33.0, commit d8b18978322de05a8f3dba51ef03cf5461676c17",
   "3eca9d16ab6c877d"],
  ["/home/vstaln/riemann/research/lean-zeta-23/Zeta23/Tail/Count.lean",
   "68cec8640b8489fa"],
  ["options",
   [["-DrelaxedAutoImplicit=false", "74a2b5546b55be80"],
    ["-Dpp.unicode.fun=true", "9b94070140457fab"]]],
  ["isModule: false", "feefd2a0d3a1847e"],
  ["Module.name: Zeta23.Tail.Count", "efbd2b09501780a7"],
  ["Package.id?: (some Zeta23)", "31803ca4013655a1"],
  ["Module.leanArgs: #[]", "00000000000006bb"]],
 "depHash": "8ae25b45c91824d4"}