{"synthetic": false,
 "schemaVersion": "2025-09-10",
 "outputs":
 {"o": ["12ca412e046a71b7.olean"],
  "m": false,
  "i": "72f53a244ddfd417.ilean",
  "c": "43b679b530fc8fd1.c"},
 "log":
 [{"message":
   ".> LEAN_PATH=/home/vstaln/riemann/research/lean-zeta-23/.lake/packages/Cli/.lake/build/lib/lean:/home/vstaln/riemann/research/lean-zeta-23/.lake/packages/batteries/.lake/build/lib/lean:/home/vstaln/riemann/research/lean-zeta-23/.lake/packages/Qq/.lake/build/lib/lean:/home/vstaln/riemann/research/lean-zeta-23/.lake/packages/aesop/.lake/build/lib/lean:/home/vstaln/riemann/research/lean-zeta-23/.lake/packages/proofwidgets/.lake/build/lib/lean:/home/vstaln/riemann/research/lean-zeta-23/.lake/packages/importGraph/.lake/build/lib/lean:/home/vstaln/riemann/research/lean-zeta-23/.lake/packages/LeanSearchClient/.lake/build/lib/lean:/home/vstaln/riemann/research/lean-zeta-23/.lake/packages/plausible/.lake/build/lib/lean:/home/vstaln/riemann/research/lean-zeta-23/.lake/packages/mathlib/.lake/build/lib/lean:/home/vstaln/riemann/research/lean-zeta-23/.lake/build/lib/lean /home/vstaln/.elan/toolchains/leanprover--lean4---v4.33.0-rc2/bin/lean /home/vstaln/riemann/research/lean-zeta-23/Zeta23/Tail/Grid.lean -o /home/vstaln/riemann/research/lean-zeta-23/.lake/build/lib/lean/Zeta23/Tail/Grid.olean -i /home/vstaln/riemann/research/lean-zeta-23/.lake/build/lib/lean/Zeta23/Tail/Grid.ilean -c /home/vstaln/riemann/research/lean-zeta-23/.lake/build/ir/Zeta23/Tail/Grid.c --setup /home/vstaln/riemann/research/lean-zeta-23/.lake/build/ir/Zeta23/Tail/Grid.setup.json --json",
   "level": "trace"}],
 "inputs":
 [["deps",
   [["Zeta23/Zeta23:extraDep", [["@Zeta23:extraDep", "00000000000006bb"]]],
    ["imports",
     [["Zeta23.Tail.Basic transitive imports (legacy)", "1bf855a12bda5ab4"],
      ["Zeta23.Tail.Basic:importAllArts", "c27f97d6124a5d21"],
      ["Mathlib.Analysis.SpecialFunctions.Trigonometric.Basic transitive imports (legacy)",
       "6fa2eb172445ae68"],
      ["Mathlib.Analysis.SpecialFunctions.Trigonometric.Basic:importAllArts",
       "c64d1306a97e22d1"],
      ["Mathlib.Algebra.BigOperators.Fin transitive imports (legacy)",
       "7c09c04aa5d1b4e9"],
      ["Mathlib.Algebra.BigOperators.Fin:importAllArts",
       "b192fb5c8d24873d"]]]]],
  ["libs",
   [["import dynlibs", "00000000000006bb"],
    ["package external libraries", "00000000000006bb"],
    ["module dynlibs", "00000000000006bb"],
    ["module plugins", "00000000000006bb"]]],
  ["Lean 4.33.0, commit d8b18978322de05a8f3dba51ef03cf5461676c17",
   "3eca9d16ab6c877d"],
  ["/home/vstaln/riemann/research/lean-zeta-23/Zeta23/Tail/Grid.lean",
   "b86dbd299fdb1082"],
  ["options",
   [["-DrelaxedAutoImplicit=false", "74a2b5546b55be80"],
    ["-Dpp.unicode.fun=true", "9b94070140457fab"]]],
  ["isModule: false", "feefd2a0d3a1847e"],
  ["Module.name: Zeta23.Tail.Grid", "cd4444ce72a2c5d6"],
  ["Package.id?: (some Zeta23)", "31803ca4013655a1"],
  ["Module.leanArgs: #[]", "00000000000006bb"]],
 "depHash": "5694db423ba1cee7"}