{"synthetic": false,
 "schemaVersion": "2025-09-10",
 "outputs":
 {"o": ["abd0078626cce5fd.olean"],
  "m": false,
  "i": "edb51fc58cbfa1ad.ilean",
  "c": "40229840a0a1c191.c"},
 "log":
 [{"message":
   ".> LEAN_PATH=/home/vstaln/riemann/research/lean-zeta-23/.lake/packages/Cli/.lake/build/lib/lean:/home/vstaln/riemann/research/lean-zeta-23/.lake/packages/batteries/.lake/build/lib/lean:/home/vstaln/riemann/research/lean-zeta-23/.lake/packages/Qq/.lake/build/lib/lean:/home/vstaln/riemann/research/lean-zeta-23/.lake/packages/aesop/.lake/build/lib/lean:/home/vstaln/riemann/research/lean-zeta-23/.lake/packages/proofwidgets/.lake/build/lib/lean:/home/vstaln/riemann/research/lean-zeta-23/.lake/packages/importGraph/.lake/build/lib/lean:/home/vstaln/riemann/research/lean-zeta-23/.lake/packages/LeanSearchClient/.lake/build/lib/lean:/home/vstaln/riemann/research/lean-zeta-23/.lake/packages/plausible/.lake/build/lib/lean:/home/vstaln/riemann/research/lean-zeta-23/.lake/packages/mathlib/.lake/build/lib/lean:/home/vstaln/riemann/research/lean-zeta-23/.lake/build/lib/lean /home/vstaln/.elan/toolchains/leanprover--lean4---v4.33.0-rc2/bin/lean /home/vstaln/riemann/research/lean-zeta-23/Zeta23/Tail/RankOne.lean -o /home/vstaln/riemann/research/lean-zeta-23/.lake/build/lib/lean/Zeta23/Tail/RankOne.olean -i /home/vstaln/riemann/research/lean-zeta-23/.lake/build/lib/lean/Zeta23/Tail/RankOne.ilean -c /home/vstaln/riemann/research/lean-zeta-23/.lake/build/ir/Zeta23/Tail/RankOne.c --setup /home/vstaln/riemann/research/lean-zeta-23/.lake/build/ir/Zeta23/Tail/RankOne.setup.json --json",
   "level": "trace"}],
 "inputs":
 [["deps",
   [["Zeta23/Zeta23:extraDep", [["@Zeta23:extraDep", "00000000000006bb"]]],
    ["imports",
     [["Zeta23.LinAlg.Sylvester transitive imports (legacy)",
       "70a0a4f6624f43f3"],
      ["Zeta23.LinAlg.Sylvester:importAllArts", "a6e9a13b2a297312"],
      ["Mathlib.Analysis.Normed.Group.InfiniteSum transitive imports (legacy)",
       "69bbc6bd5c0aa37d"],
      ["Mathlib.Analysis.Normed.Group.InfiniteSum:importAllArts",
       "ed82486dcfb808cf"],
      ["Mathlib.Topology.Algebra.InfiniteSum.Real transitive imports (legacy)",
       "59268e205707e416"],
      ["Mathlib.Topology.Algebra.InfiniteSum.Real:importAllArts",
       "63a088a52e11c756"]]]]],
  ["libs",
   [["import dynlibs", "00000000000006bb"],
    ["package external libraries", "00000000000006bb"],
    ["module dynlibs", "00000000000006bb"],
    ["module plugins", "00000000000006bb"]]],
  ["Lean 4.33.0, commit d8b18978322de05a8f3dba51ef03cf5461676c17",
   "3eca9d16ab6c877d"],
  ["/home/vstaln/riemann/research/lean-zeta-23/Zeta23/Tail/RankOne.lean",
   "d49b046d091c246c"],
  ["options",
   [["-DrelaxedAutoImplicit=false", "74a2b5546b55be80"],
    ["-Dpp.unicode.fun=true", "9b94070140457fab"]]],
  ["isModule: false", "feefd2a0d3a1847e"],
  ["Module.name: Zeta23.Tail.RankOne", "978fd244368404b5"],
  ["Package.id?: (some Zeta23)", "31803ca4013655a1"],
  ["Module.leanArgs: #[]", "00000000000006bb"]],
 "depHash": "c0f29cd476835e80"}