{"synthetic": false,
 "schemaVersion": "2025-09-10",
 "outputs":
 {"o": ["b81a89913f3fc73b.olean"],
  "m": false,
  "i": "876b96227875d6e0.ilean",
  "c": "645f12ffd4e44673.c"},
 "log":
 [{"message":
   ".> LEAN_PATH=/home/vstaln/riemann/research/lean-zeta-23/.lake/packages/Cli/.lake/build/lib/lean:/home/vstaln/riemann/research/lean-zeta-23/.lake/packages/batteries/.lake/build/lib/lean:/home/vstaln/riemann/research/lean-zeta-23/.lake/packages/Qq/.lake/build/lib/lean:/home/vstaln/riemann/research/lean-zeta-23/.lake/packages/aesop/.lake/build/lib/lean:/home/vstaln/riemann/research/lean-zeta-23/.lake/packages/proofwidgets/.lake/build/lib/lean:/home/vstaln/riemann/research/lean-zeta-23/.lake/packages/importGraph/.lake/build/lib/lean:/home/vstaln/riemann/research/lean-zeta-23/.lake/packages/LeanSearchClient/.lake/build/lib/lean:/home/vstaln/riemann/research/lean-zeta-23/.lake/packages/plausible/.lake/build/lib/lean:/home/vstaln/riemann/research/lean-zeta-23/.lake/packages/mathlib/.lake/build/lib/lean:/home/vstaln/riemann/research/lean-zeta-23/.lake/build/lib/lean /home/vstaln/.elan/toolchains/leanprover--lean4---v4.33.0-rc2/bin/lean /home/vstaln/riemann/research/lean-zeta-23/Zeta23/Hypotheses/GzGp.lean -o /home/vstaln/riemann/research/lean-zeta-23/.lake/build/lib/lean/Zeta23/Hypotheses/GzGp.olean -i /home/vstaln/riemann/research/lean-zeta-23/.lake/build/lib/lean/Zeta23/Hypotheses/GzGp.ilean -c /home/vstaln/riemann/research/lean-zeta-23/.lake/build/ir/Zeta23/Hypotheses/GzGp.c --setup /home/vstaln/riemann/research/lean-zeta-23/.lake/build/ir/Zeta23/Hypotheses/GzGp.setup.json --json",
   "level": "trace"}],
 "inputs":
 [["deps",
   [["Zeta23/Zeta23:extraDep", [["@Zeta23:extraDep", "00000000000006bb"]]],
    ["imports",
     [["Zeta23.Hypotheses transitive imports (legacy)", "77f6cae4f82956bc"],
      ["Zeta23.Hypotheses:importAllArts", "2c7083bcd7e6b255"],
      ["Mathlib.MeasureTheory.Integral.Bochner.ContinuousLinearMap transitive imports (legacy)",
       "0db7b340edc8c89e"],
      ["Mathlib.MeasureTheory.Integral.Bochner.ContinuousLinearMap:importAllArts",
       "ca380c7f9b5c0a1d"],
      ["Mathlib.MeasureTheory.Measure.Haar.NormedSpace transitive imports (legacy)",
       "6a92b42edb6ee692"],
      ["Mathlib.MeasureTheory.Measure.Haar.NormedSpace:importAllArts",
       "ea2c200e28545ffc"],
      ["Mathlib.Analysis.SpecialFunctions.ExpDeriv transitive imports (legacy)",
       "7dc707569b9457ea"],
      ["Mathlib.Analysis.SpecialFunctions.ExpDeriv:importAllArts",
       "17653c7daa360741"]]]]],
  ["libs",
   [["import dynlibs", "00000000000006bb"],
    ["package external libraries", "00000000000006bb"],
    ["module dynlibs", "00000000000006bb"],
    ["module plugins", "00000000000006bb"]]],
  ["Lean 4.33.0, commit d8b18978322de05a8f3dba51ef03cf5461676c17",
   "3eca9d16ab6c877d"],
  ["/home/vstaln/riemann/research/lean-zeta-23/Zeta23/Hypotheses/GzGp.lean",
   "9a9eddad500732e8"],
  ["options",
   [["-DrelaxedAutoImplicit=false", "74a2b5546b55be80"],
    ["-Dpp.unicode.fun=true", "9b94070140457fab"]]],
  ["isModule: false", "feefd2a0d3a1847e"],
  ["Module.name: Zeta23.Hypotheses.GzGp", "f90444b1d643c58d"],
  ["Package.id?: (some Zeta23)", "31803ca4013655a1"],
  ["Module.leanArgs: #[]", "00000000000006bb"]],
 "depHash": "b43b35dfae4aeeff"}