{"synthetic": false,
 "schemaVersion": "2025-09-10",
 "outputs":
 {"o": ["927d227fa579a36f.olean"],
  "m": false,
  "i": "208cd0e5bf7decbb.ilean",
  "c": "bd43e85e97b317d4.c"},
 "log":
 [{"message":
   ".> LEAN_PATH=/home/vstaln/riemann/research/lean-zeta-23/.lake/packages/Cli/.lake/build/lib/lean:/home/vstaln/riemann/research/lean-zeta-23/.lake/packages/batteries/.lake/build/lib/lean:/home/vstaln/riemann/research/lean-zeta-23/.lake/packages/Qq/.lake/build/lib/lean:/home/vstaln/riemann/research/lean-zeta-23/.lake/packages/aesop/.lake/build/lib/lean:/home/vstaln/riemann/research/lean-zeta-23/.lake/packages/proofwidgets/.lake/build/lib/lean:/home/vstaln/riemann/research/lean-zeta-23/.lake/packages/importGraph/.lake/build/lib/lean:/home/vstaln/riemann/research/lean-zeta-23/.lake/packages/LeanSearchClient/.lake/build/lib/lean:/home/vstaln/riemann/research/lean-zeta-23/.lake/packages/plausible/.lake/build/lib/lean:/home/vstaln/riemann/research/lean-zeta-23/.lake/packages/mathlib/.lake/build/lib/lean:/home/vstaln/riemann/research/lean-zeta-23/.lake/build/lib/lean /home/vstaln/.elan/toolchains/leanprover--lean4---v4.33.0-rc2/bin/lean /home/vstaln/riemann/research/lean-zeta-23/Zeta23/XiPrime/QuarticWindow/ZeroSide.lean -o /home/vstaln/riemann/research/lean-zeta-23/.lake/build/lib/lean/Zeta23/XiPrime/QuarticWindow/ZeroSide.olean -i /home/vstaln/riemann/research/lean-zeta-23/.lake/build/lib/lean/Zeta23/XiPrime/QuarticWindow/ZeroSide.ilean -c /home/vstaln/riemann/research/lean-zeta-23/.lake/build/ir/Zeta23/XiPrime/QuarticWindow/ZeroSide.c --setup /home/vstaln/riemann/research/lean-zeta-23/.lake/build/ir/Zeta23/XiPrime/QuarticWindow/ZeroSide.setup.json --json",
   "level": "trace"}],
 "inputs":
 [["deps",
   [["Zeta23/Zeta23:extraDep", [["@Zeta23:extraDep", "00000000000006bb"]]],
    ["imports",
     [["Zeta23.XiPrime.QuarticWindow.Quartic transitive imports (legacy)",
       "cf1e3b154fe3b9e0"],
      ["Zeta23.XiPrime.QuarticWindow.Quartic:importAllArts",
       "e696df0bc26cb40d"],
      ["Zeta23.XiPrime.Assembly transitive imports (legacy)",
       "8d91d27a4a4140e5"],
      ["Zeta23.XiPrime.Assembly:importAllArts", "218c6cce20a3270f"],
      ["Zeta23.ZeroSide transitive imports (legacy)", "ab5229d1917ef66b"],
      ["Zeta23.ZeroSide:importAllArts", "3cfdf79a512a93c2"],
      ["Zeta23.Tail transitive imports (legacy)", "ca57eee749ae888f"],
      ["Zeta23.Tail:importAllArts", "4b2eb461b5210ad9"],
      ["Zeta23.Hypotheses.GzGp transitive imports (legacy)",
       "768ce4ea437bbd99"],
      ["Zeta23.Hypotheses.GzGp:importAllArts", "3ee7d5d1557e74d1"]]]]],
  ["libs",
   [["import dynlibs", "00000000000006bb"],
    ["package external libraries", "00000000000006bb"],
    ["module dynlibs", "00000000000006bb"],
    ["module plugins", "00000000000006bb"]]],
  ["Lean 4.33.0, commit d8b18978322de05a8f3dba51ef03cf5461676c17",
   "3eca9d16ab6c877d"],
  ["/home/vstaln/riemann/research/lean-zeta-23/Zeta23/XiPrime/QuarticWindow/ZeroSide.lean",
   "d0719638a682d6a5"],
  ["options",
   [["-DrelaxedAutoImplicit=false", "74a2b5546b55be80"],
    ["-Dpp.unicode.fun=true", "9b94070140457fab"]]],
  ["isModule: false", "feefd2a0d3a1847e"],
  ["Module.name: Zeta23.XiPrime.QuarticWindow.ZeroSide", "2653719acbd5db28"],
  ["Package.id?: (some Zeta23)", "31803ca4013655a1"],
  ["Module.leanArgs: #[]", "00000000000006bb"]],
 "depHash": "4138c4bcfae2c8a0"}