{"synthetic": false,
 "schemaVersion": "2025-09-10",
 "outputs":
 {"o": ["8628afc5662e4618.olean"],
  "m": false,
  "i": "cac5f6761a21b97f.ilean",
  "c": "41724f443c91f13b.c"},
 "log":
 [{"message":
   ".> LEAN_PATH=/home/vstaln/riemann/research/lean-zeta-23/.lake/packages/Cli/.lake/build/lib/lean:/home/vstaln/riemann/research/lean-zeta-23/.lake/packages/batteries/.lake/build/lib/lean:/home/vstaln/riemann/research/lean-zeta-23/.lake/packages/Qq/.lake/build/lib/lean:/home/vstaln/riemann/research/lean-zeta-23/.lake/packages/aesop/.lake/build/lib/lean:/home/vstaln/riemann/research/lean-zeta-23/.lake/packages/proofwidgets/.lake/build/lib/lean:/home/vstaln/riemann/research/lean-zeta-23/.lake/packages/importGraph/.lake/build/lib/lean:/home/vstaln/riemann/research/lean-zeta-23/.lake/packages/LeanSearchClient/.lake/build/lib/lean:/home/vstaln/riemann/research/lean-zeta-23/.lake/packages/plausible/.lake/build/lib/lean:/home/vstaln/riemann/research/lean-zeta-23/.lake/packages/mathlib/.lake/build/lib/lean:/home/vstaln/riemann/research/lean-zeta-23/.lake/build/lib/lean /home/vstaln/.elan/toolchains/leanprover--lean4---v4.33.0-rc2/bin/lean /home/vstaln/riemann/research/lean-zeta-23/Zeta23/XiPrime/Coeff/Basic.lean -o /home/vstaln/riemann/research/lean-zeta-23/.lake/build/lib/lean/Zeta23/XiPrime/Coeff/Basic.olean -i /home/vstaln/riemann/research/lean-zeta-23/.lake/build/lib/lean/Zeta23/XiPrime/Coeff/Basic.ilean -c /home/vstaln/riemann/research/lean-zeta-23/.lake/build/ir/Zeta23/XiPrime/Coeff/Basic.c --setup /home/vstaln/riemann/research/lean-zeta-23/.lake/build/ir/Zeta23/XiPrime/Coeff/Basic.setup.json --json",
   "level": "trace"}],
 "inputs":
 [["deps",
   [["Zeta23/Zeta23:extraDep", [["@Zeta23:extraDep", "00000000000006bb"]]],
    ["imports",
     [["Zeta23.XiPrime.Defs transitive imports (legacy)", "7eeca872917f2b94"],
      ["Zeta23.XiPrime.Defs:importAllArts", "e5be31fe955d37e7"],
      ["Mathlib.NumberTheory.ArithmeticFunction.Defs transitive imports (legacy)",
       "5d4874c9db9fea38"],
      ["Mathlib.NumberTheory.ArithmeticFunction.Defs:importAllArts",
       "7e2ee492d5bae4f8"],
      ["Mathlib.Algebra.Order.BigOperators.Group.Finset transitive imports (legacy)",
       "448b5204c639c7c0"],
      ["Mathlib.Algebra.Order.BigOperators.Group.Finset:importAllArts",
       "d574c24e73bca974"],
      ["Mathlib.Algebra.Order.Floor.Semiring transitive imports (legacy)",
       "7a3d9b3decd6b55c"],
      ["Mathlib.Algebra.Order.Floor.Semiring:importAllArts",
       "20a3b3b93747a951"],
      ["Mathlib.Analysis.SpecialFunctions.Pow.Real transitive imports (legacy)",
       "fc64120f6d9f714a"],
      ["Mathlib.Analysis.SpecialFunctions.Pow.Real:importAllArts",
       "059fcb4478c6f307"]]]]],
  ["libs",
   [["import dynlibs", "00000000000006bb"],
    ["package external libraries", "00000000000006bb"],
    ["module dynlibs", "00000000000006bb"],
    ["module plugins", "00000000000006bb"]]],
  ["Lean 4.33.0, commit d8b18978322de05a8f3dba51ef03cf5461676c17",
   "3eca9d16ab6c877d"],
  ["/home/vstaln/riemann/research/lean-zeta-23/Zeta23/XiPrime/Coeff/Basic.lean",
   "9a14bd5c934914a4"],
  ["options",
   [["-DrelaxedAutoImplicit=false", "74a2b5546b55be80"],
    ["-Dpp.unicode.fun=true", "9b94070140457fab"]]],
  ["isModule: false", "feefd2a0d3a1847e"],
  ["Module.name: Zeta23.XiPrime.Coeff.Basic", "4b057f04c1bd920b"],
  ["Package.id?: (some Zeta23)", "31803ca4013655a1"],
  ["Module.leanArgs: #[]", "00000000000006bb"]],
 "depHash": "b3521970cc567dba"}