{"synthetic": false,
 "schemaVersion": "2025-09-10",
 "outputs":
 {"o": ["de55969113b10e88.olean"],
  "m": false,
  "i": "ac6e30c710906572.ilean",
  "c": "342719b991dbc111.c"},
 "log":
 [{"message":
   ".> LEAN_PATH=/home/vstaln/riemann/research/lean-zeta-23/.lake/packages/Cli/.lake/build/lib/lean:/home/vstaln/riemann/research/lean-zeta-23/.lake/packages/batteries/.lake/build/lib/lean:/home/vstaln/riemann/research/lean-zeta-23/.lake/packages/Qq/.lake/build/lib/lean:/home/vstaln/riemann/research/lean-zeta-23/.lake/packages/aesop/.lake/build/lib/lean:/home/vstaln/riemann/research/lean-zeta-23/.lake/packages/proofwidgets/.lake/build/lib/lean:/home/vstaln/riemann/research/lean-zeta-23/.lake/packages/importGraph/.lake/build/lib/lean:/home/vstaln/riemann/research/lean-zeta-23/.lake/packages/LeanSearchClient/.lake/build/lib/lean:/home/vstaln/riemann/research/lean-zeta-23/.lake/packages/plausible/.lake/build/lib/lean:/home/vstaln/riemann/research/lean-zeta-23/.lake/packages/mathlib/.lake/build/lib/lean:/home/vstaln/riemann/research/lean-zeta-23/.lake/build/lib/lean /home/vstaln/.elan/toolchains/leanprover--lean4---v4.33.0-rc2/bin/lean /home/vstaln/riemann/research/lean-zeta-23/Zeta23/XiPrime/Coeff/DiagLaw.lean -o /home/vstaln/riemann/research/lean-zeta-23/.lake/build/lib/lean/Zeta23/XiPrime/Coeff/DiagLaw.olean -i /home/vstaln/riemann/research/lean-zeta-23/.lake/build/lib/lean/Zeta23/XiPrime/Coeff/DiagLaw.ilean -c /home/vstaln/riemann/research/lean-zeta-23/.lake/build/ir/Zeta23/XiPrime/Coeff/DiagLaw.c --setup /home/vstaln/riemann/research/lean-zeta-23/.lake/build/ir/Zeta23/XiPrime/Coeff/DiagLaw.setup.json --json",
   "level": "trace"}],
 "inputs":
 [["deps",
   [["Zeta23/Zeta23:extraDep", [["@Zeta23:extraDep", "00000000000006bb"]]],
    ["imports",
     [["Zeta23.XiPrime.Coeff.Upper transitive imports (legacy)",
       "52ac07088ad2c005"],
      ["Zeta23.XiPrime.Coeff.Upper:importAllArts", "dba45d4f56f969b4"],
      ["Zeta23.XiPrime.Coeff.MainTerm.Squarefree transitive imports (legacy)",
       "e1b682525511fc40"],
      ["Zeta23.XiPrime.Coeff.MainTerm.Squarefree:importAllArts",
       "3fd09c4c1b697089"],
      ["Zeta23.XiPrime.Coeff.MainTerm.Asymp transitive imports (legacy)",
       "a4c47e7c345492cf"],
      ["Zeta23.XiPrime.Coeff.MainTerm.Asymp:importAllArts", "1bd60c4f6f2f6af3"],
      ["Zeta23.XiPrime.Coeff.NonSquarefree transitive imports (legacy)",
       "a4c47e7c345492cf"],
      ["Zeta23.XiPrime.Coeff.NonSquarefree:importAllArts", "8f533fdbaca63dd4"],
      ["Zeta23.XiPrime.Coeff.PrimeSums transitive imports (legacy)",
       "1ec14c42ddf88cb1"],
      ["Zeta23.XiPrime.Coeff.PrimeSums:importAllArts", "79baf00c2da13b29"],
      ["Zeta23.XiPrime.Coeff.Param transitive imports (legacy)",
       "324e890677cd38b0"],
      ["Zeta23.XiPrime.Coeff.Param:importAllArts", "4402bfe51c6be501"],
      ["Zeta23.XiPrime.Coeff.Tail transitive imports (legacy)",
       "7867408934d58a78"],
      ["Zeta23.XiPrime.Coeff.Tail:importAllArts", "2bee4534e5bb4927"]]]]],
  ["libs",
   [["import dynlibs", "00000000000006bb"],
    ["package external libraries", "00000000000006bb"],
    ["module dynlibs", "00000000000006bb"],
    ["module plugins", "00000000000006bb"]]],
  ["Lean 4.33.0, commit d8b18978322de05a8f3dba51ef03cf5461676c17",
   "3eca9d16ab6c877d"],
  ["/home/vstaln/riemann/research/lean-zeta-23/Zeta23/XiPrime/Coeff/DiagLaw.lean",
   "2ff1d57e8386f7eb"],
  ["options",
   [["-DrelaxedAutoImplicit=false", "74a2b5546b55be80"],
    ["-Dpp.unicode.fun=true", "9b94070140457fab"]]],
  ["isModule: false", "feefd2a0d3a1847e"],
  ["Module.name: Zeta23.XiPrime.Coeff.DiagLaw", "8c33bb5abdffe042"],
  ["Package.id?: (some Zeta23)", "31803ca4013655a1"],
  ["Module.leanArgs: #[]", "00000000000006bb"]],
 "depHash": "4cfc68270ea5dabc"}