{"synthetic": false,
 "schemaVersion": "2025-09-10",
 "outputs":
 {"o": ["a2ecc6ea1437a918.olean"],
  "m": false,
  "i": "a7be0a5d06e85662.ilean",
  "c": "224fb87ce4bcd17c.c"},
 "log":
 [{"message":
   ".> LEAN_PATH=/home/vstaln/riemann/research/lean-zeta-23/.lake/packages/Cli/.lake/build/lib/lean:/home/vstaln/riemann/research/lean-zeta-23/.lake/packages/batteries/.lake/build/lib/lean:/home/vstaln/riemann/research/lean-zeta-23/.lake/packages/Qq/.lake/build/lib/lean:/home/vstaln/riemann/research/lean-zeta-23/.lake/packages/aesop/.lake/build/lib/lean:/home/vstaln/riemann/research/lean-zeta-23/.lake/packages/proofwidgets/.lake/build/lib/lean:/home/vstaln/riemann/research/lean-zeta-23/.lake/packages/importGraph/.lake/build/lib/lean:/home/vstaln/riemann/research/lean-zeta-23/.lake/packages/LeanSearchClient/.lake/build/lib/lean:/home/vstaln/riemann/research/lean-zeta-23/.lake/packages/plausible/.lake/build/lib/lean:/home/vstaln/riemann/research/lean-zeta-23/.lake/packages/mathlib/.lake/build/lib/lean:/home/vstaln/riemann/research/lean-zeta-23/.lake/build/lib/lean /home/vstaln/.elan/toolchains/leanprover--lean4---v4.33.0-rc2/bin/lean /home/vstaln/riemann/research/lean-zeta-23/Zeta23/XiPrime/Coeff/LSeries.lean -o /home/vstaln/riemann/research/lean-zeta-23/.lake/build/lib/lean/Zeta23/XiPrime/Coeff/LSeries.olean -i /home/vstaln/riemann/research/lean-zeta-23/.lake/build/lib/lean/Zeta23/XiPrime/Coeff/LSeries.ilean -c /home/vstaln/riemann/research/lean-zeta-23/.lake/build/ir/Zeta23/XiPrime/Coeff/LSeries.c --setup /home/vstaln/riemann/research/lean-zeta-23/.lake/build/ir/Zeta23/XiPrime/Coeff/LSeries.setup.json --json",
   "level": "trace"}],
 "inputs":
 [["deps",
   [["Zeta23/Zeta23:extraDep", [["@Zeta23:extraDep", "00000000000006bb"]]],
    ["imports",
     [["Zeta23.XiPrime.Coeff.Upper transitive imports (legacy)",
       "52ac07088ad2c005"],
      ["Zeta23.XiPrime.Coeff.Upper:importAllArts", "dba45d4f56f969b4"],
      ["Mathlib.NumberTheory.LSeries.Convolution transitive imports (legacy)",
       "c2ecc0386cc62dfa"],
      ["Mathlib.NumberTheory.LSeries.Convolution:importAllArts",
       "61ddc419817b0ddb"],
      ["Mathlib.NumberTheory.LSeries.Linearity transitive imports (legacy)",
       "501c3b3f79204c22"],
      ["Mathlib.NumberTheory.LSeries.Linearity:importAllArts",
       "061ce89e1fa9a455"],
      ["Mathlib.NumberTheory.LSeries.Dirichlet transitive imports (legacy)",
       "605fb6346855929c"],
      ["Mathlib.NumberTheory.LSeries.Dirichlet:importAllArts",
       "b83f11d29cf14d4e"],
      ["Mathlib.Topology.Algebra.InfiniteSum.Real transitive imports (legacy)",
       "59268e205707e416"],
      ["Mathlib.Topology.Algebra.InfiniteSum.Real:importAllArts",
       "63a088a52e11c756"]]]]],
  ["libs",
   [["import dynlibs", "00000000000006bb"],
    ["package external libraries", "00000000000006bb"],
    ["module dynlibs", "00000000000006bb"],
    ["module plugins", "00000000000006bb"]]],
  ["Lean 4.33.0, commit d8b18978322de05a8f3dba51ef03cf5461676c17",
   "3eca9d16ab6c877d"],
  ["/home/vstaln/riemann/research/lean-zeta-23/Zeta23/XiPrime/Coeff/LSeries.lean",
   "4fc98aa3ecf66b79"],
  ["options",
   [["-DrelaxedAutoImplicit=false", "74a2b5546b55be80"],
    ["-Dpp.unicode.fun=true", "9b94070140457fab"]]],
  ["isModule: false", "feefd2a0d3a1847e"],
  ["Module.name: Zeta23.XiPrime.Coeff.LSeries", "276f60af509e4224"],
  ["Package.id?: (some Zeta23)", "31803ca4013655a1"],
  ["Module.leanArgs: #[]", "00000000000006bb"]],
 "depHash": "df7f68a85d61e56c"}