{"synthetic": false,
 "schemaVersion": "2025-09-10",
 "outputs":
 {"o": ["8a4b1363041d426b.olean"],
  "m": false,
  "i": "768d65a079919704.ilean",
  "c": "a1c38c5bdc312c09.c"},
 "log":
 [{"message":
   ".> LEAN_PATH=/home/vstaln/riemann/research/lean-zeta-23/.lake/packages/Cli/.lake/build/lib/lean:/home/vstaln/riemann/research/lean-zeta-23/.lake/packages/batteries/.lake/build/lib/lean:/home/vstaln/riemann/research/lean-zeta-23/.lake/packages/Qq/.lake/build/lib/lean:/home/vstaln/riemann/research/lean-zeta-23/.lake/packages/aesop/.lake/build/lib/lean:/home/vstaln/riemann/research/lean-zeta-23/.lake/packages/proofwidgets/.lake/build/lib/lean:/home/vstaln/riemann/research/lean-zeta-23/.lake/packages/importGraph/.lake/build/lib/lean:/home/vstaln/riemann/research/lean-zeta-23/.lake/packages/LeanSearchClient/.lake/build/lib/lean:/home/vstaln/riemann/research/lean-zeta-23/.lake/packages/plausible/.lake/build/lib/lean:/home/vstaln/riemann/research/lean-zeta-23/.lake/packages/mathlib/.lake/build/lib/lean:/home/vstaln/riemann/research/lean-zeta-23/.lake/build/lib/lean /home/vstaln/.elan/toolchains/leanprover--lean4---v4.33.0-rc2/bin/lean /home/vstaln/riemann/research/lean-zeta-23/Zeta23/XiPrime/Coeff/Tail.lean -o /home/vstaln/riemann/research/lean-zeta-23/.lake/build/lib/lean/Zeta23/XiPrime/Coeff/Tail.olean -i /home/vstaln/riemann/research/lean-zeta-23/.lake/build/lib/lean/Zeta23/XiPrime/Coeff/Tail.ilean -c /home/vstaln/riemann/research/lean-zeta-23/.lake/build/ir/Zeta23/XiPrime/Coeff/Tail.c --setup /home/vstaln/riemann/research/lean-zeta-23/.lake/build/ir/Zeta23/XiPrime/Coeff/Tail.setup.json --json",
   "level": "trace"}],
 "inputs":
 [["deps",
   [["Zeta23/Zeta23:extraDep", [["@Zeta23:extraDep", "00000000000006bb"]]],
    ["imports",
     [["Zeta23.XiPrime.Coeff.Upper transitive imports (legacy)",
       "52ac07088ad2c005"],
      ["Zeta23.XiPrime.Coeff.Upper:importAllArts", "dba45d4f56f969b4"],
      ["Mathlib.Analysis.SpecificLimits.Normed transitive imports (legacy)",
       "b889c06a986a4d94"],
      ["Mathlib.Analysis.SpecificLimits.Normed:importAllArts",
       "486761f28d1545ec"]]]]],
  ["libs",
   [["import dynlibs", "00000000000006bb"],
    ["package external libraries", "00000000000006bb"],
    ["module dynlibs", "00000000000006bb"],
    ["module plugins", "00000000000006bb"]]],
  ["Lean 4.33.0, commit d8b18978322de05a8f3dba51ef03cf5461676c17",
   "3eca9d16ab6c877d"],
  ["/home/vstaln/riemann/research/lean-zeta-23/Zeta23/XiPrime/Coeff/Tail.lean",
   "e68b6be58239da2e"],
  ["options",
   [["-DrelaxedAutoImplicit=false", "74a2b5546b55be80"],
    ["-Dpp.unicode.fun=true", "9b94070140457fab"]]],
  ["isModule: false", "feefd2a0d3a1847e"],
  ["Module.name: Zeta23.XiPrime.Coeff.Tail", "d6fa53aabc2c309f"],
  ["Package.id?: (some Zeta23)", "31803ca4013655a1"],
  ["Module.leanArgs: #[]", "00000000000006bb"]],
 "depHash": "25c6d74583450bda"}