{"synthetic": false,
 "schemaVersion": "2025-09-10",
 "outputs":
 {"o": ["ad88dc7093175a3f.olean"],
  "m": false,
  "i": "3007859eb5229185.ilean",
  "c": "ad11b4cce5f36c5a.c"},
 "log":
 [{"message":
   ".> LEAN_PATH=/home/vstaln/riemann/research/lean-zeta-23/.lake/packages/Cli/.lake/build/lib/lean:/home/vstaln/riemann/research/lean-zeta-23/.lake/packages/batteries/.lake/build/lib/lean:/home/vstaln/riemann/research/lean-zeta-23/.lake/packages/Qq/.lake/build/lib/lean:/home/vstaln/riemann/research/lean-zeta-23/.lake/packages/aesop/.lake/build/lib/lean:/home/vstaln/riemann/research/lean-zeta-23/.lake/packages/proofwidgets/.lake/build/lib/lean:/home/vstaln/riemann/research/lean-zeta-23/.lake/packages/importGraph/.lake/build/lib/lean:/home/vstaln/riemann/research/lean-zeta-23/.lake/packages/LeanSearchClient/.lake/build/lib/lean:/home/vstaln/riemann/research/lean-zeta-23/.lake/packages/plausible/.lake/build/lib/lean:/home/vstaln/riemann/research/lean-zeta-23/.lake/packages/mathlib/.lake/build/lib/lean:/home/vstaln/riemann/research/lean-zeta-23/.lake/build/lib/lean /home/vstaln/.elan/toolchains/leanprover--lean4---v4.33.0-rc2/bin/lean /home/vstaln/riemann/research/lean-zeta-23/Zeta23/MV/Duality.lean -o /home/vstaln/riemann/research/lean-zeta-23/.lake/build/lib/lean/Zeta23/MV/Duality.olean -i /home/vstaln/riemann/research/lean-zeta-23/.lake/build/lib/lean/Zeta23/MV/Duality.ilean -c /home/vstaln/riemann/research/lean-zeta-23/.lake/build/ir/Zeta23/MV/Duality.c --setup /home/vstaln/riemann/research/lean-zeta-23/.lake/build/ir/Zeta23/MV/Duality.setup.json --json",
   "level": "trace"}],
 "inputs":
 [["deps",
   [["Zeta23/Zeta23:extraDep", [["@Zeta23:extraDep", "00000000000006bb"]]],
    ["imports",
     [["Zeta23.MV.Spacing transitive imports (legacy)", "ac61c0a90ecc4539"],
      ["Zeta23.MV.Spacing:importAllArts", "2baff3acba04451a"],
      ["Zeta23.MV transitive imports (legacy)", "5045aa073663c6ea"],
      ["Zeta23.MV:importAllArts", "d061faa2328c8010"],
      ["Zeta23.LinAlg.HermitianPosPart transitive imports (legacy)",
       "045c4b6d08dd5a7e"],
      ["Zeta23.LinAlg.HermitianPosPart:importAllArts", "f73b2d1903d228aa"]]]]],
  ["libs",
   [["import dynlibs", "00000000000006bb"],
    ["package external libraries", "00000000000006bb"],
    ["module dynlibs", "00000000000006bb"],
    ["module plugins", "00000000000006bb"]]],
  ["Lean 4.33.0, commit d8b18978322de05a8f3dba51ef03cf5461676c17",
   "3eca9d16ab6c877d"],
  ["/home/vstaln/riemann/research/lean-zeta-23/Zeta23/MV/Duality.lean",
   "7fd55de8430f423f"],
  ["options",
   [["-DrelaxedAutoImplicit=false", "74a2b5546b55be80"],
    ["-Dpp.unicode.fun=true", "9b94070140457fab"]]],
  ["isModule: false", "feefd2a0d3a1847e"],
  ["Module.name: Zeta23.MV.Duality", "3ef301194f9ac27b"],
  ["Package.id?: (some Zeta23)", "31803ca4013655a1"],
  ["Module.leanArgs: #[]", "00000000000006bb"]],
 "depHash": "a391908575f72530"}