{"synthetic": false,
 "schemaVersion": "2025-09-10",
 "outputs":
 {"o": ["f0ebe6cb85c01a63.olean"],
  "m": false,
  "i": "d5c9a1cabe5a4a4f.ilean",
  "c": "5a09f2fcbb71542b.c"},
 "log":
 [{"message":
   ".> LEAN_PATH=/home/vstaln/riemann/research/lean-zeta-23/.lake/packages/Cli/.lake/build/lib/lean:/home/vstaln/riemann/research/lean-zeta-23/.lake/packages/batteries/.lake/build/lib/lean:/home/vstaln/riemann/research/lean-zeta-23/.lake/packages/Qq/.lake/build/lib/lean:/home/vstaln/riemann/research/lean-zeta-23/.lake/packages/aesop/.lake/build/lib/lean:/home/vstaln/riemann/research/lean-zeta-23/.lake/packages/proofwidgets/.lake/build/lib/lean:/home/vstaln/riemann/research/lean-zeta-23/.lake/packages/importGraph/.lake/build/lib/lean:/home/vstaln/riemann/research/lean-zeta-23/.lake/packages/LeanSearchClient/.lake/build/lib/lean:/home/vstaln/riemann/research/lean-zeta-23/.lake/packages/plausible/.lake/build/lib/lean:/home/vstaln/riemann/research/lean-zeta-23/.lake/packages/mathlib/.lake/build/lib/lean:/home/vstaln/riemann/research/lean-zeta-23/.lake/build/lib/lean /home/vstaln/.elan/toolchains/leanprover--lean4---v4.33.0-rc2/bin/lean /home/vstaln/riemann/research/lean-zeta-23/Zeta23/MV/EigenIdentity.lean -o /home/vstaln/riemann/research/lean-zeta-23/.lake/build/lib/lean/Zeta23/MV/EigenIdentity.olean -i /home/vstaln/riemann/research/lean-zeta-23/.lake/build/lib/lean/Zeta23/MV/EigenIdentity.ilean -c /home/vstaln/riemann/research/lean-zeta-23/.lake/build/ir/Zeta23/MV/EigenIdentity.c --setup /home/vstaln/riemann/research/lean-zeta-23/.lake/build/ir/Zeta23/MV/EigenIdentity.setup.json --json",
   "level": "trace"}],
 "inputs":
 [["deps",
   [["Zeta23/Zeta23:extraDep", [["@Zeta23:extraDep", "00000000000006bb"]]],
    ["imports",
     [["Mathlib.Analysis.Complex.Basic transitive imports (legacy)",
       "adaba90bc6b82e54"],
      ["Mathlib.Analysis.Complex.Basic:importAllArts", "540975580eca01f0"],
      ["Mathlib.Algebra.BigOperators.Field transitive imports (legacy)",
       "76a287f8060d3d68"],
      ["Mathlib.Algebra.BigOperators.Field:importAllArts",
       "0aa7b6f297b109c0"]]]]],
  ["libs",
   [["import dynlibs", "00000000000006bb"],
    ["package external libraries", "00000000000006bb"],
    ["module dynlibs", "00000000000006bb"],
    ["module plugins", "00000000000006bb"]]],
  ["Lean 4.33.0, commit d8b18978322de05a8f3dba51ef03cf5461676c17",
   "3eca9d16ab6c877d"],
  ["/home/vstaln/riemann/research/lean-zeta-23/Zeta23/MV/EigenIdentity.lean",
   "f8a3c8e1366f132b"],
  ["options",
   [["-DrelaxedAutoImplicit=false", "74a2b5546b55be80"],
    ["-Dpp.unicode.fun=true", "9b94070140457fab"]]],
  ["isModule: false", "feefd2a0d3a1847e"],
  ["Module.name: Zeta23.MV.EigenIdentity", "cb3f30c5e1b74e93"],
  ["Package.id?: (some Zeta23)", "31803ca4013655a1"],
  ["Module.leanArgs: #[]", "00000000000006bb"]],
 "depHash": "397671b7959daa2c"}