{"synthetic": false,
 "schemaVersion": "2025-09-10",
 "outputs":
 {"o": ["3a248d70e88abcbb.olean"],
  "m": false,
  "i": "ec181a644f32e266.ilean",
  "c": "3ad2b4a37ca38bf8.c"},
 "log":
 [{"message":
   ".> LEAN_PATH=/home/vstaln/riemann/research/lean-zeta-23/.lake/packages/Cli/.lake/build/lib/lean:/home/vstaln/riemann/research/lean-zeta-23/.lake/packages/batteries/.lake/build/lib/lean:/home/vstaln/riemann/research/lean-zeta-23/.lake/packages/Qq/.lake/build/lib/lean:/home/vstaln/riemann/research/lean-zeta-23/.lake/packages/aesop/.lake/build/lib/lean:/home/vstaln/riemann/research/lean-zeta-23/.lake/packages/proofwidgets/.lake/build/lib/lean:/home/vstaln/riemann/research/lean-zeta-23/.lake/packages/importGraph/.lake/build/lib/lean:/home/vstaln/riemann/research/lean-zeta-23/.lake/packages/LeanSearchClient/.lake/build/lib/lean:/home/vstaln/riemann/research/lean-zeta-23/.lake/packages/plausible/.lake/build/lib/lean:/home/vstaln/riemann/research/lean-zeta-23/.lake/packages/mathlib/.lake/build/lib/lean:/home/vstaln/riemann/research/lean-zeta-23/.lake/build/lib/lean /home/vstaln/.elan/toolchains/leanprover--lean4---v4.33.0-rc2/bin/lean /home/vstaln/riemann/research/lean-zeta-23/Zeta23/XiPrime/Coeff.lean -o /home/vstaln/riemann/research/lean-zeta-23/.lake/build/lib/lean/Zeta23/XiPrime/Coeff.olean -i /home/vstaln/riemann/research/lean-zeta-23/.lake/build/lib/lean/Zeta23/XiPrime/Coeff.ilean -c /home/vstaln/riemann/research/lean-zeta-23/.lake/build/ir/Zeta23/XiPrime/Coeff.c --setup /home/vstaln/riemann/research/lean-zeta-23/.lake/build/ir/Zeta23/XiPrime/Coeff.setup.json --json",
   "level": "trace"}],
 "inputs":
 [["deps",
   [["Zeta23/Zeta23:extraDep", [["@Zeta23:extraDep", "00000000000006bb"]]],
    ["imports",
     [["Zeta23.XiPrime.Statement transitive imports (legacy)",
       "c8e41870e38ac5c0"],
      ["Zeta23.XiPrime.Statement:importAllArts", "2801ef57cb4c24b9"],
      ["Zeta23.XiPrime.Coeff.Upper transitive imports (legacy)",
       "52ac07088ad2c005"],
      ["Zeta23.XiPrime.Coeff.Upper:importAllArts", "dba45d4f56f969b4"],
      ["Zeta23.XiPrime.Coeff.H3 transitive imports (legacy)",
       "d3085bacce4c967d"],
      ["Zeta23.XiPrime.Coeff.H3:importAllArts", "9da7791396acbfa2"],
      ["Zeta23.XiPrime.Coeff.LSeries transitive imports (legacy)",
       "33f7f4019d3373ce"],
      ["Zeta23.XiPrime.Coeff.LSeries:importAllArts", "205985ed0d1a8329"],
      ["Zeta23.XiPrime.Coeff.LT transitive imports (legacy)",
       "22fac76769bb2080"],
      ["Zeta23.XiPrime.Coeff.LT:importAllArts", "38077d108b073c09"],
      ["Zeta23.XiPrime.Certificate.D1 transitive imports (legacy)",
       "a544c6b5871e1cc5"],
      ["Zeta23.XiPrime.Certificate.D1:importAllArts", "a17a97d2bb7cfce4"]]]]],
  ["libs",
   [["import dynlibs", "00000000000006bb"],
    ["package external libraries", "00000000000006bb"],
    ["module dynlibs", "00000000000006bb"],
    ["module plugins", "00000000000006bb"]]],
  ["Lean 4.33.0, commit d8b18978322de05a8f3dba51ef03cf5461676c17",
   "3eca9d16ab6c877d"],
  ["/home/vstaln/riemann/research/lean-zeta-23/Zeta23/XiPrime/Coeff.lean",
   "5d8f1a3bc8344207"],
  ["options",
   [["-DrelaxedAutoImplicit=false", "74a2b5546b55be80"],
    ["-Dpp.unicode.fun=true", "9b94070140457fab"]]],
  ["isModule: false", "feefd2a0d3a1847e"],
  ["Module.name: Zeta23.XiPrime.Coeff", "16fcad9ed3a10480"],
  ["Package.id?: (some Zeta23)", "31803ca4013655a1"],
  ["Module.leanArgs: #[]", "00000000000006bb"]],
 "depHash": "acb88cb6356095e5"}