{"synthetic": false,
 "schemaVersion": "2025-09-10",
 "outputs":
 {"o": ["f15a7b40a6393f73.olean"],
  "m": false,
  "i": "395666e2bd00022e.ilean",
  "c": "74e20aac48c5dc8f.c"},
 "log":
 [{"message":
   ".> LEAN_PATH=/home/vstaln/riemann/research/lean-zeta-23/.lake/packages/Cli/.lake/build/lib/lean:/home/vstaln/riemann/research/lean-zeta-23/.lake/packages/batteries/.lake/build/lib/lean:/home/vstaln/riemann/research/lean-zeta-23/.lake/packages/Qq/.lake/build/lib/lean:/home/vstaln/riemann/research/lean-zeta-23/.lake/packages/aesop/.lake/build/lib/lean:/home/vstaln/riemann/research/lean-zeta-23/.lake/packages/proofwidgets/.lake/build/lib/lean:/home/vstaln/riemann/research/lean-zeta-23/.lake/packages/importGraph/.lake/build/lib/lean:/home/vstaln/riemann/research/lean-zeta-23/.lake/packages/LeanSearchClient/.lake/build/lib/lean:/home/vstaln/riemann/research/lean-zeta-23/.lake/packages/plausible/.lake/build/lib/lean:/home/vstaln/riemann/research/lean-zeta-23/.lake/packages/mathlib/.lake/build/lib/lean:/home/vstaln/riemann/research/lean-zeta-23/.lake/build/lib/lean /home/vstaln/.elan/toolchains/leanprover--lean4---v4.33.0-rc2/bin/lean /home/vstaln/riemann/research/lean-zeta-23/Zeta23/XiPrime/Defs.lean -o /home/vstaln/riemann/research/lean-zeta-23/.lake/build/lib/lean/Zeta23/XiPrime/Defs.olean -i /home/vstaln/riemann/research/lean-zeta-23/.lake/build/lib/lean/Zeta23/XiPrime/Defs.ilean -c /home/vstaln/riemann/research/lean-zeta-23/.lake/build/ir/Zeta23/XiPrime/Defs.c --setup /home/vstaln/riemann/research/lean-zeta-23/.lake/build/ir/Zeta23/XiPrime/Defs.setup.json --json",
   "level": "trace"}],
 "inputs":
 [["deps",
   [["Zeta23/Zeta23:extraDep", [["@Zeta23:extraDep", "00000000000006bb"]]],
    ["imports",
     [["Zeta23.Defs transitive imports (legacy)", "2dbf5e07cb13524f"],
      ["Zeta23.Defs:importAllArts", "c98c0a4d64817972"],
      ["Mathlib.NumberTheory.LSeries.RiemannZeta transitive imports (legacy)",
       "d5c9fa4e10d49d69"],
      ["Mathlib.NumberTheory.LSeries.RiemannZeta:importAllArts",
       "33d180f81954364b"],
      ["Mathlib.NumberTheory.ArithmeticFunction.Misc transitive imports (legacy)",
       "61592220b51bdc89"],
      ["Mathlib.NumberTheory.ArithmeticFunction.Misc:importAllArts",
       "14b2c4009a153a52"],
      ["Mathlib.Analysis.Analytic.Order transitive imports (legacy)",
       "7c50d4193df2c6d3"],
      ["Mathlib.Analysis.Analytic.Order:importAllArts", "a094d5a5ea4b744e"],
      ["Mathlib.Analysis.Calculus.LogDeriv transitive imports (legacy)",
       "01c2351e2e15aa56"],
      ["Mathlib.Analysis.Calculus.LogDeriv:importAllArts", "500c256a5bbb4f36"],
      ["Mathlib.MeasureTheory.Integral.IntervalIntegral.Basic transitive imports (legacy)",
       "851a499cb8d43e7c"],
      ["Mathlib.MeasureTheory.Integral.IntervalIntegral.Basic:importAllArts",
       "132be348051585da"]]]]],
  ["libs",
   [["import dynlibs", "00000000000006bb"],
    ["package external libraries", "00000000000006bb"],
    ["module dynlibs", "00000000000006bb"],
    ["module plugins", "00000000000006bb"]]],
  ["Lean 4.33.0, commit d8b18978322de05a8f3dba51ef03cf5461676c17",
   "3eca9d16ab6c877d"],
  ["/home/vstaln/riemann/research/lean-zeta-23/Zeta23/XiPrime/Defs.lean",
   "150dd24282d8da0d"],
  ["options",
   [["-DrelaxedAutoImplicit=false", "74a2b5546b55be80"],
    ["-Dpp.unicode.fun=true", "9b94070140457fab"]]],
  ["isModule: false", "feefd2a0d3a1847e"],
  ["Module.name: Zeta23.XiPrime.Defs", "32ca10c3d40b398b"],
  ["Package.id?: (some Zeta23)", "31803ca4013655a1"],
  ["Module.leanArgs: #[]", "00000000000006bb"]],
 "depHash": "47331ef42261340a"}