{"synthetic": false,
 "schemaVersion": "2025-09-10",
 "outputs":
 {"o": ["8c77e3880e4e2d59.olean"],
  "m": false,
  "i": "deb77a5c3d61bba1.ilean",
  "c": "81224edb1bce75f8.c"},
 "log":
 [{"message":
   ".> LEAN_PATH=/home/vstaln/riemann/research/lean-zeta-23/.lake/packages/Cli/.lake/build/lib/lean:/home/vstaln/riemann/research/lean-zeta-23/.lake/packages/batteries/.lake/build/lib/lean:/home/vstaln/riemann/research/lean-zeta-23/.lake/packages/Qq/.lake/build/lib/lean:/home/vstaln/riemann/research/lean-zeta-23/.lake/packages/aesop/.lake/build/lib/lean:/home/vstaln/riemann/research/lean-zeta-23/.lake/packages/proofwidgets/.lake/build/lib/lean:/home/vstaln/riemann/research/lean-zeta-23/.lake/packages/importGraph/.lake/build/lib/lean:/home/vstaln/riemann/research/lean-zeta-23/.lake/packages/LeanSearchClient/.lake/build/lib/lean:/home/vstaln/riemann/research/lean-zeta-23/.lake/packages/plausible/.lake/build/lib/lean:/home/vstaln/riemann/research/lean-zeta-23/.lake/packages/mathlib/.lake/build/lib/lean:/home/vstaln/riemann/research/lean-zeta-23/.lake/build/lib/lean /home/vstaln/.elan/toolchains/leanprover--lean4---v4.33.0-rc2/bin/lean /home/vstaln/riemann/research/lean-zeta-23/Zeta23/XiPrime/FamilyFlat.lean -o /home/vstaln/riemann/research/lean-zeta-23/.lake/build/lib/lean/Zeta23/XiPrime/FamilyFlat.olean -i /home/vstaln/riemann/research/lean-zeta-23/.lake/build/lib/lean/Zeta23/XiPrime/FamilyFlat.ilean -c /home/vstaln/riemann/research/lean-zeta-23/.lake/build/ir/Zeta23/XiPrime/FamilyFlat.c --setup /home/vstaln/riemann/research/lean-zeta-23/.lake/build/ir/Zeta23/XiPrime/FamilyFlat.setup.json --json",
   "level": "trace"}],
 "inputs":
 [["deps",
   [["Zeta23/Zeta23:extraDep", [["@Zeta23:extraDep", "00000000000006bb"]]],
    ["imports",
     [["Zeta23.XiPrime.ExplicitFormula transitive imports (legacy)",
       "2d431839492c6205"],
      ["Zeta23.XiPrime.ExplicitFormula:importAllArts", "8f4a9cc21b517c04"],
      ["Zeta23.XiPrime.Assembly transitive imports (legacy)",
       "8d91d27a4a4140e5"],
      ["Zeta23.XiPrime.Assembly:importAllArts", "218c6cce20a3270f"],
      ["Zeta23.Taper.GevreyRamps transitive imports (legacy)",
       "6be01340201316fe"],
      ["Zeta23.Taper.GevreyRamps:importAllArts", "9152947f6b7f1b67"],
      ["Zeta23.Taper.Gevrey transitive imports (legacy)", "253da210472db649"],
      ["Zeta23.Taper.Gevrey:importAllArts", "0b24225a64151316"],
      ["Zeta23.Taper.Params transitive imports (legacy)", "747ee22007462ec4"],
      ["Zeta23.Taper.Params:importAllArts", "ed24c3d4e6ceeeca"]]]]],
  ["libs",
   [["import dynlibs", "00000000000006bb"],
    ["package external libraries", "00000000000006bb"],
    ["module dynlibs", "00000000000006bb"],
    ["module plugins", "00000000000006bb"]]],
  ["Lean 4.33.0, commit d8b18978322de05a8f3dba51ef03cf5461676c17",
   "3eca9d16ab6c877d"],
  ["/home/vstaln/riemann/research/lean-zeta-23/Zeta23/XiPrime/FamilyFlat.lean",
   "8fb9fa1ebce14e6f"],
  ["options",
   [["-DrelaxedAutoImplicit=false", "74a2b5546b55be80"],
    ["-Dpp.unicode.fun=true", "9b94070140457fab"]]],
  ["isModule: false", "feefd2a0d3a1847e"],
  ["Module.name: Zeta23.XiPrime.FamilyFlat", "ca01aa2103ec6b6d"],
  ["Package.id?: (some Zeta23)", "31803ca4013655a1"],
  ["Module.leanArgs: #[]", "00000000000006bb"]],
 "depHash": "1ccb8d5a080a56de"}