{"synthetic": false,
 "schemaVersion": "2025-09-10",
 "outputs":
 {"o": ["022cdaff7fabf826.olean"],
  "m": false,
  "i": "29e33a51a81d35d9.ilean",
  "c": "ccab7bad359d467f.c"},
 "log":
 [{"message":
   ".> LEAN_PATH=/home/vstaln/riemann/research/lean-zeta-23/.lake/packages/Cli/.lake/build/lib/lean:/home/vstaln/riemann/research/lean-zeta-23/.lake/packages/batteries/.lake/build/lib/lean:/home/vstaln/riemann/research/lean-zeta-23/.lake/packages/Qq/.lake/build/lib/lean:/home/vstaln/riemann/research/lean-zeta-23/.lake/packages/aesop/.lake/build/lib/lean:/home/vstaln/riemann/research/lean-zeta-23/.lake/packages/proofwidgets/.lake/build/lib/lean:/home/vstaln/riemann/research/lean-zeta-23/.lake/packages/importGraph/.lake/build/lib/lean:/home/vstaln/riemann/research/lean-zeta-23/.lake/packages/LeanSearchClient/.lake/build/lib/lean:/home/vstaln/riemann/research/lean-zeta-23/.lake/packages/plausible/.lake/build/lib/lean:/home/vstaln/riemann/research/lean-zeta-23/.lake/packages/mathlib/.lake/build/lib/lean:/home/vstaln/riemann/research/lean-zeta-23/.lake/build/lib/lean /home/vstaln/.elan/toolchains/leanprover--lean4---v4.33.0-rc2/bin/lean /home/vstaln/riemann/research/lean-zeta-23/Zeta23/XiPrime/FamilyHypsV.lean -o /home/vstaln/riemann/research/lean-zeta-23/.lake/build/lib/lean/Zeta23/XiPrime/FamilyHypsV.olean -i /home/vstaln/riemann/research/lean-zeta-23/.lake/build/lib/lean/Zeta23/XiPrime/FamilyHypsV.ilean -c /home/vstaln/riemann/research/lean-zeta-23/.lake/build/ir/Zeta23/XiPrime/FamilyHypsV.c --setup /home/vstaln/riemann/research/lean-zeta-23/.lake/build/ir/Zeta23/XiPrime/FamilyHypsV.setup.json --json",
   "level": "trace"},
  {"message":
   "Zeta23/XiPrime/FamilyHypsV.lean:223:11: `MeasureTheory.integrable_finset_sum` has been deprecated: Use `MeasureTheory.integrable_finsetSum` instead",
   "level": "warning"},
  {"message":
   "Zeta23/XiPrime/FamilyHypsV.lean:276:16: `MeasureTheory.integral_finset_sum` has been deprecated: Use `MeasureTheory.integral_finsetSum` instead",
   "level": "warning"}],
 "inputs":
 [["deps",
   [["Zeta23/Zeta23:extraDep", [["@Zeta23:extraDep", "00000000000006bb"]]],
    ["imports",
     [["Zeta23.XiPrime.FamilyHyps transitive imports (legacy)",
       "06ed50dbe13f80dc"],
      ["Zeta23.XiPrime.FamilyHyps:importAllArts", "7819c09f45fbd27a"],
      ["Zeta23.XiPrime.QuarticWindow.Params transitive imports (legacy)",
       "9004373724f722a4"],
      ["Zeta23.XiPrime.QuarticWindow.Params:importAllArts", "e5ed93d95c6fe496"],
      ["Zeta23.XiPrime.QuarticWindow.ModWindow transitive imports (legacy)",
       "7c4f3ff0cdcd7bcb"],
      ["Zeta23.XiPrime.QuarticWindow.ModWindow:importAllArts",
       "08a8a299a2a51891"],
      ["Mathlib.Analysis.Calculus.BumpFunction.InnerProduct transitive imports (legacy)",
       "c2d8f43de9fde31d"],
      ["Mathlib.Analysis.Calculus.BumpFunction.InnerProduct:importAllArts",
       "02e32a5d1cd3c4bc"],
      ["Mathlib.Analysis.SpecialFunctions.Sqrt transitive imports (legacy)",
       "e82d68d07996be64"],
      ["Mathlib.Analysis.SpecialFunctions.Sqrt:importAllArts",
       "de5b6f3fb2db6f2a"],
      ["Mathlib.Topology.MetricSpace.Thickening transitive imports (legacy)",
       "d3b023dedf7ebe2d"],
      ["Mathlib.Topology.MetricSpace.Thickening:importAllArts",
       "ae8e698d2332696d"]]]]],
  ["libs",
   [["import dynlibs", "00000000000006bb"],
    ["package external libraries", "00000000000006bb"],
    ["module dynlibs", "00000000000006bb"],
    ["module plugins", "00000000000006bb"]]],
  ["Lean 4.33.0, commit d8b18978322de05a8f3dba51ef03cf5461676c17",
   "3eca9d16ab6c877d"],
  ["/home/vstaln/riemann/research/lean-zeta-23/Zeta23/XiPrime/FamilyHypsV.lean",
   "2e797b4d6959a1c8"],
  ["options",
   [["-DrelaxedAutoImplicit=false", "74a2b5546b55be80"],
    ["-Dpp.unicode.fun=true", "9b94070140457fab"]]],
  ["isModule: false", "feefd2a0d3a1847e"],
  ["Module.name: Zeta23.XiPrime.FamilyHypsV", "498457d1f635654d"],
  ["Package.id?: (some Zeta23)", "31803ca4013655a1"],
  ["Module.leanArgs: #[]", "00000000000006bb"]],
 "depHash": "c957d25559cf4fe7"}