{"synthetic": false,
 "schemaVersion": "2025-09-10",
 "outputs":
 {"o": ["87bad6d94c77822e.olean"],
  "m": false,
  "i": "94a078984a391d7e.ilean",
  "c": "6b0d4c3f52a645ca.c"},
 "log":
 [{"message":
   ".> LEAN_PATH=/home/vstaln/riemann/research/lean-zeta-23/.lake/packages/Cli/.lake/build/lib/lean:/home/vstaln/riemann/research/lean-zeta-23/.lake/packages/batteries/.lake/build/lib/lean:/home/vstaln/riemann/research/lean-zeta-23/.lake/packages/Qq/.lake/build/lib/lean:/home/vstaln/riemann/research/lean-zeta-23/.lake/packages/aesop/.lake/build/lib/lean:/home/vstaln/riemann/research/lean-zeta-23/.lake/packages/proofwidgets/.lake/build/lib/lean:/home/vstaln/riemann/research/lean-zeta-23/.lake/packages/importGraph/.lake/build/lib/lean:/home/vstaln/riemann/research/lean-zeta-23/.lake/packages/LeanSearchClient/.lake/build/lib/lean:/home/vstaln/riemann/research/lean-zeta-23/.lake/packages/plausible/.lake/build/lib/lean:/home/vstaln/riemann/research/lean-zeta-23/.lake/packages/mathlib/.lake/build/lib/lean:/home/vstaln/riemann/research/lean-zeta-23/.lake/build/lib/lean /home/vstaln/.elan/toolchains/leanprover--lean4---v4.33.0-rc2/bin/lean /home/vstaln/riemann/research/lean-zeta-23/Zeta23/XiPrime/Final.lean -o /home/vstaln/riemann/research/lean-zeta-23/.lake/build/lib/lean/Zeta23/XiPrime/Final.olean -i /home/vstaln/riemann/research/lean-zeta-23/.lake/build/lib/lean/Zeta23/XiPrime/Final.ilean -c /home/vstaln/riemann/research/lean-zeta-23/.lake/build/ir/Zeta23/XiPrime/Final.c --setup /home/vstaln/riemann/research/lean-zeta-23/.lake/build/ir/Zeta23/XiPrime/Final.setup.json --json",
   "level": "trace"}],
 "inputs":
 [["deps",
   [["Zeta23/Zeta23:extraDep", [["@Zeta23:extraDep", "00000000000006bb"]]],
    ["imports",
     [["Zeta23.XiPrime.Assembly transitive imports (legacy)",
       "8d91d27a4a4140e5"],
      ["Zeta23.XiPrime.Assembly:importAllArts", "218c6cce20a3270f"],
      ["Zeta23.XiPrime.Inputs transitive imports (legacy)", "bdd61df6bb03c042"],
      ["Zeta23.XiPrime.Inputs:importAllArts", "9866ac0aa72962c0"],
      ["Zeta23.XiPrime.Certificate transitive imports (legacy)",
       "3ac39e2bef22f9ec"],
      ["Zeta23.XiPrime.Certificate:importAllArts", "663547032ff25741"],
      ["Zeta23.XiPrime.Window transitive imports (legacy)", "547a30fde8daabe1"],
      ["Zeta23.XiPrime.Window:importAllArts", "348127a6511a76aa"],
      ["Zeta23.XiPrime.QuarticWindow.ZeroSide transitive imports (legacy)",
       "3f87b3942738d328"],
      ["Zeta23.XiPrime.QuarticWindow.ZeroSide:importAllArts",
       "a9458689c1ac0f76"],
      ["Zeta23.XiPrime.Seam transitive imports (legacy)", "283598520fbf50d5"],
      ["Zeta23.XiPrime.Seam:importAllArts", "7819bb63b33d02b4"],
      ["Zeta23.XiPrime.ZeroCount transitive imports (legacy)",
       "22d7d94ea0ee4582"],
      ["Zeta23.XiPrime.ZeroCount:importAllArts", "8841e876203421ef"],
      ["Zeta23.XiPrime.ExplicitFormula.ZeroFree transitive imports (legacy)",
       "5c62a086bb394b47"],
      ["Zeta23.XiPrime.ExplicitFormula.ZeroFree:importAllArts",
       "c7205d486ac9d551"],
      ["Zeta23.XiPrime.ExplicitFormula.Main transitive imports (legacy)",
       "bb98db653b4266d8"],
      ["Zeta23.XiPrime.ExplicitFormula.Main:importAllArts", "5d3016782cbf4886"],
      ["Zeta23.XiPrime.Coeff transitive imports (legacy)", "dd3eb831262ee943"],
      ["Zeta23.XiPrime.Coeff:importAllArts", "7bde5150ad7235ca"],
      ["Zeta23.XiPrime.Coeff.Reexpansion transitive imports (legacy)",
       "618f32c3ea7b22a9"],
      ["Zeta23.XiPrime.Coeff.Reexpansion:importAllArts", "c8b12e0a481f74cb"],
      ["Zeta23.XiPrime.FamilyFlat transitive imports (legacy)",
       "f63bc32ff9ee1d95"],
      ["Zeta23.XiPrime.FamilyFlat:importAllArts", "f63ffdb278155932"],
      ["Zeta23.XiPrime.FamilyHyps transitive imports (legacy)",
       "06ed50dbe13f80dc"],
      ["Zeta23.XiPrime.FamilyHyps:importAllArts", "7819c09f45fbd27a"],
      ["Zeta23.XiPrime.FamilyHypsV transitive imports (legacy)",
       "fdd318c6364b956f"],
      ["Zeta23.XiPrime.FamilyHypsV:importAllArts", "685e47343115133b"],
      ["Zeta23.XiPrime.Hardy.ZeroFree transitive imports (legacy)",
       "9d13aba9f0c9657c"],
      ["Zeta23.XiPrime.Hardy.ZeroFree:importAllArts", "2bd06c7b61598a69"],
      ["Zeta23.XiPrime.Hardy.Seam transitive imports (legacy)",
       "842ce6510a079c11"],
      ["Zeta23.XiPrime.Hardy.Seam:importAllArts", "6020441231d7e07f"],
      ["Zeta23.XiPrime.Hardy.Count transitive imports (legacy)",
       "3341e635f74af240"],
      ["Zeta23.XiPrime.Hardy.Count:importAllArts", "d6bd77fabb8c179f"],
      ["Zeta23.XiPrime.Hardy.EFFinal transitive imports (legacy)",
       "0695d68a60beefc4"],
      ["Zeta23.XiPrime.Hardy.EFFinal:importAllArts", "d0b18d2a075793f0"],
      ["Zeta23.XiPrime.Hardy.ZFunction transitive imports (legacy)",
       "5bcdee2e5267a200"],
      ["Zeta23.XiPrime.Hardy.ZFunction:importAllArts", "eda4220a59f5fab0"],
      ["Zeta23.Taper.Gevrey transitive imports (legacy)", "253da210472db649"],
      ["Zeta23.Taper.Gevrey:importAllArts", "0b24225a64151316"],
      ["Zeta23.Defs.Profile transitive imports (legacy)", "744a55313fe3fe31"],
      ["Zeta23.Defs.Profile:importAllArts", "50fb92e24f57b067"],
      ["Zeta23.RvM.Statement transitive imports (legacy)", "f670f59ee891c83e"],
      ["Zeta23.RvM.Statement:importAllArts", "d040c290d1c12742"],
      ["Zeta23.Statement.SeamClosed transitive imports (legacy)",
       "bc88e0a08d1b10ff"],
      ["Zeta23.Statement.SeamClosed:importAllArts", "c7bd464fc73ef300"]]]]],
  ["libs",
   [["import dynlibs", "00000000000006bb"],
    ["package external libraries", "00000000000006bb"],
    ["module dynlibs", "00000000000006bb"],
    ["module plugins", "00000000000006bb"]]],
  ["Lean 4.33.0, commit d8b18978322de05a8f3dba51ef03cf5461676c17",
   "3eca9d16ab6c877d"],
  ["/home/vstaln/riemann/research/lean-zeta-23/Zeta23/XiPrime/Final.lean",
   "fae9e80892538a7b"],
  ["options",
   [["-DrelaxedAutoImplicit=false", "74a2b5546b55be80"],
    ["-Dpp.unicode.fun=true", "9b94070140457fab"]]],
  ["isModule: false", "feefd2a0d3a1847e"],
  ["Module.name: Zeta23.XiPrime.Final", "95ea415dca1de7fc"],
  ["Package.id?: (some Zeta23)", "31803ca4013655a1"],
  ["Module.leanArgs: #[]", "00000000000006bb"]],
 "depHash": "2e41276d0b2812a6"}