{"synthetic": false,
 "schemaVersion": "2025-09-10",
 "outputs":
 {"o": ["2886e30786fa0bcd.olean"],
  "m": false,
  "i": "8cb11c62b4071567.ilean",
  "c": "4ef1045548d9aac1.c"},
 "log":
 [{"message":
   ".> LEAN_PATH=/home/vstaln/riemann/research/lean-zeta-23/.lake/packages/Cli/.lake/build/lib/lean:/home/vstaln/riemann/research/lean-zeta-23/.lake/packages/batteries/.lake/build/lib/lean:/home/vstaln/riemann/research/lean-zeta-23/.lake/packages/Qq/.lake/build/lib/lean:/home/vstaln/riemann/research/lean-zeta-23/.lake/packages/aesop/.lake/build/lib/lean:/home/vstaln/riemann/research/lean-zeta-23/.lake/packages/proofwidgets/.lake/build/lib/lean:/home/vstaln/riemann/research/lean-zeta-23/.lake/packages/importGraph/.lake/build/lib/lean:/home/vstaln/riemann/research/lean-zeta-23/.lake/packages/LeanSearchClient/.lake/build/lib/lean:/home/vstaln/riemann/research/lean-zeta-23/.lake/packages/plausible/.lake/build/lib/lean:/home/vstaln/riemann/research/lean-zeta-23/.lake/packages/mathlib/.lake/build/lib/lean:/home/vstaln/riemann/research/lean-zeta-23/.lake/build/lib/lean /home/vstaln/.elan/toolchains/leanprover--lean4---v4.33.0-rc2/bin/lean /home/vstaln/riemann/research/lean-zeta-23/Zeta23/XiPrime/Inputs.lean -o /home/vstaln/riemann/research/lean-zeta-23/.lake/build/lib/lean/Zeta23/XiPrime/Inputs.olean -i /home/vstaln/riemann/research/lean-zeta-23/.lake/build/lib/lean/Zeta23/XiPrime/Inputs.ilean -c /home/vstaln/riemann/research/lean-zeta-23/.lake/build/ir/Zeta23/XiPrime/Inputs.c --setup /home/vstaln/riemann/research/lean-zeta-23/.lake/build/ir/Zeta23/XiPrime/Inputs.setup.json --json",
   "level": "trace"}],
 "inputs":
 [["deps",
   [["Zeta23/Zeta23:extraDep", [["@Zeta23:extraDep", "00000000000006bb"]]],
    ["imports",
     [["Zeta23.XiPrime.Assembly transitive imports (legacy)",
       "8d91d27a4a4140e5"],
      ["Zeta23.XiPrime.Assembly:importAllArts", "218c6cce20a3270f"],
      ["Zeta23.XiPrime.PrimeSide.Moments transitive imports (legacy)",
       "fb7c4e536588759e"],
      ["Zeta23.XiPrime.PrimeSide.Moments:importAllArts", "c2f5d0ce15dcf025"],
      ["Zeta23.XiPrime.Window transitive imports (legacy)", "547a30fde8daabe1"],
      ["Zeta23.XiPrime.Window:importAllArts", "348127a6511a76aa"],
      ["Zeta23.XiPrime.Window.FlatAdm transitive imports (legacy)",
       "a580776e4924883b"],
      ["Zeta23.XiPrime.Window.FlatAdm:importAllArts", "519ea6e871181b8d"],
      ["Zeta23.XiPrime.Window.Quartic transitive imports (legacy)",
       "72487f9b1b01ad39"],
      ["Zeta23.XiPrime.Window.Quartic:importAllArts", "6491e8650f5ea72c"],
      ["Zeta23.XiPrime.QuarticWindow transitive imports (legacy)",
       "f76219bceaeb7ce0"],
      ["Zeta23.XiPrime.QuarticWindow:importAllArts", "a8114f219306515e"],
      ["Zeta23.XiPrime.Transfer transitive imports (legacy)",
       "bfeec0d6d2cb41cc"],
      ["Zeta23.XiPrime.Transfer:importAllArts", "4da11356952cadb4"],
      ["Zeta23.XiPrime.PrimeSide.Final transitive imports (legacy)",
       "c21a669e1c138c4a"],
      ["Zeta23.XiPrime.PrimeSide.Final:importAllArts", "eba0bccc7d38e203"],
      ["Zeta23.XiPrime.Transfer.W transitive imports (legacy)",
       "0535dceb3a13eef7"],
      ["Zeta23.XiPrime.Transfer.W:importAllArts", "8225cd5a8c178489"],
      ["Zeta23.XiPrime.Coeff.ReexpansionW transitive imports (legacy)",
       "de534e8d7705735f"],
      ["Zeta23.XiPrime.Coeff.ReexpansionW:importAllArts", "74392e69cf5f1b9e"],
      ["Zeta23.XiPrime.Certificate.D1 transitive imports (legacy)",
       "a544c6b5871e1cc5"],
      ["Zeta23.XiPrime.Certificate.D1:importAllArts", "a17a97d2bb7cfce4"],
      ["Zeta23.GammaFacts.Complete transitive imports (legacy)",
       "9df52c95aa122609"],
      ["Zeta23.GammaFacts.Complete:importAllArts", "4c34a238177b8136"],
      ["Zeta23.MV.Final transitive imports (legacy)", "7b5804ae533ec492"],
      ["Zeta23.MV.Final:importAllArts", "f4673fe843b7b689"]]]]],
  ["libs",
   [["import dynlibs", "00000000000006bb"],
    ["package external libraries", "00000000000006bb"],
    ["module dynlibs", "00000000000006bb"],
    ["module plugins", "00000000000006bb"]]],
  ["Lean 4.33.0, commit d8b18978322de05a8f3dba51ef03cf5461676c17",
   "3eca9d16ab6c877d"],
  ["/home/vstaln/riemann/research/lean-zeta-23/Zeta23/XiPrime/Inputs.lean",
   "ad7e0e322bd30398"],
  ["options",
   [["-DrelaxedAutoImplicit=false", "74a2b5546b55be80"],
    ["-Dpp.unicode.fun=true", "9b94070140457fab"]]],
  ["isModule: false", "feefd2a0d3a1847e"],
  ["Module.name: Zeta23.XiPrime.Inputs", "69f58e390dd3c772"],
  ["Package.id?: (some Zeta23)", "31803ca4013655a1"],
  ["Module.leanArgs: #[]", "00000000000006bb"]],
 "depHash": "5cc8b2077f0be9cf"}