{"synthetic": false,
 "schemaVersion": "2025-09-10",
 "outputs":
 {"o": ["67ca3b616fd6dfb0.olean"],
  "m": false,
  "i": "49bbd29e6f01dacd.ilean",
  "c": "a964eb246a33b003.c"},
 "log":
 [{"message":
   ".> LEAN_PATH=/home/vstaln/riemann/research/lean-zeta-23/.lake/packages/Cli/.lake/build/lib/lean:/home/vstaln/riemann/research/lean-zeta-23/.lake/packages/batteries/.lake/build/lib/lean:/home/vstaln/riemann/research/lean-zeta-23/.lake/packages/Qq/.lake/build/lib/lean:/home/vstaln/riemann/research/lean-zeta-23/.lake/packages/aesop/.lake/build/lib/lean:/home/vstaln/riemann/research/lean-zeta-23/.lake/packages/proofwidgets/.lake/build/lib/lean:/home/vstaln/riemann/research/lean-zeta-23/.lake/packages/importGraph/.lake/build/lib/lean:/home/vstaln/riemann/research/lean-zeta-23/.lake/packages/LeanSearchClient/.lake/build/lib/lean:/home/vstaln/riemann/research/lean-zeta-23/.lake/packages/plausible/.lake/build/lib/lean:/home/vstaln/riemann/research/lean-zeta-23/.lake/packages/mathlib/.lake/build/lib/lean:/home/vstaln/riemann/research/lean-zeta-23/.lake/build/lib/lean /home/vstaln/.elan/toolchains/leanprover--lean4---v4.33.0-rc2/bin/lean /home/vstaln/riemann/research/lean-zeta-23/Zeta23/XiPrime/QuarticWindow.lean -o /home/vstaln/riemann/research/lean-zeta-23/.lake/build/lib/lean/Zeta23/XiPrime/QuarticWindow.olean -i /home/vstaln/riemann/research/lean-zeta-23/.lake/build/lib/lean/Zeta23/XiPrime/QuarticWindow.ilean -c /home/vstaln/riemann/research/lean-zeta-23/.lake/build/ir/Zeta23/XiPrime/QuarticWindow.c --setup /home/vstaln/riemann/research/lean-zeta-23/.lake/build/ir/Zeta23/XiPrime/QuarticWindow.setup.json --json",
   "level": "trace"}],
 "inputs":
 [["deps",
   [["Zeta23/Zeta23:extraDep", [["@Zeta23:extraDep", "00000000000006bb"]]],
    ["imports",
     [["Zeta23.XiPrime.QuarticWindow.Params transitive imports (legacy)",
       "9004373724f722a4"],
      ["Zeta23.XiPrime.QuarticWindow.Params:importAllArts", "e5ed93d95c6fe496"],
      ["Zeta23.XiPrime.QuarticWindow.ModWindow transitive imports (legacy)",
       "7c4f3ff0cdcd7bcb"],
      ["Zeta23.XiPrime.QuarticWindow.ModWindow:importAllArts",
       "08a8a299a2a51891"],
      ["Zeta23.XiPrime.QuarticWindow.Quartic transitive imports (legacy)",
       "cf1e3b154fe3b9e0"],
      ["Zeta23.XiPrime.QuarticWindow.Quartic:importAllArts",
       "e696df0bc26cb40d"],
      ["Zeta23.XiPrime.QuarticWindow.ZeroSide transitive imports (legacy)",
       "3f87b3942738d328"],
      ["Zeta23.XiPrime.QuarticWindow.ZeroSide:importAllArts",
       "a9458689c1ac0f76"],
      ["Zeta23.XiPrime.QuarticWindow.Moments transitive imports (legacy)",
       "39ad58ff0a69e6e0"],
      ["Zeta23.XiPrime.QuarticWindow.Moments:importAllArts",
       "e06c9351e8247aef"],
      ["Zeta23.XiPrime.QuarticWindow.Family transitive imports (legacy)",
       "62f35e5de818d507"],
      ["Zeta23.XiPrime.QuarticWindow.Family:importAllArts",
       "53bc8d91c8a51f65"]]]]],
  ["libs",
   [["import dynlibs", "00000000000006bb"],
    ["package external libraries", "00000000000006bb"],
    ["module dynlibs", "00000000000006bb"],
    ["module plugins", "00000000000006bb"]]],
  ["Lean 4.33.0, commit d8b18978322de05a8f3dba51ef03cf5461676c17",
   "3eca9d16ab6c877d"],
  ["/home/vstaln/riemann/research/lean-zeta-23/Zeta23/XiPrime/QuarticWindow.lean",
   "fc116a11d020027d"],
  ["options",
   [["-DrelaxedAutoImplicit=false", "74a2b5546b55be80"],
    ["-Dpp.unicode.fun=true", "9b94070140457fab"]]],
  ["isModule: false", "feefd2a0d3a1847e"],
  ["Module.name: Zeta23.XiPrime.QuarticWindow", "4cfdde095f2bb579"],
  ["Package.id?: (some Zeta23)", "31803ca4013655a1"],
  ["Module.leanArgs: #[]", "00000000000006bb"]],
 "depHash": "99967627093d3357"}