{"synthetic": false,
 "schemaVersion": "2025-09-10",
 "outputs":
 {"o": ["15af765e29e46c30.olean"],
  "m": false,
  "i": "42593dcad41a8e59.ilean",
  "c": "b74347aed0e92128.c"},
 "log":
 [{"message":
   ".> LEAN_PATH=/home/vstaln/riemann/research/lean-zeta-23/.lake/packages/Cli/.lake/build/lib/lean:/home/vstaln/riemann/research/lean-zeta-23/.lake/packages/batteries/.lake/build/lib/lean:/home/vstaln/riemann/research/lean-zeta-23/.lake/packages/Qq/.lake/build/lib/lean:/home/vstaln/riemann/research/lean-zeta-23/.lake/packages/aesop/.lake/build/lib/lean:/home/vstaln/riemann/research/lean-zeta-23/.lake/packages/proofwidgets/.lake/build/lib/lean:/home/vstaln/riemann/research/lean-zeta-23/.lake/packages/importGraph/.lake/build/lib/lean:/home/vstaln/riemann/research/lean-zeta-23/.lake/packages/LeanSearchClient/.lake/build/lib/lean:/home/vstaln/riemann/research/lean-zeta-23/.lake/packages/plausible/.lake/build/lib/lean:/home/vstaln/riemann/research/lean-zeta-23/.lake/packages/mathlib/.lake/build/lib/lean:/home/vstaln/riemann/research/lean-zeta-23/.lake/build/lib/lean /home/vstaln/.elan/toolchains/leanprover--lean4---v4.33.0-rc2/bin/lean /home/vstaln/riemann/research/lean-zeta-23/Zeta23/XiPrime/Seam.lean -o /home/vstaln/riemann/research/lean-zeta-23/.lake/build/lib/lean/Zeta23/XiPrime/Seam.olean -i /home/vstaln/riemann/research/lean-zeta-23/.lake/build/lib/lean/Zeta23/XiPrime/Seam.ilean -c /home/vstaln/riemann/research/lean-zeta-23/.lake/build/ir/Zeta23/XiPrime/Seam.c --setup /home/vstaln/riemann/research/lean-zeta-23/.lake/build/ir/Zeta23/XiPrime/Seam.setup.json --json",
   "level": "trace"},
  {"message":
   "Zeta23/XiPrime/Seam.lean:172:8: `ENat.coe_toNat` has been deprecated: Use `ENat.natCast_toNat` instead",
   "level": "warning"}],
 "inputs":
 [["deps",
   [["Zeta23/Zeta23:extraDep", [["@Zeta23:extraDep", "00000000000006bb"]]],
    ["imports",
     [["Zeta23.XiPrime.Statement transitive imports (legacy)",
       "c8e41870e38ac5c0"],
      ["Zeta23.XiPrime.Statement:importAllArts", "2801ef57cb4c24b9"],
      ["Zeta23.ZetaReflect transitive imports (legacy)", "899c1e2d113284ac"],
      ["Zeta23.ZetaReflect:importAllArts", "53e827fe8a6f340c"],
      ["Zeta23.RvM.Fold transitive imports (legacy)", "84dd48b40aad5c29"],
      ["Zeta23.RvM.Fold:importAllArts", "d9fd7fc9b9ac8f3a"],
      ["Zeta23.RvM.GammaSide transitive imports (legacy)", "c707f7b47d7ee101"],
      ["Zeta23.RvM.GammaSide:importAllArts", "ce06d6c13443388d"],
      ["Zeta23.RvM.CountByIntegral transitive imports (legacy)",
       "9914b48c7371f9dc"],
      ["Zeta23.RvM.CountByIntegral:importAllArts", "6eefd13c691d1ce9"],
      ["Zeta23.WeilEF.Effective transitive imports (legacy)",
       "6a36a7c9d8b9dacf"],
      ["Zeta23.WeilEF.Effective:importAllArts", "6e7ef78a969fa338"],
      ["Zeta23.Analytic.RectangleLogDeriv transitive imports (legacy)",
       "a3bdf90275d52eb0"],
      ["Zeta23.Analytic.RectangleLogDeriv:importAllArts", "8702a0a4ff5115d7"],
      ["Mathlib.Analysis.Complex.CauchyIntegral transitive imports (legacy)",
       "3e3e23907176d380"],
      ["Mathlib.Analysis.Complex.CauchyIntegral:importAllArts",
       "0fbc377e5397df22"],
      ["Mathlib.Analysis.Calculus.Deriv.Shift transitive imports (legacy)",
       "936b36c8a2830ef9"],
      ["Mathlib.Analysis.Calculus.Deriv.Shift:importAllArts",
       "2bc34cacdcc0417c"]]]]],
  ["libs",
   [["import dynlibs", "00000000000006bb"],
    ["package external libraries", "00000000000006bb"],
    ["module dynlibs", "00000000000006bb"],
    ["module plugins", "00000000000006bb"]]],
  ["Lean 4.33.0, commit d8b18978322de05a8f3dba51ef03cf5461676c17",
   "3eca9d16ab6c877d"],
  ["/home/vstaln/riemann/research/lean-zeta-23/Zeta23/XiPrime/Seam.lean",
   "f76ba9388337ab00"],
  ["options",
   [["-DrelaxedAutoImplicit=false", "74a2b5546b55be80"],
    ["-Dpp.unicode.fun=true", "9b94070140457fab"]]],
  ["isModule: false", "feefd2a0d3a1847e"],
  ["Module.name: Zeta23.XiPrime.Seam", "f43e99bbd1797499"],
  ["Package.id?: (some Zeta23)", "31803ca4013655a1"],
  ["Module.leanArgs: #[]", "00000000000006bb"]],
 "depHash": "e7ccf9a4de0c7de2"}