{"synthetic": false,
 "schemaVersion": "2025-09-10",
 "outputs":
 {"o": ["732388f3839e8157.olean"],
  "m": false,
  "i": "491e591bd101ac5b.ilean",
  "c": "54cb5cef03792777.c"},
 "log":
 [{"message":
   ".> LEAN_PATH=/home/vstaln/riemann/research/lean-zeta-23/.lake/packages/Cli/.lake/build/lib/lean:/home/vstaln/riemann/research/lean-zeta-23/.lake/packages/batteries/.lake/build/lib/lean:/home/vstaln/riemann/research/lean-zeta-23/.lake/packages/Qq/.lake/build/lib/lean:/home/vstaln/riemann/research/lean-zeta-23/.lake/packages/aesop/.lake/build/lib/lean:/home/vstaln/riemann/research/lean-zeta-23/.lake/packages/proofwidgets/.lake/build/lib/lean:/home/vstaln/riemann/research/lean-zeta-23/.lake/packages/importGraph/.lake/build/lib/lean:/home/vstaln/riemann/research/lean-zeta-23/.lake/packages/LeanSearchClient/.lake/build/lib/lean:/home/vstaln/riemann/research/lean-zeta-23/.lake/packages/plausible/.lake/build/lib/lean:/home/vstaln/riemann/research/lean-zeta-23/.lake/packages/mathlib/.lake/build/lib/lean:/home/vstaln/riemann/research/lean-zeta-23/.lake/build/lib/lean /home/vstaln/.elan/toolchains/leanprover--lean4---v4.33.0-rc2/bin/lean /home/vstaln/riemann/research/lean-zeta-23/Zeta23/XiPrime/Statement.lean -o /home/vstaln/riemann/research/lean-zeta-23/.lake/build/lib/lean/Zeta23/XiPrime/Statement.olean -i /home/vstaln/riemann/research/lean-zeta-23/.lake/build/lib/lean/Zeta23/XiPrime/Statement.ilean -c /home/vstaln/riemann/research/lean-zeta-23/.lake/build/ir/Zeta23/XiPrime/Statement.c --setup /home/vstaln/riemann/research/lean-zeta-23/.lake/build/ir/Zeta23/XiPrime/Statement.setup.json --json",
   "level": "trace"},
  {"message":
   "Zeta23/XiPrime/Statement.lean:365:69: `Set.mem_setOf_eq` has been deprecated: Use `Set.mem_ofPred_eq` instead",
   "level": "warning"}],
 "inputs":
 [["deps",
   [["Zeta23/Zeta23:extraDep", [["@Zeta23:extraDep", "00000000000006bb"]]],
    ["imports",
     [["Zeta23.XiPrime.Defs transitive imports (legacy)", "7eeca872917f2b94"],
      ["Zeta23.XiPrime.Defs:importAllArts", "e5be31fe955d37e7"],
      ["Zeta23.Hypotheses transitive imports (legacy)", "77f6cae4f82956bc"],
      ["Zeta23.Hypotheses:importAllArts", "2c7083bcd7e6b255"],
      ["Zeta23.PrimeSideTemp transitive imports (legacy)", "331daf5af652c763"],
      ["Zeta23.PrimeSideTemp:importAllArts", "309f90c67b162e3f"],
      ["Zeta23.LinAlg transitive imports (legacy)", "683c07bef1fd5fd4"],
      ["Zeta23.LinAlg:importAllArts", "d04564717a6da4fd"],
      ["Mathlib.Order.Filter.AtTopBot.Basic transitive imports (legacy)",
       "8253ff37937e6b35"],
      ["Mathlib.Order.Filter.AtTopBot.Basic:importAllArts", "76b8f0e01570eab5"],
      ["Mathlib.Analysis.Complex.CauchyIntegral transitive imports (legacy)",
       "3e3e23907176d380"],
      ["Mathlib.Analysis.Complex.CauchyIntegral:importAllArts",
       "0fbc377e5397df22"]]]]],
  ["libs",
   [["import dynlibs", "00000000000006bb"],
    ["package external libraries", "00000000000006bb"],
    ["module dynlibs", "00000000000006bb"],
    ["module plugins", "00000000000006bb"]]],
  ["Lean 4.33.0, commit d8b18978322de05a8f3dba51ef03cf5461676c17",
   "3eca9d16ab6c877d"],
  ["/home/vstaln/riemann/research/lean-zeta-23/Zeta23/XiPrime/Statement.lean",
   "04e1425bf268d9b0"],
  ["options",
   [["-DrelaxedAutoImplicit=false", "74a2b5546b55be80"],
    ["-Dpp.unicode.fun=true", "9b94070140457fab"]]],
  ["isModule: false", "feefd2a0d3a1847e"],
  ["Module.name: Zeta23.XiPrime.Statement", "ec7c9a15c5bc0b89"],
  ["Package.id?: (some Zeta23)", "31803ca4013655a1"],
  ["Module.leanArgs: #[]", "00000000000006bb"]],
 "depHash": "453a3d370a67696a"}