{"synthetic": false,
 "schemaVersion": "2025-09-10",
 "outputs":
 {"o": ["1210f52881efa8ad.olean"],
  "m": false,
  "i": "a793385b2500f198.ilean",
  "c": "3e1addd700bd3219.c"},
 "log":
 [{"message":
   ".> LEAN_PATH=/home/vstaln/riemann/research/lean-zeta-23/.lake/packages/Cli/.lake/build/lib/lean:/home/vstaln/riemann/research/lean-zeta-23/.lake/packages/batteries/.lake/build/lib/lean:/home/vstaln/riemann/research/lean-zeta-23/.lake/packages/Qq/.lake/build/lib/lean:/home/vstaln/riemann/research/lean-zeta-23/.lake/packages/aesop/.lake/build/lib/lean:/home/vstaln/riemann/research/lean-zeta-23/.lake/packages/proofwidgets/.lake/build/lib/lean:/home/vstaln/riemann/research/lean-zeta-23/.lake/packages/importGraph/.lake/build/lib/lean:/home/vstaln/riemann/research/lean-zeta-23/.lake/packages/LeanSearchClient/.lake/build/lib/lean:/home/vstaln/riemann/research/lean-zeta-23/.lake/packages/plausible/.lake/build/lib/lean:/home/vstaln/riemann/research/lean-zeta-23/.lake/packages/mathlib/.lake/build/lib/lean:/home/vstaln/riemann/research/lean-zeta-23/.lake/build/lib/lean /home/vstaln/.elan/toolchains/leanprover--lean4---v4.33.0-rc2/bin/lean /home/vstaln/riemann/research/lean-zeta-23/Zeta23/XiPrime/Transfer.lean -o /home/vstaln/riemann/research/lean-zeta-23/.lake/build/lib/lean/Zeta23/XiPrime/Transfer.olean -i /home/vstaln/riemann/research/lean-zeta-23/.lake/build/lib/lean/Zeta23/XiPrime/Transfer.ilean -c /home/vstaln/riemann/research/lean-zeta-23/.lake/build/ir/Zeta23/XiPrime/Transfer.c --setup /home/vstaln/riemann/research/lean-zeta-23/.lake/build/ir/Zeta23/XiPrime/Transfer.setup.json --json",
   "level": "trace"},
  {"message":
   "Zeta23/XiPrime/Transfer.lean:718:31: This simp argument is unused:\n  Matrix.diag_apply\n\nHint: Omit it from the simp argument list.\n  [apply] simp only [Matrix.trace, map_sum, RCLike.re_to_complex, Complex.ofReal_re]\n\nNote: This linter can be disabled with `set_option linter.unusedSimpArgs false`",
   "level": "warning"},
  {"message":
   "Zeta23/XiPrime/Transfer.lean:718:81: This simp argument is unused:\n  Complex.ofReal_re\n\nHint: Omit it from the simp argument list.\n  [apply] simp only [Matrix.trace, Matrix.diag_apply, map_sum, RCLike.re_to_complex]\n\nNote: This linter can be disabled with `set_option linter.unusedSimpArgs false`",
   "level": "warning"}],
 "inputs":
 [["deps",
   [["Zeta23/Zeta23:extraDep", [["@Zeta23:extraDep", "00000000000006bb"]]],
    ["imports",
     [["Zeta23.XiPrime.Transfer.Inputs transitive imports (legacy)",
       "3faceba7cb7ebc58"],
      ["Zeta23.XiPrime.Transfer.Inputs:importAllArts", "4f56c6aef9e9a5ba"],
      ["Zeta23.XiPrime.Transfer.Abstract transitive imports (legacy)",
       "0c267b6773328bab"],
      ["Zeta23.XiPrime.Transfer.Abstract:importAllArts", "cae22086c77a0ea7"],
      ["Zeta23.XiPrime.Transfer.Dependence transitive imports (legacy)",
       "b55ec4d075ed3f84"],
      ["Zeta23.XiPrime.Transfer.Dependence:importAllArts", "f7c302b76f28be77"],
      ["Zeta23.PrimeSideA.Bridge transitive imports (legacy)",
       "18cc50278c6bdc47"],
      ["Zeta23.PrimeSideA.Bridge:importAllArts", "bcee3749e72ffcea"]]]]],
  ["libs",
   [["import dynlibs", "00000000000006bb"],
    ["package external libraries", "00000000000006bb"],
    ["module dynlibs", "00000000000006bb"],
    ["module plugins", "00000000000006bb"]]],
  ["Lean 4.33.0, commit d8b18978322de05a8f3dba51ef03cf5461676c17",
   "3eca9d16ab6c877d"],
  ["/home/vstaln/riemann/research/lean-zeta-23/Zeta23/XiPrime/Transfer.lean",
   "a4882a137b774255"],
  ["options",
   [["-DrelaxedAutoImplicit=false", "74a2b5546b55be80"],
    ["-Dpp.unicode.fun=true", "9b94070140457fab"]]],
  ["isModule: false", "feefd2a0d3a1847e"],
  ["Module.name: Zeta23.XiPrime.Transfer", "3aec4c18a1e4fb55"],
  ["Package.id?: (some Zeta23)", "31803ca4013655a1"],
  ["Module.leanArgs: #[]", "00000000000006bb"]],
 "depHash": "4d66379263a298c3"}