{"synthetic": false,
 "schemaVersion": "2025-09-10",
 "outputs":
 {"o": ["b3f83b65eef5f6a7.olean"],
  "m": false,
  "i": "e939d3900b8b3ced.ilean",
  "c": "f23755cd0f7d49d2.c"},
 "log":
 [{"message":
   ".> LEAN_PATH=/home/vstaln/riemann/research/lean-zeta-23/.lake/packages/Cli/.lake/build/lib/lean:/home/vstaln/riemann/research/lean-zeta-23/.lake/packages/batteries/.lake/build/lib/lean:/home/vstaln/riemann/research/lean-zeta-23/.lake/packages/Qq/.lake/build/lib/lean:/home/vstaln/riemann/research/lean-zeta-23/.lake/packages/aesop/.lake/build/lib/lean:/home/vstaln/riemann/research/lean-zeta-23/.lake/packages/proofwidgets/.lake/build/lib/lean:/home/vstaln/riemann/research/lean-zeta-23/.lake/packages/importGraph/.lake/build/lib/lean:/home/vstaln/riemann/research/lean-zeta-23/.lake/packages/LeanSearchClient/.lake/build/lib/lean:/home/vstaln/riemann/research/lean-zeta-23/.lake/packages/plausible/.lake/build/lib/lean:/home/vstaln/riemann/research/lean-zeta-23/.lake/packages/mathlib/.lake/build/lib/lean:/home/vstaln/riemann/research/lean-zeta-23/.lake/build/lib/lean /home/vstaln/.elan/toolchains/leanprover--lean4---v4.33.0-rc2/bin/lean /home/vstaln/riemann/research/lean-zeta-23/Zeta23/Analytic/RectangleLogDeriv.lean -o /home/vstaln/riemann/research/lean-zeta-23/.lake/build/lib/lean/Zeta23/Analytic/RectangleLogDeriv.olean -i /home/vstaln/riemann/research/lean-zeta-23/.lake/build/lib/lean/Zeta23/Analytic/RectangleLogDeriv.ilean -c /home/vstaln/riemann/research/lean-zeta-23/.lake/build/ir/Zeta23/Analytic/RectangleLogDeriv.c --setup /home/vstaln/riemann/research/lean-zeta-23/.lake/build/ir/Zeta23/Analytic/RectangleLogDeriv.setup.json --json",
   "level": "trace"}],
 "inputs":
 [["deps",
   [["Zeta23/Zeta23:extraDep", [["@Zeta23:extraDep", "00000000000006bb"]]],
    ["imports",
     [["Zeta23.FromPNTPlus.ResidueCalcOnRectangles transitive imports (legacy)",
       "f9159496a7510554"],
      ["Zeta23.FromPNTPlus.ResidueCalcOnRectangles:importAllArts",
       "62d0a75495c1a325"],
      ["Mathlib.Analysis.Analytic.Order transitive imports (legacy)",
       "7c50d4193df2c6d3"],
      ["Mathlib.Analysis.Analytic.Order:importAllArts", "a094d5a5ea4b744e"],
      ["Mathlib.Analysis.Calculus.LogDeriv transitive imports (legacy)",
       "01c2351e2e15aa56"],
      ["Mathlib.Analysis.Calculus.LogDeriv:importAllArts",
       "500c256a5bbb4f36"]]]]],
  ["libs",
   [["import dynlibs", "00000000000006bb"],
    ["package external libraries", "00000000000006bb"],
    ["module dynlibs", "00000000000006bb"],
    ["module plugins", "00000000000006bb"]]],
  ["Lean 4.33.0, commit d8b18978322de05a8f3dba51ef03cf5461676c17",
   "3eca9d16ab6c877d"],
  ["/home/vstaln/riemann/research/lean-zeta-23/Zeta23/Analytic/RectangleLogDeriv.lean",
   "5fc6b8c796b5ed7d"],
  ["options",
   [["-DrelaxedAutoImplicit=false", "74a2b5546b55be80"],
    ["-Dpp.unicode.fun=true", "9b94070140457fab"]]],
  ["isModule: false", "feefd2a0d3a1847e"],
  ["Module.name: Zeta23.Analytic.RectangleLogDeriv", "61d9ea62378ba8bd"],
  ["Package.id?: (some Zeta23)", "31803ca4013655a1"],
  ["Module.leanArgs: #[]", "00000000000006bb"]],
 "depHash": "95c7ce3b570917ab"}